RUN  v3.2.4 /home/main/z-project/rpg-zzu-village-design-db

 ✓ test/databaseVillageView.test.ts (36 tests) 64083ms
   ✓ 데이터베이스 「마을」탭 — 뼈대 > 공용 워크스페이스 빌더를 쓰고 두 분류 칩을 낸다  602ms
   ✓ 데이터베이스 「마을」탭 — 뼈대 > 레코드가 없으면 빈 상태를 보여주고 삭제를 막는다  375ms
   ✓ 데이터베이스 「마을」탭 — 집 형태 > 추가한 형태는 곧바로 규약을 통과한다  1562ms
   ✓ 데이터베이스 「마을」탭 — 집 형태 > 내장 형태 복제는 값을 굽고 시공 후보에 더해진다  2313ms
   ✓ 데이터베이스 「마을」탭 — 집 형태 > 크기·날개 편집이 프로젝트에 남고 규약 위반은 경고로 보인다  6029ms
   ✓ 데이터베이스 「마을」탭 — 집 형태 > 날개를 더하고 박스 맞추기로 빈 줄을 없앤다  1096ms
   ✓ 데이터베이스 「마을」탭 — 집 형태 > 열이 짧아 지붕이 안 들어가는 형태는 위반으로 잡는다  4746ms
   ✓ 데이터베이스 「마을」탭 — 집 형태 > 빈 값 선택지가 중복되지 않는다  801ms
   ✓ 데이터베이스 「마을」탭 — 집 형태 > 재료 킷을 「지정 안 함」으로 되돌리면 키가 사라진다  991ms
   ✓ 데이터베이스 「마을」탭 — 그림 > 시작 화면의 모양을 누르면 그 꼴로 레코드가 생긴다  609ms
   ✓ 데이터베이스 「마을」탭 — 그림 > 상세·목록에 집 그림 캔버스가 붙는다  601ms
   ✓ 데이터베이스 「마을」탭 — 그림 > 모양 팔레트와 내장 갤러리가 그림 카드로 뜬다  500ms
   ✓ 데이터베이스 「마을」탭 — 그림 > 모양 카드를 누르면 값이 그 형태로 바뀐다  1335ms
   ✓ 데이터베이스 「마을」탭 — 그림 > 내장 갤러리에서 고른 형태가 규약을 통과한다  11918ms
   ✓ 데이터베이스 「마을」탭 — 날개 격자 > 격자 조작면과 날개 상자를 낸다  347ms
   ✓ 데이터베이스 「마을」탭 — 배치 프리셋 > 프리셋 값은 전부 「지정 안 함」에서 시작한다  693ms
   ✓ 데이터베이스 「마을」탭 — 배치 프리셋 > 고른 값만 저장하고 되돌리면 키를 지운다  1227ms
   ✓ 데이터베이스 「마을」탭 — 배치 프리셋 > 바닥을 고르면 저장하고 비움으로 되돌리면 키를 지운다  1060ms
   ✓ 데이터베이스 「마을」탭 — 배치 프리셋 > 범위를 벗어난 숫자는 입력 단계에서 조여진다  1143ms
   ✓ 데이터베이스 「마을」탭 — 배치 프리셋 > 형태 화이트리스트는 카탈로그 전체를 내주고 고른 것만 저장한다  1418ms
   ✓ 데이터베이스 「마을」탭 — 배치 프리셋 > 「내 형태만 고르기」는 사용자 형태 id 만 넣는다  2299ms
   ✓ 데이터베이스 「마을」탭 — 배치 프리셋 > 미리보기는 눌러야 돌고 초안에서만 시공한다  4106ms
   ✓ 데이터베이스 「마을」탭 — 배치 프리셋 > 씨앗을 바꾸면 다시 시공하고 씨앗값을 알려준다  3496ms
   ✓ 데이터베이스 「마을」탭 — 마을 원형 > 프리셋이 생기면 갤러리 대신 상세의 「값 가져오기」로 옮겨간다  340ms
   ✓ 데이터베이스 「마을」탭 — 마을 원형 > 「값 가져오기」는 분위기만 덮고 규모는 남긴다  2108ms
   ✓ 데이터베이스 「마을」탭 — 내장 덮음 > 내장과 다른 id 면 「더함」으로 센다  446ms
   ✓ 데이터베이스 「마을」탭 — 내장 덮음 > 내장과 같은 id 로 바꾸면 목록·요약·안내가 덮음이라고 말한다  618ms
   ✓ 데이터베이스 「마을」탭 — 참조 정리 > 형태를 지우면 프리셋 화이트리스트에서도 빠진다  1160ms
   ✓ 데이터베이스 「마을」탭 — 참조 정리 > 형태 id 를 바꾸면 프리셋이 새 id 를 가리킨다  3409ms
   ✓ 데이터베이스 「마을」탭 — 참조 정리 > 같은 id 를 두 번 쓰려 하면 되돌린다  678ms
   ✓ 데이터베이스 마을 설계서 > 새 설계서의 범위·자연과 기본 참조를 같은 화면에서 편집한다  4729ms
   ✓ 데이터베이스 마을 설계서 > 기존 프리셋은 버튼을 눌러야 설계서가 된다  540ms
 ✓ test/villageDesign.test.ts (12 tests) 9637ms
   ✓ 마을 설계서 — DB 계약 > 기존 프리셋은 명시적 전환 전까지 인자를 덮지 않는다  581ms
   ✓ 마을 설계서 — DB 계약 > 기본 설계서를 선택해 생략한 필드를 채우고 범위 밖 요청은 시공 전에 거부한다  720ms
   ✓ 마을 설계서 — DB 계약 > 집별 인자와 형태의 고정 재료도 설계서 외형을 우회할 수 없다  311ms
   ✓ 마을 설계서 — DB 계약 > 설계서와 기본 참조는 저장·재로드를 통과하며 잘못된 범위는 거부된다  957ms
   ✓ 마을 설계서 — DB 계약 > 실제 시공의 모든 집이 고정한 재료·층수를 따른다  2717ms
   ✓ 마을 설계서 — DB 계약 > 미리보기와 같은 시드·크기의 실제 시공은 동일한 타일을 만든다  1397ms
   ✓ 마을 설계서 — DB 계약 > 파사드의 고정값 충돌은 새 맵 생성 전에 끝난다  421ms
   ✓ 마을 설계서 — DB 계약 > 설계서의 물과 숲이 실제 타일에 생긴다  679ms
   ✓ 마을 설계서 — DB 계약 > 기존 맵을 재시공할 때도 설계서 기록과 범위 검사가 함께 동작한다  1444ms
 ✓ test/toolCatalog.test.ts (4 tests) 29ms
⎯⎯⎯⎯⎯⎯ Unhandled Errors ⎯⎯⎯⎯⎯⎯

Vitest caught 1 unhandled error during the test run.
This might cause false positive tests. Resolve unhandled errors to make sure your tests are not affected.

⎯⎯⎯⎯⎯⎯ Unhandled Error ⎯⎯⎯⎯⎯⎯⎯
Error: [vitest-worker]: Timeout calling "onTaskUpdate"
 ❯ Object.onTimeoutError ../rpg-zzu/node_modules/vitest/dist/chunks/rpc.-pEldfrD.js:53:10
 ❯ Timeout._onTimeout ../rpg-zzu/node_modules/vitest/dist/chunks/index.B521nVV-.js:59:62
 ❯ listOnTimeout node:internal/timers:605:17
 ❯ processTimers node:internal/timers:541:7

⎯⎯⎯⎯⎯⎯⎯⎯⎯⎯⎯⎯⎯⎯⎯⎯⎯⎯⎯⎯⎯⎯⎯⎯⎯⎯⎯⎯⎯⎯


 Test Files  3 passed (3)
      Tests  52 passed (52)
     Errors  1 error
   Start at  16:33:56
   Duration  121.01s (transform 23.93s, setup 0ms, collect 43.36s, tests 73.75s, environment 8ms, prepare 939ms)
