> rpg-zzu@0.1.0 gates
> node scripts/verify-gates.mjs

typecheck:app  exit=0  errors=0  files=0
vitest         exit=1  failed=169  passed=12716  files=91
css            exit=0  budget=0  graph=0
surface        exit=1  축=9

    RUN  v3.2.4 /home/main/z-project/rpg-zzu-village-design-db

    ✓ test/surfaceGateSupport.test.ts (13 tests) 168ms
    ❯ test/eventEditorCommitProbe.baseline.test.ts (13 tests | 2 failed) 618ms
      × 이벤트 편집기 커밋 프로브 축 > (1) 컨트롤 조작 → 저장 커맨드 스냅샷이 기준선과 같다 384ms
        → [커밋 프로브] 표면이 기준선과 다르다 (4건)
     changeFace: 컨트롤 신규 event-command-face-ai-prompt
     giveMonster: 값 변경 give-monster-species-select: replaceCommand {"kind":"giveMonster","level":5,"nickname":"<undefined>","speciesId":"species_cave_bat"} → replaceCommand {"kind":"giveMonster","level":5,"nickname":"<undefined>","speciesId":"species_aqualing"}
     evolveMonster: 값 변경 evolve-monster-species-select: replaceCommand {"failureBranch":[],"instanceId":"monster_1","kind":"evolveMonster","successBranch":[],"toSpeciesId":"species_cave_bat"} → replaceCommand {"failureBranch":[],"instanceId":"monster_1","kind":"evolveMonster","successBranch":[],"toSpeciesId":"species_aqualing"}
     showPicture: 컨트롤 신규 show-picture-ai-prompt: expected [ …(4) ] to deeply equal []
      ✓ 이벤트 편집기 커밋 프로브 축 > (4) 전 kind 가 렌더 예외 없이 프로브를 완주한다 8ms
      ✓ 분기 보존 하드 계약 > 픽스처가 실측된 분기 슬롯을 전부 덮는다 1ms
      ✓ 분기 보존 하드 계약 > 1층: 어떤 컨트롤을 조작해도 분기 구조(길이·kind 시퀀스)가 그대로다 25ms
      ✓ 분기 보존 하드 계약 > 2층: 분기 편집기가 아닌 컨트롤은 분기 내용을 바꾸지 않는다 68ms
      ✓ 분기 보존 하드 계약 > 합성 증명 (a): 분기를 [] 로 만들면 1층이 잡는다 7ms
      ✓ 분기 보존 하드 계약 > 합성 증명 (a'): 분기 마지막 원소만 잘라도 1층이 잡는다(부분 소실) 11ms
      ✓ 분기 보존 하드 계약 > 합성 증명 (b): 길이는 유지하고 자식 하나의 kind 만 바꿔도 1층이 잡는다 19ms
      ✓ 분기 보존 하드 계약 > 합성 증명 (c): 분기 편집기가 아닌 컨트롤이 분기 문자열을 지우면 2층이 잡는다 9ms
      ✓ 분기 보존 하드 계약 > 합성 증명 (d): 측정 판정이 편집기와 파괴를 실제로 구분한다 14ms
      ✓ 분기 보존 하드 계약 > 합성 증명 (e): 정상 커밋(분기 무변경)에는 두 층 모두 조용하다 — 거짓 양성 방지 13ms
      × no-commit 래칫 > 무커밋 컨트롤 집합이 허용 목록과 정확히 일치한다 42ms
        → 무커밋 컨트롤이 새로 생겼다 — 커밋 배선이 죽었는지 확인하고, 의도적이면 test/fixtures/commitProbeNoCommitAllowlist.json 의 intentional 에 근거와 함께 추가하라: expected [ …(2) ] to deeply equal []
      ✓ stableKey 불변성 > 래퍼 div 를 하나 끼워도 키가 그대로다 1ms
    ✓ test/eventEditorConditionSurface.baseline.test.ts (11 tests) 1456ms
      ✓ 이벤트에디터 조건/열거값 표면 스냅샷 > 기각한 열거값 후보는 여전히 폼이 갈리지 않는다  1001ms
    ✓ test/eventEditorStagedState.test.ts (14 tests) 9351ms
      ✓ event command staged-state regressions > keeps consecutive shop settings instead of restoring the render-time command  1461ms
      ✓ event command staged-state regressions > keeps prompt, option text, and cancel behavior across consecutive choice edits  1163ms
      ✓ event command staged-state regressions > keeps a changed fork condition when enabling else  1094ms
      ✓ event command staged-state regressions > keeps consecutive child edits in all/any condition groups  639ms
      ✓ event command staged-state regressions > renders an added group child and keeps consecutive sibling edits  722ms
      ✓ event command staged-state regressions > rerenders a group child after changing its condition kind  910ms
      ✓ event command staged-state regressions > accumulates consecutive generic M2 field changes  600ms
      ✓ Page 3 rich form canonical runtime fields > moves to variable location with canonical variable field ids  397ms
      ✓ Page 3 rich form canonical runtime fields > stores boarded and executes vehicle off  344ms
      ✓ Page 3 rich form canonical runtime fields > stores vehicle and updates the selected vehicle location  446ms
      ✓ Page 3 rich form canonical runtime fields > stores eventA/eventB and executes the selected swap  576ms
      ✓ Page 3 rich form canonical runtime fields > keeps runtime compatibility with legacy rich-form aliases  657ms
    ❯ test/eventEditorPortalSurface.baseline.test.ts (15 tests | 1 failed) 3040ms
      ✓ 포털(피커/모달) 표면 스냅샷 > 모든 포털이 예외 없이 열린다 10ms
      ✓ 포털(피커/모달) 표면 스냅샷 > 항목 집합이 포털 정의와 일치한다 2ms
      ✓ 포털(피커/모달) 표면 스냅샷 > 모든 포털이 body 에 실제로 무언가를 렌더한다 (testid ≥ 1, root ≥ 1) 1ms
      ✓ 포털(피커/모달) 표면 스냅샷 > 의도적으로 제외한 포털 수가 고정 수치와 같다 1ms
      ✓ 포털(피커/모달) 표면 스냅샷 > 즐겨찾기·최근 상태에 쓰는 고정 commandId 가 픽커에 실재한다 6ms
      ✓ 포털(피커/모달) 표면 스냅샷 > 즐겨찾기 상태가 실제로 즐겨찾기 섹션을 렌더한다 3ms
      ✓ 포털(피커/모달) 표면 스냅샷 > 검색 상태가 검색 결과 표면을 렌더한다 5ms
      ✓ 포털(피커/모달) 표면 스냅샷 > 검색 결과에만 나오는 정보 행(선택 불가) 표면이 축에 잡힌다 1ms
      ✓ 포털(피커/모달) 표면 스냅샷 > 레코드 피커의 맵 스코프 섹션 헤딩이 축에 잡힌다 1ms
      ✓ 포털(피커/모달) 표면 스냅샷 > 이 축이 두 사각 CSS 시트의 클래스를 렌더로 증명한다 5ms
      ✓ 포털(피커/모달) 표면 스냅샷 > 수확 순서를 뒤집어도 결과가 같다 (document.body / localStorage 정리 누수 없음)  2942ms
      ✓ 포털(피커/모달) 표면 스냅샷 > 래퍼 div 를 더 씌워도 컨트롤 stableKey 가 변하지 않는다 3ms
      ✓ 포털(피커/모달) 표면 스냅샷 > diff 가 합성 변이 4종을 모두 보고한다 3ms
      ✓ 포털(피커/모달) 표면 스냅샷 > 변이가 없으면 diff 는 조용하다 4ms
      × 포털(피커/모달) 표면 스냅샷 > 기준선과 일치한다 31ms
        → [포털(피커/모달)] 표면이 기준선과 다르다 (1건)
     npcGraphic: testid 신규 5종: npc-charset-label-input, npc-charset-tags-input, npc-charset-teach, npc-charset-teach-save, npc-charset-teach-status | 클래스 신규 3종: npc-charset-teach, npc-charset-teach-heading, npc-charset-teach-status | 컨트롤 신규 3개: npc-charset-label-input, npc-charset-tags-input, npc-charset-teach-save | 라벨 소실 1종: 캐릭터 슬롯 # | 태그 button 32→33, div 15→16, input 8→10, p 0→2 | testidCount 46→51 | controlCount 40→43 | classCount 34→37: expected [ Array(1) ] to deeply equal []
    ✓ test/eventEditorShellSurface.baseline.test.ts (21 tests) 98ms
    ❯ test/eventEditorFormSurface.baseline.test.ts (7 tests | 1 failed) 1728ms
      ✓ 이벤트에디터 폼 표면 스냅샷 > 모든 kind 가 예외 없이 렌더된다 16ms
      ✓ 이벤트에디터 폼 표면 스냅샷 > kind 집합이 COMMAND_KINDS 와 일치한다 1ms
      ✓ 이벤트에디터 폼 표면 스냅샷 > 컨트롤 0 kind 집합은 무필드 화이트리스트 + 결함 래칫과 정확히 같다 6ms
      ✓ 이벤트에디터 폼 표면 스냅샷 > 무필드 화이트리스트와 결함 래칫은 겹치지 않는다 0ms
      ✓ 이벤트에디터 폼 표면 스냅샷 > 컨트롤을 div 로 한 겹 더 감싸도 stableKey 집합이 불변이다  1646ms
      ✓ 이벤트에디터 폼 표면 스냅샷 > 합성 변이를 diff 가 전부 잡는다 20ms
      × 이벤트에디터 폼 표면 스냅샷 > 기준선과 일치한다 30ms
        → [폼(kind)] 표면이 기준선과 다르다 (4건)
     changeFace: testid 신규 4종 [event-command-face-ai-generate, event-command-face-ai-prompt, event-command-face-ai-queue, event-command-face-ai-queue-list] | 태그 개수 [button 117→118, div 127→130, input 2→3, p 1→2] | 컨트롤 신규 2개 [event-command-face-ai-generate, event-command-face-ai-prompt] | 라벨 신규 1개 [AI로 만들기] | 클래스 신규 5개 [ai-image-queue, ai-image-queue-composer, ai-image-queue-empty, ai-image-queue-list, page3-resource-row]
     giveMonster: select 선택지 변경 1개 [give-monster-species-select: 4→4종]
     evolveMonster: select 선택지 변경 1개 [evolve-monster-species-select: 4→4종]
     showPicture: testid 신규 4종 [show-picture-ai-generate, show-picture-ai-prompt, show-picture-ai-queue, show-picture-ai-queue-list] | 태그 개수 [button 6→7, div 27→32, input 8→9, p 3→4] | 컨트롤 신규 2개 [show-picture-ai-generate, show-picture-ai-prompt] | 라벨 신규 1개 [AI로 만들기] | 클래스 신규 4개 [ai-image-queue, ai-image-queue-composer, ai-image-queue-empty, ai-image-queue-list]: expected [ …(4) ] to deeply equal []
    ❯ test/eventEditorM2Surface.baseline.test.ts (11 tests | 1 failed) 8280ms
      ✓ M2 명령 폼 표면 스냅샷 > 카탈로그 전량이 예외 없이 렌더된다 6ms
      ✓ M2 명령 폼 표면 스냅샷 > 스냅샷 = 카탈로그 전량 − 빈 껍데기 별칭 5ms
      ✓ M2 명령 폼 표면 스냅샷 > 빈 껍데기 제외 목록이 정본과 정확히 일치한다 1ms
      ✓ M2 명령 폼 표면 스냅샷 > existing 이면서 전용 폼을 갖는 항목은 반드시 스냅샷에 있다 0ms
      ✓ M2 명령 폼 표면 스냅샷 > 카탈로그 규모가 고정 수치와 일치한다 1ms
      ✓ M2 명령 폼 표면 스냅샷 > 별칭 → kind 대응이 정본과 정확히 일치한다 1ms
      ✓ M2 명령 폼 표면 스냅샷 > 모든 별칭의 existingKind 가 COMMAND_KINDS 에 실재한다 0ms
      ✓ M2 명령 폼 표면 스냅샷 > 모든 별칭 대상 kind 가 실제로 렌더되는 폼을 갖는다  8229ms
      ✓ M2 명령 폼 표면 스냅샷 > 필드가 있는 M2 항목은 반드시 컨트롤을 낸다 (control 0 ⟹ fields 0) 1ms
      ✓ M2 명령 폼 표면 스냅샷 > 필드가 없는데 컨트롤을 내는 항목은 손수 작성 폼 목록과 정확히 같다 (fields 0 ⟹ control 0) 2ms
      × M2 명령 폼 표면 스냅샷 > 기준선과 일치한다 30ms
        → [M2(commandId)] 표면이 기준선과 다르다 (2건)
     m2-025-change-actor-faceset: testid 신규 2종 [change-actor-faceset-ai-queue, change-actor-faceset-ai-queue-list] | 태그 개수 [div 132→134, p 3→4] | 클래스 신규 4개 [ai-image-queue, ai-image-queue-composer, ai-image-queue-empty, ai-image-queue-list]
     m2-069-change-parallax-back: testid 신규 2종 [change-parallax-back-ai-queue, change-parallax-back-ai-queue-list] | 태그 개수 [div 15→17, p 4→5] | 클래스 신규 4개 [ai-image-queue, ai-image-queue-composer, ai-image-queue-empty, ai-image-queue-list]: expected [ …(2) ] to deeply equal []
    ❯ test/eventEditorInteractionSurface.baseline.test.ts (7 tests | 1 failed) 112ms
      ✓ 이벤트에디터 상호작용 후 폼 표면 스냅샷 > kind 집합이 COMMAND_KINDS 와 일치한다 (조용한 절단 금지) 4ms
      ✓ 이벤트에디터 상호작용 후 폼 표면 스냅샷 > 모든 kind 가 오류 없이 프로브를 완주한다 1ms
      ✓ 이벤트에디터 상호작용 후 폼 표면 스냅샷 > 조작 후에도 표면이 비지 않는다 (루트 교체 대처가 작동한다) 1ms
      ✓ 이벤트에디터 상호작용 후 폼 표면 스냅샷 > 초기 표면이 비어 있지 않은 kind 가 대다수다 (수확 자체가 죽지 않았다) 0ms
      ✓ 이벤트에디터 상호작용 후 폼 표면 스냅샷 > 반응하던 컨트롤이 no-change 로 퇴화하지 않는다 6ms
      ✓ 이벤트에디터 상호작용 후 폼 표면 스냅샷 > 합성 변이를 diff 가 전부 잡는다 57ms
      × 이벤트에디터 상호작용 후 폼 표면 스냅샷 > 기준선과 일치한다 40ms
        → [상호작용 후 폼] 표면이 기준선과 다르다 (4건)
     changeFace: 조작후 클래스 신규 4개 [ai-image-queue, ai-image-queue-composer, ai-image-queue-empty, ai-image-queue-list] | 초기표면: testid 신규 2종 [event-command-face-ai-queue, event-command-face-ai-queue-list] | 태그 개수 [div 129→131, p 1→2] | 클래스 신규 4개 [ai-image-queue, ai-image-queue-composer, ai-image-queue-empty, ai-image-queue-list]
     giveMonster: 초기표면: select 선택지 변경 1개 [give-monster-species-select: 4→4종]
     evolveMonster: 초기표면: select 선택지 변경 1개 [evolve-monster-species-select: 4→4종]
     showPicture: 조작후 클래스 신규 4개 [ai-image-queue, ai-image-queue-composer, ai-image-queue-empty, ai-image-queue-list] | 초기표면: testid 신규 2종 [show-picture-ai-queue, show-picture-ai-queue-list] | 태그 개수 [div 31→33, p 3→4] | 클래스 신규 4개 [ai-image-queue, ai-image-queue-composer, ai-image-queue-empty, ai-image-queue-list]: expected [ …(4) ] to deeply equal []

    Test Files  5 failed | 4 passed (9)
         Tests  6 failed | 106 passed (112)
      Start at  16:26:36
      Duration  98.48s (transform 72.21s, setup 0ms, collect 449.10s, tests 24.85s, environment 7.23s, prepare 3.97s)


   ⎯⎯⎯⎯⎯⎯⎯ Failed Tests 6 ⎯⎯⎯⎯⎯⎯⎯

    FAIL  test/eventEditorCommitProbe.baseline.test.ts > 이벤트 편집기 커밋 프로브 축 > (1) 컨트롤 조작 → 저장 커맨드 스냅샷이 기준선과 같다
   AssertionError: [커밋 프로브] 표면이 기준선과 다르다 (4건)
     changeFace: 컨트롤 신규 event-command-face-ai-prompt
     giveMonster: 값 변경 give-monster-species-select: replaceCommand {"kind":"giveMonster","level":5,"nickname":"<undefined>","speciesId":"species_cave_bat"} → replaceCommand {"kind":"giveMonster","level":5,"nickname":"<undefined>","speciesId":"species_aqualing"}
     evolveMonster: 값 변경 evolve-monster-species-select: replaceCommand {"failureBranch":[],"instanceId":"monster_1","kind":"evolveMonster","successBranch":[],"toSpeciesId":"species_cave_bat"} → replaceCommand {"failureBranch":[],"instanceId":"monster_1","kind":"evolveMonster","successBranch":[],"toSpeciesId":"species_aqualing"}
     showPicture: 컨트롤 신규 show-picture-ai-prompt: expected [ …(4) ] to deeply equal []

   - Expected
   + Received

   - []
   + [
   +   "changeFace: 컨트롤 신규 event-command-face-ai-prompt",
   +   "giveMonster: 값 변경 give-monster-species-select: replaceCommand {\"kind\":\"giveMonster\",\"level\":5,\"nickname\":\"<undefined>\",\"speciesId\":\"species_cave_bat\"} → replaceCommand {\"kind\":\"giveMonster\",\"level\":5,\"nickname\":\"<undefined>\",\"speciesId\":\"species_aqualing\"}",
   +   "evolveMonster: 값 변경 evolve-monster-species-select: replaceCommand {\"failureBranch\":[],\"instanceId\":\"monster_1\",\"kind\":\"evolveMonster\",\"successBranch\":[],\"toSpeciesId\":\"species_cave_bat\"} → replaceCommand {\"failureBranch\":[],\"instanceId\":\"monster_1\",\"kind\":\"evolveMonster\",\"successBranch\":[],\"toSpeciesId\":\"species_aqualing\"}",
   +   "showPicture: 컨트롤 신규 show-picture-ai-prompt",
   + ]

    ❯ assertSurfaceGate test/surfaceGateSupport.ts:280:5
       278|     report,
       279|     labelWith(`[${axis}] 표면이 기준선과 다르다 (${report.length}건)`, report)
       280|   ).toEqual([]);
          |     ^
       281| }
       282|
    ❯ test/eventEditorCommitProbe.baseline.test.ts:93:5

   ⎯⎯⎯⎯⎯⎯⎯⎯⎯⎯⎯⎯⎯⎯⎯⎯⎯⎯⎯⎯⎯⎯⎯⎯[1/6]⎯

    FAIL  test/eventEditorCommitProbe.baseline.test.ts > no-commit 래칫 > 무커밋 컨트롤 집합이 허용 목록과 정확히 일치한다
   AssertionError: 무커밋 컨트롤이 새로 생겼다 — 커밋 배선이 죽었는지 확인하고, 의도적이면 test/fixtures/commitProbeNoCommitAllowlist.json 의 intentional 에 근거와 함께 추가하라: expected [ …(2) ] to deeply equal []

   - Expected
   + Received

   - []
   + [
   +   "changeFace :: event-command-face-ai-prompt",
   +   "showPicture :: show-picture-ai-prompt",
   + ]

    ❯ test/eventEditorCommitProbe.baseline.test.ts:401:7
       399|       "무커밋 컨트롤이 새로 생겼다 — 커밋 배선이 죽었는지 확인하고, 의도적이면 " +
       400|         `${ALLOWLIST} 의 intentional 에 근거와 함께 추가하라`
       401|     ).toEqual([]);
          |       ^
       402|     expect(
       403|       disappeared,

   ⎯⎯⎯⎯⎯⎯⎯⎯⎯⎯⎯⎯⎯⎯⎯⎯⎯⎯⎯⎯⎯⎯⎯⎯[2/6]⎯

    FAIL  test/eventEditorFormSurface.baseline.test.ts > 이벤트에디터 폼 표면 스냅샷 > 기준선과 일치한다
   AssertionError: [폼(kind)] 표면이 기준선과 다르다 (4건)
     changeFace: testid 신규 4종 [event-command-face-ai-generate, event-command-face-ai-prompt, event-command-face-ai-queue, event-command-face-ai-queue-list] | 태그 개수 [button 117→118, div 127→130, input 2→3, p 1→2] | 컨트롤 신규 2개 [event-command-face-ai-generate, event-command-face-ai-prompt] | 라벨 신규 1개 [AI로 만들기] | 클래스 신규 5개 [ai-image-queue, ai-image-queue-composer, ai-image-queue-empty, ai-image-queue-list, page3-resource-row]
     giveMonster: select 선택지 변경 1개 [give-monster-species-select: 4→4종]
     evolveMonster: select 선택지 변경 1개 [evolve-monster-species-select: 4→4종]
     showPicture: testid 신규 4종 [show-picture-ai-generate, show-picture-ai-prompt, show-picture-ai-queue, show-picture-ai-queue-list] | 태그 개수 [button 6→7, div 27→32, input 8→9, p 3→4] | 컨트롤 신규 2개 [show-picture-ai-generate, show-picture-ai-prompt] | 라벨 신규 1개 [AI로 만들기] | 클래스 신규 4개 [ai-image-queue, ai-image-queue-composer, ai-image-queue-empty, ai-image-queue-list]: expected [ …(4) ] to deeply equal []

   - Expected
   + Received

   - []
   + [
   +   "changeFace: testid 신규 4종 [event-command-face-ai-generate, event-command-face-ai-prompt, event-command-face-ai-queue, event-command-face-ai-queue-list] | 태그 개수 [button 117→118, div 127→130, input 2→3, p 1→2] | 컨트롤 신규 2개 [event-command-face-ai-generate, event-command-face-ai-prompt] | 라벨 신규 1개 [AI로 만들기] | 클래스 신규 5개 [ai-image-queue, ai-image-queue-composer, ai-image-queue-empty, ai-image-queue-list, page3-resource-row]",
   +   "giveMonster: select 선택지 변경 1개 [give-monster-species-select: 4→4종]",
   +   "evolveMonster: select 선택지 변경 1개 [evolve-monster-species-select: 4→4종]",
   +   "showPicture: testid 신규 4종 [show-picture-ai-generate, show-picture-ai-prompt, show-picture-ai-queue, show-picture-ai-queue-list] | 태그 개수 [button 6→7, div 27→32, input 8→9, p 3→4] | 컨트롤 신규 2개 [show-picture-ai-generate, show-picture-ai-prompt] | 라벨 신규 1개 [AI로 만들기] | 클래스 신규 4개 [ai-image-queue, ai-image-queue-composer, ai-image-queue-empty, ai-image-queue-list]",
   + ]

    ❯ assertSurfaceGate test/surfaceGateSupport.ts:280:5
       278|     report,
       279|     labelWith(`[${axis}] 표면이 기준선과 다르다 (${report.length}건)`, report)
       280|   ).toEqual([]);
          |     ^
       281| }
       282|
    ❯ test/eventEditorFormSurface.baseline.test.ts:258:5

   ⎯⎯⎯⎯⎯⎯⎯⎯⎯⎯⎯⎯⎯⎯⎯⎯⎯⎯⎯⎯⎯⎯⎯⎯[3/6]⎯

    FAIL  test/eventEditorInteractionSurface.baseline.test.ts > 이벤트에디터 상호작용 후 폼 표면 스냅샷 > 기준선과 일치한다
   AssertionError: [상호작용 후 폼] 표면이 기준선과 다르다 (4건)
     changeFace: 조작후 클래스 신규 4개 [ai-image-queue, ai-image-queue-composer, ai-image-queue-empty, ai-image-queue-list] | 초기표면: testid 신규 2종 [event-command-face-ai-queue, event-command-face-ai-queue-list] | 태그 개수 [div 129→131, p 1→2] | 클래스 신규 4개 [ai-image-queue, ai-image-queue-composer, ai-image-queue-empty, ai-image-queue-list]
     giveMonster: 초기표면: select 선택지 변경 1개 [give-monster-species-select: 4→4종]
     evolveMonster: 초기표면: select 선택지 변경 1개 [evolve-monster-species-select: 4→4종]
     showPicture: 조작후 클래스 신규 4개 [ai-image-queue, ai-image-queue-composer, ai-image-queue-empty, ai-image-queue-list] | 초기표면: testid 신규 2종 [show-picture-ai-queue, show-picture-ai-queue-list] | 태그 개수 [div 31→33, p 3→4] | 클래스 신규 4개 [ai-image-queue, ai-image-queue-composer, ai-image-queue-empty, ai-image-queue-list]: expected [ …(4) ] to deeply equal []

   - Expected
   + Received

   - []
   + [
   +   "changeFace: 조작후 클래스 신규 4개 [ai-image-queue, ai-image-queue-composer, ai-image-queue-empty, ai-image-queue-list] | 초기표면: testid 신규 2종 [event-command-face-ai-queue, event-command-face-ai-queue-list] | 태그 개수 [div 129→131, p 1→2] | 클래스 신규 4개 [ai-image-queue, ai-image-queue-composer, ai-image-queue-empty, ai-image-queue-list]",
   +   "giveMonster: 초기표면: select 선택지 변경 1개 [give-monster-species-select: 4→4종]",
   +   "evolveMonster: 초기표면: select 선택지 변경 1개 [evolve-monster-species-select: 4→4종]",
   +   "showPicture: 조작후 클래스 신규 4개 [ai-image-queue, ai-image-queue-composer, ai-image-queue-empty, ai-image-queue-list] | 초기표면: testid 신규 2종 [show-picture-ai-queue, show-picture-ai-queue-list] | 태그 개수 [div 31→33, p 3→4] | 클래스 신규 4개 [ai-image-queue, ai-image-queue-composer, ai-image-queue-empty, ai-image-queue-list]",
   + ]

    ❯ assertSurfaceGate test/surfaceGateSupport.ts:280:5
       278|     report,
       279|     labelWith(`[${axis}] 표면이 기준선과 다르다 (${report.length}건)`, report)
       280|   ).toEqual([]);
          |     ^
       281| }
       282|
    ❯ test/eventEditorInteractionSurface.baseline.test.ts:313:5

   ⎯⎯⎯⎯⎯⎯⎯⎯⎯⎯⎯⎯⎯⎯⎯⎯⎯⎯⎯⎯⎯⎯⎯⎯[4/6]⎯

    FAIL  test/eventEditorM2Surface.baseline.test.ts > M2 명령 폼 표면 스냅샷 > 기준선과 일치한다
   AssertionError: [M2(commandId)] 표면이 기준선과 다르다 (2건)
     m2-025-change-actor-faceset: testid 신규 2종 [change-actor-faceset-ai-queue, change-actor-faceset-ai-queue-list] | 태그 개수 [div 132→134, p 3→4] | 클래스 신규 4개 [ai-image-queue, ai-image-queue-composer, ai-image-queue-empty, ai-image-queue-list]
     m2-069-change-parallax-back: testid 신규 2종 [change-parallax-back-ai-queue, change-parallax-back-ai-queue-list] | 태그 개수 [div 15→17, p 4→5] | 클래스 신규 4개 [ai-image-queue, ai-image-queue-composer, ai-image-queue-empty, ai-image-queue-list]: expected [ …(2) ] to deeply equal []

   - Expected
   + Received

   - []
   + [
   +   "m2-025-change-actor-faceset: testid 신규 2종 [change-actor-faceset-ai-queue, change-actor-faceset-ai-queue-list] | 태그 개수 [div 132→134, p 3→4] | 클래스 신규 4개 [ai-image-queue, ai-image-queue-composer, ai-image-queue-empty, ai-image-queue-list]",
   +   "m2-069-change-parallax-back: testid 신규 2종 [change-parallax-back-ai-queue, change-parallax-back-ai-queue-list] | 태그 개수 [div 15→17, p 4→5] | 클래스 신규 4개 [ai-image-queue, ai-image-queue-composer, ai-image-queue-empty, ai-image-queue-list]",
   + ]

    ❯ assertSurfaceGate test/surfaceGateSupport.ts:280:5
       278|     report,
       279|     labelWith(`[${axis}] 표면이 기준선과 다르다 (${report.length}건)`, report)
       280|   ).toEqual([]);
          |     ^
       281| }
       282|
    ❯ test/eventEditorM2Surface.baseline.test.ts:188:5

   ⎯⎯⎯⎯⎯⎯⎯⎯⎯⎯⎯⎯⎯⎯⎯⎯⎯⎯⎯⎯⎯⎯⎯⎯[5/6]⎯

    FAIL  test/eventEditorPortalSurface.baseline.test.ts > 포털(피커/모달) 표면 스냅샷 > 기준선과 일치한다
   AssertionError: [포털(피커/모달)] 표면이 기준선과 다르다 (1건)
     npcGraphic: testid 신규 5종: npc-charset-label-input, npc-charset-tags-input, npc-charset-teach, npc-charset-teach-save, npc-charset-teach-status | 클래스 신규 3종: npc-charset-teach, npc-charset-teach-heading, npc-charset-teach-status | 컨트롤 신규 3개: npc-charset-label-input, npc-charset-tags-input, npc-charset-teach-save | 라벨 소실 1종: 캐릭터 슬롯 # | 태그 button 32→33, div 15→16, input 8→10, p 0→2 | testidCount 46→51 | controlCount 40→43 | classCount 34→37: expected [ Array(1) ] to deeply equal []

   - Expected
   + Received

   - []
   + [
   +   "npcGraphic: testid 신규 5종: npc-charset-label-input, npc-charset-tags-input, npc-charset-teach, npc-charset-teach-save, npc-charset-teach-status | 클래스 신규 3종: npc-charset-teach, npc-charset-teach-heading, npc-charset-teach-status | 컨트롤 신규 3개: npc-charset-label-input, npc-charset-tags-input, npc-charset-teach-save | 라벨 소실 1종: 캐릭터 슬롯 # | 태그 button 32→33, div 15→16, input 8→10, p 0→2 | testidCount 46→51 | controlCount 40→43 | classCount 34→37",
   + ]

    ❯ assertSurfaceGate test/surfaceGateSupport.ts:280:5
       278|     report,
       279|     labelWith(`[${axis}] 표면이 기준선과 다르다 (${report.length}건)`, report)
       280|   ).toEqual([]);
          |     ^
       281| }
       282|
    ❯ test/eventEditorPortalSurface.baseline.test.ts:284:5

   ⎯⎯⎯⎯⎯⎯⎯⎯⎯⎯⎯⎯⎯⎯⎯⎯⎯⎯⎯⎯⎯⎯⎯⎯[6/6]⎯

   FAIL: 렌더로 증명된 클래스 1종이 CSS 속성을 잃었다
     .selected — 속성 1종 소실 [bottom]

   중복 제거로 의도한 감소라면: 같은 속성이 다른 시트에 남아 있는지 확인하라(남아 있으면 이 게이트는 통과한다).
   정말로 속성을 없애는 변경이면 스크린샷 대조 후 기준선 갱신을 리뷰에 포함하세요.

기준선 대비 회귀 17건:
   tests test/aiActivityLiveRow.test.ts: 새로 실패
   tests test/aiAutonomousRunSurface.test.ts: 새로 실패
   tests test/aiChatObservability.test.ts: 새로 실패
   tests test/aiChatPanelTransportError.test.ts: 새로 실패
   tests test/aiSelectionChipScope.test.ts: 새로 실패
   tests test/databaseNavMode.test.ts: 새로 실패
   tests test/eventEditorM2Surface.baseline.test.ts: 새로 실패
   tests test/eventEditorPortalSurface.baseline.test.ts: 새로 실패
   tests test/forestDensity.test.ts: 새로 실패
   tests test/gen1DemoContent.test.ts: 새로 실패
   tests test/modalEscapeLayerGate.test.ts: 새로 실패
   tests test/noLocalProjectDb.test.ts: 새로 실패
   tests test/playerBootFactory.test.ts: 새로 실패
   tests test/roleNameComparisonGate.test.ts: 새로 실패
   tests test/transactionalNewRemoteProject.test.ts: 새로 실패
   surface 표면 스냅샷 축 실패 (vitest exit=1)
   surface check-css-live-classes.mjs exit=1
