CREATE ROLE
CREATE ROLE
CREATE ROLE
CREATE ROLE
GRANT ROLE
CREATE SCHEMA
CREATE EXTENSION
CREATE SCHEMA
CREATE TABLE
CREATE TABLE
CREATE TABLE
CREATE TABLE
CREATE TABLE
CREATE TABLE
CREATE TABLE
CREATE TABLE
CREATE INDEX
CREATE INDEX
CREATE INDEX
CREATE INDEX
CREATE INDEX
GRANT
GRANT
GRANT
ALTER DEFAULT PRIVILEGES
ALTER DEFAULT PRIVILEGES
CREATE TABLE
CREATE INDEX
GRANT
ALTER TABLE
ALTER TABLE
ALTER TABLE
CREATE INDEX
CREATE TABLE
CREATE INDEX
CREATE INDEX
GRANT
CREATE TABLE
CREATE INDEX
CREATE INDEX
CREATE TABLE
GRANT
GRANT
REVOKE
REVOKE
REVOKE
ALTER TABLE
CREATE INDEX
REVOKE
REVOKE
REVOKE
REVOKE
REVOKE
REVOKE
REVOKE
REVOKE
ALTER DEFAULT PRIVILEGES
CREATE INDEX
CREATE INDEX
BEGIN
psql:supabase/migrations/20260907000000_spatial_authoring_cas.sql:2: NOTICE:  schema "extensions" already exists, skipping
CREATE SCHEMA
psql:supabase/migrations/20260907000000_spatial_authoring_cas.sql:3: NOTICE:  extension "pgcrypto" already exists, skipping
CREATE EXTENSION
CREATE ROLE
GRANT
CREATE TABLE
REVOKE
GRANT
GRANT
GRANT
GRANT
GRANT
GRANT
GRANT
GRANT
GRANT
CREATE FUNCTION
CREATE FUNCTION
CREATE FUNCTION
CREATE TRIGGER
CREATE TRIGGER
CREATE TRIGGER
CREATE TRIGGER
CREATE FUNCTION
CREATE FUNCTION
ALTER FUNCTION
ALTER FUNCTION
ALTER FUNCTION
ALTER FUNCTION
REVOKE
GRANT
COMMIT
CREATE FUNCTION
GRANT
