
> rpg-zzu@0.1.0 test
> node scripts/run-vitest.mjs run --configLoader bundle test/aiBlockedContinue.test.ts test/aiToolCallSessionProtocol.test.ts test/assistantSessionIntent.test.ts --maxWorkers 1 --minWorkers 1 --reporter default --reporter json --outputFile output/evidence/ai-harness/p2/contract-compat-fix/corrected-vitest.json


 RUN  v3.2.4 /home/main/z-project/rpg-zzu-ai-harness-p2-event-contract-20260906

 ❯ test/assistantSessionIntent.test.ts (15 tests | 2 failed) 11320ms
   ✓ 의도 선언이 세션 라우팅을 정한다 > 선언이 질문을 냈으면 chat 모드는 모델을 부르지 않고 그 질문으로 턴을 끝낸다  5594ms
   × 의도 선언이 세션 라우팅을 정한다 > auto 모드는 같은 선언에도 멈추지 않고 진행한다(F-05) 425ms
     → expected '완료 검증이 아직 미완성입니다.\n- 집 하나 만들어줘: Missi…' to be '야외 집으로 진행합니다.' // Object.is equality
   ✓ 의도 선언이 세션 라우팅을 정한다 > 선언자가 없으면 폴백 선언이다 — 되묻지 않고, 계획 여부는 플래너(direct)에게 넘긴다  418ms
   ✓ 의도 선언이 세션 라우팅을 정한다 > 질문 선언은 플래너를 건너뛰고, 계획 필요 선언은 플래너를 돈다  401ms
   ✓ 의도 선언이 세션 라우팅을 정한다 > 플래너의 direct 는 존중한다 — 「마을」이라도 코드가 계획을 강제하지 않는다  429ms
   ✓ 의도 선언이 세션 라우팅을 정한다 > 플래너가 volume 을 선언한 계획만 막대를 세우고, 막대 미달로 끝내면 재주입한다  730ms
   ✓ 의도 선언이 세션 라우팅을 정한다 > volume 없는 계획은 막대가 없다  402ms
   ✓ 의도 선언이 세션 라우팅을 정한다 > 선언한 툴은 도메인 상한과 무관하게 이번 라운드 스키마에 실린다 235ms
   ✓ 의도 선언이 세션 라우팅을 정한다 > 지시 모드의 툴 이름 언급은 사용자 발화에서만 읽고 footer 는 보지 않는다 (explicit instruction=false) 254ms
   ✓ 의도 선언이 세션 라우팅을 정한다 > 지시 모드의 툴 이름 언급은 사용자 발화에서만 읽고 footer 는 보지 않는다 (explicit instruction=true) 209ms
   ✓ 의도 선언이 세션 라우팅을 정한다 > ask 는 언급·선언된 쓰기도 노출하거나 실행하지 않고 조회는 허용한다  356ms
   × 의도 선언이 세션 라우팅을 정한다 > question 는 언급·선언된 쓰기도 노출하거나 실행하지 않고 조회는 허용한다 272ms
     → expected [ { …(5) }, { …(7) }, { …(7) }, …(1) ] to have a length of 3 but got 4
   ✓ 의도 선언이 세션 라우팅을 정한다 > 선택 영역은 사실로 붙고 선언에 따라 경계 또는 참고용 노트가 된다  548ms
   ✓ 의도 선언이 세션 라우팅을 정한다 > 수정 선언은 계획의 대상 맵을 현재 맵으로 고정하고, 생성 선언은 고정하지 않는다  776ms
   ✓ 의도 선언이 세션 라우팅을 정한다 > 「계속」은 모델을 부르지 않고 진행 중 계획을 이어간다(continuation) 269ms
 ✓ test/aiBlockedContinue.test.ts (4 tests) 2485ms
   ✓ offers the real Continue control when required work blocks without a budget stop  614ms
   ✓ keeps one Continue control when a question follows blocked work  516ms
   ✓ does not publish a Continue control when the blocked owner is retired  609ms
   ✓ publishes the resumed unfinished result instead of the preceding question outcome  745ms
 ✓ test/aiToolCallSessionProtocol.test.ts (2 tests) 753ms
   ✓ 툴 인자 JSON 파싱 실패 > 잘린 JSON 은 잘렸다고 알린다 — 인자 누락으로 위장하지 않는다  309ms
   ✓ 툴 루프 예외 > 예외가 나도 그 호출의 tool 응답이 남아 세션이 오염되지 않는다  442ms

⎯⎯⎯⎯⎯⎯⎯ Failed Tests 2 ⎯⎯⎯⎯⎯⎯⎯

 FAIL  test/assistantSessionIntent.test.ts > 의도 선언이 세션 라우팅을 정한다 > auto 모드는 같은 선언에도 멈추지 않고 진행한다(F-05)
AssertionError: expected '완료 검증이 아직 미완성입니다.\n- 집 하나 만들어줘: Missi…' to be '야외 집으로 진행합니다.' // Object.is equality

[32m- Expected[39m
[31m+ Received[39m

[32m- 야외 집으로 진행합니다.[39m
[31m+ 완료 검증이 아직 미완성입니다.[39m
[31m+ - 집 하나 만들어줘: Missing or malformed criteria: repair_acceptance required[39m
[31m+[39m

 ❯ test/assistantSessionIntent.test.ts:111:34
    109|     const result = await session.sendUserMessage("집 하나 만들어줘", () => {}…
    110|     expect(seen.length).toBeGreaterThan(0);
    111|     expect(result.assistantText).toBe("야외 집으로 진행합니다.");
       |                                  ^
    112|     expect(statuses(session).some((text) => text.startsWith("의도 확인 건너뜀…
    113|   }, 30000);

⎯⎯⎯⎯⎯⎯⎯⎯⎯⎯⎯⎯⎯⎯⎯⎯⎯⎯⎯⎯⎯⎯⎯⎯[1/2]⎯

 FAIL  test/assistantSessionIntent.test.ts > 의도 선언이 세션 라우팅을 정한다 > question 는 언급·선언된 쓰기도 노출하거나 실행하지 않고 조회는 허용한다
AssertionError: expected [ { …(5) }, { …(7) }, { …(7) }, …(1) ] to have a length of 3 but got 4

[32m- Expected[39m
[31m+ Received[39m

[32m- 3[39m
[31m+ 4[39m

 ❯ test/assistantSessionIntent.test.ts:299:18
    297|       { instruction: "define_ending 툴이 뭐야", composerMode: mode === "as…
    298|     );
    299|     expect(seen).toHaveLength(3);
       |                  ^
    300|     for (const request of seen) {
    301|       const names = (request.tools ?? []).map(tool => tool.function.na…

⎯⎯⎯⎯⎯⎯⎯⎯⎯⎯⎯⎯⎯⎯⎯⎯⎯⎯⎯⎯⎯⎯⎯⎯[2/2]⎯


 Test Files  1 failed | 2 passed (3)
      Tests  2 failed | 19 passed (21)
   Start at  07:53:25
   Duration  24.02s (transform 7.48s, setup 0ms, collect 8.28s, tests 14.56s, environment 1ms, prepare 238ms)

JSON report written to /home/main/z-project/rpg-zzu-ai-harness-p2-event-contract-20260906/output/evidence/ai-harness/p2/contract-compat-fix/corrected-vitest.json
