
> rpg-zzu@0.1.0 test
> node scripts/run-vitest.mjs run --configLoader bundle test/databaseMonsterMetadata.test.ts


 RUN  v3.2.4 /home/main/z-project/rpg-zzu-monster-ui-0907

 ❯ test/databaseMonsterMetadata.test.ts (1 test | 1 failed) 635ms
   × monster metadata through the database > opens editable resource controls when the enemy collection is empty 633ms
     → expected null not to be null

⎯⎯⎯⎯⎯⎯⎯ Failed Tests 1 ⎯⎯⎯⎯⎯⎯⎯

 FAIL  test/databaseMonsterMetadata.test.ts > monster metadata through the database > opens editable resource controls when the enemy collection is empty
AssertionError: expected null not to be null
 ❯ test/databaseMonsterMetadata.test.ts:26:23
     24|     // When the author opens the resource catalog.
     25|     const entry = host.querySelector<HTMLButtonElement>('[data-testid=…
     26|     expect(entry).not.toBeNull();
       |                       ^
     27|     entry?.click();
     28|     // Then the catalog and editable metadata exist independently of e…

⎯⎯⎯⎯⎯⎯⎯⎯⎯⎯⎯⎯⎯⎯⎯⎯⎯⎯⎯⎯⎯⎯⎯⎯[1/1]⎯


 Test Files  1 failed (1)
      Tests  1 failed (1)
   Start at  03:22:09
   Duration  59.53s (transform 40.35s, setup 0ms, collect 56.66s, tests 635ms, environment 549ms, prepare 308ms)
