
> rpg-zzu@0.1.0 test
> node scripts/run-vitest.mjs run --configLoader bundle test/pr687VerificationIntegration.test.ts -t optional criterion authority --maxWorkers=2


 RUN  v3.2.4 /home/main/z-project/rpg-zzu-pr687-integration-st_01a07c86

 ❯ test/pr687VerificationIntegration.test.ts (26 tests | 1 failed | 25 skipped) 816ms
   ↓ PR687 adjudicated verification scheduling through normal dispatch > dummy removal retains only authoritative obligations: unadopted
   ↓ PR687 adjudicated verification scheduling through normal dispatch > dummy removal retains only authoritative obligations: adopted
   ↓ PR687 adjudicated verification scheduling through normal dispatch > dummy removal retains only authoritative obligations: negative
   ↓ PR687 adjudicated verification scheduling through normal dispatch > facing-only correction clears its finding but not a distinct checkpoint assertion
   ↓ PR687 adjudicated verification scheduling through normal dispatch > rejects changed set through normal correction dispatch
   ↓ PR687 adjudicated verification scheduling through normal dispatch > rejects changed move through normal correction dispatch
   ↓ PR687 adjudicated verification scheduling through normal dispatch > rejects changed walk through normal correction dispatch
   ↓ PR687 adjudicated verification scheduling through normal dispatch > rejects changed start through normal correction dispatch
   ↓ PR687 adjudicated verification scheduling through normal dispatch > rejects changed state through normal correction dispatch
   ↓ PR687 adjudicated verification scheduling through normal dispatch > rejects changed choice through normal correction dispatch
   ↓ PR687 adjudicated verification scheduling through normal dispatch > rejects changed checkpoint through normal correction dispatch
   ↓ PR687 adjudicated verification scheduling through normal dispatch > rejects changed reward through normal correction dispatch
   ↓ PR687 adjudicated verification scheduling through normal dispatch > rejects changed repeat through normal correction dispatch
   ↓ PR687 adjudicated verification scheduling through normal dispatch > classifies malformed without waiving a required scope
   ↓ PR687 adjudicated verification scheduling through normal dispatch > classifies execution without waiving a required scope
   ↓ PR687 adjudicated verification scheduling through normal dispatch > classifies no-target without waiving a required scope
   ↓ PR687 adjudicated verification scheduling through normal dispatch > classifies missing-target without waiving a required scope
   × PR687 adjudicated verification scheduling through normal dispatch > optional criterion authority does not turn ordinary optional scheduling into required verification 813ms
     → expected 'blocked' to be 'verified' // Object.is equality
   ↓ PR687 adjudicated verification scheduling through normal dispatch > canonical tool verdict binds before execution and late adoption cannot reuse an exploratory pass
   ↓ PR687 adjudicated verification scheduling through normal dispatch > normal final repair is bounded by authoritative findings without an acceptance declaration
   ↓ PR687 adjudicated verification scheduling through normal dispatch > budget-terminal assessment retains the finding without exceeding execution budget
   ↓ PR687 adjudicated verification scheduling through normal dispatch > successful exploratory checks do not become repair obligations after a write
   ↓ PR687 adjudicated verification scheduling through normal dispatch > rejects skip atomically with pending-specification proof and retains completion
   ↓ PR687 adjudicated verification scheduling through normal dispatch > rejects skip atomically with unverified proof and retains completion
   ↓ PR687 adjudicated verification scheduling through normal dispatch > rejects skip atomically with stale proof and retains completion
   ↓ PR687 adjudicated verification scheduling through normal dispatch > rejects skip atomically with passed proof and retains completion

⎯⎯⎯⎯⎯⎯⎯ Failed Tests 1 ⎯⎯⎯⎯⎯⎯⎯

 FAIL  test/pr687VerificationIntegration.test.ts > PR687 adjudicated verification scheduling through normal dispatch > optional criterion authority does not turn ordinary optional scheduling into required verification
AssertionError: expected 'blocked' to be 'verified' // Object.is equality

Expected: [32m"[7mverifi[27med"[39m
Received: [31m"[7mblock[27med"[39m

 ❯ test/pr687VerificationIntegration.test.ts:140:55
    138|     } }, { name: "skip_work_item", args: { itemId: "optional" } }]);
    139|     expect(f.session.getWorkPlan()?.layers[0]?.items[0]?.status).toBe(…
    140|     expect(f.session.getAcceptanceSnapshot()?.status).toBe("verified");
       |                                                       ^
    141|     expect(f.snapshot().verification.findings).toEqual([]);
    142|   });

⎯⎯⎯⎯⎯⎯⎯⎯⎯⎯⎯⎯⎯⎯⎯⎯⎯⎯⎯⎯⎯⎯⎯⎯[1/1]⎯


 Test Files  1 failed (1)
      Tests  1 failed | 25 skipped (26)
   Start at  01:29:10
   Duration  14.03s (transform 8.87s, setup 0ms, collect 12.75s, tests 816ms, environment 0ms, prepare 94ms)

