
> rpg-zzu@0.1.0 test
> node scripts/run-vitest.mjs run --configLoader bundle test/advisoryLintProvenance.test.ts test/assistantVerificationEvidence.test.ts --maxWorkers=2


 RUN  v3.2.4 /home/main/z-project/rpg-zzu-pr687-integration-st_01a07c86

 ✓ test/advisoryLintProvenance.test.ts (6 tests) 15455ms
   ✓ pre-write provenance of automatic lint findings > reports unchanged baseline defects without terminal repair of the real title-only change  2670ms
   ✓ pre-write provenance of automatic lint findings > keeps adopted lint defects terminally blocking  3292ms
   ✓ pre-write provenance of automatic lint findings > keeps introduced lint defects terminally blocking  2970ms
   ✓ pre-write provenance of automatic lint findings > keeps different-identity lint defects terminally blocking  3161ms
   ✓ pre-write provenance of automatic lint findings > keeps explicit lint defects terminally blocking  3152ms
 ✓ test/assistantVerificationEvidence.test.ts (24 tests) 18226ms
   ✓ 필수 검증의 실행 성공과 통과는 별도 계약 > run_lint ok:true 실패는 명시·자동 완료 근거가 되지 않고 최종 응답에 남는다  1286ms
   ✓ 필수 검증의 실행 성공과 통과는 별도 계약 > check_reachability ok:true 실패는 명시·자동 완료 근거가 되지 않고 최종 응답에 남는다  1108ms
   ✓ 필수 검증의 실행 성공과 통과는 별도 계약 > verify_quest ok:true 실패는 명시·자동 완료 근거가 되지 않고 최종 응답에 남는다  976ms
   ✓ 필수 검증의 실행 성공과 통과는 별도 계약 > play_walkthrough ok:true 실패는 명시·자동 완료 근거가 되지 않고 최종 응답에 남는다  1058ms
   ✓ 필수 검증의 실행 성공과 통과는 별도 계약 > run_scene_test ok:true 실패는 명시·자동 완료 근거가 되지 않고 최종 응답에 남는다  835ms
   ✓ 필수 검증의 실행 성공과 통과는 별도 계약 > evaluate_game_quality ok:true 실패는 명시·자동 완료 근거가 되지 않고 최종 응답에 남는다  1426ms
   ✓ 필수 검증의 실행 성공과 통과는 별도 계약 > 같은 검사 재실패는 앞선 성공을 제거하고, 이후 실제 재통과는 복구한다  988ms
   ✓ 필수 검증의 실행 성공과 통과는 별도 계약 > 쓰기 이후에는 이전 검증 성공으로 완료할 수 없고 다시 검사해야 한다  1074ms
   ✓ 필수 검증의 실행 성공과 통과는 별도 계약 > 재검사 없는 쓰기는 최종 보고에서도 검증 통과로 남지 않는다  972ms
   ✓ 필수 검증의 실행 성공과 통과는 별도 계약 > 실행되지 않은 잘못된 인자는 고친 호출로 복구할 수 있다  1175ms
   ✓ 필수 검증의 실행 성공과 통과는 별도 계약 > warning-only lint는 통과하며 거부된 쓰기는 성공 근거를 무효화하지 않는다  1024ms
   ✓ 필수 검증의 실행 성공과 통과는 별도 계약 > 레이어의 선재 lint 오류는 자문을 유지하면서 최종 응답에 보고한다  677ms
   ✓ 필수 검증의 실행 성공과 통과는 별도 계약 > final assessment reruns earlier quality on the current artifact without replaying work (explicit=false)  1717ms
   ✓ 필수 검증의 실행 성공과 통과는 별도 계약 > final assessment reruns earlier quality on the current artifact without replaying work (explicit=true)  1708ms
   ✓ 필수 검증의 실행 성공과 통과는 별도 계약 > 다음 항목은 자기 대상의 검증으로 완료하며 이전 항목의 stale 검사는 최종 보고에 보존한다  1121ms
   ✓ 필수 검증의 실행 성공과 통과는 별도 계약 > 실패한 walkthrough 실행은 레이어의 성공 시나리오로 기록하지 않는다  828ms

 Test Files  2 passed (2)
      Tests  30 passed (30)
   Start at  03:39:30
   Duration  33.76s (transform 10.58s, setup 0ms, collect 29.95s, tests 33.68s, environment 1ms, prepare 206ms)

