
> rpg-zzu@0.1.0 test
> node scripts/run-vitest.mjs run --configLoader bundle test/sidebarFocusR1.test.ts --maxWorkers=1 --minWorkers=1


 RUN  v3.2.4 /home/main/z-project/rpg-zzu-sidebar-focus-modes

 ❯ test/sidebarFocusR1.test.ts (11 tests | 1 failed) 25295ms
   ✓ sidebar R1 real renderer ownership > removes the mounted open surface when the renderer subscribed before its lifecycle  5031ms
   ✓ sidebar R1 real renderer ownership > routes one Escape to the actual map context menu and then restores the map row  4432ms
   ✓ sidebar R1 real renderer ownership > keeps the map explorer attached while its body-mounted Rename action handles a pointer  1369ms
   ✓ sidebar R1 real renderer ownership > reveals the real Expert dock through its renderer rather than only changing collapse state  1485ms
   × sidebar R1 real renderer ownership > does not commit a cancelled Rename when removing its focused input emits blur 2204ms
     → expected 'Cancelled draft' to be '빈 맵' // Object.is equality
   ✓ sidebar R1 real renderer ownership > activates the real dock registry for inspector with pinned=false  2033ms
   ✓ sidebar R1 real renderer ownership > activates the real dock registry for ruleAudit with pinned=false  1595ms
   ✓ sidebar R1 real renderer ownership > activates the real dock registry for history with pinned=false  1472ms
   ✓ sidebar R1 real renderer ownership > activates the real dock registry for inspector with pinned=true  1364ms
   ✓ sidebar R1 real renderer ownership > activates the real dock registry for ruleAudit with pinned=true  2214ms
   ✓ sidebar R1 real renderer ownership > activates the real dock registry for history with pinned=true  2093ms

⎯⎯⎯⎯⎯⎯⎯ Failed Tests 1 ⎯⎯⎯⎯⎯⎯⎯

 FAIL  test/sidebarFocusR1.test.ts > sidebar R1 real renderer ownership > does not commit a cancelled Rename when removing its focused input emits blur
AssertionError: expected 'Cancelled draft' to be '빈 맵' // Object.is equality

Expected: [32m"빈 맵"[39m
Received: [31m"Cancelled draft"[39m

 ❯ test/sidebarFocusR1.test.ts:108:47
    106|     escape();
    107|     input.dispatchEvent(new FocusEvent('blur'));
    108|     expect(store.getCurrent().maps[id]?.name).toBe(original);
       |                                               ^
    109|   });
    110|   it.each([

⎯⎯⎯⎯⎯⎯⎯⎯⎯⎯⎯⎯⎯⎯⎯⎯⎯⎯⎯⎯⎯⎯⎯⎯[1/1]⎯


 Test Files  1 failed (1)
      Tests  1 failed | 10 passed (11)
   Start at  04:20:23
   Duration  118.79s (transform 63.08s, setup 0ms, collect 91.12s, tests 25.29s, environment 704ms, prepare 183ms)
