{"path":"src/editor/panels/databaseLifeCraftingView.ts","diagnostics":[]}
{"path":"src/player/dayTransition.ts","diagnostics":[]}
{"path":"src/player/farming.ts","diagnostics":[]}
{"path":"src/player/lifeFieldInteraction.ts","diagnostics":[]}
{"path":"src/player/playSceneFarming.ts","diagnostics":[]}
{"path":"src/player/playSceneMapRuntime.ts","diagnostics":[]}
{"path":"src/player/playSceneMovement.ts","diagnostics":[]}
{"path":"src/player/playScenePlaceables.ts","diagnostics":[]}
{"path":"src/player/playSceneTime.ts","diagnostics":[]}
{"path":"src/player/saveSlotValidation.ts","diagnostics":[]}
{"path":"src/player/saveSlots.ts","diagnostics":[]}
{"path":"src/project/fishing.ts","diagnostics":[]}
{"path":"src/project/makers.ts","diagnostics":[]}
{"path":"src/project/seasonalForage.ts","diagnostics":[]}
{"path":"src/project/session.ts","diagnostics":[]}
{"path":"src/project/toolActions.ts","diagnostics":[]}
{"path":"src/testing/sceneTestRunner.ts","diagnostics":[]}
{"path":"test/cropRegrowthContract.test.ts","diagnostics":[]}
{"path":"test/databaseLifeCraftingView.test.ts","diagnostics":[]}
{"path":"test/lifeFieldInteraction.test.ts","diagnostics":[]}
{"path":"test/lifeSkillDisabledHarvest.test.ts","diagnostics":[]}
{"path":"test/makerClockIntegration.test.ts","diagnostics":[]}
{"path":"test/p0RuntimeIntegration.test.ts","diagnostics":[]}
{"path":"test/p2LifeRuntime.test.ts","diagnostics":[]}
{"path":"test/toolActionAuthoringParity.test.ts","diagnostics":[]}
