Original RED base c66f5a8a; extracted without altering ../red.json
G3-F10 native showPicture optional wait preservation coordinate edit preserves wait=true at duration=500 through Confirm/deserialize/reopen
AssertionError: expected { kind: 'showPicture', …(8) } to deeply equal { kind: 'showPicture', …(9) }
    at /home/main/.herdr/worktrees/rpg-zzu/worktree-brave-valley-f078-event-remediation-0906-event-remediation-u04/test/eventCommandRemediation/U04.test.ts:46:24
    at file:///home/main/z-project/rpg-zzu/node_modules/@vitest/runner/dist/chunk-hooks.js:863:59
    at file:///home/main/z-project/rpg-zzu/node_modules/@vitest/runner/dist/chunk-hooks.js:155:11
    at file:///home/main/z-project/rpg-zzu/node_modules/@vitest/runner/dist/chunk-hooks.js:752:26
    at file:///home/main/z-project/rpg-zzu/node_modules/@vitest/runner/dist/chunk-hooks.js:1897:20
    at new Promise (<anonymous>)
    at runWithTimeout (file:///home/main/z-project/rpg-zzu/node_modules/@vitest/runner/dist/chunk-hooks.js:1863:10)
    at runTest (file:///home/main/z-project/rpg-zzu/node_modules/@vitest/runner/dist/chunk-hooks.js:1574:12)
    at processTicksAndRejections (node:internal/process/task_queues:103:5)
    at runSuite (file:///home/main/z-project/rpg-zzu/node_modules/@vitest/runner/dist/chunk-hooks.js:1729:8)
AssertionError: expected { kind: 'showPicture', …(8) } to deeply equal { kind: 'showPicture', …(9) }
    at /home/main/.herdr/worktrees/rpg-zzu/worktree-brave-valley-f078-event-remediation-0906-event-remediation-u04/test/eventCommandRemediation/U04.test.ts:47:33
    at file:///home/main/z-project/rpg-zzu/node_modules/@vitest/runner/dist/chunk-hooks.js:863:59
    at file:///home/main/z-project/rpg-zzu/node_modules/@vitest/runner/dist/chunk-hooks.js:155:11
    at file:///home/main/z-project/rpg-zzu/node_modules/@vitest/runner/dist/chunk-hooks.js:752:26
    at file:///home/main/z-project/rpg-zzu/node_modules/@vitest/runner/dist/chunk-hooks.js:1897:20
    at new Promise (<anonymous>)
    at runWithTimeout (file:///home/main/z-project/rpg-zzu/node_modules/@vitest/runner/dist/chunk-hooks.js:1863:10)
    at runTest (file:///home/main/z-project/rpg-zzu/node_modules/@vitest/runner/dist/chunk-hooks.js:1574:12)
    at processTicksAndRejections (node:internal/process/task_queues:103:5)
    at runSuite (file:///home/main/z-project/rpg-zzu/node_modules/@vitest/runner/dist/chunk-hooks.js:1729:8)
AssertionError: expected { kind: 'showPicture', …(9) } to match object { kind: 'showPicture', …(9) }
    at Proxy.<anonymous> (file:///home/main/z-project/rpg-zzu/node_modules/@vitest/expect/dist/index.js:1155:10)
    at Proxy.<anonymous> (file:///home/main/z-project/rpg-zzu/node_modules/@vitest/expect/dist/index.js:1036:22)
    at Proxy.methodWrapper (file:///home/main/z-project/rpg-zzu/node_modules/chai/index.js:1686:25)
    at /home/main/.herdr/worktrees/rpg-zzu/worktree-brave-valley-f078-event-remediation-0906-event-remediation-u04/test/eventCommandRemediation/U04.test.ts:59:38
    at file:///home/main/z-project/rpg-zzu/node_modules/@vitest/runner/dist/chunk-hooks.js:863:59
    at file:///home/main/z-project/rpg-zzu/node_modules/@vitest/runner/dist/chunk-hooks.js:155:11
    at file:///home/main/z-project/rpg-zzu/node_modules/@vitest/runner/dist/chunk-hooks.js:752:26
    at file:///home/main/z-project/rpg-zzu/node_modules/@vitest/runner/dist/chunk-hooks.js:1897:20
    at new Promise (<anonymous>)
    at runWithTimeout (file:///home/main/z-project/rpg-zzu/node_modules/@vitest/runner/dist/chunk-hooks.js:1863:10)
G3-F10 native showPicture optional wait preservation coordinate edit preserves wait=false at duration=500 through Confirm/deserialize/reopen
AssertionError: expected { kind: 'showPicture', …(8) } to deeply equal { kind: 'showPicture', …(9) }
    at /home/main/.herdr/worktrees/rpg-zzu/worktree-brave-valley-f078-event-remediation-0906-event-remediation-u04/test/eventCommandRemediation/U04.test.ts:46:24
    at file:///home/main/z-project/rpg-zzu/node_modules/@vitest/runner/dist/chunk-hooks.js:863:59
    at file:///home/main/z-project/rpg-zzu/node_modules/@vitest/runner/dist/chunk-hooks.js:155:11
    at file:///home/main/z-project/rpg-zzu/node_modules/@vitest/runner/dist/chunk-hooks.js:752:26
    at file:///home/main/z-project/rpg-zzu/node_modules/@vitest/runner/dist/chunk-hooks.js:1897:20
    at new Promise (<anonymous>)
    at runWithTimeout (file:///home/main/z-project/rpg-zzu/node_modules/@vitest/runner/dist/chunk-hooks.js:1863:10)
    at runTest (file:///home/main/z-project/rpg-zzu/node_modules/@vitest/runner/dist/chunk-hooks.js:1574:12)
    at processTicksAndRejections (node:internal/process/task_queues:103:5)
    at runSuite (file:///home/main/z-project/rpg-zzu/node_modules/@vitest/runner/dist/chunk-hooks.js:1729:8)
AssertionError: expected { kind: 'showPicture', …(8) } to deeply equal { kind: 'showPicture', …(9) }
    at /home/main/.herdr/worktrees/rpg-zzu/worktree-brave-valley-f078-event-remediation-0906-event-remediation-u04/test/eventCommandRemediation/U04.test.ts:47:33
    at file:///home/main/z-project/rpg-zzu/node_modules/@vitest/runner/dist/chunk-hooks.js:863:59
    at file:///home/main/z-project/rpg-zzu/node_modules/@vitest/runner/dist/chunk-hooks.js:155:11
    at file:///home/main/z-project/rpg-zzu/node_modules/@vitest/runner/dist/chunk-hooks.js:752:26
    at file:///home/main/z-project/rpg-zzu/node_modules/@vitest/runner/dist/chunk-hooks.js:1897:20
    at new Promise (<anonymous>)
    at runWithTimeout (file:///home/main/z-project/rpg-zzu/node_modules/@vitest/runner/dist/chunk-hooks.js:1863:10)
    at runTest (file:///home/main/z-project/rpg-zzu/node_modules/@vitest/runner/dist/chunk-hooks.js:1574:12)
    at processTicksAndRejections (node:internal/process/task_queues:103:5)
    at runSuite (file:///home/main/z-project/rpg-zzu/node_modules/@vitest/runner/dist/chunk-hooks.js:1729:8)
AssertionError: expected { kind: 'showPicture', …(9) } to match object { kind: 'showPicture', …(9) }
    at Proxy.<anonymous> (file:///home/main/z-project/rpg-zzu/node_modules/@vitest/expect/dist/index.js:1155:10)
    at Proxy.<anonymous> (file:///home/main/z-project/rpg-zzu/node_modules/@vitest/expect/dist/index.js:1036:22)
    at Proxy.methodWrapper (file:///home/main/z-project/rpg-zzu/node_modules/chai/index.js:1686:25)
    at /home/main/.herdr/worktrees/rpg-zzu/worktree-brave-valley-f078-event-remediation-0906-event-remediation-u04/test/eventCommandRemediation/U04.test.ts:59:38
    at file:///home/main/z-project/rpg-zzu/node_modules/@vitest/runner/dist/chunk-hooks.js:863:59
    at file:///home/main/z-project/rpg-zzu/node_modules/@vitest/runner/dist/chunk-hooks.js:155:11
    at file:///home/main/z-project/rpg-zzu/node_modules/@vitest/runner/dist/chunk-hooks.js:752:26
    at file:///home/main/z-project/rpg-zzu/node_modules/@vitest/runner/dist/chunk-hooks.js:1897:20
    at new Promise (<anonymous>)
    at runWithTimeout (file:///home/main/z-project/rpg-zzu/node_modules/@vitest/runner/dist/chunk-hooks.js:1863:10)
G3-F10 native showPicture optional wait preservation coordinate edit preserves wait=true at duration=+0 through Confirm/deserialize/reopen
AssertionError: expected { kind: 'showPicture', …(8) } to deeply equal { kind: 'showPicture', …(9) }
    at /home/main/.herdr/worktrees/rpg-zzu/worktree-brave-valley-f078-event-remediation-0906-event-remediation-u04/test/eventCommandRemediation/U04.test.ts:46:24
    at file:///home/main/z-project/rpg-zzu/node_modules/@vitest/runner/dist/chunk-hooks.js:863:59
    at file:///home/main/z-project/rpg-zzu/node_modules/@vitest/runner/dist/chunk-hooks.js:155:11
    at file:///home/main/z-project/rpg-zzu/node_modules/@vitest/runner/dist/chunk-hooks.js:752:26
    at file:///home/main/z-project/rpg-zzu/node_modules/@vitest/runner/dist/chunk-hooks.js:1897:20
    at new Promise (<anonymous>)
    at runWithTimeout (file:///home/main/z-project/rpg-zzu/node_modules/@vitest/runner/dist/chunk-hooks.js:1863:10)
    at runTest (file:///home/main/z-project/rpg-zzu/node_modules/@vitest/runner/dist/chunk-hooks.js:1574:12)
    at processTicksAndRejections (node:internal/process/task_queues:103:5)
    at runSuite (file:///home/main/z-project/rpg-zzu/node_modules/@vitest/runner/dist/chunk-hooks.js:1729:8)
AssertionError: expected { kind: 'showPicture', …(8) } to deeply equal { kind: 'showPicture', …(9) }
    at /home/main/.herdr/worktrees/rpg-zzu/worktree-brave-valley-f078-event-remediation-0906-event-remediation-u04/test/eventCommandRemediation/U04.test.ts:47:33
    at file:///home/main/z-project/rpg-zzu/node_modules/@vitest/runner/dist/chunk-hooks.js:863:59
    at file:///home/main/z-project/rpg-zzu/node_modules/@vitest/runner/dist/chunk-hooks.js:155:11
    at file:///home/main/z-project/rpg-zzu/node_modules/@vitest/runner/dist/chunk-hooks.js:752:26
    at file:///home/main/z-project/rpg-zzu/node_modules/@vitest/runner/dist/chunk-hooks.js:1897:20
    at new Promise (<anonymous>)
    at runWithTimeout (file:///home/main/z-project/rpg-zzu/node_modules/@vitest/runner/dist/chunk-hooks.js:1863:10)
    at runTest (file:///home/main/z-project/rpg-zzu/node_modules/@vitest/runner/dist/chunk-hooks.js:1574:12)
    at processTicksAndRejections (node:internal/process/task_queues:103:5)
    at runSuite (file:///home/main/z-project/rpg-zzu/node_modules/@vitest/runner/dist/chunk-hooks.js:1729:8)
AssertionError: expected { kind: 'showPicture', …(9) } to match object { kind: 'showPicture', …(9) }
    at Proxy.<anonymous> (file:///home/main/z-project/rpg-zzu/node_modules/@vitest/expect/dist/index.js:1155:10)
    at Proxy.<anonymous> (file:///home/main/z-project/rpg-zzu/node_modules/@vitest/expect/dist/index.js:1036:22)
    at Proxy.methodWrapper (file:///home/main/z-project/rpg-zzu/node_modules/chai/index.js:1686:25)
    at /home/main/.herdr/worktrees/rpg-zzu/worktree-brave-valley-f078-event-remediation-0906-event-remediation-u04/test/eventCommandRemediation/U04.test.ts:59:38
    at file:///home/main/z-project/rpg-zzu/node_modules/@vitest/runner/dist/chunk-hooks.js:863:59
    at file:///home/main/z-project/rpg-zzu/node_modules/@vitest/runner/dist/chunk-hooks.js:155:11
    at file:///home/main/z-project/rpg-zzu/node_modules/@vitest/runner/dist/chunk-hooks.js:752:26
    at file:///home/main/z-project/rpg-zzu/node_modules/@vitest/runner/dist/chunk-hooks.js:1897:20
    at new Promise (<anonymous>)
    at runWithTimeout (file:///home/main/z-project/rpg-zzu/node_modules/@vitest/runner/dist/chunk-hooks.js:1863:10)
G3-F10 native showPicture optional wait preservation coordinate edit preserves wait=false at duration=+0 through Confirm/deserialize/reopen
AssertionError: expected { kind: 'showPicture', …(8) } to deeply equal { kind: 'showPicture', …(9) }
    at /home/main/.herdr/worktrees/rpg-zzu/worktree-brave-valley-f078-event-remediation-0906-event-remediation-u04/test/eventCommandRemediation/U04.test.ts:46:24
    at file:///home/main/z-project/rpg-zzu/node_modules/@vitest/runner/dist/chunk-hooks.js:863:59
    at file:///home/main/z-project/rpg-zzu/node_modules/@vitest/runner/dist/chunk-hooks.js:155:11
    at file:///home/main/z-project/rpg-zzu/node_modules/@vitest/runner/dist/chunk-hooks.js:752:26
    at file:///home/main/z-project/rpg-zzu/node_modules/@vitest/runner/dist/chunk-hooks.js:1897:20
    at new Promise (<anonymous>)
    at runWithTimeout (file:///home/main/z-project/rpg-zzu/node_modules/@vitest/runner/dist/chunk-hooks.js:1863:10)
    at runTest (file:///home/main/z-project/rpg-zzu/node_modules/@vitest/runner/dist/chunk-hooks.js:1574:12)
    at processTicksAndRejections (node:internal/process/task_queues:103:5)
    at runSuite (file:///home/main/z-project/rpg-zzu/node_modules/@vitest/runner/dist/chunk-hooks.js:1729:8)
AssertionError: expected { kind: 'showPicture', …(8) } to deeply equal { kind: 'showPicture', …(9) }
    at /home/main/.herdr/worktrees/rpg-zzu/worktree-brave-valley-f078-event-remediation-0906-event-remediation-u04/test/eventCommandRemediation/U04.test.ts:47:33
    at file:///home/main/z-project/rpg-zzu/node_modules/@vitest/runner/dist/chunk-hooks.js:863:59
    at file:///home/main/z-project/rpg-zzu/node_modules/@vitest/runner/dist/chunk-hooks.js:155:11
    at file:///home/main/z-project/rpg-zzu/node_modules/@vitest/runner/dist/chunk-hooks.js:752:26
    at file:///home/main/z-project/rpg-zzu/node_modules/@vitest/runner/dist/chunk-hooks.js:1897:20
    at new Promise (<anonymous>)
    at runWithTimeout (file:///home/main/z-project/rpg-zzu/node_modules/@vitest/runner/dist/chunk-hooks.js:1863:10)
    at runTest (file:///home/main/z-project/rpg-zzu/node_modules/@vitest/runner/dist/chunk-hooks.js:1574:12)
    at processTicksAndRejections (node:internal/process/task_queues:103:5)
    at runSuite (file:///home/main/z-project/rpg-zzu/node_modules/@vitest/runner/dist/chunk-hooks.js:1729:8)
AssertionError: expected { kind: 'showPicture', …(9) } to match object { kind: 'showPicture', …(9) }
    at Proxy.<anonymous> (file:///home/main/z-project/rpg-zzu/node_modules/@vitest/expect/dist/index.js:1155:10)
    at Proxy.<anonymous> (file:///home/main/z-project/rpg-zzu/node_modules/@vitest/expect/dist/index.js:1036:22)
    at Proxy.methodWrapper (file:///home/main/z-project/rpg-zzu/node_modules/chai/index.js:1686:25)
    at /home/main/.herdr/worktrees/rpg-zzu/worktree-brave-valley-f078-event-remediation-0906-event-remediation-u04/test/eventCommandRemediation/U04.test.ts:59:38
    at file:///home/main/z-project/rpg-zzu/node_modules/@vitest/runner/dist/chunk-hooks.js:863:59
    at file:///home/main/z-project/rpg-zzu/node_modules/@vitest/runner/dist/chunk-hooks.js:155:11
    at file:///home/main/z-project/rpg-zzu/node_modules/@vitest/runner/dist/chunk-hooks.js:752:26
    at file:///home/main/z-project/rpg-zzu/node_modules/@vitest/runner/dist/chunk-hooks.js:1897:20
    at new Promise (<anonymous>)
    at runWithTimeout (file:///home/main/z-project/rpg-zzu/node_modules/@vitest/runner/dist/chunk-hooks.js:1863:10)
G3-F10 native showPicture optional wait preservation exposes an editable wait toggle; authored true survives a later coordinate edit
Error: Missing intended media control: show-picture-wait-select
    at control (/home/main/.herdr/worktrees/rpg-zzu/worktree-brave-valley-f078-event-remediation-0906-event-remediation-u04/test/eventCommandRemediation/U04.fixture.ts:61:23)
    at /home/main/.herdr/worktrees/rpg-zzu/worktree-brave-valley-f078-event-remediation-0906-event-remediation-u04/test/eventCommandRemediation/U04.test.ts:67:12
    at file:///home/main/z-project/rpg-zzu/node_modules/@vitest/runner/dist/chunk-hooks.js:863:59
    at file:///home/main/z-project/rpg-zzu/node_modules/@vitest/runner/dist/chunk-hooks.js:155:11
    at file:///home/main/z-project/rpg-zzu/node_modules/@vitest/runner/dist/chunk-hooks.js:752:26
    at file:///home/main/z-project/rpg-zzu/node_modules/@vitest/runner/dist/chunk-hooks.js:1897:20
    at new Promise (<anonymous>)
    at runWithTimeout (file:///home/main/z-project/rpg-zzu/node_modules/@vitest/runner/dist/chunk-hooks.js:1863:10)
    at runTest (file:///home/main/z-project/rpg-zzu/node_modules/@vitest/runner/dist/chunk-hooks.js:1574:12)
    at processTicksAndRejections (node:internal/process/task_queues:103:5)
G3-F10 native showPicture optional wait preservation exposes an editable wait toggle; authored false survives a later coordinate edit
Error: Missing intended media control: show-picture-wait-select
    at control (/home/main/.herdr/worktrees/rpg-zzu/worktree-brave-valley-f078-event-remediation-0906-event-remediation-u04/test/eventCommandRemediation/U04.fixture.ts:61:23)
    at /home/main/.herdr/worktrees/rpg-zzu/worktree-brave-valley-f078-event-remediation-0906-event-remediation-u04/test/eventCommandRemediation/U04.test.ts:67:12
    at file:///home/main/z-project/rpg-zzu/node_modules/@vitest/runner/dist/chunk-hooks.js:863:59
    at file:///home/main/z-project/rpg-zzu/node_modules/@vitest/runner/dist/chunk-hooks.js:155:11
    at file:///home/main/z-project/rpg-zzu/node_modules/@vitest/runner/dist/chunk-hooks.js:752:26
    at file:///home/main/z-project/rpg-zzu/node_modules/@vitest/runner/dist/chunk-hooks.js:1897:20
    at new Promise (<anonymous>)
    at runWithTimeout (file:///home/main/z-project/rpg-zzu/node_modules/@vitest/runner/dist/chunk-hooks.js:1863:10)
    at runTest (file:///home/main/z-project/rpg-zzu/node_modules/@vitest/runner/dist/chunk-hooks.js:1574:12)
    at processTicksAndRejections (node:internal/process/task_queues:103:5)