scripts/qa/spatial-geography.mts: OK
src/editor/spatial/compileGeography.ts: OK
src/editor/spatial/compileRegions.ts: OK
src/editor/spatial/compileWorlds.ts: OK
src/editor/spatial/geographyEntries.ts: OK
src/editor/spatial/geographyStructures.ts: OK
src/editor/spatial/geographyTerrain.ts: OK
test/spatialGeographyCompiler.test.ts: OK
test/spatialGeographyOwnership.test.ts: OK
test/spatialGeographyRecipes.test.ts: OK
test/spatialGeographyRepeat.test.ts: OK
test/spatialGeographySafety.test.ts: OK
test/support/spatialGeographyEdits.ts: OK
test/support/spatialGeographyRecipes.ts: OK
test/support/spatialGeographyTraversal.ts: OK
scripts/qa/spatial-compile.mts: OK
src/editor/spatial/README.md: OK
src/editor/spatial/compileConnections.ts: OK
src/editor/spatial/compileObjects.ts: OK
src/editor/spatial/compilePlaces.ts: OK
src/editor/spatial/compileRequest.ts: OK
src/editor/spatial/compileSpaces.ts: OK
src/editor/spatial/compileSpatialOccurrence.ts: OK
src/editor/spatial/compileTerrain.ts: OK
src/editor/spatial/compilerTypes.ts: OK
src/editor/spatial/compilerValidation.ts: OK
src/editor/spatial/overviewEntries.ts: OK
src/editor/spatial/placeCanvases.ts: OK
src/editor/spatial/placeLayout.ts: OK
src/editor/spatial/placeOwnership.ts: OK
src/editor/spatial/spaceLayout.ts: OK
test/support/spatialConnectionSceneFixture.ts: OK
test/support/spatialGeographyFixture.ts: OK
test/support/spatialGeographyOutputContract.ts: OK
test/support/spatialPlaceCompilerFixture.ts: OK
test/support/spatialPlaceGeometryFixture.ts: OK
test/support/spatialPlaceOutputContract.ts: OK
test/support/spatialPlaceTraversal.ts: OK
