
> rpg-zzu@0.1.0 test
> node scripts/run-vitest.mjs run --configLoader bundle test/storePersistence.test.ts --testTimeout 60000


 RUN  v3.2.4 /home/main/z-project/rpg-zzu-ai-harness-p1-20260906

 ❯ test/storePersistence.test.ts (11 tests | 6 failed) 33464ms
   × Project store remote persistence > does not write to LegacyDb before the canonical project has loaded 15623ms
     → expected "spy" to not be called at all, but actually been called 1 times[90m

Received: 

[1m  1st spy call:

[22m    Array [
      "/__oprn/edit-activity",
      Object {
        "body": "{"entries":[{"seq":0,"at":"2026-09-06T09:04:39.964Z","scope":"project","label":null,"origin":"human","generation":1,"reason":"사람이 편집"}]}",
        "headers": Object {
          "Content-Type": "application/json",
        },
        "method": "POST",
      },
    ]
[39m[90m

Number of calls: [1m1[22m
[39m
   × Project store remote persistence > does not auto-save local dev showcase projects to LegacyDb 1888ms
     → Cannot read properties of undefined (reading 'ok')
   × Project store remote persistence > always creates a new fresh project instead of reloading local dev overrides 3642ms
     → Cannot read properties of undefined (reading 'ok')
   × Project store remote persistence > saves and reloads local edits for dev showcase projects without LegacyDb 1528ms
     → Cannot read properties of undefined (reading 'ok')
   × Project store remote persistence > reports why DB persistence is unavailable for local dev showcase projects 947ms
     → {
  "message":"Invalid authentication credentials"
}
   ✓ Project store remote persistence > requires DB configuration before opening a project  550ms
   ✓ Project store remote persistence > marks the project loaded when reconnect recovers a blocked first boot  3834ms
   × Project store remote persistence > does not create a DB project when the selected project row is missing 562ms
     → expected "spy" to be called 1 times, but got 4 times
   ✓ Project store remote persistence > skips remote flush when there are no unsaved changes  686ms
   ✓ Project store remote persistence > keeps local map paint when remote save finishes with a stale snapshot  1918ms
   ✓ Project store remote persistence > does not apply stale map-patch response over newer local paint  2284ms

⎯⎯⎯⎯⎯⎯⎯ Failed Tests 6 ⎯⎯⎯⎯⎯⎯⎯

 FAIL  test/storePersistence.test.ts > Project store remote persistence > does not write to LegacyDb before the canonical project has loaded
AssertionError: expected "spy" to not be called at all, but actually been called 1 times[90m

Received: 

[1m  1st spy call:

[22m    Array [
      "/__oprn/edit-activity",
      Object {
        "body": "{"entries":[{"seq":0,"at":"2026-09-06T09:04:39.964Z","scope":"project","label":null,"origin":"human","generation":1,"reason":"사람이 편집"}]}",
        "headers": Object {
          "Content-Type": "application/json",
        },
        "method": "POST",
      },
    ]
[39m[90m

Number of calls: [1m1[22m
[39m
 ❯ test/storePersistence.test.ts:35:26
     33| 
     34|     expect(saveResult).toEqual({ kind: "not-loaded" });
     35|     expect(fetchSpy).not.toHaveBeenCalled();
       |                          ^
     36|   });
     37| 

⎯⎯⎯⎯⎯⎯⎯⎯⎯⎯⎯⎯⎯⎯⎯⎯⎯⎯⎯⎯⎯⎯⎯⎯[1/6]⎯

 FAIL  test/storePersistence.test.ts > Project store remote persistence > does not auto-save local dev showcase projects to LegacyDb
TypeError: Cannot read properties of undefined (reading 'ok')
 ❯ loadProjectSnapshotFromLegacyDb src/project/legacyDbProjectSync.ts:221:17
    219|     headers: legacyDbJsonHeaders(config, "read"),
    220|   });
    221|   if (!response.ok) {
       |                 ^
    222|     throw new LegacyDbProjectSyncError(await response.text(), response…
    223|   }
 ❯ loadProjectFromLegacyDb src/project/legacyDbProjectSync.ts:151:20
 ❯ ProjectStore.load src/project/store.ts:258:27
 ❯ test/storePersistence.test.ts:55:5

⎯⎯⎯⎯⎯⎯⎯⎯⎯⎯⎯⎯⎯⎯⎯⎯⎯⎯⎯⎯⎯⎯⎯⎯[2/6]⎯

 FAIL  test/storePersistence.test.ts > Project store remote persistence > always creates a new fresh project instead of reloading local dev overrides
TypeError: Cannot read properties of undefined (reading 'ok')
 ❯ loadProjectSnapshotFromLegacyDb src/project/legacyDbProjectSync.ts:221:17
    219|     headers: legacyDbJsonHeaders(config, "read"),
    220|   });
    221|   if (!response.ok) {
       |                 ^
    222|     throw new LegacyDbProjectSyncError(await response.text(), response…
    223|   }
 ❯ loadProjectFromLegacyDb src/project/legacyDbProjectSync.ts:151:20
 ❯ ProjectStore.load src/project/store.ts:258:27
 ❯ test/storePersistence.test.ts:91:21

⎯⎯⎯⎯⎯⎯⎯⎯⎯⎯⎯⎯⎯⎯⎯⎯⎯⎯⎯⎯⎯⎯⎯⎯[3/6]⎯

 FAIL  test/storePersistence.test.ts > Project store remote persistence > saves and reloads local edits for dev showcase projects without LegacyDb
TypeError: Cannot read properties of undefined (reading 'ok')
 ❯ loadProjectSnapshotFromLegacyDb src/project/legacyDbProjectSync.ts:221:17
    219|     headers: legacyDbJsonHeaders(config, "read"),
    220|   });
    221|   if (!response.ok) {
       |                 ^
    222|     throw new LegacyDbProjectSyncError(await response.text(), response…
    223|   }
 ❯ loadProjectFromLegacyDb src/project/legacyDbProjectSync.ts:151:20
 ❯ ProjectStore.load src/project/store.ts:258:27
 ❯ test/storePersistence.test.ts:119:5

⎯⎯⎯⎯⎯⎯⎯⎯⎯⎯⎯⎯⎯⎯⎯⎯⎯⎯⎯⎯⎯⎯⎯⎯[4/6]⎯

 FAIL  test/storePersistence.test.ts > Project store remote persistence > reports why DB persistence is unavailable for local dev showcase projects
LegacyDbProjectSyncError: {
  "message":"Invalid authentication credentials"
}
 ❯ loadProjectSnapshotFromLegacyDb src/project/legacyDbProjectSync.ts:222:11
    220|   });
    221|   if (!response.ok) {
    222|     throw new LegacyDbProjectSyncError(await response.text(), response…
       |           ^
    223|   }
    224|   const rows = await parseProjectRows(response);
 ❯ loadProjectFromLegacyDb src/project/legacyDbProjectSync.ts:151:20
 ❯ ProjectStore.load src/project/store.ts:258:27
 ❯ test/storePersistence.test.ts:151:5

⎯⎯⎯⎯⎯⎯⎯⎯⎯⎯⎯⎯⎯⎯⎯⎯⎯⎯⎯⎯⎯⎯⎯⎯[5/6]⎯

 FAIL  test/storePersistence.test.ts > Project store remote persistence > does not create a DB project when the selected project row is missing
AssertionError: expected "spy" to be called 1 times, but got 4 times
 ❯ test/storePersistence.test.ts:230:22
    228| 
    229|     await expect(store.load()).rejects.toMatchObject({ name: "DbConnec…
    230|     expect(fetchSpy).toHaveBeenCalledTimes(1);
       |                      ^
    231|     expect(fetchSpy.mock.calls[0]?.[1]?.method ?? "GET").toBe("GET");
    232|   });

⎯⎯⎯⎯⎯⎯⎯⎯⎯⎯⎯⎯⎯⎯⎯⎯⎯⎯⎯⎯⎯⎯⎯⎯[6/6]⎯


 Test Files  1 failed (1)
      Tests  6 failed | 5 passed (11)
   Start at  18:04:38
   Duration  35.38s (transform 9.92s, setup 0ms, collect 351ms, tests 33.46s, environment 0ms, prepare 280ms)

