6:18:08 PM [vite] (client) Re-optimizing dependencies because vite config has changed
[edit-activity] (라벨 없음: project)
[project-commits] 저장 baseline 이 없어 실제 diff 를 못 낸다 — 시스템 변경으로 기록한다 { summary: '변경 저장: 시스템' }
[edit-activity] (라벨 없음: project)
{
  "pass": true,
  "receipt": {
    "revisionId": "c1d503a1-f442-49bc-86a9-3f34552d95cf",
    "projectId": "p1-surface-fixture",
    "mutationGeneration": 1,
    "contentIdentity": "dac30007d07d7b580bff02002d857b7fbae02371d7ca9d2a5af8d28e514a2ee3",
    "sha256": "f7340bde371aaf12a5e246e7b152126b565c2c2cb2bd1836a9b1259abf741b3b"
  },
  "steps": [
    {
      "mode": "matched",
      "kind": "verified",
      "isCurrent": true
    },
    {
      "mode": "content",
      "kind": "mismatch",
      "reason": "content"
    },
    {
      "mode": "target",
      "kind": "mismatch",
      "reason": "target"
    },
    {
      "mode": "failed",
      "kind": "failed"
    },
    {
      "mode": "matched",
      "kind": "verified",
      "isCurrent": true
    },
    {
      "mode": "local-edit-during-read",
      "kind": "verified",
      "isCurrent": false,
      "title": "newer-surface-edit",
      "dirty": true
    }
  ],
  "cleanup": {
    "viteClosed": true,
    "transportRestored": true,
    "autosaveCleared": true,
    "activityTimersCleared": true,
    "deferredSettled": true,
    "remoteFixturesCreated": 0,
    "listenerStarted": false
  }
}
