
> rpg-zzu@0.1.0 test
> node scripts/run-vitest.mjs run --configLoader bundle test/storePersistenceProof.test.ts test/legacyDbProjectSync.test.ts


 RUN  v3.2.4 /home/main/z-project/rpg-zzu-ai-harness-p1-20260906

 ✓ test/legacyDbProjectSync.test.ts (29 tests) 38039ms
   ✓ LegacyDb project sync > loads a LegacyDb current_json row through the project parser  1336ms
   ✓ LegacyDb project sync > uses the app canonical LegacyDb project id when the env id is omitted  971ms
   ✓ LegacyDb project sync > 옛 전투 애니메이션 묶음의 실제 행을 복구해 아이템을 실행 가능한 상태로 불러온다  590ms
   ✓ LegacyDb project sync > 참조된 옛 장비 아이템 19종을 명시적 대응 장비의 한국어 안내 행으로 보존한다  704ms
   ✓ LegacyDb project sync > 액션 탄약과 상점 상태에서만 참조한 옛 아이템 행을 보존한다  564ms
   ✓ LegacyDb project sync > 손대지 않은 영문 아이템 껍데기만 고치고 필요한 스킬만 추가한다  1063ms
   ✓ LegacyDb project sync > treats LegacyDb current_json as canonical — does not backfill removed database records  849ms
   ✓ LegacyDb project sync > repairs legacy sprite references from LegacyDb rows before project use  760ms
   ✓ LegacyDb project sync > drops LegacyDb village info documents for maps that no longer exist  1209ms
   ✓ LegacyDb project sync > removes legacy sprite references from LegacyDb save payloads  301ms
   ✓ LegacyDb project sync > saves the project as a LegacyDb projects upsert payload  655ms
   ✓ LegacyDb project sync > keeps current_json as canonical when optional normalized tables are absent  437ms
   ✓ LegacyDb project sync > merges a changed map into the latest project without replacing other maps  1811ms
   ✓ LegacyDb project sync > does not stop a stale same-map save before it overwrites a newer DB map  2346ms
   ✓ LegacyDb project sync > does not false-conflict when the load path repairs a saved map (shop commands)  2033ms
   ✓ LegacyDb project sync > does not false-conflict when only the repair pipeline differs (dangling refs elsewhere)  2107ms
   ✓ LegacyDb project sync > does not false-conflict on jsonb key reordering (alphabetical vs insertion order)  1906ms
   ✓ LegacyDb project sync > preserves concurrent saves from separate editors touching different maps  8014ms
   ✓ LegacyDb project sync > preserves concurrent map tree additions from separate editors  7363ms
   ✓ LegacyDb project sync > does not undo a remote same-map reparent when saving only that map content  1566ms
   ✓ LegacyDb project sync > overlays map_json from maps table onto current_json on load  1336ms
 ✓ test/storePersistenceProof.test.ts (16 tests) 89303ms
   ✓ accepted revision persistence proof > verifies the accepted content through actual save/read transport and reuses its clean-flush receipt  17747ms
   ✓ accepted revision persistence proof > compares normalized values rather than JSONB object-key order  5191ms
   ✓ accepted revision persistence proof > binds the receipt to the accepted merged project, not the unmerged live store  12458ms
   ✓ accepted revision persistence proof > keeps open event drafts local and out of accepted content identity  20621ms
   ✓ accepted revision persistence proof > rejects a copied token without issuing a read  2806ms
   ✓ accepted revision persistence proof > does not verify a failed read  2054ms
   ✓ accepted revision persistence proof > does not verify a missing read  2576ms
   ✓ accepted revision persistence proof > does not verify a disabled read  2633ms
   ✓ accepted revision persistence proof > does not verify a cancelled read  2084ms
   ✓ accepted revision persistence proof > rejects wrong target even when current_sha256 is unchanged  2774ms
   ✓ accepted revision persistence proof > rejects wrong content even when current_sha256 is unchanged  3115ms
   ✓ accepted revision persistence proof > keeps a failed proof retryable for the same accepted revision  3830ms
   ✓ accepted revision persistence proof > preserves newer local edits during the read and does not attach old proof to them  2510ms
   ✓ accepted revision persistence proof > pins the original target across a configuration change during read  3547ms
   ✓ accepted revision persistence proof > does not verify when cancelled while the read is in flight  2433ms
   ✓ accepted revision persistence proof > does not verify when disabled while the read is in flight  2921ms

 Test Files  2 passed (2)
      Tests  45 passed (45)
   Start at  18:19:48
   Duration  91.79s (transform 21.98s, setup 0ms, collect 14.45s, tests 127.34s, environment 0ms, prepare 1.02s)

