
> rpg-zzu@0.1.0 test
> node scripts/run-vitest.mjs run --configLoader bundle test/storePersistenceProof.test.ts test/supabaseProjectSync.test.ts --maxWorkers 1


 RUN  v3.2.4 /home/main/z-project/rpg-zzu-ai-harness-p1-20260906

 ✓ test/storePersistenceProof.test.ts (18 tests) 132223ms
   ✓ accepted revision persistence proof > verifies the accepted content through actual save/read transport and reuses its clean-flush receipt  21404ms
   ✓ accepted revision persistence proof > compares normalized values rather than JSONB object-key order  2206ms
   ✓ accepted revision persistence proof > uses the ordinary normalized remote load and map-overlay contract  5032ms
   ✓ accepted revision persistence proof > does not verify a matching projects row when the ordinary map read fails  3377ms
   ✓ accepted revision persistence proof > binds the receipt to the accepted merged project, not the unmerged live store  10782ms
   ✓ accepted revision persistence proof > keeps open event drafts local and out of accepted content identity  27255ms
   ✓ accepted revision persistence proof > rejects a copied token without issuing a read  2195ms
   ✓ accepted revision persistence proof > does not verify a failed read  5510ms
   ✓ accepted revision persistence proof > does not verify a missing read  5334ms
   ✓ accepted revision persistence proof > does not verify a disabled read  2488ms
   ✓ accepted revision persistence proof > does not verify a cancelled read  5986ms
   ✓ accepted revision persistence proof > rejects wrong target even when current_sha256 is unchanged  5704ms
   ✓ accepted revision persistence proof > rejects wrong content even when current_sha256 is unchanged  3249ms
   ✓ accepted revision persistence proof > keeps a failed proof retryable for the same accepted revision  4853ms
   ✓ accepted revision persistence proof > preserves newer local edits during the read and does not attach old proof to them  3498ms
   ✓ accepted revision persistence proof > pins the original target across a configuration change during read  7852ms
   ✓ accepted revision persistence proof > does not verify when cancelled while the read is in flight  8850ms
   ✓ accepted revision persistence proof > does not verify when disabled while the read is in flight  6645ms
 ✓ test/supabaseProjectSync.test.ts (29 tests) 56991ms
   ✓ Supabase project sync > loads a Supabase current_json row through the project parser  1745ms
   ✓ Supabase project sync > uses the app canonical Supabase project id when the env id is omitted  1842ms
   ✓ Supabase project sync > 옛 전투 애니메이션 묶음의 실제 행을 복구해 아이템을 실행 가능한 상태로 불러온다  928ms
   ✓ Supabase project sync > 참조된 옛 장비 아이템 19종을 명시적 대응 장비의 한국어 안내 행으로 보존한다  1041ms
   ✓ Supabase project sync > 액션 탄약과 상점 상태에서만 참조한 옛 아이템 행을 보존한다  2324ms
   ✓ Supabase project sync > 손대지 않은 영문 아이템 껍데기만 고치고 필요한 스킬만 추가한다  1404ms
   ✓ Supabase project sync > treats Supabase current_json as canonical — does not backfill removed database records  1369ms
   ✓ Supabase project sync > repairs legacy sprite references from Supabase rows before project use  2061ms
   ✓ Supabase project sync > drops Supabase village info documents for maps that no longer exist  2116ms
   ✓ Supabase project sync > removes legacy sprite references from Supabase save payloads  1805ms
   ✓ Supabase project sync > saves the project as a Supabase projects upsert payload  910ms
   ✓ Supabase project sync > keeps current_json as canonical when optional normalized tables are absent  573ms
   ✓ Supabase project sync > merges a changed map into the latest project without replacing other maps  2656ms
   ✓ Supabase project sync > does not stop a stale same-map save before it overwrites a newer DB map  3344ms
   ✓ Supabase project sync > does not false-conflict when the load path repairs a saved map (shop commands)  2203ms
   ✓ Supabase project sync > does not false-conflict when only the repair pipeline differs (dangling refs elsewhere)  4447ms
   ✓ Supabase project sync > does not false-conflict on jsonb key reordering (alphabetical vs insertion order)  3236ms
   ✓ Supabase project sync > preserves concurrent saves from separate editors touching different maps  10702ms
   ✓ Supabase project sync > preserves concurrent map tree additions from separate editors  6646ms
   ✓ Supabase project sync > does not undo a remote same-map reparent when saving only that map content  4638ms
   ✓ Supabase project sync > overlays map_json from maps table onto current_json on load  975ms

 Test Files  2 passed (2)
      Tests  47 passed (47)
   Start at  18:33:25
   Duration  198.31s (transform 24.98s, setup 0ms, collect 5.79s, tests 189.21s, environment 1ms, prepare 595ms)

