
> rpg-zzu@0.1.0 test
> node scripts/run-vitest.mjs run --configLoader bundle test/storePersistenceProof.test.ts test/storePersistence.test.ts test/legacyDbProjectSync.test.ts --testTimeout 60000


 RUN  v3.2.4 /home/main/z-project/rpg-zzu-ai-harness-p1-20260906

 ❯ test/storePersistence.test.ts (11 tests | 6 failed) 30696ms
   × Project store remote persistence > does not write to LegacyDb before the canonical project has loaded 13535ms
     → expected "spy" to not be called at all, but actually been called 1 times[90m

Received: 

[1m  1st spy call:

[22m    Array [
      "/__oprn/edit-activity",
      Object {
        "body": "{"entries":[{"seq":0,"at":"2026-09-06T09:07:37.431Z","scope":"project","label":null,"origin":"human","generation":1,"reason":"사람이 편집"}]}",
        "headers": Object {
          "Content-Type": "application/json",
        },
        "method": "POST",
      },
    ]
[39m[90m

Number of calls: [1m1[22m
[39m
   × Project store remote persistence > does not auto-save local dev showcase projects to LegacyDb 785ms
     → Cannot read properties of undefined (reading 'ok')
   × Project store remote persistence > always creates a new fresh project instead of reloading local dev overrides 1656ms
     → Cannot read properties of undefined (reading 'ok')
   × Project store remote persistence > saves and reloads local edits for dev showcase projects without LegacyDb 1229ms
     → Cannot read properties of undefined (reading 'ok')
   × Project store remote persistence > reports why DB persistence is unavailable for local dev showcase projects 1320ms
     → {
  "message":"Invalid authentication credentials"
}
   ✓ Project store remote persistence > requires DB configuration before opening a project  772ms
   ✓ Project store remote persistence > marks the project loaded when reconnect recovers a blocked first boot  4480ms
   × Project store remote persistence > does not create a DB project when the selected project row is missing 586ms
     → expected "spy" to be called 1 times, but got 4 times
   ✓ Project store remote persistence > skips remote flush when there are no unsaved changes  583ms
   ✓ Project store remote persistence > keeps local map paint when remote save finishes with a stale snapshot  2294ms
   ✓ Project store remote persistence > does not apply stale map-patch response over newer local paint  3454ms
 ✓ test/legacyDbProjectSync.test.ts (29 tests) 40615ms
   ✓ LegacyDb project sync > loads a LegacyDb current_json row through the project parser  1692ms
   ✓ LegacyDb project sync > uses the app canonical LegacyDb project id when the env id is omitted  1013ms
   ✓ LegacyDb project sync > 옛 전투 애니메이션 묶음의 실제 행을 복구해 아이템을 실행 가능한 상태로 불러온다  1103ms
   ✓ LegacyDb project sync > 참조된 옛 장비 아이템 19종을 명시적 대응 장비의 한국어 안내 행으로 보존한다  783ms
   ✓ LegacyDb project sync > 액션 탄약과 상점 상태에서만 참조한 옛 아이템 행을 보존한다  560ms
   ✓ LegacyDb project sync > 손대지 않은 영문 아이템 껍데기만 고치고 필요한 스킬만 추가한다  807ms
   ✓ LegacyDb project sync > treats LegacyDb current_json as canonical — does not backfill removed database records  927ms
   ✓ LegacyDb project sync > repairs legacy sprite references from LegacyDb rows before project use  1227ms
   ✓ LegacyDb project sync > drops LegacyDb village info documents for maps that no longer exist  1023ms
   ✓ LegacyDb project sync > removes legacy sprite references from LegacyDb save payloads  555ms
   ✓ LegacyDb project sync > saves the project as a LegacyDb projects upsert payload  934ms
   ✓ LegacyDb project sync > keeps current_json as canonical when optional normalized tables are absent  688ms
   ✓ LegacyDb project sync > merges a changed map into the latest project without replacing other maps  2858ms
   ✓ LegacyDb project sync > does not stop a stale same-map save before it overwrites a newer DB map  1882ms
   ✓ LegacyDb project sync > does not false-conflict when the load path repairs a saved map (shop commands)  2916ms
   ✓ LegacyDb project sync > does not false-conflict when only the repair pipeline differs (dangling refs elsewhere)  2250ms
   ✓ LegacyDb project sync > does not false-conflict on jsonb key reordering (alphabetical vs insertion order)  3963ms
   ✓ LegacyDb project sync > preserves concurrent saves from separate editors touching different maps  6812ms
   ✓ LegacyDb project sync > preserves concurrent map tree additions from separate editors  4580ms
   ✓ LegacyDb project sync > does not undo a remote same-map reparent when saving only that map content  3258ms
   ✓ LegacyDb project sync > overlays map_json from maps table onto current_json on load  745ms
 ✓ test/storePersistenceProof.test.ts (16 tests) 84159ms
   ✓ accepted revision persistence proof > verifies the accepted content through actual save/read transport and reuses its clean-flush receipt  16828ms
   ✓ accepted revision persistence proof > compares normalized values rather than JSONB object-key order  4854ms
   ✓ accepted revision persistence proof > binds the receipt to the accepted merged project, not the unmerged live store  10761ms
   ✓ accepted revision persistence proof > keeps open event drafts local and out of accepted content identity  17826ms
   ✓ accepted revision persistence proof > rejects a copied token without issuing a read  1852ms
   ✓ accepted revision persistence proof > does not verify a failed read  2031ms
   ✓ accepted revision persistence proof > does not verify a missing read  1977ms
   ✓ accepted revision persistence proof > does not verify a disabled read  2033ms
   ✓ accepted revision persistence proof > does not verify a cancelled read  1841ms
   ✓ accepted revision persistence proof > rejects wrong target even when current_sha256 is unchanged  2687ms
   ✓ accepted revision persistence proof > rejects wrong content even when current_sha256 is unchanged  2912ms
   ✓ accepted revision persistence proof > keeps a failed proof retryable for the same accepted revision  4100ms
   ✓ accepted revision persistence proof > preserves newer local edits during the read and does not attach old proof to them  6025ms
   ✓ accepted revision persistence proof > pins the original target across a configuration change during read  3213ms
   ✓ accepted revision persistence proof > does not verify when cancelled while the read is in flight  2367ms
   ✓ accepted revision persistence proof > does not verify when disabled while the read is in flight  2846ms

⎯⎯⎯⎯⎯⎯⎯ Failed Tests 6 ⎯⎯⎯⎯⎯⎯⎯

 FAIL  test/storePersistence.test.ts > Project store remote persistence > does not write to LegacyDb before the canonical project has loaded
AssertionError: expected "spy" to not be called at all, but actually been called 1 times[90m

Received: 

[1m  1st spy call:

[22m    Array [
      "/__oprn/edit-activity",
      Object {
        "body": "{"entries":[{"seq":0,"at":"2026-09-06T09:07:37.431Z","scope":"project","label":null,"origin":"human","generation":1,"reason":"사람이 편집"}]}",
        "headers": Object {
          "Content-Type": "application/json",
        },
        "method": "POST",
      },
    ]
[39m[90m

Number of calls: [1m1[22m
[39m
 ❯ test/storePersistence.test.ts:35:26
     33| 
     34|     expect(saveResult).toEqual({ kind: "not-loaded" });
     35|     expect(fetchSpy).not.toHaveBeenCalled();
       |                          ^
     36|   });
     37| 

⎯⎯⎯⎯⎯⎯⎯⎯⎯⎯⎯⎯⎯⎯⎯⎯⎯⎯⎯⎯⎯⎯⎯⎯[1/6]⎯

 FAIL  test/storePersistence.test.ts > Project store remote persistence > does not auto-save local dev showcase projects to LegacyDb
TypeError: Cannot read properties of undefined (reading 'ok')
 ❯ loadProjectSnapshotFromLegacyDb src/project/legacyDbProjectSync.ts:232:17
    230|     signal: options.signal,
    231|   });
    232|   if (!response.ok) {
       |                 ^
    233|     throw new LegacyDbProjectSyncError(await response.text(), response…
    234|   }
 ❯ loadProjectFromLegacyDb src/project/legacyDbProjectSync.ts:153:20
 ❯ ProjectStore.load src/project/store.ts:274:27
 ❯ test/storePersistence.test.ts:55:5

⎯⎯⎯⎯⎯⎯⎯⎯⎯⎯⎯⎯⎯⎯⎯⎯⎯⎯⎯⎯⎯⎯⎯⎯[2/6]⎯

 FAIL  test/storePersistence.test.ts > Project store remote persistence > always creates a new fresh project instead of reloading local dev overrides
TypeError: Cannot read properties of undefined (reading 'ok')
 ❯ loadProjectSnapshotFromLegacyDb src/project/legacyDbProjectSync.ts:232:17
    230|     signal: options.signal,
    231|   });
    232|   if (!response.ok) {
       |                 ^
    233|     throw new LegacyDbProjectSyncError(await response.text(), response…
    234|   }
 ❯ loadProjectFromLegacyDb src/project/legacyDbProjectSync.ts:153:20
 ❯ ProjectStore.load src/project/store.ts:274:27
 ❯ test/storePersistence.test.ts:91:21

⎯⎯⎯⎯⎯⎯⎯⎯⎯⎯⎯⎯⎯⎯⎯⎯⎯⎯⎯⎯⎯⎯⎯⎯[3/6]⎯

 FAIL  test/storePersistence.test.ts > Project store remote persistence > saves and reloads local edits for dev showcase projects without LegacyDb
TypeError: Cannot read properties of undefined (reading 'ok')
 ❯ loadProjectSnapshotFromLegacyDb src/project/legacyDbProjectSync.ts:232:17
    230|     signal: options.signal,
    231|   });
    232|   if (!response.ok) {
       |                 ^
    233|     throw new LegacyDbProjectSyncError(await response.text(), response…
    234|   }
 ❯ loadProjectFromLegacyDb src/project/legacyDbProjectSync.ts:153:20
 ❯ ProjectStore.load src/project/store.ts:274:27
 ❯ test/storePersistence.test.ts:119:5

⎯⎯⎯⎯⎯⎯⎯⎯⎯⎯⎯⎯⎯⎯⎯⎯⎯⎯⎯⎯⎯⎯⎯⎯[4/6]⎯

 FAIL  test/storePersistence.test.ts > Project store remote persistence > reports why DB persistence is unavailable for local dev showcase projects
LegacyDbProjectSyncError: {
  "message":"Invalid authentication credentials"
}
 ❯ loadProjectSnapshotFromLegacyDb src/project/legacyDbProjectSync.ts:233:11
    231|   });
    232|   if (!response.ok) {
    233|     throw new LegacyDbProjectSyncError(await response.text(), response…
       |           ^
    234|   }
    235|   const rows = await parseProjectRows(response);
 ❯ loadProjectFromLegacyDb src/project/legacyDbProjectSync.ts:153:20
 ❯ ProjectStore.load src/project/store.ts:274:27
 ❯ test/storePersistence.test.ts:151:5

⎯⎯⎯⎯⎯⎯⎯⎯⎯⎯⎯⎯⎯⎯⎯⎯⎯⎯⎯⎯⎯⎯⎯⎯[5/6]⎯

 FAIL  test/storePersistence.test.ts > Project store remote persistence > does not create a DB project when the selected project row is missing
AssertionError: expected "spy" to be called 1 times, but got 4 times
 ❯ test/storePersistence.test.ts:230:22
    228| 
    229|     await expect(store.load()).rejects.toMatchObject({ name: "DbConnec…
    230|     expect(fetchSpy).toHaveBeenCalledTimes(1);
       |                      ^
    231|     expect(fetchSpy.mock.calls[0]?.[1]?.method ?? "GET").toBe("GET");
    232|   });

⎯⎯⎯⎯⎯⎯⎯⎯⎯⎯⎯⎯⎯⎯⎯⎯⎯⎯⎯⎯⎯⎯⎯⎯[6/6]⎯


 Test Files  1 failed | 2 passed (3)
      Tests  6 failed | 50 passed (56)
   Start at  18:07:35
   Duration  86.36s (transform 17.36s, setup 0ms, collect 11.62s, tests 155.47s, environment 1ms, prepare 1.57s)

