
> rpg-zzu@0.1.0 test
> node scripts/run-vitest.mjs run --configLoader bundle test/storePersistenceProof.test.ts test/storePersistence.test.ts test/supabaseProjectSync.test.ts


 RUN  v3.2.4 /home/main/z-project/rpg-zzu-ai-harness-p1-20260906

 ✓ test/supabaseProjectSync.test.ts (29 tests) 40938ms
   ✓ Supabase project sync > loads a Supabase current_json row through the project parser  1733ms
   ✓ Supabase project sync > uses the app canonical Supabase project id when the env id is omitted  1072ms
   ✓ Supabase project sync > 옛 전투 애니메이션 묶음의 실제 행을 복구해 아이템을 실행 가능한 상태로 불러온다  785ms
   ✓ Supabase project sync > 참조된 옛 장비 아이템 19종을 명시적 대응 장비의 한국어 안내 행으로 보존한다  1680ms
   ✓ Supabase project sync > 액션 탄약과 상점 상태에서만 참조한 옛 아이템 행을 보존한다  900ms
   ✓ Supabase project sync > 손대지 않은 영문 아이템 껍데기만 고치고 필요한 스킬만 추가한다  1743ms
   ✓ Supabase project sync > treats Supabase current_json as canonical — does not backfill removed database records  1810ms
   ✓ Supabase project sync > repairs legacy sprite references from Supabase rows before project use  1841ms
   ✓ Supabase project sync > drops Supabase village info documents for maps that no longer exist  966ms
   ✓ Supabase project sync > removes legacy sprite references from Supabase save payloads  491ms
   ✓ Supabase project sync > saves the project as a Supabase projects upsert payload  336ms
   ✓ Supabase project sync > keeps current_json as canonical when optional normalized tables are absent  390ms
   ✓ Supabase project sync > merges a changed map into the latest project without replacing other maps  2223ms
   ✓ Supabase project sync > does not stop a stale same-map save before it overwrites a newer DB map  3138ms
   ✓ Supabase project sync > does not false-conflict when the load path repairs a saved map (shop commands)  1847ms
   ✓ Supabase project sync > does not false-conflict when only the repair pipeline differs (dangling refs elsewhere)  1862ms
   ✓ Supabase project sync > does not false-conflict on jsonb key reordering (alphabetical vs insertion order)  2312ms
   ✓ Supabase project sync > preserves concurrent saves from separate editors touching different maps  5726ms
   ✓ Supabase project sync > preserves concurrent map tree additions from separate editors  5837ms
   ✓ Supabase project sync > does not undo a remote same-map reparent when saving only that map content  3314ms
   ✓ Supabase project sync > overlays map_json from maps table onto current_json on load  898ms
 ❯ test/storePersistence.test.ts (11 tests | 8 failed) 61210ms
   × Project store remote persistence > does not write to Supabase before the canonical project has loaded 15085ms
     → Test timed out in 15000ms.
If this is a long-running test, pass a timeout value as the last argument or configure it globally with "testTimeout".
   × Project store remote persistence > does not auto-save local dev showcase projects to Supabase 5372ms
     → Cannot read properties of undefined (reading 'ok')
   × Project store remote persistence > always creates a new fresh project instead of reloading local dev overrides 1392ms
     → Cannot read properties of undefined (reading 'ok')
   × Project store remote persistence > saves and reloads local edits for dev showcase projects without Supabase 502ms
     → Cannot read properties of undefined (reading 'ok')
   × Project store remote persistence > reports why DB persistence is unavailable for local dev showcase projects 867ms
     → {
  "message":"Invalid authentication credentials"
}
   ✓ Project store remote persistence > requires DB configuration before opening a project  1468ms
   ✓ Project store remote persistence > marks the project loaded when reconnect recovers a blocked first boot  4269ms
   × Project store remote persistence > does not create a DB project when the selected project row is missing 760ms
     → expected "spy" to be called 1 times, but got 4 times
   ✓ Project store remote persistence > skips remote flush when there are no unsaved changes  1478ms
   × Project store remote persistence > keeps local map paint when remote save finishes with a stale snapshot 15006ms
     → Test timed out in 15000ms.
If this is a long-running test, pass a timeout value as the last argument or configure it globally with "testTimeout".
   × Project store remote persistence > does not apply stale map-patch response over newer local paint 15009ms
     → Test timed out in 15000ms.
If this is a long-running test, pass a timeout value as the last argument or configure it globally with "testTimeout".
 ❯ test/storePersistenceProof.test.ts (12 tests | 1 failed) 66488ms
   × accepted revision persistence proof > verifies the accepted content through actual save/read transport and reuses its clean-flush receipt 23495ms
     → expected 'POST' to be 'GET' // Object.is equality
   ✓ accepted revision persistence proof > does not verify a failed read  3827ms
   ✓ accepted revision persistence proof > does not verify a missing read  3280ms
   ✓ accepted revision persistence proof > does not verify a disabled read  6102ms
   ✓ accepted revision persistence proof > does not verify a cancelled read  2877ms
   ✓ accepted revision persistence proof > rejects wrong target even when current_sha256 is unchanged  4459ms
   ✓ accepted revision persistence proof > rejects wrong content even when current_sha256 is unchanged  3635ms
   ✓ accepted revision persistence proof > keeps a failed proof retryable for the same accepted revision  4426ms
   ✓ accepted revision persistence proof > preserves newer local edits during the read and does not attach old proof to them  3862ms
   ✓ accepted revision persistence proof > pins the original target across a configuration change during read  3904ms
   ✓ accepted revision persistence proof > does not verify when cancelled while the read is in flight  3014ms
   ✓ accepted revision persistence proof > does not verify when disabled while the read is in flight  3571ms

⎯⎯⎯⎯⎯⎯⎯ Failed Tests 9 ⎯⎯⎯⎯⎯⎯⎯

 FAIL  test/storePersistence.test.ts > Project store remote persistence > does not write to Supabase before the canonical project has loaded
Error: Test timed out in 15000ms.
If this is a long-running test, pass a timeout value as the last argument or configure it globally with "testTimeout".
 ❯ test/storePersistence.test.ts:11:3
      9|   });
     10| 
     11|   it("does not write to Supabase before the canonical project has load…
       |   ^
     12|     vi.useFakeTimers();
     13|     vi.stubEnv("VITE_SUPABASE_ANON_KEY", "test-anon-key");

⎯⎯⎯⎯⎯⎯⎯⎯⎯⎯⎯⎯⎯⎯⎯⎯⎯⎯⎯⎯⎯⎯⎯⎯[1/9]⎯

 FAIL  test/storePersistence.test.ts > Project store remote persistence > does not auto-save local dev showcase projects to Supabase
TypeError: Cannot read properties of undefined (reading 'ok')
 ❯ loadProjectSnapshotFromSupabase src/project/supabaseProjectSync.ts:232:17
    230|     signal: options.signal,
    231|   });
    232|   if (!response.ok) {
       |                 ^
    233|     throw new SupabaseProjectSyncError(await response.text(), response…
    234|   }
 ❯ loadProjectFromSupabase src/project/supabaseProjectSync.ts:153:20
 ❯ ProjectStore.load src/project/store.ts:274:27
 ❯ test/storePersistence.test.ts:55:5

⎯⎯⎯⎯⎯⎯⎯⎯⎯⎯⎯⎯⎯⎯⎯⎯⎯⎯⎯⎯⎯⎯⎯⎯[2/9]⎯

 FAIL  test/storePersistence.test.ts > Project store remote persistence > always creates a new fresh project instead of reloading local dev overrides
TypeError: Cannot read properties of undefined (reading 'ok')
 ❯ loadProjectSnapshotFromSupabase src/project/supabaseProjectSync.ts:232:17
    230|     signal: options.signal,
    231|   });
    232|   if (!response.ok) {
       |                 ^
    233|     throw new SupabaseProjectSyncError(await response.text(), response…
    234|   }
 ❯ loadProjectFromSupabase src/project/supabaseProjectSync.ts:153:20
 ❯ ProjectStore.load src/project/store.ts:274:27
 ❯ test/storePersistence.test.ts:91:21

⎯⎯⎯⎯⎯⎯⎯⎯⎯⎯⎯⎯⎯⎯⎯⎯⎯⎯⎯⎯⎯⎯⎯⎯[3/9]⎯

 FAIL  test/storePersistence.test.ts > Project store remote persistence > saves and reloads local edits for dev showcase projects without Supabase
TypeError: Cannot read properties of undefined (reading 'ok')
 ❯ loadProjectSnapshotFromSupabase src/project/supabaseProjectSync.ts:232:17
    230|     signal: options.signal,
    231|   });
    232|   if (!response.ok) {
       |                 ^
    233|     throw new SupabaseProjectSyncError(await response.text(), response…
    234|   }
 ❯ loadProjectFromSupabase src/project/supabaseProjectSync.ts:153:20
 ❯ ProjectStore.load src/project/store.ts:274:27
 ❯ test/storePersistence.test.ts:119:5

⎯⎯⎯⎯⎯⎯⎯⎯⎯⎯⎯⎯⎯⎯⎯⎯⎯⎯⎯⎯⎯⎯⎯⎯[4/9]⎯

 FAIL  test/storePersistence.test.ts > Project store remote persistence > reports why DB persistence is unavailable for local dev showcase projects
SupabaseProjectSyncError: {
  "message":"Invalid authentication credentials"
}
 ❯ loadProjectSnapshotFromSupabase src/project/supabaseProjectSync.ts:233:11
    231|   });
    232|   if (!response.ok) {
    233|     throw new SupabaseProjectSyncError(await response.text(), response…
       |           ^
    234|   }
    235|   const rows = await parseProjectRows(response);
 ❯ loadProjectFromSupabase src/project/supabaseProjectSync.ts:153:20
 ❯ ProjectStore.load src/project/store.ts:274:27
 ❯ test/storePersistence.test.ts:151:5

⎯⎯⎯⎯⎯⎯⎯⎯⎯⎯⎯⎯⎯⎯⎯⎯⎯⎯⎯⎯⎯⎯⎯⎯[5/9]⎯

 FAIL  test/storePersistence.test.ts > Project store remote persistence > does not create a DB project when the selected project row is missing
AssertionError: expected "spy" to be called 1 times, but got 4 times
 ❯ test/storePersistence.test.ts:230:22
    228| 
    229|     await expect(store.load()).rejects.toMatchObject({ name: "DbConnec…
    230|     expect(fetchSpy).toHaveBeenCalledTimes(1);
       |                      ^
    231|     expect(fetchSpy.mock.calls[0]?.[1]?.method ?? "GET").toBe("GET");
    232|   });

⎯⎯⎯⎯⎯⎯⎯⎯⎯⎯⎯⎯⎯⎯⎯⎯⎯⎯⎯⎯⎯⎯⎯⎯[6/9]⎯

 FAIL  test/storePersistence.test.ts > Project store remote persistence > keeps local map paint when remote save finishes with a stale snapshot
Error: Test timed out in 15000ms.
If this is a long-running test, pass a timeout value as the last argument or configure it globally with "testTimeout".
 ❯ test/storePersistence.test.ts:258:3
    256|   });
    257| 
    258|   it("keeps local map paint when remote save finishes with a stale sna…
       |   ^
    259|     vi.useFakeTimers();
    260|     vi.stubEnv("VITE_SUPABASE_ANON_KEY", "test-anon-key");

⎯⎯⎯⎯⎯⎯⎯⎯⎯⎯⎯⎯⎯⎯⎯⎯⎯⎯⎯⎯⎯⎯⎯⎯[7/9]⎯

 FAIL  test/storePersistence.test.ts > Project store remote persistence > does not apply stale map-patch response over newer local paint
Error: Test timed out in 15000ms.
If this is a long-running test, pass a timeout value as the last argument or configure it globally with "testTimeout".
 ❯ test/storePersistence.test.ts:327:3
    325|   });
    326| 
    327|   it("does not apply stale map-patch response over newer local paint",…
       |   ^
    328|     vi.useFakeTimers();
    329|     vi.stubEnv("VITE_SUPABASE_ANON_KEY", "test-anon-key");

⎯⎯⎯⎯⎯⎯⎯⎯⎯⎯⎯⎯⎯⎯⎯⎯⎯⎯⎯⎯⎯⎯⎯⎯[8/9]⎯

 FAIL  test/storePersistenceProof.test.ts > accepted revision persistence proof > verifies the accepted content through actual save/read transport and reuses its clean-flush receipt
AssertionError: expected 'POST' to be 'GET' // Object.is equality

Expected: [32m"[7mGE[27mT"[39m
Received: [31m"[7mPOS[27mT"[39m

 ❯ test/storePersistenceProof.test.ts:86:38
     84|       expect(await f.store.flush()).toMatchObject({ kind: "saved", rec…
     85|       expect(f.calls.filter((call) => call.method === "GET" && call.ur…
     86|       expect(f.calls.at(-1)?.method).toBe("GET");
       |                                      ^
     87|     } finally { unsubscribe(); }
     88|   }, 60_000);

⎯⎯⎯⎯⎯⎯⎯⎯⎯⎯⎯⎯⎯⎯⎯⎯⎯⎯⎯⎯⎯⎯⎯⎯[9/9]⎯


 Test Files  2 failed | 1 passed (3)
      Tests  9 failed | 43 passed (52)
   Start at  18:01:35
   Duration  68.49s (transform 17.75s, setup 0ms, collect 18.11s, tests 168.64s, environment 1ms, prepare 1.93s)

