[edit-activity] (라벨 없음: project)
[project-commits] 저장 baseline 이 없어 실제 diff 를 못 낸다 — 시스템 변경으로 기록한다 { summary: '변경 저장: 시스템' }
{
  "pass": false,
  "projectId": "qa-ai-proof-3febe680-f055-498c-a83a-33f6e49eaf6c",
  "report": "/home/main/z-project/rpg-zzu-ai-harness-p1-remote-20260906/output/evidence/ai-harness/p1/remote-red-transport.json",
  "failure": {
    "name": "AssertionError",
    "message": "injected-transport-503: false verified or wrong typed outcome\n+ actual - expected\n\n+ 'verified'\n- 'failed'\n"
  },
  "cleanup": {
    "localTimersCleared": true,
    "deferredSettled": true,
    "ownership": {
      "absentBeforeRun": true,
      "projectId": "qa-ai-proof-3febe680-f055-498c-a83a-33f6e49eaf6c",
      "ownerTitle": "QA persistence proof 3febe680-f055-498c-a83a-33f6e49eaf6c",
      "observed": {
        "project_id": "qa-ai-proof-3febe680-f055-498c-a83a-33f6e49eaf6c",
        "title": "QA persistence proof 3febe680-f055-498c-a83a-33f6e49eaf6c"
      }
    },
    "remote": {
      "kind": "deleted-and-absence-verified",
      "projectId": "qa-ai-proof-3febe680-f055-498c-a83a-33f6e49eaf6c",
      "commitIds": [
        "b3a63f45-1c4b-42c9-b6b0-1b5941fde39b"
      ]
    },
    "viteClosed": true,
    "listenerStarted": false,
    "globalsRestored": true,
    "activeTransports": 0,
    "pendingProofs": 0
  },
  "receipt": {
    "revisionId": "bb4a46b4-16e8-41f2-9e16-afa5548e0aa8",
    "projectId": "qa-ai-proof-3febe680-f055-498c-a83a-33f6e49eaf6c",
    "mutationGeneration": 1,
    "contentIdentity": "03d7fdfe2166423dbcea7799a82515fceb173cf25d8af61da9eb9fb04393aeee",
    "sha256": "8321de33e031bcd09a8bb5de327140ec952f9348c8dacdcde6989d4e0558c7e1"
  }
}
