{"step":"server","url":"http://127.0.0.1:45065","port":45065,"scratch":"/dev/shm/st_01a07c36/native-rug"}
{"step":"rug-fixture","sha256":"265f600a710025ee451361b70746b50ca2bf9165e6815d4ce0aa582e7eca520b","bytes":2077140,"path":"/home/main/z-project/rpg-zzu-life-full-p4/.omo/evidence/life-full-20260906/12/ui/fixtures-r5/rug.reloaded.json"}
{"step":"goto","url":"http://127.0.0.1:45065/player.html","profileName":"profile-rug","saveNamespace":"task12-ui-verify-r6-rug"}
{"step":"owned-initial-keys-empty","ns":"task12-ui-verify-r6-rug","profileName":"profile-rug","keys":[]}
{"step":"rug-runtime","player":{"x":8,"y":8},"gold":500,"inventory":{"item_hoe":1,"item_potion":8},"buildings":{"r5-retained-shed":{"instanceId":"r5-retained-shed","typeId":"shed","mapId":"map_blank_start","x":12,"y":6,"orientation":"down","level":1}}}
{"step":"not-moving","label":"rug-boot","sprite":{"textureKey":"tex_easyrpg_charset_actor1","frame":25,"resourceId":"easyrpg-charset-actor1","kind":"charset","moving":false,"x":136,"y":144},"player":{"x":8,"y":8},"running":false}
{"step":"open-spaces-start","debug":"{\"selectedCommand\":\"items\",\"mode\":\"main\"}","selected":["status-menu-command-items","status-menu-item-item_potion"],"tabs":[],"group":[],"spaces":[]}
{"step":"menu-step","key":"ArrowDown","from":"life-ledger-tab-shipping","to":"life-ledger-tab-bundles","want":"life-ledger-tab-spaces"}
{"step":"menu-step","key":"ArrowDown","from":"life-ledger-tab-bundles","to":"life-ledger-tab-skills","want":"life-ledger-tab-spaces"}
{"step":"menu-step","key":"ArrowDown","from":"life-ledger-tab-skills","to":"life-ledger-tab-makers","want":"life-ledger-tab-spaces"}
{"step":"menu-step","key":"ArrowDown","from":"life-ledger-tab-makers","to":"life-ledger-tab-animals","want":"life-ledger-tab-spaces"}
{"step":"menu-step","key":"ArrowDown","from":"life-ledger-tab-animals","to":"life-ledger-tab-spaces","want":"life-ledger-tab-spaces"}
{"step":"not-moving","label":"before-place","sprite":{"textureKey":"tex_easyrpg_charset_actor1","frame":25,"resourceId":"easyrpg-charset-actor1","kind":"charset","moving":false,"x":136,"y":144},"player":{"x":8,"y":8},"running":false}
{"step":"menu-step","key":"ArrowDown","from":"life-ledger-space-building-place-shed","to":"life-ledger-space-building-move-r5-retained-shed","want":"life-ledger-space-decoration-place-rug"}
{"step":"menu-step","key":"ArrowDown","from":"life-ledger-space-building-move-r5-retained-shed","to":"life-ledger-space-building-remove-r5-retained-shed","want":"life-ledger-space-decoration-place-rug"}
{"step":"menu-step","key":"ArrowDown","from":"life-ledger-space-building-remove-r5-retained-shed","to":"life-ledger-space-decoration-place-rug","want":"life-ledger-space-decoration-place-rug"}
{"step":"place-label","rugLabel":"Rug 배치map_blank_start (7, 9)","selected":"life-ledger-space-decoration-place-rug","spaces":[{"testid":"life-ledger-space-building-place-shed","text":"Shed 배치map_blank_start (7, 9)","aria":"Shed 배치"},{"testid":"life-ledger-space-building-r5-retained-shed","text":"ShedLv.1 · 수용량 4빈 맵 (12, 6) · 아래","aria":null},{"testid":"life-ledger-space-building-move-r5-retained-shed","text":"Shed 이동map_blank_start (7, 9)","aria":"Shed 이동"},{"testid":"life-ledger-space-building-remove-r5-retained-shed","text":"Shed 철거배치에서 제거","aria":"Shed 철거"},{"testid":"life-ledger-space-decoration-place-rug","text":"Rug 배치map_blank_start (7, 9)","aria":"Rug 배치"}]}
{"step":"place","placedMsg":{"text":"Rug을(를) 배치했습니다"},"gold":500,"inventory":{"item_hoe":1,"item_potion":7},"player":{"x":8,"y":8},"instanceId":"ledger:decoration:rug:1","ownerAfterPlace":{"text":"Rug아래 · 2×1빈 맵 (7, 9) ","x":7,"y":9,"orientation":"down"},"buildings":{"r5-retained-shed":{"instanceId":"r5-retained-shed","typeId":"shed","mapId":"map_blank_start","x":12,"y":6,"orientation":"down","level":1}}}
{"step":"menu-close-step","kind":"mode","from":"{\"selectedCommand\":\"life-ledger\",\"mode\":\"function\"}","to":"{\"selectedCommand\":\"record-menu\",\"mode\":\"function\"}"}
{"step":"menu-close-step","kind":"mode","from":"{\"selectedCommand\":\"record-menu\",\"mode\":\"function\"}","to":"{\"selectedCommand\":\"record-menu\",\"mode\":\"main\"}"}
{"step":"menu-close-step","kind":"absent"}
{"step":"not-moving","label":"before-down-onto","sprite":{"textureKey":"tex_easyrpg_charset_actor1","frame":25,"resourceId":"easyrpg-charset-actor1","kind":"charset","moving":false,"x":136,"y":144},"player":{"x":8,"y":8},"running":false}
{"step":"down-onto","from":{"x":8,"y":8},"to":{"x":8,"y":9},"gold":500,"inventory":{"item_hoe":1,"item_potion":7},"buildings":{"r5-retained-shed":{"instanceId":"r5-retained-shed","typeId":"shed","mapId":"map_blank_start","x":12,"y":6,"orientation":"down","level":1}}}
{"step":"not-moving","label":"after-down-onto","sprite":{"textureKey":"tex_easyrpg_charset_actor1","frame":25,"resourceId":"easyrpg-charset-actor1","kind":"charset","moving":false,"x":136,"y":160},"player":{"x":8,"y":9},"running":false}
{"step":"passage-down-onto","foot":{"x":8,"y":9},"passage":{"left":7,"right":9,"top":9,"bottom":9,"bodyTop":7},"intersection":[{"x":7,"y":9},{"x":8,"y":9}],"rugCells":[{"x":7,"y":9},{"x":8,"y":9}]}
{"step":"system-group","debug":"{\"selectedCommand\":\"system-menu\",\"mode\":\"function\"}","selected":["status-menu-command-system-menu","status-menu-group-command-save"],"tabs":[],"group":["status-menu-group-command-save","status-menu-group-command-load","status-menu-group-command-wait","status-menu-group-command-to-title"],"spaces":[]}
{"step":"save-menu-open","selected":"save-slot-1","debug":"{\"selectedCommand\":\"save\",\"mode\":\"function\"}"}
{"step":"save-before-storage","ns":"task12-ui-verify-r6-rug","slot":1,"filename":"raw-slot-standing-on-rug.json","key":"task12-ui-verify-r6-rug:save-slot:v5:1","absent":true,"beforeBytes":0}
{"step":"save-storage-changed","ns":"task12-ui-verify-r6-rug","slot":1,"filename":"raw-slot-standing-on-rug.json","key":"task12-ui-verify-r6-rug:save-slot:v5:1","storageResult":{"beforeBytes":0,"afterBytes":3740,"changed":true}}
{"step":"save-slot","ns":"task12-ui-verify-r6-rug","slot":1,"filename":"raw-slot-standing-on-rug.json","saveMsg":{"text":"1번 저장 칸에 저장했습니다"},"key":"task12-ui-verify-r6-rug:save-slot:v5:1","bytes":3740,"beforeBytes":0,"storageResult":{"beforeBytes":0,"afterBytes":3740,"changed":true},"owners":{"buildings":{"r5-retained-shed":{"instanceId":"r5-retained-shed","typeId":"shed","mapId":"map_blank_start","x":12,"y":6,"orientation":"down","level":1}},"decorations":{"ledger:decoration:rug:1":{"instanceId":"ledger:decoration:rug:1","typeId":"rug","mapId":"map_blank_start","x":7,"y":9,"orientation":"down","recoveryItem":{"itemId":"item_potion","count":1}}},"x":8,"y":9,"gold":500,"inventory":{"item_hoe":1,"item_potion":7},"recoveryItems":{"ledger:decoration:rug:1":{"itemId":"item_potion","count":1}}}}
{"step":"menu-close-step","kind":"mode","from":"{\"selectedCommand\":\"save\",\"mode\":\"function\"}","to":"{\"selectedCommand\":\"system-menu\",\"mode\":\"function\"}"}
{"step":"menu-close-step","kind":"mode","from":"{\"selectedCommand\":\"system-menu\",\"mode\":\"function\"}","to":"{\"selectedCommand\":\"system-menu\",\"mode\":\"main\"}"}
{"step":"menu-close-step","kind":"absent"}
{"step":"not-moving","label":"before-down-off","sprite":{"textureKey":"tex_easyrpg_charset_actor1","frame":25,"resourceId":"easyrpg-charset-actor1","kind":"charset","moving":false,"x":136,"y":160},"player":{"x":8,"y":9},"running":false}
{"step":"down-off","from":{"x":8,"y":9},"to":{"x":8,"y":10},"gold":500,"inventory":{"item_hoe":1,"item_potion":7},"buildings":{"r5-retained-shed":{"instanceId":"r5-retained-shed","typeId":"shed","mapId":"map_blank_start","x":12,"y":6,"orientation":"down","level":1}}}
{"step":"not-moving","label":"after-down-off","sprite":{"textureKey":"tex_easyrpg_charset_actor1","frame":25,"resourceId":"easyrpg-charset-actor1","kind":"charset","moving":false,"x":136,"y":176},"player":{"x":8,"y":10},"running":false}
{"step":"open-spaces-start","debug":"{\"selectedCommand\":\"system-menu\",\"mode\":\"main\"}","selected":["status-menu-command-system-menu","status-menu-group-command-save"],"tabs":[],"group":["status-menu-group-command-save","status-menu-group-command-load","status-menu-group-command-wait","status-menu-group-command-to-title"],"spaces":[]}
{"step":"menu-step","key":"ArrowDown","from":"life-ledger-space-decoration-place-rug","to":"life-ledger-space-decoration-move-ledger:decoration:rug:1","want":"life-ledger-tab-spaces"}
{"step":"menu-step","key":"ArrowDown","from":"life-ledger-space-decoration-move-ledger:decoration:rug:1","to":"life-ledger-space-decoration-remove-ledger:decoration:rug:1","want":"life-ledger-tab-spaces"}
{"step":"menu-step","key":"ArrowDown","from":"life-ledger-space-decoration-remove-ledger:decoration:rug:1","to":"life-ledger-space-decoration-rotate-ledger:decoration:rug:1","want":"life-ledger-tab-spaces"}
{"step":"menu-step","key":"ArrowDown","from":"life-ledger-space-decoration-rotate-ledger:decoration:rug:1","to":"life-ledger-tab-shipping","want":"life-ledger-tab-spaces"}
{"step":"menu-step","key":"ArrowDown","from":"life-ledger-tab-shipping","to":"life-ledger-tab-bundles","want":"life-ledger-tab-spaces"}
{"step":"menu-step","key":"ArrowDown","from":"life-ledger-tab-bundles","to":"life-ledger-tab-skills","want":"life-ledger-tab-spaces"}
{"step":"menu-step","key":"ArrowDown","from":"life-ledger-tab-skills","to":"life-ledger-tab-makers","want":"life-ledger-tab-spaces"}
{"step":"menu-step","key":"ArrowDown","from":"life-ledger-tab-makers","to":"life-ledger-tab-animals","want":"life-ledger-tab-spaces"}
{"step":"menu-step","key":"ArrowDown","from":"life-ledger-tab-animals","to":"life-ledger-tab-spaces","want":"life-ledger-tab-spaces"}
{"step":"not-moving","label":"before-move","sprite":{"textureKey":"tex_easyrpg_charset_actor1","frame":25,"resourceId":"easyrpg-charset-actor1","kind":"charset","moving":false,"x":136,"y":176},"player":{"x":8,"y":10},"running":false}
{"step":"menu-step","key":"ArrowDown","from":"life-ledger-space-building-place-shed","to":"life-ledger-space-building-move-r5-retained-shed","want":"life-ledger-space-decoration-move-ledger:decoration:rug:1"}
{"step":"menu-step","key":"ArrowDown","from":"life-ledger-space-building-move-r5-retained-shed","to":"life-ledger-space-building-remove-r5-retained-shed","want":"life-ledger-space-decoration-move-ledger:decoration:rug:1"}
{"step":"menu-step","key":"ArrowDown","from":"life-ledger-space-building-remove-r5-retained-shed","to":"life-ledger-space-decoration-place-rug","want":"life-ledger-space-decoration-move-ledger:decoration:rug:1"}
{"step":"menu-step","key":"ArrowDown","from":"life-ledger-space-decoration-place-rug","to":"life-ledger-space-decoration-move-ledger:decoration:rug:1","want":"life-ledger-space-decoration-move-ledger:decoration:rug:1"}
{"step":"move-label","moveLabel":"Rug 이동map_blank_start (7, 11)","selected":"life-ledger-space-decoration-move-ledger:decoration:rug:1"}
{"step":"move","moveMsg":{"text":"Rug을(를) 이동했습니다"},"gold":500,"inventory":{"item_hoe":1,"item_potion":7},"player":{"x":8,"y":10},"ownerAfterMove":{"text":"Rug아래 · 2×1빈 맵 (7, 11) ","x":7,"y":11,"orientation":"down"},"buildings":{"r5-retained-shed":{"instanceId":"r5-retained-shed","typeId":"shed","mapId":"map_blank_start","x":12,"y":6,"orientation":"down","level":1}}}
{"step":"divergence-before-load","liveDivergent":{"foot":{"x":8,"y":10},"rug":{"x":7,"y":11,"orientation":"down"},"gold":500,"potions":7},"slot1Summary":{"foot":{"x":8,"y":9},"rug":{"x":7,"y":9,"orientation":"down"},"gold":500,"potions":7}}
{"step":"menu-close-step","kind":"mode","from":"{\"selectedCommand\":\"life-ledger\",\"mode\":\"function\"}","to":"{\"selectedCommand\":\"record-menu\",\"mode\":\"function\"}"}
{"step":"menu-close-step","kind":"mode","from":"{\"selectedCommand\":\"record-menu\",\"mode\":\"function\"}","to":"{\"selectedCommand\":\"record-menu\",\"mode\":\"main\"}"}
{"step":"menu-close-step","kind":"absent"}
{"step":"system-group","debug":"{\"selectedCommand\":\"system-menu\",\"mode\":\"function\"}","selected":["status-menu-command-system-menu","status-menu-group-command-save"],"tabs":[],"group":["status-menu-group-command-save","status-menu-group-command-load","status-menu-group-command-wait","status-menu-group-command-to-title"],"spaces":[]}
{"step":"load-menu-open","selected":"load-slot-1","debug":"{\"selectedCommand\":\"load\",\"mode\":\"function\"}"}
{"step":"load-restore-signal","from":{"x":8,"y":10},"to":{"x":8,"y":9},"gold":500,"inventory":{"item_hoe":1,"item_potion":7},"buildings":{"r5-retained-shed":{"instanceId":"r5-retained-shed","typeId":"shed","mapId":"map_blank_start","x":12,"y":6,"orientation":"down","level":1}}}
{"step":"load-slot","loadMsg":{"text":""}}
{"step":"live-after-load","player":{"x":8,"y":9},"gold":500,"inventory":{"item_hoe":1,"item_potion":7},"buildings":{"r5-retained-shed":{"instanceId":"r5-retained-shed","typeId":"shed","mapId":"map_blank_start","x":12,"y":6,"orientation":"down","level":1}}}
{"step":"open-spaces-start","debug":"{\"selectedCommand\":\"system-menu\",\"mode\":\"main\"}","selected":["status-menu-command-system-menu","status-menu-group-command-load"],"tabs":[],"group":["status-menu-group-command-save","status-menu-group-command-load","status-menu-group-command-wait","status-menu-group-command-to-title"],"spaces":[]}
{"step":"menu-step","key":"ArrowDown","from":"life-ledger-space-decoration-move-ledger:decoration:rug:1","to":"life-ledger-space-decoration-remove-ledger:decoration:rug:1","want":"life-ledger-tab-spaces"}
{"step":"menu-step","key":"ArrowDown","from":"life-ledger-space-decoration-remove-ledger:decoration:rug:1","to":"life-ledger-space-decoration-rotate-ledger:decoration:rug:1","want":"life-ledger-tab-spaces"}
{"step":"menu-step","key":"ArrowDown","from":"life-ledger-space-decoration-rotate-ledger:decoration:rug:1","to":"life-ledger-tab-shipping","want":"life-ledger-tab-spaces"}
{"step":"menu-step","key":"ArrowDown","from":"life-ledger-tab-shipping","to":"life-ledger-tab-bundles","want":"life-ledger-tab-spaces"}
{"step":"menu-step","key":"ArrowDown","from":"life-ledger-tab-bundles","to":"life-ledger-tab-skills","want":"life-ledger-tab-spaces"}
{"step":"menu-step","key":"ArrowDown","from":"life-ledger-tab-skills","to":"life-ledger-tab-makers","want":"life-ledger-tab-spaces"}
{"step":"menu-step","key":"ArrowDown","from":"life-ledger-tab-makers","to":"life-ledger-tab-animals","want":"life-ledger-tab-spaces"}
{"step":"menu-step","key":"ArrowDown","from":"life-ledger-tab-animals","to":"life-ledger-tab-spaces","want":"life-ledger-tab-spaces"}
{"step":"live-rug-after-load","ownerAfterLoad":{"text":"Rug아래 · 2×1빈 맵 (7, 9) ","x":7,"y":9,"orientation":"down"},"spacesAfterLoad":[{"testid":"life-ledger-space-building-place-shed","text":"Shed 배치map_blank_start (7, 10)","aria":"Shed 배치"},{"testid":"life-ledger-space-building-r5-retained-shed","text":"ShedLv.1 · 수용량 4빈 맵 (12, 6) · 아래","aria":null},{"testid":"life-ledger-space-building-move-r5-retained-shed","text":"Shed 이동map_blank_start (7, 10)","aria":"Shed 이동"},{"testid":"life-ledger-space-building-remove-r5-retained-shed","text":"Shed 철거배치에서 제거","aria":"Shed 철거"},{"testid":"life-ledger-space-decoration-place-rug","text":"Rug 배치map_blank_start (7, 10)","aria":"Rug 배치"},{"testid":"life-ledger-space-decoration-ledger:decoration:rug:1","text":"Rug아래 · 2×1빈 맵 (7, 9)","aria":null},{"testid":"life-ledger-space-decoration-move-ledger:decoration:rug:1","text":"Rug 이동map_blank_start (7, 10)","aria":"Rug 이동"},{"testid":"life-ledger-space-decoration-remove-ledger:decoration:rug:1","text":"Rug 치우기인벤토리로 회수","aria":"Rug 치우기"},{"testid":"life-ledger-space-decoration-rotate-ledger:decoration:rug:1","text":"Rug 회전왼쪽으로 돌리기","aria":"Rug 회전"}]}
{"step":"menu-close-step","kind":"mode","from":"{\"selectedCommand\":\"life-ledger\",\"mode\":\"function\"}","to":"{\"selectedCommand\":\"record-menu\",\"mode\":\"function\"}"}
{"step":"menu-close-step","kind":"mode","from":"{\"selectedCommand\":\"record-menu\",\"mode\":\"function\"}","to":"{\"selectedCommand\":\"record-menu\",\"mode\":\"main\"}"}
{"step":"menu-close-step","kind":"absent"}
{"step":"system-group","debug":"{\"selectedCommand\":\"system-menu\",\"mode\":\"function\"}","selected":["status-menu-command-system-menu","status-menu-group-command-load"],"tabs":[],"group":["status-menu-group-command-save","status-menu-group-command-load","status-menu-group-command-wait","status-menu-group-command-to-title"],"spaces":[]}
{"step":"save-menu-open","selected":"save-slot-1","debug":"{\"selectedCommand\":\"save\",\"mode\":\"function\"}"}
{"step":"menu-step","key":"ArrowDown","from":"save-slot-1","to":"save-slot-2","want":"save-slot-2"}
{"step":"save-before-storage","ns":"task12-ui-verify-r6-rug","slot":2,"filename":"raw-slot-after-load-slot2.json","key":"task12-ui-verify-r6-rug:save-slot:v5:2","absent":true,"beforeBytes":0}
{"step":"save-storage-changed","ns":"task12-ui-verify-r6-rug","slot":2,"filename":"raw-slot-after-load-slot2.json","key":"task12-ui-verify-r6-rug:save-slot:v5:2","storageResult":{"beforeBytes":0,"afterBytes":3798,"changed":true}}
{"step":"save-slot","ns":"task12-ui-verify-r6-rug","slot":2,"filename":"raw-slot-after-load-slot2.json","saveMsg":{"text":"2번 저장 칸에 저장했습니다"},"key":"task12-ui-verify-r6-rug:save-slot:v5:2","bytes":3798,"beforeBytes":0,"storageResult":{"beforeBytes":0,"afterBytes":3798,"changed":true},"owners":{"buildings":{"r5-retained-shed":{"instanceId":"r5-retained-shed","typeId":"shed","mapId":"map_blank_start","x":12,"y":6,"orientation":"down","level":1}},"decorations":{"ledger:decoration:rug:1":{"instanceId":"ledger:decoration:rug:1","typeId":"rug","mapId":"map_blank_start","x":7,"y":9,"orientation":"down","recoveryItem":{"itemId":"item_potion","count":1}}},"x":8,"y":9,"gold":500,"inventory":{"item_hoe":1,"item_potion":7},"recoveryItems":{"ledger:decoration:rug:1":{"itemId":"item_potion","count":1}}}}
{"step":"slot1-slot2-compare","foot":{"slot1":{"x":8,"y":9},"slot2":{"x":8,"y":9},"live":{"x":8,"y":9}},"rug":{"slot1":{"x":7,"y":9,"orientation":"down","recoveryItem":{"itemId":"item_potion","count":1}},"slot2":{"x":7,"y":9,"orientation":"down","recoveryItem":{"itemId":"item_potion","count":1}},"live":{"text":"Rug아래 · 2×1빈 맵 (7, 9) ","x":7,"y":9,"orientation":"down"}},"shed":{"slot1":{"instanceId":"r5-retained-shed","typeId":"shed","mapId":"map_blank_start","x":12,"y":6,"orientation":"down","level":1},"slot2":{"instanceId":"r5-retained-shed","typeId":"shed","mapId":"map_blank_start","x":12,"y":6,"orientation":"down","level":1},"live":{"instanceId":"r5-retained-shed","typeId":"shed","mapId":"map_blank_start","x":12,"y":6,"orientation":"down","level":1}},"gold":{"slot1":500,"slot2":500,"live":500},"inventory":{"slot1":{"item_hoe":1,"item_potion":7},"slot2":{"item_hoe":1,"item_potion":7},"live":{"item_hoe":1,"item_potion":7}}}
{"step":"slot-keys-present","s1":3740,"s2":3798}
{"step":"rug-ok","instanceId":"ledger:decoration:rug:1","place":{"text":"Rug아래 · 2×1빈 맵 (7, 9) ","x":7,"y":9,"orientation":"down"},"standingFoot":{"x":8,"y":9},"passage":{"origin":{"foot":{"x":8,"y":8},"passage":{"left":7,"right":9,"top":8,"bottom":8,"bodyTop":6},"intersection":[],"rugCells":[{"x":7,"y":9},{"x":8,"y":9}]},"downOnto":{"foot":{"x":8,"y":9},"passage":{"left":7,"right":9,"top":9,"bottom":9,"bodyTop":7},"intersection":[{"x":7,"y":9},{"x":8,"y":9}],"rugCells":[{"x":7,"y":9},{"x":8,"y":9}]},"downOff":{"foot":{"x":8,"y":10},"passage":{"left":7,"right":9,"top":10,"bottom":10,"bodyTop":8},"intersection":[],"stillAt79":[{"x":7,"y":9},{"x":8,"y":9}]}},"slot1":{"buildings":{"r5-retained-shed":{"instanceId":"r5-retained-shed","typeId":"shed","mapId":"map_blank_start","x":12,"y":6,"orientation":"down","level":1}},"decorations":{"ledger:decoration:rug:1":{"instanceId":"ledger:decoration:rug:1","typeId":"rug","mapId":"map_blank_start","x":7,"y":9,"orientation":"down","recoveryItem":{"itemId":"item_potion","count":1}}},"x":8,"y":9,"gold":500,"inventory":{"item_hoe":1,"item_potion":7},"recoveryItems":{"ledger:decoration:rug:1":{"itemId":"item_potion","count":1}}},"divergent":{"foot":{"x":8,"y":10},"rug":{"x":7,"y":11,"orientation":"down"},"gold":500,"potions":7},"liveAfterLoad":{"player":{"x":8,"y":9},"rug":{"text":"Rug아래 · 2×1빈 맵 (7, 9) ","x":7,"y":9,"orientation":"down"},"gold":500,"inventory":{"item_hoe":1,"item_potion":7},"buildings":{"r5-retained-shed":{"instanceId":"r5-retained-shed","typeId":"shed","mapId":"map_blank_start","x":12,"y":6,"orientation":"down","level":1}}},"slot2":{"buildings":{"r5-retained-shed":{"instanceId":"r5-retained-shed","typeId":"shed","mapId":"map_blank_start","x":12,"y":6,"orientation":"down","level":1}},"decorations":{"ledger:decoration:rug:1":{"instanceId":"ledger:decoration:rug:1","typeId":"rug","mapId":"map_blank_start","x":7,"y":9,"orientation":"down","recoveryItem":{"itemId":"item_potion","count":1}}},"x":8,"y":9,"gold":500,"inventory":{"item_hoe":1,"item_potion":7},"recoveryItems":{"ledger:decoration:rug:1":{"itemId":"item_potion","count":1}}},"compare":{"foot":{"slot1":{"x":8,"y":9},"slot2":{"x":8,"y":9},"live":{"x":8,"y":9}},"rug":{"slot1":{"x":7,"y":9,"orientation":"down","recoveryItem":{"itemId":"item_potion","count":1}},"slot2":{"x":7,"y":9,"orientation":"down","recoveryItem":{"itemId":"item_potion","count":1}},"live":{"text":"Rug아래 · 2×1빈 맵 (7, 9) ","x":7,"y":9,"orientation":"down"}},"shed":{"slot1":{"instanceId":"r5-retained-shed","typeId":"shed","mapId":"map_blank_start","x":12,"y":6,"orientation":"down","level":1},"slot2":{"instanceId":"r5-retained-shed","typeId":"shed","mapId":"map_blank_start","x":12,"y":6,"orientation":"down","level":1},"live":{"instanceId":"r5-retained-shed","typeId":"shed","mapId":"map_blank_start","x":12,"y":6,"orientation":"down","level":1}},"gold":{"slot1":500,"slot2":500,"live":500},"inventory":{"slot1":{"item_hoe":1,"item_potion":7},"slot2":{"item_hoe":1,"item_potion":7},"live":{"item_hoe":1,"item_potion":7}}}}
{"step":"ok","scratch":"/dev/shm/st_01a07c36/native-rug","rug":{"instanceId":"ledger:decoration:rug:1","place":{"text":"Rug아래 · 2×1빈 맵 (7, 9) ","x":7,"y":9,"orientation":"down"},"standingFoot":{"x":8,"y":9},"passage":{"origin":{"foot":{"x":8,"y":8},"passage":{"left":7,"right":9,"top":8,"bottom":8,"bodyTop":6},"intersection":[],"rugCells":[{"x":7,"y":9},{"x":8,"y":9}]},"downOnto":{"foot":{"x":8,"y":9},"passage":{"left":7,"right":9,"top":9,"bottom":9,"bodyTop":7},"intersection":[{"x":7,"y":9},{"x":8,"y":9}],"rugCells":[{"x":7,"y":9},{"x":8,"y":9}]},"downOff":{"foot":{"x":8,"y":10},"passage":{"left":7,"right":9,"top":10,"bottom":10,"bodyTop":8},"intersection":[],"stillAt79":[{"x":7,"y":9},{"x":8,"y":9}]}},"slot1":{"buildings":{"r5-retained-shed":{"instanceId":"r5-retained-shed","typeId":"shed","mapId":"map_blank_start","x":12,"y":6,"orientation":"down","level":1}},"decorations":{"ledger:decoration:rug:1":{"instanceId":"ledger:decoration:rug:1","typeId":"rug","mapId":"map_blank_start","x":7,"y":9,"orientation":"down","recoveryItem":{"itemId":"item_potion","count":1}}},"x":8,"y":9,"gold":500,"inventory":{"item_hoe":1,"item_potion":7},"recoveryItems":{"ledger:decoration:rug:1":{"itemId":"item_potion","count":1}}},"divergent":{"foot":{"x":8,"y":10},"rug":{"x":7,"y":11,"orientation":"down"},"gold":500,"potions":7},"liveAfterLoad":{"player":{"x":8,"y":9},"rug":{"text":"Rug아래 · 2×1빈 맵 (7, 9) ","x":7,"y":9,"orientation":"down"},"gold":500,"inventory":{"item_hoe":1,"item_potion":7},"buildings":{"r5-retained-shed":{"instanceId":"r5-retained-shed","typeId":"shed","mapId":"map_blank_start","x":12,"y":6,"orientation":"down","level":1}}},"slot2":{"buildings":{"r5-retained-shed":{"instanceId":"r5-retained-shed","typeId":"shed","mapId":"map_blank_start","x":12,"y":6,"orientation":"down","level":1}},"decorations":{"ledger:decoration:rug:1":{"instanceId":"ledger:decoration:rug:1","typeId":"rug","mapId":"map_blank_start","x":7,"y":9,"orientation":"down","recoveryItem":{"itemId":"item_potion","count":1}}},"x":8,"y":9,"gold":500,"inventory":{"item_hoe":1,"item_potion":7},"recoveryItems":{"ledger:decoration:rug:1":{"itemId":"item_potion","count":1}}},"compare":{"foot":{"slot1":{"x":8,"y":9},"slot2":{"x":8,"y":9},"live":{"x":8,"y":9}},"rug":{"slot1":{"x":7,"y":9,"orientation":"down","recoveryItem":{"itemId":"item_potion","count":1}},"slot2":{"x":7,"y":9,"orientation":"down","recoveryItem":{"itemId":"item_potion","count":1}},"live":{"text":"Rug아래 · 2×1빈 맵 (7, 9) ","x":7,"y":9,"orientation":"down"}},"shed":{"slot1":{"instanceId":"r5-retained-shed","typeId":"shed","mapId":"map_blank_start","x":12,"y":6,"orientation":"down","level":1},"slot2":{"instanceId":"r5-retained-shed","typeId":"shed","mapId":"map_blank_start","x":12,"y":6,"orientation":"down","level":1},"live":{"instanceId":"r5-retained-shed","typeId":"shed","mapId":"map_blank_start","x":12,"y":6,"orientation":"down","level":1}},"gold":{"slot1":500,"slot2":500,"live":500},"inventory":{"slot1":{"item_hoe":1,"item_potion":7},"slot2":{"item_hoe":1,"item_potion":7},"live":{"item_hoe":1,"item_potion":7}}}}}
