{"file":"src/editor/tools/houseProtection.ts","command":"syntacticDiagnosticsSync","diagnostics":[]}
{"file":"src/editor/tools/houseProtection.ts","command":"semanticDiagnosticsSync","diagnostics":[]}
{"file":"src/editor/tools/houseProtection.ts","command":"suggestionDiagnosticsSync","diagnostics":[]}
{"file":"src/editor/tools/mapTools.ts","command":"syntacticDiagnosticsSync","diagnostics":[]}
{"file":"src/editor/tools/mapTools.ts","command":"semanticDiagnosticsSync","diagnostics":[]}
{"file":"src/editor/tools/mapTools.ts","command":"suggestionDiagnosticsSync","diagnostics":[]}
{"file":"src/editor/tools/roadObstacles.ts","command":"syntacticDiagnosticsSync","diagnostics":[]}
{"file":"src/editor/tools/roadObstacles.ts","command":"semanticDiagnosticsSync","diagnostics":[]}
{"file":"src/editor/tools/roadObstacles.ts","command":"suggestionDiagnosticsSync","diagnostics":[]}
{"file":"src/editor/tools/v3/constructionTools.ts","command":"syntacticDiagnosticsSync","diagnostics":[]}
{"file":"src/editor/tools/v3/constructionTools.ts","command":"semanticDiagnosticsSync","diagnostics":[]}
{"file":"src/editor/tools/v3/constructionTools.ts","command":"suggestionDiagnosticsSync","diagnostics":[]}
{"file":"src/editor/tools/v3/rmTypeExpander.ts","command":"syntacticDiagnosticsSync","diagnostics":[]}
{"file":"src/editor/tools/v3/rmTypeExpander.ts","command":"semanticDiagnosticsSync","diagnostics":[]}
{"file":"src/editor/tools/v3/rmTypeExpander.ts","command":"suggestionDiagnosticsSync","diagnostics":[]}
{"file":"src/project/defaults/autotileEngine.ts","command":"syntacticDiagnosticsSync","diagnostics":[]}
{"file":"src/project/defaults/autotileEngine.ts","command":"semanticDiagnosticsSync","diagnostics":[]}
{"file":"src/project/defaults/autotileEngine.ts","command":"suggestionDiagnosticsSync","diagnostics":[]}
{"file":"src/project/defaults/dbExtractedHouseVariants.ts","command":"syntacticDiagnosticsSync","diagnostics":[]}
{"file":"src/project/defaults/dbExtractedHouseVariants.ts","command":"semanticDiagnosticsSync","diagnostics":[]}
{"file":"src/project/defaults/dbExtractedHouseVariants.ts","command":"suggestionDiagnosticsSync","diagnostics":[]}
{"file":"src/project/defaults/townHousePatterns.ts","command":"syntacticDiagnosticsSync","diagnostics":[]}
{"file":"src/project/defaults/townHousePatterns.ts","command":"semanticDiagnosticsSync","diagnostics":[]}
{"file":"src/project/defaults/townHousePatterns.ts","command":"suggestionDiagnosticsSync","diagnostics":[]}
{"file":"test/roadObstacleAvoidance.test.ts","command":"syntacticDiagnosticsSync","diagnostics":[]}
{"file":"test/roadObstacleAvoidance.test.ts","command":"semanticDiagnosticsSync","diagnostics":[]}
{"file":"test/roadObstacleAvoidance.test.ts","command":"suggestionDiagnosticsSync","diagnostics":[]}
{"freshLsp":true,"files":9,"diagnostics":0}
