
> rpg-zzu@0.1.0 test
> node scripts/run-vitest.mjs run --configLoader bundle test/roadObstacleAvoidance.test.ts -t stamp_structure


 RUN  v3.2.4 /home/main/z-project/rpg-zzu-house-protection-p1-roads

 ❯ test/roadObstacleAvoidance.test.ts (19 tests | 1 failed | 18 skipped) 1932ms
   ↓ 도로 우회 — 건물 관통 방지 > 두 집 사이를 가로지르는 paint_road 가 집 칸을 한 칸도 덮지 않는다
   ↓ 도로 우회 — 건물 관통 방지 > 집을 피한 도로가 하나로 이어진다(우회로가 연결성을 지킨다)
   ↓ 도로 우회 — 건물 관통 방지 > 집을 관통하던 칸 수를 결과 data 와 경고로 보고한다
   ↓ 도로 우회 — 건물 관통 방지 > 장애물이 없으면 경로 셀을 그대로 쓴다(기존 결과 유지)
   ↓ 도로 우회 — 건물 관통 방지 > 빈 칸(EMPTY)은 장애물이 아니다 — 갓 만든 맵에서 길이 안 깔리는 퇴행 방지
   ↓ 도로 우회 — 건물 관통 방지 > 폭 셀은 경로가 아니라 표본이므로 우회로를 만들지 않는다
   ↓ 도로 우회 — 건물 관통 방지 > 자연도 높은 paint_road 가 요청 경로 주변만 칠한다(엉뚱한 들판 길 금지)
   ↓ 도로 우회 — 건물 관통 방지 > 건물에 완전히 막히면 끊긴 길을 커밋하지 않고 좌표와 함께 거절한다
   ↓ 도로 우회 — 건물 관통 방지 > 끝점이 벽이면 벽 앞까지 깔고 endpointBlocked 로 알린다
   ↓ 도로 우회 — 건물 관통 방지 > 나무는 길이 치운다 — 숲을 가로지르는 길이 뱀처럼 휘지 않는다
   ↓ 도로 우회 — 건물 관통 방지 > 물은 마른 우회로가 있으면 살리고, 없으면 건너며 좌표로 알린다
   ↓ 도로 우회 — 건물 관통 방지 > lay_path 도 집 칸을 덮지 않는다(두 레이어 바이트 동일)
   × 도로 우회 — 건물 관통 방지 > stamp_structure road 템플릿의 길이 기존 집 지표면을 덮지 않는다 1930ms
     → 'stamp_structure' 후처리 실패: 완성된 집의 보호 영역은 AI가 변경할 수 없습니다. 집 밖에서 작업하세요. 직접 편집은 가능합니다.: expected false to be true // Object.is equality
   ↓ roads respect completed-house geometry > blocks passable bbox gaps, empty ridge, deck attachment, and recorded placements only
   ↓ roads respect completed-house geometry > 'paint_road' 421 preserves protected autotile neighbors and their stacks
   ↓ roads respect completed-house geometry > 'paint_road' 424 preserves protected autotile neighbors and their stacks
   ↓ roads respect completed-house geometry > 'lay_path' 421 preserves protected autotile neighbors and their stacks
   ↓ roads respect completed-house geometry > paint_road rejects a metadata-only barrier instead of committing disconnected pieces
   ↓ roads respect completed-house geometry > lay_path rejects a metadata-only barrier instead of committing disconnected pieces

⎯⎯⎯⎯⎯⎯⎯ Failed Tests 1 ⎯⎯⎯⎯⎯⎯⎯

 FAIL  test/roadObstacleAvoidance.test.ts > 도로 우회 — 건물 관통 방지 > stamp_structure road 템플릿의 길이 기존 집 지표면을 덮지 않는다
AssertionError: 'stamp_structure' 후처리 실패: 완성된 집의 보호 영역은 AI가 변경할 수 없습니다. 집 밖에서 작업하세요. 직접 편집은 가능합니다.: expected false to be true // Object.is equality

- Expected
+ Received

- true
+ false

 ❯ expectOk test/roadObstacleAvoidance.test.ts:40:37
     38|
     39| function expectOk(result: ToolResult): void {
     40|   expect(result.ok, result.summary).toBe(true);
       |                                     ^
     41| }
     42|
 ❯ test/roadObstacleAvoidance.test.ts:357:5

⎯⎯⎯⎯⎯⎯⎯⎯⎯⎯⎯⎯⎯⎯⎯⎯⎯⎯⎯⎯⎯⎯⎯⎯[1/1]⎯


 Test Files  1 failed (1)
      Tests  1 failed | 18 skipped (19)
   Start at  04:00:59
   Duration  33.06s (transform 20.54s, setup 0ms, collect 29.22s, tests 1.93s, environment 0ms, prepare 644ms)
