
> rpg-zzu@0.1.0 test
> node scripts/run-vitest.mjs run --configLoader bundle test/roadObstacleAvoidance.test.ts


 RUN  v3.2.4 /home/main/z-project/rpg-zzu-house-protection-p1-roads

 ❯ test/roadObstacleAvoidance.test.ts (13 tests | 6 failed) 20251ms
   × 도로 우회 — 건물 관통 방지 > 두 집 사이를 가로지르는 paint_road 가 집 칸을 한 칸도 덮지 않는다 3335ms
     → 'paint_road' 후처리 실패: 완성된 집의 보호 영역은 AI가 변경할 수 없습니다. 집 밖에서 작업하세요. 직접 편집은 가능합니다.: expected false to be true // Object.is equality
   × 도로 우회 — 건물 관통 방지 > 집을 피한 도로가 하나로 이어진다(우회로가 연결성을 지킨다) 988ms
     → 'paint_road' 후처리 실패: 완성된 집의 보호 영역은 AI가 변경할 수 없습니다. 집 밖에서 작업하세요. 직접 편집은 가능합니다.: expected false to be true // Object.is equality
   × 도로 우회 — 건물 관통 방지 > 집을 관통하던 칸 수를 결과 data 와 경고로 보고한다 1715ms
     → 'paint_road' 후처리 실패: 완성된 집의 보호 영역은 AI가 변경할 수 없습니다. 집 밖에서 작업하세요. 직접 편집은 가능합니다.: expected false to be true // Object.is equality
   ✓ 도로 우회 — 건물 관통 방지 > 장애물이 없으면 경로 셀을 그대로 쓴다(기존 결과 유지)  1261ms
   ✓ 도로 우회 — 건물 관통 방지 > 빈 칸(EMPTY)은 장애물이 아니다 — 갓 만든 맵에서 길이 안 깔리는 퇴행 방지  1438ms
   ✓ 도로 우회 — 건물 관통 방지 > 폭 셀은 경로가 아니라 표본이므로 우회로를 만들지 않는다  3018ms
   × 도로 우회 — 건물 관통 방지 > 자연도 높은 paint_road 가 요청 경로 주변만 칠한다(엉뚱한 들판 길 금지) 1437ms
     → 'paint_road' 후처리 실패: 완성된 집의 보호 영역은 AI가 변경할 수 없습니다. 집 밖에서 작업하세요. 직접 편집은 가능합니다.: expected false to be true // Object.is equality
   ✓ 도로 우회 — 건물 관통 방지 > 건물에 완전히 막히면 끊긴 길을 커밋하지 않고 좌표와 함께 거절한다  583ms
   ✓ 도로 우회 — 건물 관통 방지 > 끝점이 벽이면 벽 앞까지 깔고 endpointBlocked 로 알린다  1995ms
   ✓ 도로 우회 — 건물 관통 방지 > 나무는 길이 치운다 — 숲을 가로지르는 길이 뱀처럼 휘지 않는다  2455ms
   ✓ 도로 우회 — 건물 관통 방지 > 물은 마른 우회로가 있으면 살리고, 없으면 건너며 좌표로 알린다  784ms
   × 도로 우회 — 건물 관통 방지 > lay_path 도 집 칸을 덮지 않는다(두 레이어 바이트 동일) 610ms
     → 'lay_path' 후처리 실패: 완성된 집의 보호 영역은 AI가 변경할 수 없습니다. 집 밖에서 작업하세요. 직접 편집은 가능합니다.: expected false to be true // Object.is equality
   × 도로 우회 — 건물 관통 방지 > stamp_structure road 템플릿의 길이 기존 집 지표면을 덮지 않는다 616ms
     → 'stamp_structure' 후처리 실패: 완성된 집의 보호 영역은 AI가 변경할 수 없습니다. 집 밖에서 작업하세요. 직접 편집은 가능합니다.: expected false to be true // Object.is equality

⎯⎯⎯⎯⎯⎯⎯ Failed Tests 6 ⎯⎯⎯⎯⎯⎯⎯

 FAIL  test/roadObstacleAvoidance.test.ts > 도로 우회 — 건물 관통 방지 > 두 집 사이를 가로지르는 paint_road 가 집 칸을 한 칸도 덮지 않는다
AssertionError: 'paint_road' 후처리 실패: 완성된 집의 보호 영역은 AI가 변경할 수 없습니다. 집 밖에서 작업하세요. 직접 편집은 가능합니다.: expected false to be true // Object.is equality

- Expected
+ Received

- true
+ false

 ❯ expectOk test/roadObstacleAvoidance.test.ts:38:37
     36|
     37| function expectOk(result: ToolResult): void {
     38|   expect(result.ok, result.summary).toBe(true);
       |                                     ^
     39| }
     40|
 ❯ test/roadObstacleAvoidance.test.ts:132:5

⎯⎯⎯⎯⎯⎯⎯⎯⎯⎯⎯⎯⎯⎯⎯⎯⎯⎯⎯⎯⎯⎯⎯⎯[1/6]⎯

 FAIL  test/roadObstacleAvoidance.test.ts > 도로 우회 — 건물 관통 방지 > 집을 피한 도로가 하나로 이어진다(우회로가 연결성을 지킨다)
AssertionError: 'paint_road' 후처리 실패: 완성된 집의 보호 영역은 AI가 변경할 수 없습니다. 집 밖에서 작업하세요. 직접 편집은 가능합니다.: expected false to be true // Object.is equality

- Expected
+ Received

- true
+ false

 ❯ expectOk test/roadObstacleAvoidance.test.ts:38:37
     36|
     37| function expectOk(result: ToolResult): void {
     38|   expect(result.ok, result.summary).toBe(true);
       |                                     ^
     39| }
     40|
 ❯ test/roadObstacleAvoidance.test.ts:142:5

⎯⎯⎯⎯⎯⎯⎯⎯⎯⎯⎯⎯⎯⎯⎯⎯⎯⎯⎯⎯⎯⎯⎯⎯[2/6]⎯

 FAIL  test/roadObstacleAvoidance.test.ts > 도로 우회 — 건물 관통 방지 > 집을 관통하던 칸 수를 결과 data 와 경고로 보고한다
AssertionError: 'paint_road' 후처리 실패: 완성된 집의 보호 영역은 AI가 변경할 수 없습니다. 집 밖에서 작업하세요. 직접 편집은 가능합니다.: expected false to be true // Object.is equality

- Expected
+ Received

- true
+ false

 ❯ expectOk test/roadObstacleAvoidance.test.ts:38:37
     36|
     37| function expectOk(result: ToolResult): void {
     38|   expect(result.ok, result.summary).toBe(true);
       |                                     ^
     39| }
     40|
 ❯ test/roadObstacleAvoidance.test.ts:163:5

⎯⎯⎯⎯⎯⎯⎯⎯⎯⎯⎯⎯⎯⎯⎯⎯⎯⎯⎯⎯⎯⎯⎯⎯[3/6]⎯

 FAIL  test/roadObstacleAvoidance.test.ts > 도로 우회 — 건물 관통 방지 > 자연도 높은 paint_road 가 요청 경로 주변만 칠한다(엉뚱한 들판 길 금지)
AssertionError: 'paint_road' 후처리 실패: 완성된 집의 보호 영역은 AI가 변경할 수 없습니다. 집 밖에서 작업하세요. 직접 편집은 가능합니다.: expected false to be true // Object.is equality

- Expected
+ Received

- true
+ false

 ❯ expectOk test/roadObstacleAvoidance.test.ts:38:37
     36|
     37| function expectOk(result: ToolResult): void {
     38|   expect(result.ok, result.summary).toBe(true);
       |                                     ^
     39| }
     40|
 ❯ test/roadObstacleAvoidance.test.ts:216:5

⎯⎯⎯⎯⎯⎯⎯⎯⎯⎯⎯⎯⎯⎯⎯⎯⎯⎯⎯⎯⎯⎯⎯⎯[4/6]⎯

 FAIL  test/roadObstacleAvoidance.test.ts > 도로 우회 — 건물 관통 방지 > lay_path 도 집 칸을 덮지 않는다(두 레이어 바이트 동일)
AssertionError: 'lay_path' 후처리 실패: 완성된 집의 보호 영역은 AI가 변경할 수 없습니다. 집 밖에서 작업하세요. 직접 편집은 가능합니다.: expected false to be true // Object.is equality

- Expected
+ Received

- true
+ false

 ❯ expectOk test/roadObstacleAvoidance.test.ts:38:37
     36|
     37| function expectOk(result: ToolResult): void {
     38|   expect(result.ok, result.summary).toBe(true);
       |                                     ^
     39| }
     40|
 ❯ test/roadObstacleAvoidance.test.ts:329:5

⎯⎯⎯⎯⎯⎯⎯⎯⎯⎯⎯⎯⎯⎯⎯⎯⎯⎯⎯⎯⎯⎯⎯⎯[5/6]⎯

 FAIL  test/roadObstacleAvoidance.test.ts > 도로 우회 — 건물 관통 방지 > stamp_structure road 템플릿의 길이 기존 집 지표면을 덮지 않는다
AssertionError: 'stamp_structure' 후처리 실패: 완성된 집의 보호 영역은 AI가 변경할 수 없습니다. 집 밖에서 작업하세요. 직접 편집은 가능합니다.: expected false to be true // Object.is equality

- Expected
+ Received

- true
+ false

 ❯ expectOk test/roadObstacleAvoidance.test.ts:38:37
     36|
     37| function expectOk(result: ToolResult): void {
     38|   expect(result.ok, result.summary).toBe(true);
       |                                     ^
     39| }
     40|
 ❯ test/roadObstacleAvoidance.test.ts:349:5

⎯⎯⎯⎯⎯⎯⎯⎯⎯⎯⎯⎯⎯⎯⎯⎯⎯⎯⎯⎯⎯⎯⎯⎯[6/6]⎯


 Test Files  1 failed (1)
      Tests  6 failed | 7 passed (13)
   Start at  03:44:59
   Duration  48.28s (transform 18.35s, setup 0ms, collect 25.91s, tests 20.25s, environment 0ms, prepare 354ms)
