
> rpg-zzu@0.1.0 test
> node scripts/run-vitest.mjs run --configLoader bundle --maxWorkers=1 test/aiOutcomeApplyPolicy.test.ts


 RUN  v3.2.4 /home/main/z-project/rpg-zzu-ai-harness-p2-qa-20260906

 ❯ test/aiOutcomeApplyPolicy.test.ts (6 tests | 1 failed) 5565ms
   ✓ settles the same verified requirement with milestone=false  1428ms
   × settles the same verified requirement with milestone=true 817ms
     → {"id":"acceptance-1","goal":"Resize","status":"blocked","items":[{"required":true,"source":{"requestId":"request-1","text":"Resize map","scope":null},"id":"size","title":"Size","status":"verified","evidence":[{"expected":"{\"kind\":\"mapDimensions\",\"target\":{\"mapId\":\"map_blank_start\"},\"width\":21,\"height\":15}","observed":"21x15","passed":true}],"mapId":"map_blank_start"},{"id":"required-verification","title":"Required verification","status":"blocked","reason":"run_lint: 시작 위치가 통행 불가 타일입니다: (10, 8)","evidence":[{"expected":"Every required check passes against current content","observed":"run_lint: 시작 위치가 통행 불가 타일입니다: (10, 8)","passed":false}]}]}: expected 'blocked' to be 'verified' // Object.is equality
   ✓ uses the existing quick-reply stop decision without reclassifying response prose 160ms
   ✓ preserves genuine blocked execution when an applied draft later verifies  1216ms
   ✓ preserves genuine failed execution when an applied draft later verifies  963ms
   ✓ preserves genuine cancelled execution when an applied draft later verifies  979ms

⎯⎯⎯⎯⎯⎯⎯ Failed Tests 1 ⎯⎯⎯⎯⎯⎯⎯

 FAIL  test/aiOutcomeApplyPolicy.test.ts > settles the same verified requirement with milestone=true
AssertionError: {"id":"acceptance-1","goal":"Resize","status":"blocked","items":[{"required":true,"source":{"requestId":"request-1","text":"Resize map","scope":null},"id":"size","title":"Size","status":"verified","evidence":[{"expected":"{\"kind\":\"mapDimensions\",\"target\":{\"mapId\":\"map_blank_start\"},\"width\":21,\"height\":15}","observed":"21x15","passed":true}],"mapId":"map_blank_start"},{"id":"required-verification","title":"Required verification","status":"blocked","reason":"run_lint: 시작 위치가 통행 불가 타일입니다: (10, 8)","evidence":[{"expected":"Every required check passes against current content","observed":"run_lint: 시작 위치가 통행 불가 타일입니다: (10, 8)","passed":false}]}]}: expected 'blocked' to be 'verified' // Object.is equality

Expected: [32m"[7mverifi[27med"[39m
Received: [31m"[7mblock[27med"[39m

 ❯ test/aiOutcomeApplyPolicy.test.ts:57:104
     55|   // Then both paths use the same post-apply completion policy and P1 …
     56|   const expected = { execution: "response-final", goal: "satisfied", d…
     57|   expect(f.session.getAcceptanceSnapshot()?.status, JSON.stringify(f.s…
       |                                                                                                        ^
     58|   expect(result.runOutcome).toEqual(expected);
     59|   expect(result.recap?.runOutcome).toEqual(expected);

⎯⎯⎯⎯⎯⎯⎯⎯⎯⎯⎯⎯⎯⎯⎯⎯⎯⎯⎯⎯⎯⎯⎯⎯[1/1]⎯


 Test Files  1 failed (1)
      Tests  1 failed | 5 passed (6)
   Start at  09:22:39
   Duration  16.08s (transform 7.31s, setup 0ms, collect 10.12s, tests 5.56s, environment 0ms, prepare 68ms)

