Original RED base c66f5a8a; extracted without altering ../red.json
G5-F2 native playMovie default-true and explicit-false contract omitted wait opens as true, matching the interpreter
AssertionError: expected 'false' to be 'true' // Object.is equality
    at /home/main/.herdr/worktrees/rpg-zzu/worktree-brave-valley-f078-event-remediation-0906-event-remediation-u04/test/eventCommandRemediation/U04.test.ts:95:62
    at file:///home/main/z-project/rpg-zzu/node_modules/@vitest/runner/dist/chunk-hooks.js:863:59
    at file:///home/main/z-project/rpg-zzu/node_modules/@vitest/runner/dist/chunk-hooks.js:155:11
    at file:///home/main/z-project/rpg-zzu/node_modules/@vitest/runner/dist/chunk-hooks.js:752:26
    at file:///home/main/z-project/rpg-zzu/node_modules/@vitest/runner/dist/chunk-hooks.js:1897:20
    at new Promise (<anonymous>)
    at runWithTimeout (file:///home/main/z-project/rpg-zzu/node_modules/@vitest/runner/dist/chunk-hooks.js:1863:10)
    at runTest (file:///home/main/z-project/rpg-zzu/node_modules/@vitest/runner/dist/chunk-hooks.js:1574:12)
    at processTicksAndRejections (node:internal/process/task_queues:103:5)
    at runSuite (file:///home/main/z-project/rpg-zzu/node_modules/@vitest/runner/dist/chunk-hooks.js:1729:8)
AssertionError: expected 'false' to be 'true' // Object.is equality
    at /home/main/.herdr/worktrees/rpg-zzu/worktree-brave-valley-f078-event-remediation-0906-event-remediation-u04/test/eventCommandRemediation/U04.test.ts:96:98
    at file:///home/main/z-project/rpg-zzu/node_modules/@vitest/runner/dist/chunk-hooks.js:863:59
    at file:///home/main/z-project/rpg-zzu/node_modules/@vitest/runner/dist/chunk-hooks.js:155:11
    at file:///home/main/z-project/rpg-zzu/node_modules/@vitest/runner/dist/chunk-hooks.js:752:26
    at file:///home/main/z-project/rpg-zzu/node_modules/@vitest/runner/dist/chunk-hooks.js:1897:20
    at new Promise (<anonymous>)
    at runWithTimeout (file:///home/main/z-project/rpg-zzu/node_modules/@vitest/runner/dist/chunk-hooks.js:1863:10)
    at runTest (file:///home/main/z-project/rpg-zzu/node_modules/@vitest/runner/dist/chunk-hooks.js:1574:12)
    at processTicksAndRejections (node:internal/process/task_queues:103:5)
    at runSuite (file:///home/main/z-project/rpg-zzu/node_modules/@vitest/runner/dist/chunk-hooks.js:1729:8)
G5-F2 native playMovie default-true and explicit-false contract omitted skippable opens as true, matching the interpreter
AssertionError: expected 'false' to be 'true' // Object.is equality
    at /home/main/.herdr/worktrees/rpg-zzu/worktree-brave-valley-f078-event-remediation-0906-event-remediation-u04/test/eventCommandRemediation/U04.test.ts:95:62
    at file:///home/main/z-project/rpg-zzu/node_modules/@vitest/runner/dist/chunk-hooks.js:863:59
    at file:///home/main/z-project/rpg-zzu/node_modules/@vitest/runner/dist/chunk-hooks.js:155:11
    at file:///home/main/z-project/rpg-zzu/node_modules/@vitest/runner/dist/chunk-hooks.js:752:26
    at file:///home/main/z-project/rpg-zzu/node_modules/@vitest/runner/dist/chunk-hooks.js:1897:20
    at new Promise (<anonymous>)
    at runWithTimeout (file:///home/main/z-project/rpg-zzu/node_modules/@vitest/runner/dist/chunk-hooks.js:1863:10)
    at runTest (file:///home/main/z-project/rpg-zzu/node_modules/@vitest/runner/dist/chunk-hooks.js:1574:12)
    at processTicksAndRejections (node:internal/process/task_queues:103:5)
    at runSuite (file:///home/main/z-project/rpg-zzu/node_modules/@vitest/runner/dist/chunk-hooks.js:1729:8)
AssertionError: expected 'false' to be 'true' // Object.is equality
    at /home/main/.herdr/worktrees/rpg-zzu/worktree-brave-valley-f078-event-remediation-0906-event-remediation-u04/test/eventCommandRemediation/U04.test.ts:96:98
    at file:///home/main/z-project/rpg-zzu/node_modules/@vitest/runner/dist/chunk-hooks.js:863:59
    at file:///home/main/z-project/rpg-zzu/node_modules/@vitest/runner/dist/chunk-hooks.js:155:11
    at file:///home/main/z-project/rpg-zzu/node_modules/@vitest/runner/dist/chunk-hooks.js:752:26
    at file:///home/main/z-project/rpg-zzu/node_modules/@vitest/runner/dist/chunk-hooks.js:1897:20
    at new Promise (<anonymous>)
    at runWithTimeout (file:///home/main/z-project/rpg-zzu/node_modules/@vitest/runner/dist/chunk-hooks.js:1863:10)
    at runTest (file:///home/main/z-project/rpg-zzu/node_modules/@vitest/runner/dist/chunk-hooks.js:1574:12)
    at processTicksAndRejections (node:internal/process/task_queues:103:5)
    at runSuite (file:///home/main/z-project/rpg-zzu/node_modules/@vitest/runner/dist/chunk-hooks.js:1729:8)
G5-F2 native playMovie default-true and explicit-false contract resource edit retains independent wait=true skippable=false
AssertionError: expected { kind: 'playMovie', …(2) } to deeply equal { kind: 'playMovie', …(3) }
    at /home/main/.herdr/worktrees/rpg-zzu/worktree-brave-valley-f078-event-remediation-0906-event-remediation-u04/test/eventCommandRemediation/U04.test.ts:113:24
    at file:///home/main/z-project/rpg-zzu/node_modules/@vitest/runner/dist/chunk-hooks.js:863:59
    at file:///home/main/z-project/rpg-zzu/node_modules/@vitest/runner/dist/chunk-hooks.js:155:11
    at file:///home/main/z-project/rpg-zzu/node_modules/@vitest/runner/dist/chunk-hooks.js:752:26
    at file:///home/main/z-project/rpg-zzu/node_modules/@vitest/runner/dist/chunk-hooks.js:1897:20
    at new Promise (<anonymous>)
    at runWithTimeout (file:///home/main/z-project/rpg-zzu/node_modules/@vitest/runner/dist/chunk-hooks.js:1863:10)
    at runTest (file:///home/main/z-project/rpg-zzu/node_modules/@vitest/runner/dist/chunk-hooks.js:1574:12)
    at processTicksAndRejections (node:internal/process/task_queues:103:5)
    at runSuite (file:///home/main/z-project/rpg-zzu/node_modules/@vitest/runner/dist/chunk-hooks.js:1729:8)
AssertionError: expected { kind: 'playMovie', …(2) } to deeply equal { kind: 'playMovie', …(3) }
    at /home/main/.herdr/worktrees/rpg-zzu/worktree-brave-valley-f078-event-remediation-0906-event-remediation-u04/test/eventCommandRemediation/U04.test.ts:114:33
    at file:///home/main/z-project/rpg-zzu/node_modules/@vitest/runner/dist/chunk-hooks.js:863:59
    at file:///home/main/z-project/rpg-zzu/node_modules/@vitest/runner/dist/chunk-hooks.js:155:11
    at file:///home/main/z-project/rpg-zzu/node_modules/@vitest/runner/dist/chunk-hooks.js:752:26
    at file:///home/main/z-project/rpg-zzu/node_modules/@vitest/runner/dist/chunk-hooks.js:1897:20
    at new Promise (<anonymous>)
    at runWithTimeout (file:///home/main/z-project/rpg-zzu/node_modules/@vitest/runner/dist/chunk-hooks.js:1863:10)
    at runTest (file:///home/main/z-project/rpg-zzu/node_modules/@vitest/runner/dist/chunk-hooks.js:1574:12)
    at processTicksAndRejections (node:internal/process/task_queues:103:5)
    at runSuite (file:///home/main/z-project/rpg-zzu/node_modules/@vitest/runner/dist/chunk-hooks.js:1729:8)
AssertionError: expected { kind: 'playMovie', …(3) } to deeply equal { kind: 'playMovie', …(3) }
    at /home/main/.herdr/worktrees/rpg-zzu/worktree-brave-valley-f078-event-remediation-0906-event-remediation-u04/test/eventCommandRemediation/U04.test.ts:123:38
    at file:///home/main/z-project/rpg-zzu/node_modules/@vitest/runner/dist/chunk-hooks.js:863:59
    at file:///home/main/z-project/rpg-zzu/node_modules/@vitest/runner/dist/chunk-hooks.js:155:11
    at file:///home/main/z-project/rpg-zzu/node_modules/@vitest/runner/dist/chunk-hooks.js:752:26
    at file:///home/main/z-project/rpg-zzu/node_modules/@vitest/runner/dist/chunk-hooks.js:1897:20
    at new Promise (<anonymous>)
    at runWithTimeout (file:///home/main/z-project/rpg-zzu/node_modules/@vitest/runner/dist/chunk-hooks.js:1863:10)
    at runTest (file:///home/main/z-project/rpg-zzu/node_modules/@vitest/runner/dist/chunk-hooks.js:1574:12)
    at processTicksAndRejections (node:internal/process/task_queues:103:5)
    at runSuite (file:///home/main/z-project/rpg-zzu/node_modules/@vitest/runner/dist/chunk-hooks.js:1729:8)
G5-F2 native playMovie default-true and explicit-false contract resource edit retains independent wait=false skippable=true
AssertionError: expected { kind: 'playMovie', …(2) } to deeply equal { kind: 'playMovie', …(3) }
    at /home/main/.herdr/worktrees/rpg-zzu/worktree-brave-valley-f078-event-remediation-0906-event-remediation-u04/test/eventCommandRemediation/U04.test.ts:113:24
    at file:///home/main/z-project/rpg-zzu/node_modules/@vitest/runner/dist/chunk-hooks.js:863:59
    at file:///home/main/z-project/rpg-zzu/node_modules/@vitest/runner/dist/chunk-hooks.js:155:11
    at file:///home/main/z-project/rpg-zzu/node_modules/@vitest/runner/dist/chunk-hooks.js:752:26
    at file:///home/main/z-project/rpg-zzu/node_modules/@vitest/runner/dist/chunk-hooks.js:1897:20
    at new Promise (<anonymous>)
    at runWithTimeout (file:///home/main/z-project/rpg-zzu/node_modules/@vitest/runner/dist/chunk-hooks.js:1863:10)
    at runTest (file:///home/main/z-project/rpg-zzu/node_modules/@vitest/runner/dist/chunk-hooks.js:1574:12)
    at processTicksAndRejections (node:internal/process/task_queues:103:5)
    at runSuite (file:///home/main/z-project/rpg-zzu/node_modules/@vitest/runner/dist/chunk-hooks.js:1729:8)
AssertionError: expected { kind: 'playMovie', …(2) } to deeply equal { kind: 'playMovie', …(3) }
    at /home/main/.herdr/worktrees/rpg-zzu/worktree-brave-valley-f078-event-remediation-0906-event-remediation-u04/test/eventCommandRemediation/U04.test.ts:114:33
    at file:///home/main/z-project/rpg-zzu/node_modules/@vitest/runner/dist/chunk-hooks.js:863:59
    at file:///home/main/z-project/rpg-zzu/node_modules/@vitest/runner/dist/chunk-hooks.js:155:11
    at file:///home/main/z-project/rpg-zzu/node_modules/@vitest/runner/dist/chunk-hooks.js:752:26
    at file:///home/main/z-project/rpg-zzu/node_modules/@vitest/runner/dist/chunk-hooks.js:1897:20
    at new Promise (<anonymous>)
    at runWithTimeout (file:///home/main/z-project/rpg-zzu/node_modules/@vitest/runner/dist/chunk-hooks.js:1863:10)
    at runTest (file:///home/main/z-project/rpg-zzu/node_modules/@vitest/runner/dist/chunk-hooks.js:1574:12)
    at processTicksAndRejections (node:internal/process/task_queues:103:5)
    at runSuite (file:///home/main/z-project/rpg-zzu/node_modules/@vitest/runner/dist/chunk-hooks.js:1729:8)
AssertionError: expected { kind: 'playMovie', …(3) } to deeply equal { kind: 'playMovie', …(3) }
    at /home/main/.herdr/worktrees/rpg-zzu/worktree-brave-valley-f078-event-remediation-0906-event-remediation-u04/test/eventCommandRemediation/U04.test.ts:123:38
    at file:///home/main/z-project/rpg-zzu/node_modules/@vitest/runner/dist/chunk-hooks.js:863:59
    at file:///home/main/z-project/rpg-zzu/node_modules/@vitest/runner/dist/chunk-hooks.js:155:11
    at file:///home/main/z-project/rpg-zzu/node_modules/@vitest/runner/dist/chunk-hooks.js:752:26
    at file:///home/main/z-project/rpg-zzu/node_modules/@vitest/runner/dist/chunk-hooks.js:1897:20
    at new Promise (<anonymous>)
    at runWithTimeout (file:///home/main/z-project/rpg-zzu/node_modules/@vitest/runner/dist/chunk-hooks.js:1863:10)
    at runTest (file:///home/main/z-project/rpg-zzu/node_modules/@vitest/runner/dist/chunk-hooks.js:1574:12)
    at processTicksAndRejections (node:internal/process/task_queues:103:5)
    at runSuite (file:///home/main/z-project/rpg-zzu/node_modules/@vitest/runner/dist/chunk-hooks.js:1729:8)
G5-F2 native playMovie default-true and explicit-false contract resource edit retains independent wait=false skippable=false
AssertionError: expected { kind: 'playMovie', …(1) } to deeply equal { kind: 'playMovie', …(3) }
    at /home/main/.herdr/worktrees/rpg-zzu/worktree-brave-valley-f078-event-remediation-0906-event-remediation-u04/test/eventCommandRemediation/U04.test.ts:113:24
    at file:///home/main/z-project/rpg-zzu/node_modules/@vitest/runner/dist/chunk-hooks.js:863:59
    at file:///home/main/z-project/rpg-zzu/node_modules/@vitest/runner/dist/chunk-hooks.js:155:11
    at file:///home/main/z-project/rpg-zzu/node_modules/@vitest/runner/dist/chunk-hooks.js:752:26
    at file:///home/main/z-project/rpg-zzu/node_modules/@vitest/runner/dist/chunk-hooks.js:1897:20
    at new Promise (<anonymous>)
    at runWithTimeout (file:///home/main/z-project/rpg-zzu/node_modules/@vitest/runner/dist/chunk-hooks.js:1863:10)
    at runTest (file:///home/main/z-project/rpg-zzu/node_modules/@vitest/runner/dist/chunk-hooks.js:1574:12)
    at processTicksAndRejections (node:internal/process/task_queues:103:5)
    at runSuite (file:///home/main/z-project/rpg-zzu/node_modules/@vitest/runner/dist/chunk-hooks.js:1729:8)
AssertionError: expected { kind: 'playMovie', …(1) } to deeply equal { kind: 'playMovie', …(3) }
    at /home/main/.herdr/worktrees/rpg-zzu/worktree-brave-valley-f078-event-remediation-0906-event-remediation-u04/test/eventCommandRemediation/U04.test.ts:114:33
    at file:///home/main/z-project/rpg-zzu/node_modules/@vitest/runner/dist/chunk-hooks.js:863:59
    at file:///home/main/z-project/rpg-zzu/node_modules/@vitest/runner/dist/chunk-hooks.js:155:11
    at file:///home/main/z-project/rpg-zzu/node_modules/@vitest/runner/dist/chunk-hooks.js:752:26
    at file:///home/main/z-project/rpg-zzu/node_modules/@vitest/runner/dist/chunk-hooks.js:1897:20
    at new Promise (<anonymous>)
    at runWithTimeout (file:///home/main/z-project/rpg-zzu/node_modules/@vitest/runner/dist/chunk-hooks.js:1863:10)
    at runTest (file:///home/main/z-project/rpg-zzu/node_modules/@vitest/runner/dist/chunk-hooks.js:1574:12)
    at processTicksAndRejections (node:internal/process/task_queues:103:5)
    at runSuite (file:///home/main/z-project/rpg-zzu/node_modules/@vitest/runner/dist/chunk-hooks.js:1729:8)
AssertionError: expected { kind: 'playMovie', …(3) } to deeply equal { kind: 'playMovie', …(3) }
    at /home/main/.herdr/worktrees/rpg-zzu/worktree-brave-valley-f078-event-remediation-0906-event-remediation-u04/test/eventCommandRemediation/U04.test.ts:123:38
    at file:///home/main/z-project/rpg-zzu/node_modules/@vitest/runner/dist/chunk-hooks.js:863:59
    at file:///home/main/z-project/rpg-zzu/node_modules/@vitest/runner/dist/chunk-hooks.js:155:11
    at file:///home/main/z-project/rpg-zzu/node_modules/@vitest/runner/dist/chunk-hooks.js:752:26
    at file:///home/main/z-project/rpg-zzu/node_modules/@vitest/runner/dist/chunk-hooks.js:1897:20
    at new Promise (<anonymous>)
    at runWithTimeout (file:///home/main/z-project/rpg-zzu/node_modules/@vitest/runner/dist/chunk-hooks.js:1863:10)
    at runTest (file:///home/main/z-project/rpg-zzu/node_modules/@vitest/runner/dist/chunk-hooks.js:1574:12)
    at processTicksAndRejections (node:internal/process/task_queues:103:5)
    at runSuite (file:///home/main/z-project/rpg-zzu/node_modules/@vitest/runner/dist/chunk-hooks.js:1729:8)
G5-F2 native playMovie default-true and explicit-false contract explicit toggle selection saves wait=true skippable=false, not default-true omission
AssertionError: expected { kind: 'playMovie', …(2) } to deeply equal { kind: 'playMovie', …(3) }
    at /home/main/.herdr/worktrees/rpg-zzu/worktree-brave-valley-f078-event-remediation-0906-event-remediation-u04/test/eventCommandRemediation/U04.test.ts:132:24
    at file:///home/main/z-project/rpg-zzu/node_modules/@vitest/runner/dist/chunk-hooks.js:863:59
    at file:///home/main/z-project/rpg-zzu/node_modules/@vitest/runner/dist/chunk-hooks.js:155:11
    at file:///home/main/z-project/rpg-zzu/node_modules/@vitest/runner/dist/chunk-hooks.js:752:26
    at file:///home/main/z-project/rpg-zzu/node_modules/@vitest/runner/dist/chunk-hooks.js:1897:20
    at new Promise (<anonymous>)
    at runWithTimeout (file:///home/main/z-project/rpg-zzu/node_modules/@vitest/runner/dist/chunk-hooks.js:1863:10)
    at runTest (file:///home/main/z-project/rpg-zzu/node_modules/@vitest/runner/dist/chunk-hooks.js:1574:12)
    at processTicksAndRejections (node:internal/process/task_queues:103:5)
    at runSuite (file:///home/main/z-project/rpg-zzu/node_modules/@vitest/runner/dist/chunk-hooks.js:1729:8)
AssertionError: expected { kind: 'playMovie', …(2) } to deeply equal { kind: 'playMovie', …(3) }
    at /home/main/.herdr/worktrees/rpg-zzu/worktree-brave-valley-f078-event-remediation-0906-event-remediation-u04/test/eventCommandRemediation/U04.test.ts:133:33
    at file:///home/main/z-project/rpg-zzu/node_modules/@vitest/runner/dist/chunk-hooks.js:863:59
    at file:///home/main/z-project/rpg-zzu/node_modules/@vitest/runner/dist/chunk-hooks.js:155:11
    at file:///home/main/z-project/rpg-zzu/node_modules/@vitest/runner/dist/chunk-hooks.js:752:26
    at file:///home/main/z-project/rpg-zzu/node_modules/@vitest/runner/dist/chunk-hooks.js:1897:20
    at new Promise (<anonymous>)
    at runWithTimeout (file:///home/main/z-project/rpg-zzu/node_modules/@vitest/runner/dist/chunk-hooks.js:1863:10)
    at runTest (file:///home/main/z-project/rpg-zzu/node_modules/@vitest/runner/dist/chunk-hooks.js:1574:12)
    at processTicksAndRejections (node:internal/process/task_queues:103:5)
    at runSuite (file:///home/main/z-project/rpg-zzu/node_modules/@vitest/runner/dist/chunk-hooks.js:1729:8)
AssertionError: expected { kind: 'playMovie', …(3) } to deeply equal { kind: 'playMovie', …(3) }
    at /home/main/.herdr/worktrees/rpg-zzu/worktree-brave-valley-f078-event-remediation-0906-event-remediation-u04/test/eventCommandRemediation/U04.test.ts:139:38
    at file:///home/main/z-project/rpg-zzu/node_modules/@vitest/runner/dist/chunk-hooks.js:863:59
    at file:///home/main/z-project/rpg-zzu/node_modules/@vitest/runner/dist/chunk-hooks.js:155:11
    at file:///home/main/z-project/rpg-zzu/node_modules/@vitest/runner/dist/chunk-hooks.js:752:26
    at file:///home/main/z-project/rpg-zzu/node_modules/@vitest/runner/dist/chunk-hooks.js:1897:20
    at new Promise (<anonymous>)
    at runWithTimeout (file:///home/main/z-project/rpg-zzu/node_modules/@vitest/runner/dist/chunk-hooks.js:1863:10)
    at runTest (file:///home/main/z-project/rpg-zzu/node_modules/@vitest/runner/dist/chunk-hooks.js:1574:12)
    at processTicksAndRejections (node:internal/process/task_queues:103:5)
    at runSuite (file:///home/main/z-project/rpg-zzu/node_modules/@vitest/runner/dist/chunk-hooks.js:1729:8)
G5-F2 native playMovie default-true and explicit-false contract explicit toggle selection saves wait=false skippable=true, not default-true omission
AssertionError: expected { kind: 'playMovie', …(2) } to deeply equal { kind: 'playMovie', …(3) }
    at /home/main/.herdr/worktrees/rpg-zzu/worktree-brave-valley-f078-event-remediation-0906-event-remediation-u04/test/eventCommandRemediation/U04.test.ts:132:24
    at file:///home/main/z-project/rpg-zzu/node_modules/@vitest/runner/dist/chunk-hooks.js:863:59
    at file:///home/main/z-project/rpg-zzu/node_modules/@vitest/runner/dist/chunk-hooks.js:155:11
    at file:///home/main/z-project/rpg-zzu/node_modules/@vitest/runner/dist/chunk-hooks.js:752:26
    at file:///home/main/z-project/rpg-zzu/node_modules/@vitest/runner/dist/chunk-hooks.js:1897:20
    at new Promise (<anonymous>)
    at runWithTimeout (file:///home/main/z-project/rpg-zzu/node_modules/@vitest/runner/dist/chunk-hooks.js:1863:10)
    at runTest (file:///home/main/z-project/rpg-zzu/node_modules/@vitest/runner/dist/chunk-hooks.js:1574:12)
    at processTicksAndRejections (node:internal/process/task_queues:103:5)
    at runSuite (file:///home/main/z-project/rpg-zzu/node_modules/@vitest/runner/dist/chunk-hooks.js:1729:8)
AssertionError: expected { kind: 'playMovie', …(2) } to deeply equal { kind: 'playMovie', …(3) }
    at /home/main/.herdr/worktrees/rpg-zzu/worktree-brave-valley-f078-event-remediation-0906-event-remediation-u04/test/eventCommandRemediation/U04.test.ts:133:33
    at file:///home/main/z-project/rpg-zzu/node_modules/@vitest/runner/dist/chunk-hooks.js:863:59
    at file:///home/main/z-project/rpg-zzu/node_modules/@vitest/runner/dist/chunk-hooks.js:155:11
    at file:///home/main/z-project/rpg-zzu/node_modules/@vitest/runner/dist/chunk-hooks.js:752:26
    at file:///home/main/z-project/rpg-zzu/node_modules/@vitest/runner/dist/chunk-hooks.js:1897:20
    at new Promise (<anonymous>)
    at runWithTimeout (file:///home/main/z-project/rpg-zzu/node_modules/@vitest/runner/dist/chunk-hooks.js:1863:10)
    at runTest (file:///home/main/z-project/rpg-zzu/node_modules/@vitest/runner/dist/chunk-hooks.js:1574:12)
    at processTicksAndRejections (node:internal/process/task_queues:103:5)
    at runSuite (file:///home/main/z-project/rpg-zzu/node_modules/@vitest/runner/dist/chunk-hooks.js:1729:8)
AssertionError: expected { kind: 'playMovie', …(3) } to deeply equal { kind: 'playMovie', …(3) }
    at /home/main/.herdr/worktrees/rpg-zzu/worktree-brave-valley-f078-event-remediation-0906-event-remediation-u04/test/eventCommandRemediation/U04.test.ts:139:38
    at file:///home/main/z-project/rpg-zzu/node_modules/@vitest/runner/dist/chunk-hooks.js:863:59
    at file:///home/main/z-project/rpg-zzu/node_modules/@vitest/runner/dist/chunk-hooks.js:155:11
    at file:///home/main/z-project/rpg-zzu/node_modules/@vitest/runner/dist/chunk-hooks.js:752:26
    at file:///home/main/z-project/rpg-zzu/node_modules/@vitest/runner/dist/chunk-hooks.js:1897:20
    at new Promise (<anonymous>)
    at runWithTimeout (file:///home/main/z-project/rpg-zzu/node_modules/@vitest/runner/dist/chunk-hooks.js:1863:10)
    at runTest (file:///home/main/z-project/rpg-zzu/node_modules/@vitest/runner/dist/chunk-hooks.js:1574:12)
    at processTicksAndRejections (node:internal/process/task_queues:103:5)
    at runSuite (file:///home/main/z-project/rpg-zzu/node_modules/@vitest/runner/dist/chunk-hooks.js:1729:8)
G5-F2 native playMovie default-true and explicit-false contract explicit toggle selection saves wait=false skippable=false, not default-true omission
AssertionError: expected { kind: 'playMovie', …(1) } to deeply equal { kind: 'playMovie', …(3) }
    at /home/main/.herdr/worktrees/rpg-zzu/worktree-brave-valley-f078-event-remediation-0906-event-remediation-u04/test/eventCommandRemediation/U04.test.ts:132:24
    at file:///home/main/z-project/rpg-zzu/node_modules/@vitest/runner/dist/chunk-hooks.js:863:59
    at file:///home/main/z-project/rpg-zzu/node_modules/@vitest/runner/dist/chunk-hooks.js:155:11
    at file:///home/main/z-project/rpg-zzu/node_modules/@vitest/runner/dist/chunk-hooks.js:752:26
    at file:///home/main/z-project/rpg-zzu/node_modules/@vitest/runner/dist/chunk-hooks.js:1897:20
    at new Promise (<anonymous>)
    at runWithTimeout (file:///home/main/z-project/rpg-zzu/node_modules/@vitest/runner/dist/chunk-hooks.js:1863:10)
    at runTest (file:///home/main/z-project/rpg-zzu/node_modules/@vitest/runner/dist/chunk-hooks.js:1574:12)
    at processTicksAndRejections (node:internal/process/task_queues:103:5)
    at runSuite (file:///home/main/z-project/rpg-zzu/node_modules/@vitest/runner/dist/chunk-hooks.js:1729:8)
AssertionError: expected { kind: 'playMovie', …(1) } to deeply equal { kind: 'playMovie', …(3) }
    at /home/main/.herdr/worktrees/rpg-zzu/worktree-brave-valley-f078-event-remediation-0906-event-remediation-u04/test/eventCommandRemediation/U04.test.ts:133:33
    at file:///home/main/z-project/rpg-zzu/node_modules/@vitest/runner/dist/chunk-hooks.js:863:59
    at file:///home/main/z-project/rpg-zzu/node_modules/@vitest/runner/dist/chunk-hooks.js:155:11
    at file:///home/main/z-project/rpg-zzu/node_modules/@vitest/runner/dist/chunk-hooks.js:752:26
    at file:///home/main/z-project/rpg-zzu/node_modules/@vitest/runner/dist/chunk-hooks.js:1897:20
    at new Promise (<anonymous>)
    at runWithTimeout (file:///home/main/z-project/rpg-zzu/node_modules/@vitest/runner/dist/chunk-hooks.js:1863:10)
    at runTest (file:///home/main/z-project/rpg-zzu/node_modules/@vitest/runner/dist/chunk-hooks.js:1574:12)
    at processTicksAndRejections (node:internal/process/task_queues:103:5)
    at runSuite (file:///home/main/z-project/rpg-zzu/node_modules/@vitest/runner/dist/chunk-hooks.js:1729:8)
AssertionError: expected { kind: 'playMovie', …(3) } to deeply equal { kind: 'playMovie', …(3) }
    at /home/main/.herdr/worktrees/rpg-zzu/worktree-brave-valley-f078-event-remediation-0906-event-remediation-u04/test/eventCommandRemediation/U04.test.ts:139:38
    at file:///home/main/z-project/rpg-zzu/node_modules/@vitest/runner/dist/chunk-hooks.js:863:59
    at file:///home/main/z-project/rpg-zzu/node_modules/@vitest/runner/dist/chunk-hooks.js:155:11
    at file:///home/main/z-project/rpg-zzu/node_modules/@vitest/runner/dist/chunk-hooks.js:752:26
    at file:///home/main/z-project/rpg-zzu/node_modules/@vitest/runner/dist/chunk-hooks.js:1897:20
    at new Promise (<anonymous>)
    at runWithTimeout (file:///home/main/z-project/rpg-zzu/node_modules/@vitest/runner/dist/chunk-hooks.js:1863:10)
    at runTest (file:///home/main/z-project/rpg-zzu/node_modules/@vitest/runner/dist/chunk-hooks.js:1574:12)
    at processTicksAndRejections (node:internal/process/task_queues:103:5)
    at runSuite (file:///home/main/z-project/rpg-zzu/node_modules/@vitest/runner/dist/chunk-hooks.js:1729:8)