{
  "cwd": "/home/main/z-project/rpg-zzu-life-full-p2-life-full-record-keys",
  "processes": [],
  "removed": [
    {
      "path": "/home/main/z-project/rpg-zzu-life-full-p2-life-full-record-keys/dist",
      "existed": false,
      "existsAfter": false
    },
    {
      "path": "/home/main/z-project/rpg-zzu-life-full-p2-life-full-record-keys/.cache/life-record-keys-build",
      "existed": false,
      "existsAfter": false
    },
    {
      "path": "/home/main/z-project/rpg-zzu-life-full-p2-life-full-record-keys/.cache/life-record-keys-public",
      "existed": false,
      "existsAfter": false
    },
    {
      "path": "/home/main/z-project/rpg-zzu-life-full-p2-life-full-record-keys/.cache/life-record-keys-exact",
      "existed": false,
      "existsAfter": false
    },
    {
      "path": "/tmp/st_01a074c9-worktree.txt",
      "existed": false,
      "existsAfter": false
    },
    {
      "path": "/tmp/st_01a074c9-probe-console.log",
      "existed": false,
      "existsAfter": false
    },
    {
      "path": "/tmp/st_01a074c9-build-console.log",
      "existed": false,
      "existsAfter": false
    }
  ],
  "publicStorageEntriesAfter": 0,
  "publicWindowClosed": true,
  "publicViteClosed": true,
  "publicCleanupEvidence": "public-roundtrip.log",
  "httpListenerStarted": false,
  "remoteWrites": 0,
  "worktreeRetained": true,
  "provisionedDependenciesAndEnvRetained": true,
  "sharedNodeModulesCaches": "Not removed: shared with other actors; only task-root caches removed."
}
