Raw RED log: /tmp/st_01a07465-red.log
SHA256: d7d2c5d4844c52eb527f8397f506aafce1aab319efed7f683275dcd7eac50264
Only >2000-character serialized project diff lines are omitted below.


> rpg-zzu@0.1.0 test
> node scripts/run-vitest.mjs run --configLoader bundle test/villageOwnedRoadClassification.test.ts --maxWorkers=2


 RUN  v3.2.4 /home/main/z-project/rpg-zzu-house-protection-p2-road-audit

 ❯ test/villageOwnedRoadClassification.test.ts (7 tests | 5 failed) 16003ms
   ✓ village environmental road ownership > accepts the exact public village when existing ownership is control  4080ms
   × village environmental road ownership > accepts the exact public village when existing ownership is human-deck-edit 2925ms
     → [{"severity":"error","code":"village-qa-failed","mapId":"town","message":"Village structural QA failed."}]: expected false to be true // Object.is equality
   ✓ village environmental road ownership > accepts the exact public village when existing ownership is human-stamp  2578ms
   × village environmental road ownership > does not construct an external spur to a road-valued human stamp 1921ms
     → expected '{"version":4,"meta":{"title":"Owned r…' to be '{"version":4,"meta":{"title":"Owned r…' // Object.is equality
   × village environmental road ownership > does not connect external components through owned road values 384ms
     → expected 1 to be 2 // Object.is equality
   × village environmental road ownership > does not count a nearby owned road value as a door connection 376ms
     → expected 1 to be +0 // Object.is equality
   × village environmental road ownership > keeps the real facade gate closed when a disconnected external island remains 2925ms
     → expected 3 to be 2 // Object.is equality

⎯⎯⎯⎯⎯⎯⎯ Failed Tests 5 ⎯⎯⎯⎯⎯⎯⎯

 FAIL  test/villageOwnedRoadClassification.test.ts > village environmental road ownership > accepts the exact public village when existing ownership is human-deck-edit
AssertionError: [{"severity":"error","code":"village-qa-failed","mapId":"town","message":"Village structural QA failed."}]: expected false to be true // Object.is equality

[32m- Expected[39m
[31m+ Received[39m

[32m- true[39m
[31m+ false[39m

 ❯ test/villageOwnedRoadClassification.test.ts:59:56
     57|
     58|       // Then: all accepted bytes survive and four new doors reach one…
     59|       expect(result.ok, JSON.stringify(result.issues)).toBe(true);
       |                                                        ^
     60|       expect(result.data).toMatchObject({ village: { actualHouseCount:…
     61|         ok: true, doorsConnected: 4, doorsIntact: 4, roadComponents: 1…

⎯⎯⎯⎯⎯⎯⎯⎯⎯⎯⎯⎯⎯⎯⎯⎯⎯⎯⎯⎯⎯⎯⎯⎯[1/5]⎯

 FAIL  test/villageOwnedRoadClassification.test.ts > village environmental road ownership > does not construct an external spur to a road-valued human stamp
AssertionError: expected '{"version":4,"meta":{"title":"Owned r…' to be '{"version":4,"meta":{"title":"Owned r…' // Object.is equality

[32m- Expected[39m
[31m+ Received[39m

[Omitted serialized project comparison line: 1695173 characters; see raw log.]
[Omitted serialized project comparison line: 1695173 characters; see raw log.]

 ❯ test/villageOwnedRoadClassification.test.ts:82:36
     80|
     81|     // Then: ownership is not a road endpoint, so there is nothing to …
     82|     expect(serialize(ctx.project)).toBe(before);
       |                                    ^
     83|     expect(auditVillage(map, [], [], area).roadComponents).toBe(1);
     84|   });

⎯⎯⎯⎯⎯⎯⎯⎯⎯⎯⎯⎯⎯⎯⎯⎯⎯⎯⎯⎯⎯⎯⎯⎯[2/5]⎯

 FAIL  test/villageOwnedRoadClassification.test.ts > village environmental road ownership > does not connect external components through owned road values
AssertionError: expected 1 to be 2 // Object.is equality

[32m- Expected[39m
[31m+ Received[39m

[32m- 2[39m
[31m+ 1[39m

 ❯ test/villageOwnedRoadClassification.test.ts:96:34
     94|
     95|     // Then: neither outside segment is hidden just because it touches…
     96|     expect(audit.roadComponents).toBe(2);
       |                                  ^
     97|     expect(roadComponentNotes(map, area)).toHaveLength(2);
     98|   });

⎯⎯⎯⎯⎯⎯⎯⎯⎯⎯⎯⎯⎯⎯⎯⎯⎯⎯⎯⎯⎯⎯⎯⎯[3/5]⎯

 FAIL  test/villageOwnedRoadClassification.test.ts > village environmental road ownership > does not count a nearby owned road value as a door connection
AssertionError: expected 1 to be +0 // Object.is equality

[32m- Expected[39m
[31m+ Received[39m

[32m- 0[39m
[31m+ 1[39m

 ❯ test/villageOwnedRoadClassification.test.ts:112:34
    110|
    111|     // Then
    112|     expect(audit.doorsConnected).toBe(0);
       |                                  ^
    113|   });
    114|

⎯⎯⎯⎯⎯⎯⎯⎯⎯⎯⎯⎯⎯⎯⎯⎯⎯⎯⎯⎯⎯⎯⎯⎯[4/5]⎯

 FAIL  test/villageOwnedRoadClassification.test.ts > village environmental road ownership > keeps the real facade gate closed when a disconnected external island remains
AssertionError: expected 3 to be 2 // Object.is equality

[32m- Expected[39m
[31m+ Received[39m

[32m- 2[39m
[31m+ 3[39m

 ❯ test/villageOwnedRoadClassification.test.ts:139:24
    137|
    138|     // Then: the count gate is unchanged and rejection remains atomic.
    139|     expect(components).toBe(2);
       |                        ^
    140|     expect(result.ok).toBe(false);
    141|     expect(result.issues?.map(issue => issue.code)).toContain("village…

⎯⎯⎯⎯⎯⎯⎯⎯⎯⎯⎯⎯⎯⎯⎯⎯⎯⎯⎯⎯⎯⎯⎯⎯[5/5]⎯


 Test Files  1 failed (1)
      Tests  5 failed | 2 passed (7)
   Start at  10:50:31
   Duration  38.01s (transform 13.54s, setup 0ms, collect 18.97s, tests 16.00s, environment 0ms, prepare 231ms)
