monitor_id=mon_CYVRGD12G29WQ378
{"type":"line","id":"authoring-4147678","description":"task11 scoped validation","line":""}
{"type":"line","id":"authoring-4147678","description":"task11 scoped validation","line":"> rpg-zzu@0.1.0 test"}
{"type":"line","id":"authoring-4147678","description":"task11 scoped validation","line":"> node scripts/run-vitest.mjs run --configLoader bundle test/spatialAuthoringPreviewHandoff.test.ts --maxWorkers=1"}
{"type":"line","id":"authoring-4147678","description":"task11 scoped validation","line":""}
{"type":"line","id":"authoring-4147678","description":"task11 scoped validation","line":""}
{"type":"line","id":"authoring-4147678","description":"task11 scoped validation","line":" RUN  v3.2.4 /home/main/z-project/rpg-zzu-tile-to-world/.omo/worktrees/spatial-manual-build-core"}
{"type":"line","id":"authoring-4147678","description":"task11 scoped validation","line":""}
{"type":"line","id":"authoring-4147678","description":"task11 scoped validation","line":" ✓ test/spatialAuthoringPreviewHandoff.test.ts (3 tests) 3189ms"}
{"type":"line","id":"authoring-4147678","description":"task11 scoped validation","line":"   ✓ retains exact controller authority when an external adapter returns an issued compiled preview  1627ms"}
{"type":"line","id":"authoring-4147678","description":"task11 scoped validation","line":"   ✓ rejects another controller's handle when a foreign preview is handed off  627ms"}
{"type":"line","id":"authoring-4147678","description":"task11 scoped validation","line":"   ✓ rejects stale authority when the project changes before the external handoff  934ms"}
{"type":"line","id":"authoring-4147678","description":"task11 scoped validation","line":""}
{"type":"line","id":"authoring-4147678","description":"task11 scoped validation","line":" Test Files  1 passed (1)"}
{"type":"line","id":"authoring-4147678","description":"task11 scoped validation","line":"      Tests  3 passed (3)"}
{"type":"line","id":"authoring-4147678","description":"task11 scoped validation","line":"   Start at  07:31:41"}
{"type":"line","id":"authoring-4147678","description":"task11 scoped validation","line":"   Duration  9.44s (transform 4.03s, setup 0ms, collect 5.88s, tests 3.19s, environment 0ms, prepare 71ms)"}
{"type":"line","id":"authoring-4147678","description":"task11 scoped validation","line":""}
{"type":"line","id":"authoring-4147678","description":"task11 scoped validation","line":""}
{"type":"line","id":"authoring-4147678","description":"task11 scoped validation","line":"> rpg-zzu@0.1.0 typecheck:app"}
{"type":"line","id":"authoring-4147678","description":"task11 scoped validation","line":"> tsc --noEmit -p tsconfig.app.json"}
{"type":"line","id":"authoring-4147678","description":"task11 scoped validation","line":""}
{"type":"summary","id":"authoring-4147678","description":"task11 scoped validation","summary":"watcher completed (exit code 0)"}

> rpg-zzu@0.1.0 test
> node scripts/run-vitest.mjs run --configLoader bundle test/spatialAuthoringPreviewHandoff.test.ts --maxWorkers=1


 RUN  v3.2.4 /home/main/z-project/rpg-zzu-tile-to-world/.omo/worktrees/spatial-manual-build-core

 ✓ test/spatialAuthoringPreviewHandoff.test.ts (3 tests) 3189ms
   ✓ retains exact controller authority when an external adapter returns an issued compiled preview  1627ms
   ✓ rejects another controller's handle when a foreign preview is handed off  627ms
   ✓ rejects stale authority when the project changes before the external handoff  934ms

 Test Files  1 passed (1)
      Tests  3 passed (3)
   Start at  07:31:41
   Duration  9.44s (transform 4.03s, setup 0ms, collect 5.88s, tests 3.19s, environment 0ms, prepare 71ms)


> rpg-zzu@0.1.0 typecheck:app
> tsc --noEmit -p tsconfig.app.json


monitor_exit={"backend":"pipe-fallback","exitCode":0,"signal":null,"cancelled":false,"timedOut":false}
