monitor_id=mon_BWQ3D75HB17PBKM2
{"type":"line","id":"authoring-3883711","description":"task11 scoped validation","line":""}
{"type":"line","id":"authoring-3883711","description":"task11 scoped validation","line":"> rpg-zzu@0.1.0 test"}
{"type":"line","id":"authoring-3883711","description":"task11 scoped validation","line":"> node scripts/run-vitest.mjs run --configLoader bundle test/spatialManualBuildOwnership.test.ts --maxWorkers=1"}
{"type":"line","id":"authoring-3883711","description":"task11 scoped validation","line":""}
{"type":"line","id":"authoring-3883711","description":"task11 scoped validation","line":""}
{"type":"line","id":"authoring-3883711","description":"task11 scoped validation","line":" RUN  v3.2.4 /home/main/z-project/rpg-zzu-tile-to-world/.omo/worktrees/spatial-manual-build-core"}
{"type":"line","id":"authoring-3883711","description":"task11 scoped validation","line":""}
{"type":"line","id":"authoring-3883711","description":"task11 scoped validation","line":" ✓ test/spatialManualBuildOwnership.test.ts (5 tests) 4923ms"}
{"type":"line","id":"authoring-3883711","description":"task11 scoped validation","line":"   ✓ rejects atlas mismatch when an explicit object build targets a different atlas  908ms"}
{"type":"line","id":"authoring-3883711","description":"task11 scoped validation","line":"   ✓ rejects stale Apply when a separately accepted source edit changes the baseline  1094ms"}
{"type":"line","id":"authoring-3883711","description":"task11 scoped validation","line":"   ✓ preserves manual raster rejection when a nested edit resolves to its root owner  1355ms"}
{"type":"line","id":"authoring-3883711","description":"task11 scoped validation","line":"   ✓ retains external connection write-set rejection when a target is outside actual containment  739ms"}
{"type":"line","id":"authoring-3883711","description":"task11 scoped validation","line":"   ✓ rejects association-incomplete historical data when resolving a compile scope  826ms"}
{"type":"line","id":"authoring-3883711","description":"task11 scoped validation","line":""}
{"type":"line","id":"authoring-3883711","description":"task11 scoped validation","line":" Test Files  1 passed (1)"}
{"type":"line","id":"authoring-3883711","description":"task11 scoped validation","line":"      Tests  5 passed (5)"}
{"type":"line","id":"authoring-3883711","description":"task11 scoped validation","line":"   Start at  07:04:58"}
{"type":"line","id":"authoring-3883711","description":"task11 scoped validation","line":"   Duration  11.24s (transform 4.06s, setup 0ms, collect 5.88s, tests 4.92s, environment 1ms, prepare 80ms)"}
{"type":"line","id":"authoring-3883711","description":"task11 scoped validation","line":""}
{"type":"line","id":"authoring-3883711","description":"task11 scoped validation","line":""}
{"type":"line","id":"authoring-3883711","description":"task11 scoped validation","line":"> rpg-zzu@0.1.0 typecheck:app"}
{"type":"line","id":"authoring-3883711","description":"task11 scoped validation","line":"> tsc --noEmit -p tsconfig.app.json"}
{"type":"line","id":"authoring-3883711","description":"task11 scoped validation","line":""}
{"type":"summary","id":"authoring-3883711","description":"task11 scoped validation","summary":"watcher completed (exit code 0)"}

> rpg-zzu@0.1.0 test
> node scripts/run-vitest.mjs run --configLoader bundle test/spatialManualBuildOwnership.test.ts --maxWorkers=1


 RUN  v3.2.4 /home/main/z-project/rpg-zzu-tile-to-world/.omo/worktrees/spatial-manual-build-core

 ✓ test/spatialManualBuildOwnership.test.ts (5 tests) 4923ms
   ✓ rejects atlas mismatch when an explicit object build targets a different atlas  908ms
   ✓ rejects stale Apply when a separately accepted source edit changes the baseline  1094ms
   ✓ preserves manual raster rejection when a nested edit resolves to its root owner  1355ms
   ✓ retains external connection write-set rejection when a target is outside actual containment  739ms
   ✓ rejects association-incomplete historical data when resolving a compile scope  826ms

 Test Files  1 passed (1)
      Tests  5 passed (5)
   Start at  07:04:58
   Duration  11.24s (transform 4.06s, setup 0ms, collect 5.88s, tests 4.92s, environment 1ms, prepare 80ms)


> rpg-zzu@0.1.0 typecheck:app
> tsc --noEmit -p tsconfig.app.json


monitor_exit={"backend":"pipe-fallback","exitCode":0,"signal":null,"cancelled":false,"timedOut":false}
