
 RUN  v3.2.4 /home/main/z-project/rpg-zzu-issue-693

 ✓ test/runtimeMovementStability.test.ts (51 tests) 8889ms
   ✓ local diagnostics observe completed movement and actual blocked attempts without QA instrumentation  467ms
   ✓ 주인공 걷기 — RPG Maker 식 프레임 정량화 > 키를 누른 채 걸으면 걷기 패턴 0·1·2 가 모두 나온다(칸마다 애니메이션이 처음으로 돌아가지 않는다)  301ms
   ✓ coordinated furniture pushing > action push down follows the chair smoothly with fixed contact spacing  587ms
   ✓ coordinated furniture pushing > action push left follows the chair smoothly with fixed contact spacing  328ms
   ✓ coordinated furniture pushing > direction + dash uses the same slower push and ignores repeated action during it  308ms
   ✓ coordinated furniture pushing > finishes in 19 logic ticks at 30 Hz with no chained motion  351ms
   ✓ pathfinding through the real frame dispatcher > stops this-event when an obstacle appears instead of drifting along the remaining directions  318ms
   ✓ pathfinding through the real frame dispatcher > retargets a walking player from the admitted landing tile without accelerating the active step  335ms
 ❯ test/eventValidationNavigationContract.test.ts (21 tests | 1 failed) 28071ms
   ✓ validation navigation at the rendered modal seam > targets nested condition siblings rather than the first repeated field  2767ms
   ✓ validation navigation at the rendered modal seam > prepares an editable unsent handoff and retains the event editor draft  475ms
   ✓ validation navigation at the rendered modal seam > focuses the exact command field after navigation instead of stopping on the row  3256ms
   ✓ validation navigation at the rendered modal seam > focuses exact editable field for reference.switch.missing occurrence 0  1695ms
   ✓ validation navigation at the rendered modal seam > focuses exact editable field for reference.switch.missing occurrence 1  1217ms
   ✓ validation navigation at the rendered modal seam > focuses exact editable field for reference.variable.missing occurrence 0  1588ms
   ✓ validation navigation at the rendered modal seam > focuses exact editable field for reference.item.missing occurrence 0  1257ms
   ✓ validation navigation at the rendered modal seam > focuses exact editable field for reference.actor.missing occurrence 0  1563ms
   ✓ validation navigation at the rendered modal seam > focuses exact editable field for reference.switch.missing occurrence 2  1440ms
   ✓ validation navigation at the rendered modal seam > focuses exact editable field for reference.item.missing occurrence 1  969ms
   ✓ validation navigation at the rendered modal seam > focuses exact editable field for reference.switch.missing occurrence 3  743ms
   ✓ validation navigation at the rendered modal seam > reveals cross-page nested command from list with filter and inspector synchronized  1798ms
   ✓ validation navigation at the rendered modal seam > reveals cross-page nested command from storyboard with filter and inspector synchronized  1988ms
   ✓ validation navigation at the rendered modal seam > reveals cross-page nested command from preview with filter and inspector synchronized  1414ms
   ✓ validation navigation at the rendered modal seam > reveals cross-page nested command from flow with filter and inspector synchronized  2740ms
   ✓ validation navigation at the rendered modal seam > dismisses only the bell on first Escape and restores summary focus  659ms
   ✓ validation navigation at the rendered modal seam > registers once across refresh and unregisters synchronously on issue navigation  827ms
   ✓ validation navigation at the rendered modal seam > releases its layer when refresh removes the final issue  382ms
   ✓ validation navigation at the rendered modal seam > releases outside-dismiss resources before reopening through the summary  428ms
   ✓ validation navigation at the rendered modal seam > cleans detached bell resources on the exact removal notification  386ms
   × validation navigation at the rendered modal seam > removes its document listener and layer immediately when the parent closes 470ms
     → expected 2 to be +0 // Object.is equality
 ✓ test/eventValidationRecoveryFields.test.ts (17 tests) 42130ms
   ✓ spawn validation recovery in the actual inspector > accumulates staged field edits and optional clears through the existing command dialog  1794ms
   ✓ spawn validation recovery in the actual inspector > focuses and repairs troop without losing authored spawn data  4096ms
   ✓ spawn validation recovery in the actual inspector > focuses and repairs switch without losing authored spawn data  1859ms
   ✓ spawn validation recovery in the actual inspector > focuses and repairs graphic without losing authored spawn data  1241ms
   ✓ spawn validation recovery in the actual inspector > focuses and repairs x without losing authored spawn data  1703ms
   ✓ spawn validation recovery in the actual inspector > focuses and repairs y without losing authored spawn data  1182ms
   ✓ spawn validation recovery in the actual inspector > focuses and repairs w without losing authored spawn data  1730ms
   ✓ spawn validation recovery in the actual inspector > focuses and repairs h without losing authored spawn data  1904ms
   ✓ page route validation recovery > keeps initial and appended parameter changes as insertion templates until explicit row selection  1576ms
   ✓ page route validation recovery > opens, selects and edits the exact 'setSwitch' step without committing until OK  15692ms
   ✓ page route validation recovery > opens, selects and edits the exact 'changeGraphic' step without committing until OK  1123ms
   ✓ page route validation recovery > opens, selects and edits the exact 'playSe' step without committing until OK  802ms
   ✓ page route validation recovery > focuses and repairs the NPC transfer map field in its selected step  1370ms
   ✓ page route validation recovery > focuses and repairs the NPC transfer x field in its selected step  2104ms
   ✓ page route validation recovery > focuses and repairs the NPC transfer y field in its selected step  2022ms
   ✓ page route validation recovery > recomputes repeated route-step locations after reorder and deletion  709ms
   ✓ page route validation recovery > cancels route recovery without changing the page  1182ms
 ✓ test/playerBootFactory.test.ts (8 tests) 6039ms
   ✓ player Phaser boot contract > keeps editor and export Phaser config and registry contracts identical  4483ms
   ✓ player Phaser boot contract > installs every boot value before PlayScene preload and create can observe the registry  409ms
 ✓ test/eventBattleFailure.test.ts (24 tests) 3343ms
   ✓ native event battle failure ownership > reports initialization failure and stops action commands without an outcome  557ms
 ✓ test/transactionalRemoteSourceLineage.test.ts (12 tests) 112380ms
   ✓ transactional remote source ownership > accepts its own audio metadata reconciliation through real source flush  10448ms
   ✓ transactional remote source ownership > accepts its own monster metadata reconciliation through real source flush  10278ms
   ✓ transactional remote source ownership > accepts its own both metadata reconciliation through real source flush  9109ms
   ✓ transactional remote source ownership > rejects flush-time edit even when the source ends clean with the same identity  11432ms
   ✓ transactional remote source ownership > rejects save-time edit even when the source ends clean with the same identity  8580ms
   ✓ transactional remote source ownership > rejects reload-time edit even when the source ends clean with the same identity  11060ms
   ✓ transactional remote source ownership > rejects flush-time replacement even when the source ends clean with the same identity  7736ms
   ✓ transactional remote source ownership > rejects save-time replacement even when the source ends clean with the same identity  7097ms
   ✓ transactional remote source ownership > rejects reload-time replacement even when the source ends clean with the same identity  9493ms
   ✓ transactional remote source ownership > rejects flush-time cancel even when the source ends clean with the same identity  6641ms
   ✓ transactional remote source ownership > rejects save-time cancel even when the source ends clean with the same identity  11490ms
   ✓ transactional remote source ownership > rejects reload-time cancel even when the source ends clean with the same identity  9003ms
 ✓ test/battleResultTransitionFailure.test.ts (5 tests) 1954ms
   ✓ result-confirm transition failure > settles and releases the event after factory-throw without committing victory  1064ms
   ✓ result-confirm transition failure > settles and releases the event after exit-reject without committing victory  455ms
 ✓ test/unsupportedMidiAuthoring.test.ts (10 tests) 28279ms
   ✓ unsupported MIDI authoring > disables MIDI candidates in the shared picker but assigns supported audio  2463ms
   ✓ unsupported MIDI authoring > keeps a legacy selection inspectable without confirming or rewriting it  1303ms
   ✓ unsupported MIDI authoring > guards the confirmation callback even for a synthetic activation  1484ms
   ✓ unsupported MIDI authoring > blocks the shared music text-input application path  13539ms
   ✓ unsupported MIDI authoring > blocks new MIDI in native dropdowns while preserving current empty  1394ms
   ✓ unsupported MIDI authoring > blocks new MIDI in m2 dropdowns while preserving current empty  409ms
   ✓ unsupported MIDI authoring > blocks new MIDI in native dropdowns while preserving current easyrpg-music-battle-1  2744ms
   ✓ unsupported MIDI authoring > blocks new MIDI in m2 dropdowns while preserving current easyrpg-music-battle-1  2372ms
   ✓ unsupported MIDI authoring > preserves legacy map BGM during inspection and assigns supported BGM through its picker  2427ms
 ✓ test/eventBattleAdmission.test.ts (10 tests) 5113ms
   ✓ native battle confirmation admission > retains the draft when empty is confirmed and allows corrected authoring  545ms
   ✓ native battle confirmation admission > retains the draft when missing is confirmed and allows corrected authoring  730ms
   ✓ native battle confirmation admission > retains the draft when empty-members is confirmed and allows corrected authoring  515ms
   ✓ native battle confirmation admission > retains the draft when variable-empty is confirmed and allows corrected authoring  778ms
   ✓ native battle confirmation admission > retains the draft when variable-missing is confirmed and allows corrected authoring  663ms
   ✓ native battle confirmation admission > revalidates a troop removed while the dialog is open  793ms
   ✓ native battle confirmation admission > accepts a selected variable without treating the unused fixed reference as required  348ms
   ✓ native battle confirmation admission > accepts legitimate legacy composition  379ms
 ✓ test/playSceneBattleCancellation.test.ts (5 tests) 6815ms
   ✓ playBattle cancellation boundary > abort during entry settles without mounting or writing a result  957ms
   ✓ playBattle cancellation boundary > gauge uses real keyboard input and writes back only the chosen branch  3013ms
   ✓ playBattle cancellation boundary > strict uses real keyboard input and writes back only the chosen branch  1047ms
   ✓ playBattle cancellation boundary > replacing the session while choices are open abandons the old write-back and listener  904ms
   ✓ playBattle cancellation boundary > host teardown after accepting a result cancels before reward/state write-back  887ms
 ✓ test/localDiagnosticsWorkflow.test.ts (6 tests) 579ms
   ✓ subscribes to real authoring/log sources only after consent and clears on project switch  321ms
 ✓ test/battleInitializationAdmission.test.ts (9 tests) 1639ms
   ✓ battle initialization admission > rejects empty effective enemy composition before opening battle  303ms
 ✓ test/eventValidationFieldAnchors.test.ts (44 tests) 12933ms
   ✓ native validation repair anchors > locates the real form's repair field for setSwitch  898ms
   ✓ native validation repair anchors > locates the real form's repair field for setVariable  428ms
   ✓ native validation repair anchors > locates the real form's repair field for applyItemUpgrade  343ms
   ✓ native validation repair anchors > locates the real form's repair field for playAudio  690ms
   ✓ locates existing M2 reference controls for 'Change System BGM'  482ms
   ✓ locates existing M2 reference controls for 'Change System SE'  1171ms
   ✓ locates existing M2 reference controls for 'Show Animation'  368ms
   ✓ locates existing M2 reference controls for 'Change Battleback'  990ms
   ✓ locates existing M2 reference controls for 'Show Animation'  792ms
   ✓ locates existing M2 reference controls for 'Region Trigger'  405ms
   ✓ locates existing M2 reference controls for 'Sound Layer'  775ms
 ✓ test/aiBootIntent.test.ts (7 tests) 35ms
 ✓ test/localDiagnosticSources.test.ts (2 tests) 1003ms
   ✓ local diagnostics capture only newly authored user/assistant metadata at the existing audit boundary  977ms
 ✓ test/eventValidationSelectFocus.test.ts (1 test) 75ms
 ✓ test/aiConversationHistoryModal.test.ts (32 tests) 412ms
 ✓ test/eventDraftValidator.test.ts (21 tests) 2359ms
 ✓ test/eventEditorStagedState.test.ts (14 tests) 2387ms
   ✓ event command staged-state regressions > keeps consecutive shop settings instead of restoring the render-time command  318ms
   ✓ event command staged-state regressions > rerenders a group child after changing its condition kind  320ms
 ✓ test/fakeDomSelectContracts.test.ts (11 tests) 100ms
 ✓ test/storePersistenceLineage.test.ts (8 tests) 174688ms
   ✓ accepted receipt content lineage > does not resurrect saved authority after reload during PATCH  39786ms
   ✓ accepted receipt content lineage > does not resurrect saved authority after load during PATCH  24067ms
   ✓ accepted receipt content lineage > does not resurrect saved authority after reconnect during PATCH  22601ms
   ✓ accepted receipt content lineage > invalidates an already published receipt on reload even for identical content  21280ms
   ✓ accepted receipt content lineage > invalidates an already published receipt on load even for identical content  19398ms
   ✓ accepted receipt content lineage > invalidates an already published receipt on reconnect even for identical content  21100ms
   ✓ accepted receipt content lineage > invalidates an already published receipt on adopt even for identical content  13574ms
   ✓ accepted receipt content lineage > invalidates an already published receipt on fallback even for identical content  12872ms
 ✓ test/weightedBranchUx.test.ts (19 tests) 4964ms
   ✓ weighted branch command UX > initializes percentages, row bars and zero-based mapping without writing on open  829ms
   ✓ weighted branch command UX > redistributes the remainder proportionally when one percentage changes  473ms
   ✓ weighted branch command UX > leaves the committed table unchanged for incomplete and out-of-range percentages  362ms
   ✓ weighted branch command UX > blocks modal Confirm with invalid chance "101" and focuses the field  392ms
   ✓ weighted branch command UX > does not show certainty for the counterpart of a tiny positive chance  320ms
   ✓ weighted branch command UX > keeps a lone result at 100 percent and prevents removing it  554ms
 ✓ test/battleProcessingCommandBody.test.ts (12 tests) 2763ms
   ✓ battleProcessing modern form > 노출: 적 그룹/도망/패배/방식/프리셋/경고  348ms
   ✓ battleProcessing modern form > 보스 프리셋: 도망 불가 + 엄격 턴제  362ms
   ✓ battleProcessing modern form > 필드 프리셋: 도망/패배 허용  325ms
   ✓ battleProcessing modern form > 스토리 프리셋: 도망 불가 + 게임오버  374ms
   ✓ battleProcessing modern form > 트룹 선택 시 경고가 사라진다  327ms
 ✓ test/playSceneInterpreterCutsceneSkip.test.ts (5 tests) 1562ms
   ✓ skippable cutscene skip hint > shows the hint while a skippable cutscene blocks and clears it when the cutscene ends  301ms
   ✓ skippable cutscene skip hint > leaves the hint hidden when the cutscene is not skippable  448ms
   ✓ skippable cutscene blocking waits > skips a camera wait on double Escape  314ms
 ✓ test/battleDefeatOutcome.test.ts (5 tests) 878ms
 ✓ test/eventValidationDiagnostics.test.ts (5 tests) 862ms
   ✓ event validation diagnostic data > retains repeated condition locations in the handoff  516ms
 ✓ test/playBootDiagnostics.test.ts (9 tests) 39ms
 ✓ test/localDiagnosticSession.test.ts (6 tests) 107ms
 ✓ test/eventSpawnNumericProbe.test.ts (6 tests) 1453ms
   ✓ spawn numeric controls through the gate DOM > rejects invalid x edits and accumulates valid commits  412ms
 ✓ test/fakeDomNumericInput.test.ts (17 tests) 28ms
 ✓ test/eventValidationFakeNavigation.test.ts (1 test) 558ms
   ✓ uses the shared navigation contract in the lightweight rendered host  556ms

⎯⎯⎯⎯⎯⎯⎯ Failed Tests 1 ⎯⎯⎯⎯⎯⎯⎯

 FAIL  test/eventValidationNavigationContract.test.ts > validation navigation at the rendered modal seam > removes its document listener and layer immediately when the parent closes
AssertionError: expected 2 to be +0 // Object.is equality

[32m- Expected[39m
[31m+ Received[39m

[32m- 0[39m
[31m+ 2[39m

 ❯ test/eventValidationNavigationContract.test.ts:244:43
    242|     const remove = vi.spyOn(document, "removeEventListener");
    243|     control("event-editor-cancel").click();
    244|     expect(modalStackEntryCountForTest()).toBe(0);
       |                                           ^
    245|     expect(remove.mock.calls.some(([type]) => type === "pointerdown"))…
    246|   });

⎯⎯⎯⎯⎯⎯⎯⎯⎯⎯⎯⎯⎯⎯⎯⎯⎯⎯⎯⎯⎯⎯⎯⎯[1/1]⎯


 Test Files  1 failed | 30 passed (31)
      Tests  1 failed | 402 passed (403)
   Start at  20:07:08
   Duration  891.77s (transform 137.93s, setup 0ms, collect 302.91s, tests 452.44s, environment 46.38s, prepare 11.51s)

JSON report written to /dev/shm/rpg-zzu-issue693-integration-st_01a080a2/focused-complete.json
