monitor_id=mon_SQNM52KPQQNH8H8G
{"type":"line","id":"authoring-3515431","description":"task11 scoped validation","line":""}
{"type":"line","id":"authoring-3515431","description":"task11 scoped validation","line":"> rpg-zzu@0.1.0 test"}
{"type":"line","id":"authoring-3515431","description":"task11 scoped validation","line":"> node scripts/run-vitest.mjs run --configLoader bundle test/placedPlaceAssociationEdges.test.ts --maxWorkers=1 --no-file-parallelism"}
{"type":"line","id":"authoring-3515431","description":"task11 scoped validation","line":""}
{"type":"line","id":"authoring-3515431","description":"task11 scoped validation","line":""}
{"type":"line","id":"authoring-3515431","description":"task11 scoped validation","line":" RUN  v3.2.4 /home/main/z-project/rpg-zzu-tile-to-world/.omo/worktrees/spatial-placed-place-edit"}
{"type":"line","id":"authoring-3515431","description":"task11 scoped validation","line":""}
{"type":"line","id":"authoring-3515431","description":"task11 scoped validation","line":" ✓ test/placedPlaceAssociationEdges.test.ts (2 tests) 3460ms"}
{"type":"line","id":"authoring-3515431","description":"task11 scoped validation","line":"   ✓ moves the actual override when the requested position equals its unchanged template  2274ms"}
{"type":"line","id":"authoring-3515431","description":"task11 scoped validation","line":"   ✓ rejects an unrelated compile scope when a parent composition changes  1185ms"}
{"type":"line","id":"authoring-3515431","description":"task11 scoped validation","line":""}
{"type":"line","id":"authoring-3515431","description":"task11 scoped validation","line":" Test Files  1 passed (1)"}
{"type":"line","id":"authoring-3515431","description":"task11 scoped validation","line":"      Tests  2 passed (2)"}
{"type":"line","id":"authoring-3515431","description":"task11 scoped validation","line":"   Start at  06:34:29"}
{"type":"line","id":"authoring-3515431","description":"task11 scoped validation","line":"   Duration  10.20s (transform 4.08s, setup 0ms, collect 5.99s, tests 3.46s, environment 314ms, prepare 91ms)"}
{"type":"line","id":"authoring-3515431","description":"task11 scoped validation","line":""}
{"type":"summary","id":"authoring-3515431","description":"task11 scoped validation","summary":"watcher completed (exit code 0)"}

> rpg-zzu@0.1.0 test
> node scripts/run-vitest.mjs run --configLoader bundle test/placedPlaceAssociationEdges.test.ts --maxWorkers=1 --no-file-parallelism


 RUN  v3.2.4 /home/main/z-project/rpg-zzu-tile-to-world/.omo/worktrees/spatial-placed-place-edit

 ✓ test/placedPlaceAssociationEdges.test.ts (2 tests) 3460ms
   ✓ moves the actual override when the requested position equals its unchanged template  2274ms
   ✓ rejects an unrelated compile scope when a parent composition changes  1185ms

 Test Files  1 passed (1)
      Tests  2 passed (2)
   Start at  06:34:29
   Duration  10.20s (transform 4.08s, setup 0ms, collect 5.99s, tests 3.46s, environment 314ms, prepare 91ms)


monitor_exit={"backend":"pipe-fallback","exitCode":0,"signal":null,"cancelled":false,"timedOut":false}
