monitor_id=mon_25CWVWRW815SKMB8
{"type":"line","id":"authoring-3174617","description":"task11 scoped validation","line":""}
{"type":"line","id":"authoring-3174617","description":"task11 scoped validation","line":"> rpg-zzu@0.1.0 test"}
{"type":"line","id":"authoring-3174617","description":"task11 scoped validation","line":"> node scripts/run-vitest.mjs run --configLoader bundle test/placedPlaceEdits.test.ts --maxWorkers=1 --no-file-parallelism"}
{"type":"line","id":"authoring-3174617","description":"task11 scoped validation","line":""}
{"type":"line","id":"authoring-3174617","description":"task11 scoped validation","line":""}
{"type":"line","id":"authoring-3174617","description":"task11 scoped validation","line":" RUN  v3.2.4 /home/main/z-project/rpg-zzu-tile-to-world/.omo/worktrees/spatial-placed-place-edit"}
{"type":"line","id":"authoring-3174617","description":"task11 scoped validation","line":""}
{"type":"line","id":"authoring-3174617","description":"task11 scoped validation","line":" ✓ test/placedPlaceEdits.test.ts (1 test) 4071ms"}
{"type":"line","id":"authoring-3174617","description":"task11 scoped validation","line":"   ✓ moves the associated actual child and compiled surface when a placed slot moves  4066ms"}
{"type":"line","id":"authoring-3174617","description":"task11 scoped validation","line":""}
{"type":"line","id":"authoring-3174617","description":"task11 scoped validation","line":" Test Files  1 passed (1)"}
{"type":"line","id":"authoring-3174617","description":"task11 scoped validation","line":"      Tests  1 passed (1)"}
{"type":"line","id":"authoring-3174617","description":"task11 scoped validation","line":"   Start at  06:21:01"}
{"type":"line","id":"authoring-3174617","description":"task11 scoped validation","line":"   Duration  17.59s (transform 8.69s, setup 0ms, collect 11.97s, tests 4.07s, environment 590ms, prepare 183ms)"}
{"type":"line","id":"authoring-3174617","description":"task11 scoped validation","line":""}
{"type":"summary","id":"authoring-3174617","description":"task11 scoped validation","summary":"watcher completed (exit code 0)"}

> rpg-zzu@0.1.0 test
> node scripts/run-vitest.mjs run --configLoader bundle test/placedPlaceEdits.test.ts --maxWorkers=1 --no-file-parallelism


 RUN  v3.2.4 /home/main/z-project/rpg-zzu-tile-to-world/.omo/worktrees/spatial-placed-place-edit

 ✓ test/placedPlaceEdits.test.ts (1 test) 4071ms
   ✓ moves the associated actual child and compiled surface when a placed slot moves  4066ms

 Test Files  1 passed (1)
      Tests  1 passed (1)
   Start at  06:21:01
   Duration  17.59s (transform 8.69s, setup 0ms, collect 11.97s, tests 4.07s, environment 590ms, prepare 183ms)


monitor_exit={"backend":"pipe-fallback","exitCode":0,"signal":null,"cancelled":false,"timedOut":false}
