monitor_id=mon_AA3D3HSWKEY3VPC0
{"type":"line","id":"authoring-3624184","description":"task11 scoped validation","line":""}
{"type":"line","id":"authoring-3624184","description":"task11 scoped validation","line":"> rpg-zzu@0.1.0 test"}
{"type":"line","id":"authoring-3624184","description":"task11 scoped validation","line":"> node scripts/run-vitest.mjs run --configLoader bundle test/placedPlaceCommandSelection.test.ts --maxWorkers=1 --no-file-parallelism"}
{"type":"line","id":"authoring-3624184","description":"task11 scoped validation","line":""}
{"type":"line","id":"authoring-3624184","description":"task11 scoped validation","line":""}
{"type":"line","id":"authoring-3624184","description":"task11 scoped validation","line":" RUN  v3.2.4 /home/main/z-project/rpg-zzu-tile-to-world/.omo/worktrees/spatial-placed-place-edit"}
{"type":"line","id":"authoring-3624184","description":"task11 scoped validation","line":""}
{"type":"line","id":"authoring-3624184","description":"task11 scoped validation","line":" ✓ test/placedPlaceCommandSelection.test.ts (2 tests) 2156ms"}
{"type":"line","id":"authoring-3624184","description":"task11 scoped validation","line":"   ✓ selects the actual proposed clone when the placed duplicate command succeeds  1563ms"}
{"type":"line","id":"authoring-3624184","description":"task11 scoped validation","line":"   ✓ preserves explicit instance selection when a previously created design is still remembered  591ms"}
{"type":"line","id":"authoring-3624184","description":"task11 scoped validation","line":""}
{"type":"line","id":"authoring-3624184","description":"task11 scoped validation","line":" Test Files  1 passed (1)"}
{"type":"line","id":"authoring-3624184","description":"task11 scoped validation","line":"      Tests  2 passed (2)"}
{"type":"line","id":"authoring-3624184","description":"task11 scoped validation","line":"   Start at  06:39:19"}
{"type":"line","id":"authoring-3624184","description":"task11 scoped validation","line":"   Duration  8.80s (transform 4.12s, setup 0ms, collect 5.98s, tests 2.16s, environment 273ms, prepare 72ms)"}
{"type":"line","id":"authoring-3624184","description":"task11 scoped validation","line":""}
{"type":"summary","id":"authoring-3624184","description":"task11 scoped validation","summary":"watcher completed (exit code 0)"}

> rpg-zzu@0.1.0 test
> node scripts/run-vitest.mjs run --configLoader bundle test/placedPlaceCommandSelection.test.ts --maxWorkers=1 --no-file-parallelism


 RUN  v3.2.4 /home/main/z-project/rpg-zzu-tile-to-world/.omo/worktrees/spatial-placed-place-edit

 ✓ test/placedPlaceCommandSelection.test.ts (2 tests) 2156ms
   ✓ selects the actual proposed clone when the placed duplicate command succeeds  1563ms
   ✓ preserves explicit instance selection when a previously created design is still remembered  591ms

 Test Files  1 passed (1)
      Tests  2 passed (2)
   Start at  06:39:19
   Duration  8.80s (transform 4.12s, setup 0ms, collect 5.98s, tests 2.16s, environment 273ms, prepare 72ms)


monitor_exit={"backend":"pipe-fallback","exitCode":0,"signal":null,"cancelled":false,"timedOut":false}
