monitor_id=mon_5JZYQFAA9G2GJA49
{"type":"line","id":"authoring-3126606","description":"task11 scoped validation","line":""}
{"type":"line","id":"authoring-3126606","description":"task11 scoped validation","line":"> rpg-zzu@0.1.0 test"}
{"type":"line","id":"authoring-3126606","description":"task11 scoped validation","line":"> node scripts/run-vitest.mjs run --configLoader bundle test/placedPlaceEdits.test.ts --maxWorkers=1 --no-file-parallelism"}
{"type":"line","id":"authoring-3126606","description":"task11 scoped validation","line":""}
{"type":"line","id":"authoring-3126606","description":"task11 scoped validation","line":""}
{"type":"line","id":"authoring-3126606","description":"task11 scoped validation","line":" RUN  v3.2.4 /home/main/z-project/rpg-zzu-tile-to-world/.omo/worktrees/spatial-placed-place-edit"}
{"type":"line","id":"authoring-3126606","description":"task11 scoped validation","line":""}
{"type":"line","id":"authoring-3126606","description":"task11 scoped validation","line":" ❯ test/placedPlaceEdits.test.ts (1 test | 1 failed) 3982ms"}
{"type":"line","id":"authoring-3126606","description":"task11 scoped validation","line":"   × moves the associated actual child and compiled surface when a placed slot moves 3978ms"}
{"type":"line","id":"authoring-3126606","description":"task11 scoped validation","line":"     → expected { x: 2, y: 3 } to deeply equal { x: 6, y: 9 }"}
{"type":"line","id":"authoring-3126606","description":"task11 scoped validation","line":""}
{"type":"line","id":"authoring-3126606","description":"task11 scoped validation","line":"⎯⎯⎯⎯⎯⎯⎯ Failed Tests 1 ⎯⎯⎯⎯⎯⎯⎯"}
{"type":"line","id":"authoring-3126606","description":"task11 scoped validation","line":""}
{"type":"line","id":"authoring-3126606","description":"task11 scoped validation","line":" FAIL  test/placedPlaceEdits.test.ts > moves the associated actual child and compiled surface when a placed slot moves"}
{"type":"line","id":"authoring-3126606","description":"task11 scoped validation","line":"AssertionError: expected { x: 2, y: 3 } to deeply equal { x: 6, y: 9 }"}
{"type":"line","id":"authoring-3126606","description":"task11 scoped validation","line":""}
{"type":"line","id":"authoring-3126606","description":"task11 scoped validation","line":"\u001b[32m- Expected\u001b[39m"}
{"type":"line","id":"authoring-3126606","description":"task11 scoped validation","line":"\u001b[31m+ Received\u001b[39m"}
{"type":"line","id":"authoring-3126606","description":"task11 scoped validation","line":""}
{"type":"line","id":"authoring-3126606","description":"task11 scoped validation","line":"\u001b[2m  {\u001b[22m"}
{"type":"line","id":"authoring-3126606","description":"task11 scoped validation","line":"\u001b[32m-   \"x\": 6,\u001b[39m"}
{"type":"line","id":"authoring-3126606","description":"task11 scoped validation","line":"\u001b[32m-   \"y\": 9,\u001b[39m"}
{"type":"line","id":"authoring-3126606","description":"task11 scoped validation","line":"\u001b[31m+   \"x\": 2,\u001b[39m"}
{"type":"line","id":"authoring-3126606","description":"task11 scoped validation","line":"\u001b[31m+   \"y\": 3,\u001b[39m"}
{"type":"line","id":"authoring-3126606","description":"task11 scoped validation","line":"\u001b[2m  }\u001b[22m"}
{"type":"line","id":"authoring-3126606","description":"task11 scoped validation","line":""}
{"type":"line","id":"authoring-3126606","description":"task11 scoped validation","line":" ❯ test/placedPlaceEdits.test.ts:39:40"}
{"type":"line","id":"authoring-3126606","description":"task11 scoped validation","line":"     37|   // Then compiler geometry follows the actual association, with one a…"}
{"type":"line","id":"authoring-3126606","description":"task11 scoped validation","line":"     38|   const square = own(fixtureDocument(preview.project).occurrences, squ…"}
{"type":"line","id":"authoring-3126606","description":"task11 scoped validation","line":"     39|   expect({ x: square.x, y: square.y }).toEqual({ x: 6, y: 9 });"}
{"type":"line","id":"authoring-3126606","description":"task11 scoped validation","line":"       |                                        ^"}
{"type":"line","id":"authoring-3126606","description":"task11 scoped validation","line":"     40|   expect(square.bindings[0]?.rect).toMatchObject({ x: 6, y: 9 });"}
{"type":"line","id":"authoring-3126606","description":"task11 scoped validation","line":"     41|   expect(preview.project.spatialAuthoring?.library).toEqual(before.spa…"}
{"type":"line","id":"authoring-3126606","description":"task11 scoped validation","line":""}
{"type":"line","id":"authoring-3126606","description":"task11 scoped validation","line":"⎯⎯⎯⎯⎯⎯⎯⎯⎯⎯⎯⎯⎯⎯⎯⎯⎯⎯⎯⎯⎯⎯⎯⎯[1/1]⎯"}
{"type":"line","id":"authoring-3126606","description":"task11 scoped validation","line":""}
{"type":"line","id":"authoring-3126606","description":"task11 scoped validation","line":""}
{"type":"line","id":"authoring-3126606","description":"task11 scoped validation","line":" Test Files  1 failed (1)"}
{"type":"line","id":"authoring-3126606","description":"task11 scoped validation","line":"      Tests  1 failed (1)"}
{"type":"line","id":"authoring-3126606","description":"task11 scoped validation","line":"   Start at  06:16:04"}
{"type":"line","id":"authoring-3126606","description":"task11 scoped validation","line":"   Duration  15.84s (transform 7.54s, setup 0ms, collect 10.59s, tests 3.98s, environment 586ms, prepare 152ms)"}
{"type":"line","id":"authoring-3126606","description":"task11 scoped validation","line":""}
{"type":"summary","id":"authoring-3126606","description":"task11 scoped validation","summary":"watcher exited_1 (exit code 1)"}

> rpg-zzu@0.1.0 test
> node scripts/run-vitest.mjs run --configLoader bundle test/placedPlaceEdits.test.ts --maxWorkers=1 --no-file-parallelism


 RUN  v3.2.4 /home/main/z-project/rpg-zzu-tile-to-world/.omo/worktrees/spatial-placed-place-edit

 ❯ test/placedPlaceEdits.test.ts (1 test | 1 failed) 3982ms
   × moves the associated actual child and compiled surface when a placed slot moves 3978ms
     → expected { x: 2, y: 3 } to deeply equal { x: 6, y: 9 }

⎯⎯⎯⎯⎯⎯⎯ Failed Tests 1 ⎯⎯⎯⎯⎯⎯⎯

 FAIL  test/placedPlaceEdits.test.ts > moves the associated actual child and compiled surface when a placed slot moves
AssertionError: expected { x: 2, y: 3 } to deeply equal { x: 6, y: 9 }

[32m- Expected[39m
[31m+ Received[39m

[2m  {[22m
[32m-   "x": 6,[39m
[32m-   "y": 9,[39m
[31m+   "x": 2,[39m
[31m+   "y": 3,[39m
[2m  }[22m

 ❯ test/placedPlaceEdits.test.ts:39:40
     37|   // Then compiler geometry follows the actual association, with one a…
     38|   const square = own(fixtureDocument(preview.project).occurrences, squ…
     39|   expect({ x: square.x, y: square.y }).toEqual({ x: 6, y: 9 });
       |                                        ^
     40|   expect(square.bindings[0]?.rect).toMatchObject({ x: 6, y: 9 });
     41|   expect(preview.project.spatialAuthoring?.library).toEqual(before.spa…

⎯⎯⎯⎯⎯⎯⎯⎯⎯⎯⎯⎯⎯⎯⎯⎯⎯⎯⎯⎯⎯⎯⎯⎯[1/1]⎯


 Test Files  1 failed (1)
      Tests  1 failed (1)
   Start at  06:16:04
   Duration  15.84s (transform 7.54s, setup 0ms, collect 10.59s, tests 3.98s, environment 586ms, prepare 152ms)


monitor_exit={"backend":"pipe-fallback","exitCode":1,"signal":null,"cancelled":false,"timedOut":false}
