monitor_id=mon_RY0VWFKWMRGZQ0DV
{"type":"line","id":"authoring-3862094","description":"task11 scoped validation","line":"TYPECHECK_STARTEDntest/placedPlaceEdits.test.ts(22,40): error TS2322: Type '{ [k: string]: { id: SpatialId; parentId: SpatialId | null; x: number; y: number; kind: \"object\"; source: SpatialSource<\"object\">; level: number; seed: number; generatorVersion: string; bindings: readonly SpatialCompiledBinding[]; snapshot: SpatialCompositionSnapshot<...>; parentSlot: null; } | ... 13 more ... | { ....' is not assignable to type 'Readonly<Record<string, SpatialOccurrence>>'."}
{"type":"line","id":"authoring-3862094","description":"task11 scoped validation","line":"  'string' index signatures are incompatible."}
{"type":"line","id":"authoring-3862094","description":"task11 scoped validation","line":"    Type '{ id: SpatialId; parentId: SpatialId | null; x: number; y: number; kind: \"object\"; source: SpatialSource<\"object\">; level: number; seed: number; generatorVersion: string; bindings: readonly SpatialCompiledBinding[]; snapshot: SpatialCompositionSnapshot<...>; parentSlot: null; } | ... 13 more ... | { ...; }' is not assignable to type 'SpatialOccurrence'."}
{"type":"line","id":"authoring-3862094","description":"task11 scoped validation","line":"      Type '{ id: SpatialId; parentId: SpatialId | null; x: number; y: number; kind: \"object\"; source: SpatialSource<\"object\">; level: number; seed: number; generatorVersion: string; bindings: readonly SpatialCompiledBinding[]; snapshot: SpatialCompositionSnapshot<SpatialOccurrencePort>; parentSlot: null; }' is not assignable to type 'SpatialOccurrence'."}
{"type":"line","id":"authoring-3862094","description":"task11 scoped validation","line":"        Type '{ id: SpatialId; parentId: SpatialId | null; x: number; y: number; kind: \"object\"; source: SpatialSource<\"object\">; level: number; seed: number; generatorVersion: string; bindings: readonly SpatialCompiledBinding[]; snapshot: SpatialCompositionSnapshot<SpatialOccurrencePort>; parentSlot: null; }' is not assignable to type 'SpatialPoint & { readonly id: SpatialId; readonly kind: \"object\"; readonly source: SpatialSource<\"object\">; readonly level: number; readonly seed: number; readonly generatorVersion: string; readonly bindings: readonly SpatialCompiledBinding[]; } & { ...; } & { ...; }'."}
{"type":"line","id":"authoring-3862094","description":"task11 scoped validation","line":"          Type '{ id: SpatialId; parentId: SpatialId | null; x: number; y: number; kind: \"object\"; source: SpatialSource<\"object\">; level: number; seed: number; generatorVersion: string; bindings: readonly SpatialCompiledBinding[]; snapshot: SpatialCompositionSnapshot<SpatialOccurrencePort>; parentSlot: null; }' is not assignable to type '{ readonly parentId: null; readonly parentSlot: null; }'."}
{"type":"line","id":"authoring-3862094","description":"task11 scoped validation","line":"            Types of property 'parentId' are incompatible."}
{"type":"line","id":"authoring-3862094","description":"task11 scoped validation","line":"              Type 'SpatialId | null' is not assignable to type 'null'."}
{"type":"line","id":"authoring-3862094","description":"task11 scoped validation","line":"                Type 'SpatialId' is not assignable to type 'null'."}
{"type":"line","id":"authoring-3862094","description":"task11 scoped validation","line":"test/placedPlaceLifecycle.test.ts(26,45): error TS2322: Type '{ [x: string]: SpatialOccurrence | { snapshot: { library: { objects: { [x: string]: ObjectDesign | { chips: never[]; id: SpatialId; name: string; ... 4 more ...; anchors: readonly SpatialPort[]; }; }; spaces: Readonly<Record<string, SpaceDesign>>; places: Readonly<Record<string, PlaceDesign>>; regions: Readonly<Reco...' is not assignable to type 'Readonly<Record<string, SpatialOccurrence>>'."}
{"type":"line","id":"authoring-3862094","description":"task11 scoped validation","line":"  'string' index signatures are incompatible."}
{"type":"line","id":"authoring-3862094","description":"task11 scoped validation","line":"    Type '{ snapshot: { library: { objects: { [x: string]: ObjectDesign | { chips: never[]; id: SpatialId; name: string; revision: number; tags: readonly string[]; provenance: SpatialProvenance; graphic: SpatialGraphic; anchors: readonly SpatialPort[]; }; }; spaces: Readonly<Record<string, SpaceDesign>>; places: Readonly<Reco...' is not assignable to type 'SpatialOccurrence'."}
{"type":"line","id":"authoring-3862094","description":"task11 scoped validation","line":"      Types of property 'snapshot' are incompatible."}
{"type":"line","id":"authoring-3862094","description":"task11 scoped validation","line":"        Type '{ library: { objects: { [x: string]: ObjectDesign | { chips: never[]; id: SpatialId; name: string; revision: number; tags: readonly string[]; provenance: SpatialProvenance; graphic: SpatialGraphic; anchors: readonly SpatialPort[]; }; }; spaces: Readonly<...>; places: Readonly<...>; regions: Readonly<...>; worlds: Re...' is not assignable to type 'SpatialCompositionSnapshot<SpatialOccurrencePort>'."}
{"type":"line","id":"authoring-3862094","description":"task11 scoped validation","line":"          Type '{ library: { objects: { [x: string]: ObjectDesign | { chips: never[]; id: SpatialId; name: string; revision: number; tags: readonly string[]; provenance: SpatialProvenance; graphic: SpatialGraphic; anchors: readonly SpatialPort[]; }; }; spaces: Readonly<Record<string, SpaceDesign>>; places: Readonly<Record<string, P...' is not assignable to type 'SpatialCompositionSnapshot<SpatialOccurrencePort>'."}
{"type":"line","id":"authoring-3862094","description":"task11 scoped validation","line":"            Types of property 'ports' are incompatible."}
{"type":"line","id":"authoring-3862094","description":"task11 scoped validation","line":"              Type 'readonly (SpatialPoint & { readonly id: SpatialId; readonly name: string; } & { readonly localPortId?: undefined; })[]' is not assignable to type 'readonly SpatialOccurrencePort[]'."}
{"type":"line","id":"authoring-3862094","description":"task11 scoped validation","line":"                Type 'SpatialPoint & { readonly id: SpatialId; readonly name: string; } & { readonly localPortId?: undefined; }' is not assignable to type 'SpatialOccurrencePort'."}
{"type":"line","id":"authoring-3862094","description":"task11 scoped validation","line":"                  Type 'SpatialPoint & { readonly id: SpatialId; readonly name: string; } & { readonly localPortId?: undefined; }' is not assignable to type '{ readonly localPortId: SpatialId; }'."}
{"type":"line","id":"authoring-3862094","description":"task11 scoped validation","line":"                    Types of property 'localPortId' are incompatible."}
{"type":"line","id":"authoring-3862094","description":"task11 scoped validation","line":"                      Type 'undefined' is not assignable to type 'SpatialId'."}
{"type":"line","id":"authoring-3862094","description":"task11 scoped validation","line":"                        Type 'undefined' is not assignable to type 'string'."}
{"type":"summary","id":"authoring-3862094","description":"task11 scoped validation","summary":"watcher exited_2 (exit code 2)"}
TYPECHECK_STARTEDntest/placedPlaceEdits.test.ts(22,40): error TS2322: Type '{ [k: string]: { id: SpatialId; parentId: SpatialId | null; x: number; y: number; kind: "object"; source: SpatialSource<"object">; level: number; seed: number; generatorVersion: string; bindings: readonly SpatialCompiledBinding[]; snapshot: SpatialCompositionSnapshot<...>; parentSlot: null; } | ... 13 more ... | { ....' is not assignable to type 'Readonly<Record<string, SpatialOccurrence>>'.
  'string' index signatures are incompatible.
    Type '{ id: SpatialId; parentId: SpatialId | null; x: number; y: number; kind: "object"; source: SpatialSource<"object">; level: number; seed: number; generatorVersion: string; bindings: readonly SpatialCompiledBinding[]; snapshot: SpatialCompositionSnapshot<...>; parentSlot: null; } | ... 13 more ... | { ...; }' is not assignable to type 'SpatialOccurrence'.
      Type '{ id: SpatialId; parentId: SpatialId | null; x: number; y: number; kind: "object"; source: SpatialSource<"object">; level: number; seed: number; generatorVersion: string; bindings: readonly SpatialCompiledBinding[]; snapshot: SpatialCompositionSnapshot<SpatialOccurrencePort>; parentSlot: null; }' is not assignable to type 'SpatialOccurrence'.
        Type '{ id: SpatialId; parentId: SpatialId | null; x: number; y: number; kind: "object"; source: SpatialSource<"object">; level: number; seed: number; generatorVersion: string; bindings: readonly SpatialCompiledBinding[]; snapshot: SpatialCompositionSnapshot<SpatialOccurrencePort>; parentSlot: null; }' is not assignable to type 'SpatialPoint & { readonly id: SpatialId; readonly kind: "object"; readonly source: SpatialSource<"object">; readonly level: number; readonly seed: number; readonly generatorVersion: string; readonly bindings: readonly SpatialCompiledBinding[]; } & { ...; } & { ...; }'.
          Type '{ id: SpatialId; parentId: SpatialId | null; x: number; y: number; kind: "object"; source: SpatialSource<"object">; level: number; seed: number; generatorVersion: string; bindings: readonly SpatialCompiledBinding[]; snapshot: SpatialCompositionSnapshot<SpatialOccurrencePort>; parentSlot: null; }' is not assignable to type '{ readonly parentId: null; readonly parentSlot: null; }'.
            Types of property 'parentId' are incompatible.
              Type 'SpatialId | null' is not assignable to type 'null'.
                Type 'SpatialId' is not assignable to type 'null'.
test/placedPlaceLifecycle.test.ts(26,45): error TS2322: Type '{ [x: string]: SpatialOccurrence | { snapshot: { library: { objects: { [x: string]: ObjectDesign | { chips: never[]; id: SpatialId; name: string; ... 4 more ...; anchors: readonly SpatialPort[]; }; }; spaces: Readonly<Record<string, SpaceDesign>>; places: Readonly<Record<string, PlaceDesign>>; regions: Readonly<Reco...' is not assignable to type 'Readonly<Record<string, SpatialOccurrence>>'.
  'string' index signatures are incompatible.
    Type '{ snapshot: { library: { objects: { [x: string]: ObjectDesign | { chips: never[]; id: SpatialId; name: string; revision: number; tags: readonly string[]; provenance: SpatialProvenance; graphic: SpatialGraphic; anchors: readonly SpatialPort[]; }; }; spaces: Readonly<Record<string, SpaceDesign>>; places: Readonly<Reco...' is not assignable to type 'SpatialOccurrence'.
      Types of property 'snapshot' are incompatible.
        Type '{ library: { objects: { [x: string]: ObjectDesign | { chips: never[]; id: SpatialId; name: string; revision: number; tags: readonly string[]; provenance: SpatialProvenance; graphic: SpatialGraphic; anchors: readonly SpatialPort[]; }; }; spaces: Readonly<...>; places: Readonly<...>; regions: Readonly<...>; worlds: Re...' is not assignable to type 'SpatialCompositionSnapshot<SpatialOccurrencePort>'.
          Type '{ library: { objects: { [x: string]: ObjectDesign | { chips: never[]; id: SpatialId; name: string; revision: number; tags: readonly string[]; provenance: SpatialProvenance; graphic: SpatialGraphic; anchors: readonly SpatialPort[]; }; }; spaces: Readonly<Record<string, SpaceDesign>>; places: Readonly<Record<string, P...' is not assignable to type 'SpatialCompositionSnapshot<SpatialOccurrencePort>'.
            Types of property 'ports' are incompatible.
              Type 'readonly (SpatialPoint & { readonly id: SpatialId; readonly name: string; } & { readonly localPortId?: undefined; })[]' is not assignable to type 'readonly SpatialOccurrencePort[]'.
                Type 'SpatialPoint & { readonly id: SpatialId; readonly name: string; } & { readonly localPortId?: undefined; }' is not assignable to type 'SpatialOccurrencePort'.
                  Type 'SpatialPoint & { readonly id: SpatialId; readonly name: string; } & { readonly localPortId?: undefined; }' is not assignable to type '{ readonly localPortId: SpatialId; }'.
                    Types of property 'localPortId' are incompatible.
                      Type 'undefined' is not assignable to type 'SpatialId'.
                        Type 'undefined' is not assignable to type 'string'.

monitor_exit={"backend":"pipe-fallback","exitCode":2,"signal":null,"cancelled":false,"timedOut":false}
