
> rpg-zzu@0.1.0 test
> node scripts/run-vitest.mjs run --configLoader bundle test/toolHostileArgs.test.ts test/houseProtection.test.ts test/toolHouseProtection.test.ts --maxWorkers=1 --minWorkers=1


 RUN  v3.2.4 /home/main/z-project/rpg-zzu-house-protection-p1-args

 ✓ test/toolHostileArgs.test.ts (10 tests) 63317ms
   ✓ 쓰기 툴 적대적 인자 스윕 > empty 인자에 어떤 툴도 크래시하거나 읽을 수 없는 실패를 남기지 않는다  19713ms
   ✓ 쓰기 툴 적대적 인자 스윕 > nulls 인자에 어떤 툴도 크래시하거나 읽을 수 없는 실패를 남기지 않는다  9763ms
   ✓ 쓰기 툴 적대적 인자 스윕 > wrongTypes 인자에 어떤 툴도 크래시하거나 읽을 수 없는 실패를 남기지 않는다  12056ms
   ✓ 쓰기 툴 적대적 인자 스윕 > deepHoles 인자에 어떤 툴도 크래시하거나 읽을 수 없는 실패를 남기지 않는다  19666ms
   ✓ postprocessing error boundary > returns a readable protected-house-write rejection with empty args (dryRun=false)  397ms
   ✓ postprocessing error boundary > returns a readable protected-house-write rejection with empty args (dryRun=true)  562ms
   ✓ postprocessing error boundary > returns a readable house-overlap rejection with empty args (dryRun=true)  382ms
   ✓ postprocessing error boundary > retains unexpected postprocessing exceptions and rolls back  509ms
 ✓ test/houseProtection.test.ts (23 tests) 17253ms
   ✓ completed house geometry and exact cell ownership > protects bbox, full-width north ridge and empty cells at (3,2)  722ms
   ✓ completed house geometry and exact cell ownership > protects bbox, full-width north ridge and empty cells at (6,2)  1450ms
   ✓ completed house geometry and exact cell ownership > protects bbox, full-width north ridge and empty cells at (3,3)  895ms
   ✓ completed house geometry and exact cell ownership > protects bbox, full-width north ridge and empty cells at (6,6)  720ms
   ✓ completed house geometry and exact cell ownership > protects bbox, full-width north ridge and empty cells at (4,4)  757ms
   ✓ completed house geometry and exact cell ownership > protects lowerTileStacks contents, order and absence  2283ms
   ✓ completed house geometry and exact cell ownership > protects upperTileStacks contents, order and absence  1164ms
   ✓ completed house geometry and exact cell ownership > clips ridge and bbox at map edges (0,0)  300ms
   ✓ completed house geometry and exact cell ownership > protects a human placement rectangle without adding a north ridge  896ms
   ✓ completed house geometry and exact cell ownership > protects the existing roof-deck ladder attachment, not the entire yard  1869ms
   ✓ completed house geometry and exact cell ownership > rejects structural metadata change: remove  652ms
   ✓ completed house geometry and exact cell ownership > rejects structural metadata change: move  300ms
   ✓ completed house geometry and exact cell ownership > rejects structural metadata change: reclassify  347ms
   ✓ completed house geometry and exact cell ownership > rejects structural metadata change: rename-id  402ms
   ✓ completed house geometry and exact cell ownership > rejects structural metadata change: remove-door  546ms
   ✓ completed house geometry and exact cell ownership > does not claim a raw adjacent ladder without roof-deck metadata  592ms
   ✓ completed house geometry and exact cell ownership > allows descriptive metadata and unrelated stack changes  308ms
   ✓ completed house geometry and exact cell ownership > rejects protected map delete  453ms
   ✓ completed house geometry and exact cell ownership > rejects protected map tileset  682ms
   ✓ completed house geometry and exact cell ownership > takes the current accepted human-edited tiles as truth, not original kit tiles  1108ms
 ✓ test/toolHouseProtection.test.ts (12 tests) 7432ms
   ✓ completed house transaction invariant > rolls back maps, events and tree additions atomically (dryRun=false)  644ms
   ✓ completed house transaction invariant > rolls back maps, events and tree additions atomically (dryRun=true)  331ms
   ✓ completed house transaction invariant > catches global tree-repair spillover even when the tool edits another map  356ms
   ✓ completed house transaction invariant > seals a newly built standalone house before global tree repair  1049ms
   ✓ completed house transaction invariant > retains registration-time snapshots through later work in the same transaction  332ms
   ✓ completed house transaction invariant > preflights author_house against a completed house without tile changes  906ms
   ✓ completed house transaction invariant > preflights build_house against a completed house without tile changes  637ms
   ✓ completed house transaction invariant > registers and reloads a standalone roof-deck attachment without claiming its yard  1771ms
   ✓ completed house transaction invariant > allows unrelated edits and safe dry-run without changing the original project  728ms
⎯⎯⎯⎯⎯⎯ Unhandled Errors ⎯⎯⎯⎯⎯⎯

Vitest caught 1 unhandled error during the test run.
This might cause false positive tests. Resolve unhandled errors to make sure your tests are not affected.

⎯⎯⎯⎯⎯⎯ Unhandled Error ⎯⎯⎯⎯⎯⎯⎯
Error: [vitest-worker]: Timeout calling "onTaskUpdate"
 ❯ Object.onTimeoutError ../rpg-zzu/node_modules/vitest/dist/chunks/rpc.-pEldfrD.js:53:10
 ❯ Timeout._onTimeout ../rpg-zzu/node_modules/vitest/dist/chunks/index.B521nVV-.js:59:62
 ❯ listOnTimeout node:internal/timers:605:17
 ❯ processTimers node:internal/timers:541:7

⎯⎯⎯⎯⎯⎯⎯⎯⎯⎯⎯⎯⎯⎯⎯⎯⎯⎯⎯⎯⎯⎯⎯⎯⎯⎯⎯⎯⎯⎯


 Test Files  3 passed (3)
      Tests  45 passed (45)
     Errors  1 error
   Start at  04:27:33
   Duration  119.53s (transform 13.80s, setup 0ms, collect 28.41s, tests 88.00s, environment 2ms, prepare 534ms)
