
> rpg-zzu@0.1.0 test
> node scripts/run-vitest.mjs run --configLoader bundle test/toolHostileArgs.test.ts -t postprocessing error boundary


 RUN  v3.2.4 /home/main/z-project/rpg-zzu-house-protection-p1-args

 ❯ test/toolHostileArgs.test.ts (10 tests | 4 failed | 5 skipped) 1372ms
   ↓ 쓰기 툴 적대적 인자 스윕 > 쓰기 툴이 충분히 등록되어 있다
   ↓ 쓰기 툴 적대적 인자 스윕 > empty 인자에 어떤 툴도 크래시하거나 읽을 수 없는 실패를 남기지 않는다
   ↓ 쓰기 툴 적대적 인자 스윕 > nulls 인자에 어떤 툴도 크래시하거나 읽을 수 없는 실패를 남기지 않는다
   ↓ 쓰기 툴 적대적 인자 스윕 > wrongTypes 인자에 어떤 툴도 크래시하거나 읽을 수 없는 실패를 남기지 않는다
   ↓ 쓰기 툴 적대적 인자 스윕 > deepHoles 인자에 어떤 툴도 크래시하거나 읽을 수 없는 실패를 남기지 않는다
   × postprocessing error boundary > returns a readable protected-house-write rejection with empty args (dryRun=false) 301ms
     → {"ok":false,"summary":"'unrelated_database_operation' 후처리 실패: 완성된 집의 보호 영역은 AI가 변경할 수 없습니다. 집 밖에서 작업하세요. 직접 편집은 가능합니다.","issues":[{"severity":"error","code":"protected-house-write","mapId":"map_blank_start","x":3,"y":3,"message":"완성된 집의 보호 영역은 AI가 변경할 수 없습니다. 집 밖에서 작업하세요. 직접 편집은 가능합니다."}]}: expected true to be false // Object.is equality
   × postprocessing error boundary > returns a readable protected-house-write rejection with empty args (dryRun=true) 258ms
     → {"ok":false,"summary":"'unrelated_database_operation' 후처리 실패: 완성된 집의 보호 영역은 AI가 변경할 수 없습니다. 집 밖에서 작업하세요. 직접 편집은 가능합니다.","issues":[{"severity":"error","code":"protected-house-write","mapId":"map_blank_start","x":3,"y":3,"message":"완성된 집의 보호 영역은 AI가 변경할 수 없습니다. 집 밖에서 작업하세요. 직접 편집은 가능합니다."}]}: expected true to be false // Object.is equality
   × postprocessing error boundary > returns a readable house-overlap rejection with empty args (dryRun=false) 163ms
     → {"ok":false,"summary":"'unrelated_database_operation' 후처리 실패: 새 집의 보호 영역이 다른 완성된 집과 겹칩니다.","issues":[{"severity":"error","code":"house-overlap","mapId":"map_blank_start","x":3,"y":2,"message":"새 집의 보호 영역이 다른 완성된 집과 겹칩니다."}]}: expected true to be false // Object.is equality
   × postprocessing error boundary > returns a readable house-overlap rejection with empty args (dryRun=true) 181ms
     → {"ok":false,"summary":"'unrelated_database_operation' 후처리 실패: 새 집의 보호 영역이 다른 완성된 집과 겹칩니다.","issues":[{"severity":"error","code":"house-overlap","mapId":"map_blank_start","x":3,"y":2,"message":"새 집의 보호 영역이 다른 완성된 집과 겹칩니다."}]}: expected true to be false // Object.is equality
   ✓ postprocessing error boundary > retains unexpected postprocessing exceptions and rolls back  465ms

⎯⎯⎯⎯⎯⎯⎯ Failed Tests 4 ⎯⎯⎯⎯⎯⎯⎯

 FAIL  test/toolHostileArgs.test.ts > postprocessing error boundary > returns a readable protected-house-write rejection with empty args (dryRun=false)
 FAIL  test/toolHostileArgs.test.ts > postprocessing error boundary > returns a readable protected-house-write rejection with empty args (dryRun=true)
AssertionError: {"ok":false,"summary":"'unrelated_database_operation' 후처리 실패: 완성된 집의 보호 영역은 AI가 변경할 수 없습니다. 집 밖에서 작업하세요. 직접 편집은 가능합니다.","issues":[{"severity":"error","code":"protected-house-write","mapId":"map_blank_start","x":3,"y":3,"message":"완성된 집의 보호 영역은 AI가 변경할 수 없습니다. 집 밖에서 작업하세요. 직접 편집은 가능합니다."}]}: expected true to be false // Object.is equality

[32m- Expected[39m
[31m+ Received[39m

[32m- false[39m
[31m+ true[39m

 ❯ test/toolHostileArgs.test.ts:96:67
     94|       expect(result.ok).toBe(false);
     95|       expect(result.issues).toEqual([expect.objectContaining({ severit…
     96|       expect(isUnreadableFailure(result), JSON.stringify(result)).toBe…
       |                                                                   ^
     97|       expect(ctx.project).toBe(original);
     98|       expect(ctx.project).toEqual(before);

⎯⎯⎯⎯⎯⎯⎯⎯⎯⎯⎯⎯⎯⎯⎯⎯⎯⎯⎯⎯⎯⎯⎯⎯[1/4]⎯

 FAIL  test/toolHostileArgs.test.ts > postprocessing error boundary > returns a readable house-overlap rejection with empty args (dryRun=false)
 FAIL  test/toolHostileArgs.test.ts > postprocessing error boundary > returns a readable house-overlap rejection with empty args (dryRun=true)
AssertionError: {"ok":false,"summary":"'unrelated_database_operation' 후처리 실패: 새 집의 보호 영역이 다른 완성된 집과 겹칩니다.","issues":[{"severity":"error","code":"house-overlap","mapId":"map_blank_start","x":3,"y":2,"message":"새 집의 보호 영역이 다른 완성된 집과 겹칩니다."}]}: expected true to be false // Object.is equality

[32m- Expected[39m
[31m+ Received[39m

[32m- false[39m
[31m+ true[39m

 ❯ test/toolHostileArgs.test.ts:96:67
     94|       expect(result.ok).toBe(false);
     95|       expect(result.issues).toEqual([expect.objectContaining({ severit…
     96|       expect(isUnreadableFailure(result), JSON.stringify(result)).toBe…
       |                                                                   ^
     97|       expect(ctx.project).toBe(original);
     98|       expect(ctx.project).toEqual(before);

⎯⎯⎯⎯⎯⎯⎯⎯⎯⎯⎯⎯⎯⎯⎯⎯⎯⎯⎯⎯⎯⎯⎯⎯[2/4]⎯


 Test Files  1 failed (1)
      Tests  4 failed | 1 passed | 5 skipped (10)
   Start at  04:23:57
   Duration  24.29s (transform 15.15s, setup 0ms, collect 21.60s, tests 1.37s, environment 0ms, prepare 315ms)
