
> rpg-zzu@0.1.0 test
> node scripts/run-vitest.mjs run --configLoader bundle --maxWorkers=1 --no-file-parallelism test/aiJobReports.test.ts


 RUN  v3.2.4 /home/main/.herdr/worktrees/rpg-zzu/worktree-silver-harbor-d2a7

 ❯ test/aiJobReports.test.ts (1 test | 1 failed) 159ms
   × persists a useful immutable shell before a browser failure 158ms
     → a failed browser must leave a readable report, not only a generation blob: expected null not to be null

⎯⎯⎯⎯⎯⎯⎯ Failed Tests 1 ⎯⎯⎯⎯⎯⎯⎯

 FAIL  test/aiJobReports.test.ts > persists a useful immutable shell before a browser failure
AssertionError: a failed browser must leave a readable report, not only a generation blob: expected null not to be null
 ❯ test/aiJobReports.test.ts:16:109
     14|   await done;
     15|   const failed = f.scheduler.getJob(job.id);
     16|   expect(failed.reportRef, "a failed browser must leave a readable rep…
       |                                                                                                             ^
     17|   const shell = await f.repository.readJson(failed.reportRef!);
     18|   expect(shell).toMatchObject({ jobId: job.id, result: failed.resultRe…

⎯⎯⎯⎯⎯⎯⎯⎯⎯⎯⎯⎯⎯⎯⎯⎯⎯⎯⎯⎯⎯⎯⎯⎯[1/1]⎯


 Test Files  1 failed (1)
      Tests  1 failed (1)
   Start at  00:44:36
   Duration  1.02s (transform 220ms, setup 0ms, collect 237ms, tests 159ms, environment 0ms, prepare 197ms)


EXIT=1
