09/Sep/2026:02:43:53 +0900: Starting PostgREST 13.0.7...
09/Sep/2026:02:43:53 +0900: API server listening on unix socket "/tmp/spatial-sql-st_01a07acd.KicKF1/postgrest.sock"
09/Sep/2026:02:43:53 +0900: Successfully connected to PostgreSQL 16.15 (Ubuntu 16.15-0ubuntu0.24.04.1) on x86_64-pc-linux-gnu, compiled by gcc (Ubuntu 13.3.0-6ubuntu2~24.04.1) 13.3.0, 64-bit
09/Sep/2026:02:43:53 +0900: Connection Pool initialized with a maximum size of 1 connections
09/Sep/2026:02:43:53 +0900: Config reloaded
09/Sep/2026:02:43:53 +0900: Schema cache queried in 3.9 milliseconds
09/Sep/2026:02:43:53 +0900: Schema cache loaded 13 Relations, 12 Relationships, 5 Functions, 0 Domain Representations, 4 Media Type Handlers, 499 Timezones
09/Sep/2026:02:43:53 +0900: Schema cache loaded in 0.6 milliseconds
- - anon [09/Sep/2026:02:43:53 +0900] "GET /rpc/task20_session HTTP/1.1" 200 85 "" "Bun/1.4.2"
- - anon [09/Sep/2026:02:43:53 +0900] "POST /projects?on_conflict=project_id HTTP/1.1" 201 0 "" "Bun/1.4.2"
- - anon [09/Sep/2026:02:43:53 +0900] "DELETE /maps?project_id=eq.task37-audit HTTP/1.1" 204 - "" "Bun/1.4.2"
- - anon [09/Sep/2026:02:43:53 +0900] "POST /maps?on_conflict=project_id%2Cmap_id HTTP/1.1" 201 0 "" "Bun/1.4.2"
- - anon [09/Sep/2026:02:43:53 +0900] "DELETE /tilesets?project_id=eq.task37-audit HTTP/1.1" 204 - "" "Bun/1.4.2"
- - anon [09/Sep/2026:02:43:53 +0900] "POST /tilesets?on_conflict=project_id%2Ctileset_id HTTP/1.1" 201 0 "" "Bun/1.4.2"
- - anon [09/Sep/2026:02:43:54 +0900] "POST /project_commits HTTP/1.1" 201 0 "" "Bun/1.4.2"
- - anon [09/Sep/2026:02:43:54 +0900] "POST /project_changes HTTP/1.1" 201 0 "" "Bun/1.4.2"
- - anon [09/Sep/2026:02:43:54 +0900] "GET /project_commits HTTP/1.1" 200 401 "" "Bun/1.4.2"
- - anon [09/Sep/2026:02:43:54 +0900] "GET /project_changes HTTP/1.1" 200 252 "" "Bun/1.4.2"
- - anon [09/Sep/2026:02:43:54 +0900] "POST /project_commits HTTP/1.1" 201 0 "" "Bun/1.4.2"
- - anon [09/Sep/2026:02:43:54 +0900] "POST /project_changes HTTP/1.1" 201 0 "" "Bun/1.4.2"
- - anon [09/Sep/2026:02:43:54 +0900] "GET /project_commits HTTP/1.1" 200 840 "" "Bun/1.4.2"
- - anon [09/Sep/2026:02:43:54 +0900] "GET /project_changes HTTP/1.1" 200 506 "" "Bun/1.4.2"
- - anon [09/Sep/2026:02:43:54 +0900] "PATCH /project_commits?commit_id=eq.c126d99e-4219-4fe5-94cd-ad64df368b62 HTTP/1.1" 401 99 "" "Bun/1.4.2"
- - anon [09/Sep/2026:02:43:54 +0900] "DELETE /project_commits?commit_id=eq.c126d99e-4219-4fe5-94cd-ad64df368b62 HTTP/1.1" 401 99 "" "Bun/1.4.2"
- - anon [09/Sep/2026:02:43:54 +0900] "POST /project_commits HTTP/1.1" 409 195 "" "Bun/1.4.2"
- - anon [09/Sep/2026:02:43:54 +0900] "POST /project_commits HTTP/1.1" 401 99 "" "Bun/1.4.2"
- - anon [09/Sep/2026:02:43:54 +0900] "POST /project_commits HTTP/1.1" 401 99 "" "Bun/1.4.2"
- - anon [09/Sep/2026:02:43:54 +0900] "GET /project_commits?order=commit_id HTTP/1.1" 200 840 "" "Bun/1.4.2"
- - anon [09/Sep/2026:02:43:54 +0900] "PATCH /project_changes?change_id=eq.1 HTTP/1.1" 401 99 "" "Bun/1.4.2"
- - anon [09/Sep/2026:02:43:54 +0900] "DELETE /project_changes?change_id=eq.1 HTTP/1.1" 401 99 "" "Bun/1.4.2"
- - anon [09/Sep/2026:02:43:54 +0900] "POST /project_changes HTTP/1.1" 409 160 "" "Bun/1.4.2"
- - anon [09/Sep/2026:02:43:54 +0900] "POST /project_changes HTTP/1.1" 401 99 "" "Bun/1.4.2"
- - anon [09/Sep/2026:02:43:54 +0900] "POST /project_changes HTTP/1.1" 401 99 "" "Bun/1.4.2"
- - anon [09/Sep/2026:02:43:54 +0900] "GET /project_changes?order=change_id HTTP/1.1" 200 506 "" "Bun/1.4.2"
- - anon [09/Sep/2026:02:43:54 +0900] "POST /project_commits HTTP/1.1" 409 238 "" "Bun/1.4.2"
- - anon [09/Sep/2026:02:43:54 +0900] "POST /projects?on_conflict=project_id HTTP/1.1" 200 0 "" "Bun/1.4.2"
- - anon [09/Sep/2026:02:43:54 +0900] "DELETE /maps?project_id=eq.task37-audit HTTP/1.1" 204 - "" "Bun/1.4.2"
- - anon [09/Sep/2026:02:43:54 +0900] "POST /maps?on_conflict=project_id%2Cmap_id HTTP/1.1" 201 0 "" "Bun/1.4.2"
- - anon [09/Sep/2026:02:43:54 +0900] "DELETE /tilesets?project_id=eq.task37-audit HTTP/1.1" 204 - "" "Bun/1.4.2"
- - anon [09/Sep/2026:02:43:54 +0900] "POST /tilesets?on_conflict=project_id%2Ctileset_id HTTP/1.1" 201 0 "" "Bun/1.4.2"
- - anon [09/Sep/2026:02:43:55 +0900] "GET /projects?project_id=eq.task37-audit HTTP/1.1" 200 2701602 "" "Bun/1.4.2"
