vite v6.4.3 building for production...
transforming...

/assets/fonts/neodgm.woff2 referenced in /assets/fonts/neodgm.woff2 didn't resolve at build time, it will remain unchanged to be resolved at runtime

/assets/fonts/Galmuri9.woff2 referenced in /assets/fonts/Galmuri9.woff2 didn't resolve at build time, it will remain unchanged to be resolved at runtime

/assets/fonts/Galmuri11.woff2 referenced in /assets/fonts/Galmuri11.woff2 didn't resolve at build time, it will remain unchanged to be resolved at runtime

/assets/fonts/Galmuri11-Bold.woff2 referenced in /assets/fonts/Galmuri11-Bold.woff2 didn't resolve at build time, it will remain unchanged to be resolved at runtime

/assets/ui/windowskin-warm.png referenced in /assets/ui/windowskin-warm.png didn't resolve at build time, it will remain unchanged to be resolved at runtime

/generated/battle-reference-forest.png referenced in /generated/battle-reference-forest.png didn't resolve at build time, it will remain unchanged to be resolved at runtime

/assets/generated/starter/battle-icon-sword.png referenced in /assets/generated/starter/battle-icon-sword.png didn't resolve at build time, it will remain unchanged to be resolved at runtime

/assets/generated/starter/battle-icon-fire.png referenced in /assets/generated/starter/battle-icon-fire.png didn't resolve at build time, it will remain unchanged to be resolved at runtime

/assets/generated/starter/battle-icon-shield.png referenced in /assets/generated/starter/battle-icon-shield.png didn't resolve at build time, it will remain unchanged to be resolved at runtime

/assets/generated/starter/battle-icon-cross.png referenced in /assets/generated/starter/battle-icon-cross.png didn't resolve at build time, it will remain unchanged to be resolved at runtime

/assets/generated/starter/battle-icon-bag.png referenced in /assets/generated/starter/battle-icon-bag.png didn't resolve at build time, it will remain unchanged to be resolved at runtime

/assets/generated/starter/battle-icon-boot.png referenced in /assets/generated/starter/battle-icon-boot.png didn't resolve at build time, it will remain unchanged to be resolved at runtime

/assets/generated/starter/battle-icon-exp.png referenced in /assets/generated/starter/battle-icon-exp.png didn't resolve at build time, it will remain unchanged to be resolved at runtime

/assets/generated/starter/battle-icon-gold.png referenced in /assets/generated/starter/battle-icon-gold.png didn't resolve at build time, it will remain unchanged to be resolved at runtime

/assets/generated/starter/battle-icon-shard.png referenced in /assets/generated/starter/battle-icon-shard.png didn't resolve at build time, it will remain unchanged to be resolved at runtime

/assets/generated/starter/battle-icon-world.png referenced in /assets/generated/starter/battle-icon-world.png didn't resolve at build time, it will remain unchanged to be resolved at runtime

/assets/generated/starter/battle-icon-next.png referenced in /assets/generated/starter/battle-icon-next.png didn't resolve at build time, it will remain unchanged to be resolved at runtime
✓ 2 modules transformed.
rendering chunks...
computing gzip size...
out/assets/entry-D6gl8e6Q.css  282.83 kB │ gzip: 43.98 kB
out/assets/entry-D6PB1oVm.js     0.00 kB │ gzip:  0.02 kB
✓ built in 301ms
BASELINE 8bb02872 omission assertion: expected false; actual true
Surviving baseline selector: hidden .hand-slot,.play-stage.cutscene-hud-hidden .action-hud,.play-stage.cutscene-hud-hidden .minimap-root,.play-stage.cutscene-hud-hidden .runtime-missing-resource,.play-stage.cutscene-hud
Baseline fixture cleaned
