
> rpg-zzu@0.1.0 test
> node scripts/run-vitest.mjs run --configLoader bundle test/cinematicSequence.test.ts


 RUN  v3.2.4 /home/main/z-project/rpg-zzu-wish-cinematics-p1

 ❯ test/cinematicSequence.test.ts (21 tests | 1 failed) 1016ms
   ✓ shared sequence playback > leaves the host unchanged for absent, disabled or empty settings 106ms
   ✓ shared sequence playback > leaves the host unchanged for absent, disabled or empty settings 52ms
   ✓ shared sequence playback > leaves the host unchanged for absent, disabled or empty settings 55ms
   ✓ shared sequence playback > renders safe text and advances ordered image/text scenes by distinct presses 62ms
   ✓ shared sequence playback > consumes all input and pointer channels without activating playback via pointer 67ms
   ✓ shared sequence playback > skips only when authored and removes its key listener on completion 65ms
   ✓ shared sequence playback > advances timed scenes exactly once and cancels the previous deadline on keyboard advance 69ms
   ✓ shared sequence playback > advances video on ended once, clears sources and rejects stale ended events 39ms
   ✓ shared sequence playback > enforces the authored video maximum 34ms
   ✓ shared sequence playback > exposes retry after rejected autoplay and continues even an unskippable video 39ms
   × shared sequence playback > clears the blocked state after a successful narration retry 54ms
     → expected 'loading' to be 'ready' // Object.is equality
   ✓ shared sequence playback > makes narration rejection visible and permits continuation 42ms
   ✓ shared sequence playback > permits continuation with a missing 'image' reference 48ms
   ✓ shared sequence playback > permits continuation with a missing 'video' reference 30ms
   ✓ shared sequence playback > turns a stalled video load into recoverable error 32ms
   ✓ shared sequence playback > cleans media, timers and listeners on abort 33ms
   ✓ shared sequence playback > cleans media, timers and listeners on teardown 33ms
   ✓ shared sequence playback > does not mount when already aborted 34ms
   ✓ shared sequence playback > aborts when the host is detached 44ms
   ✓ shared sequence playback > ignores late play rejection after advance 42ms
   ✓ shared sequence playback > disables image motion when reduced motion is requested 35ms

⎯⎯⎯⎯⎯⎯⎯ Failed Tests 1 ⎯⎯⎯⎯⎯⎯⎯

 FAIL  test/cinematicSequence.test.ts > shared sequence playback > clears the blocked state after a successful narration retry
AssertionError: expected 'loading' to be 'ready' // Object.is equality

Expected: "ready"
Received: "loading"

 ❯ test/cinematicSequence.test.ts:137:39
    135|     expect(root().dataset.mediaState).toBe("blocked");
    136|     key("r"); await Promise.resolve();
    137|     expect(root().dataset.mediaState).toBe("ready");
       |                                       ^
    138|   });
    139|   it("makes narration rejection visible and permits continuation", asy…

⎯⎯⎯⎯⎯⎯⎯⎯⎯⎯⎯⎯⎯⎯⎯⎯⎯⎯⎯⎯⎯⎯⎯⎯[1/1]⎯


 Test Files  1 failed (1)
      Tests  1 failed | 20 passed (21)
   Start at  15:10:56
   Duration  5.47s (transform 2.61s, setup 0ms, collect 3.55s, tests 1.02s, environment 299ms, prepare 137ms)
