
 RUN  v3.2.4 /home/main/z-project/rpg-zzu-life-full-p4

 ✓ test/p1FoundationSchema.test.ts (9 tests) 1948ms
   ✓ P1 weather and farm-animal authored schema > keeps legacy projects byte-stable without optional P1 authored fields  346ms
   ✓ P1 weather and farm-animal authored schema > rejects unknown weather kinds, unsafe numbers, duplicate ids, and oversized arrays  944ms
 ✓ test/p0ProjectSchema.test.ts (11 tests) 3165ms
   ✓ P0 authored system records > keeps old projects free of newly invented optional fields and byte-stable  363ms
   ✓ P0 authored system records > omits only the redundant text-only title seed on the first load  533ms
   ✓ P0 authored system records > preserves authored text title graphics across repeated loads  332ms
   ✓ P0 authored system records > preserves authored graphic title graphics across repeated loads  350ms
   ✓ P0 authored system records > preserves authored both title graphics across repeated loads  339ms
   ✓ P0 authored system records > rejects duplicate P0 definition ids at the wire boundary and reference lint boundary  485ms
 ✓ test/p2SpatialSchema.test.ts (3 tests) 1161ms
   ✓ P2 spatial authored schema > rejects duplicate ids, unsafe footprints, non-contiguous levels, and unknown orientations  628ms
 ✓ test/p2ProjectSchema.test.ts (4 tests) 1041ms
   ✓ P2 authored foundation schema > round-trips fishing, forage, collection, museum, and fish definitions  304ms
   ✓ P2 authored foundation schema > keeps legacy projects byte-stable without P2 fields  383ms
   ✓ P2 authored foundation schema > rejects duplicate ids and unsafe authored geometry at the wire boundary  308ms
 ✓ test/playerBodyProjectPersistence.test.ts (1 test) 470ms
   ✓ player body Project persistence > keeps legacy absent fields absent and Project4 bytes stable  468ms

 Test Files  5 passed (5)
      Tests  28 passed (28)
   Start at  17:21:26
   Duration  11.42s (transform 3.73s, setup 0ms, collect 10.50s, tests 7.79s, environment 2ms, prepare 509ms)

