
 RUN  v3.2.4 /home/main/z-project/rpg-zzu-life-full-p4

 ✓ test/p1FoundationSchema.test.ts (9 tests) 1965ms
   ✓ P1 weather and farm-animal authored schema > keeps legacy projects byte-stable without optional P1 authored fields  361ms
   ✓ P1 weather and farm-animal authored schema > rejects unknown weather kinds, unsafe numbers, duplicate ids, and oversized arrays  1065ms
 ✓ test/characterFootprint.test.ts (33 tests) 17ms
 ✓ test/p0ProjectSchema.test.ts (11 tests) 3152ms
   ✓ P0 authored system records > keeps old projects free of newly invented optional fields and byte-stable  347ms
   ✓ P0 authored system records > omits only the redundant text-only title seed on the first load  555ms
   ✓ P0 authored system records > preserves authored text title graphics across repeated loads  372ms
   ✓ P0 authored system records > preserves authored graphic title graphics across repeated loads  384ms
   ✓ P0 authored system records > rejects duplicate P0 definition ids at the wire boundary and reference lint boundary  522ms
 ✓ test/playerFootprint.test.ts (20 tests) 4848ms
   ✓ 대각 통행 — canMoveFootprint 교체가 1x1 에서 항등이다 > 세 이웃 칸의 벽 조합 8가지 × 네 대각 모두에서 같은 걸음이 나온다  2722ms
 ✓ test/lifeSaveVersion.test.ts (18 tests) 783ms
 ✓ test/p2SpatialSchema.test.ts (3 tests) 1186ms
   ✓ P2 spatial authored schema > rejects duplicate ids, unsafe footprints, non-contiguous levels, and unknown orientations  644ms
 ✓ test/ioFootprintValidation.test.ts (15 tests) 3863ms
   ✓ 로드 검증 — 몸 크기 > 0 과 8 초과를 거부한다  342ms
   ✓ 로드 검증 — 몸 크기 > 1..8 경계는 받는다  471ms
   ✓ 로드 검증 — 통행 행 > 1..몸 높이 경계는 받는다  346ms
   ✓ 로드 검증 — 배율 > 0.25..8 경계는 받는다  308ms
 ✓ test/playerBodyProjectPersistence.test.ts (22 tests) 7659ms
   ✓ player body Project persistence > keeps legacy absent fields absent and Project4 bytes stable  510ms
   ✓ player body Project persistence > starts the authored 3 x 3 / 1 body after public IO  666ms
   ✓ player body Project persistence > starts the authored 2 x 5 / 2 body after public IO  581ms
   ✓ player body Project persistence > starts the authored 8 x 8 / 7 body after public IO  659ms
   ✓ player body Project persistence > rejects malformed wire values but normalizes direct inputs with runtime authority: {"footprint":{"width":99,"height":99},"rows":99}  529ms
   ✓ player body Project persistence > rejects malformed wire values but normalizes direct inputs with runtime authority: {"footprint":{"width":-2,"height":3},"rows":0}  585ms
   ✓ player body Project persistence > rejects malformed wire values but normalizes direct inputs with runtime authority: {"footprint":{"width":2.5,"height":3},"rows":-1}  373ms
   ✓ player body Project persistence > rejects malformed wire values but normalizes direct inputs with runtime authority: {"footprint":{"width":"3","height":4},"rows":1.5}  393ms
   ✓ player body Project persistence > rejects malformed wire values but normalizes direct inputs with runtime authority: {"footprint":{"height":3},"rows":"1"}  352ms
   ✓ player body Project persistence > rejects malformed wire values but normalizes direct inputs with runtime authority: {"footprint":{"width":3,"height":3},"rows":null}  380ms
   ✓ player body Project persistence > rejects malformed wire values but normalizes direct inputs with runtime authority: {"footprint":{"width":3,"height":3},"rows":9007199254740992}  314ms
   ✓ player body Project persistence > rejects malformed wire values but normalizes direct inputs with runtime authority: {"footprint":null,"rows":2}  371ms
   ✓ player body Project persistence > rejects malformed wire values but normalizes direct inputs with runtime authority: {"footprint":[],"rows":1}  378ms
   ✓ player body Project persistence > rejects malformed wire values but normalizes direct inputs with runtime authority: {"footprint":"3x3","rows":1}  390ms
   ✓ player body Project persistence > rejects malformed wire values but normalizes direct inputs with runtime authority: {"footprint":{"width":3,"height":9007199254740992},"rows":2}  418ms
 ✓ test/p2ProjectSchema.test.ts (4 tests) 1019ms
   ✓ P2 authored foundation schema > keeps legacy projects byte-stable without P2 fields  425ms

 Test Files  9 passed (9)
      Tests  135 passed (135)
   Start at  17:25:46
   Duration  23.55s (transform 5.83s, setup 0ms, collect 15.40s, tests 24.49s, environment 3ms, prepare 883ms)

