
 RUN  v3.2.4 /home/main/z-project/rpg-zzu-life-full-p4

 ❯ test/playerBodyProjectPersistence.test.ts (22 tests | 20 failed) 2656ms
   ✓ player body Project persistence > keeps legacy absent fields absent and Project4 bytes stable  435ms
   × player body Project persistence > starts the authored 3 x 3 / 1 body after public IO 225ms
     → expected { …(2) } to deeply equal { …(2) }
   × player body Project persistence > starts the authored 2 x 5 / 2 body after public IO 163ms
     → expected { …(2) } to deeply equal { …(2) }
   × player body Project persistence > starts the authored 8 x 8 / 7 body after public IO 164ms
     → expected { …(2) } to deeply equal { …(2) }
   × player body Project persistence > does not materialize an independently absent optional: {"playerFootprint":{"width":3,"height":3}} 131ms
     → expected false to be true // Object.is equality
   × player body Project persistence > does not materialize an independently absent optional: {"playerPassRows":1} 139ms
     → expected false to be true // Object.is equality
   ✓ player body Project persistence > does not materialize an independently absent optional: {} 134ms
   × player body Project persistence > matches established bounded runtime meaning for malformed wire values: {"footprint":{"width":99,"height":99},"rows":99} 106ms
     → system.playerFootprint.width은 1~8 범위의 정수여야 합니다.
   × player body Project persistence > matches established bounded runtime meaning for malformed wire values: {"footprint":{"width":-2,"height":3},"rows":0} 112ms
     → system.playerFootprint.width은 1~8 범위의 정수여야 합니다.
   × player body Project persistence > matches established bounded runtime meaning for malformed wire values: {"footprint":{"width":2.5,"height":3},"rows":-1} 100ms
     → system.playerFootprint.width은 1~8 범위의 정수여야 합니다.
   × player body Project persistence > matches established bounded runtime meaning for malformed wire values: {"footprint":{"width":"3","height":4},"rows":1.5} 89ms
     → system.playerFootprint.width가 숫자가 아닙니다.
   × player body Project persistence > matches established bounded runtime meaning for malformed wire values: {"footprint":{"height":3},"rows":"1"} 95ms
     → system.playerFootprint.width가 숫자가 아닙니다.
   × player body Project persistence > matches established bounded runtime meaning for malformed wire values: {"footprint":{"width":3,"height":3},"rows":null} 88ms
     → system.playerPassRows가 숫자가 아닙니다.
   × player body Project persistence > matches established bounded runtime meaning for malformed wire values: {"footprint":{"width":3,"height":3},"rows":9007199254740992} 79ms
     → system.playerPassRows는 1~3(몸 높이) 범위의 정수여야 합니다.
   × player body Project persistence > matches established bounded runtime meaning for malformed wire values: {"footprint":null,"rows":2} 80ms
     → system.playerFootprint가 객체가 아닙니다.
   × player body Project persistence > matches established bounded runtime meaning for malformed wire values: {"footprint":[],"rows":1} 82ms
     → system.playerFootprint가 객체가 아닙니다.
   × player body Project persistence > matches established bounded runtime meaning for malformed wire values: {"footprint":"3x3","rows":1} 83ms
     → system.playerFootprint가 객체가 아닙니다.
   × player body Project persistence > matches established bounded runtime meaning for malformed wire values: {"footprint":{"width":3,"height":9007199254740992},"rows":2} 85ms
     → system.playerFootprint.height은 1~8 범위의 정수여야 합니다.
   × player body Project persistence > normalizes nonfinite direct inputs with the existing helpers: NaN 33ms
     → expected undefined to deeply equal { width: 1, height: 3 }
   × player body Project persistence > normalizes nonfinite direct inputs with the existing helpers: Infinity 29ms
     → expected undefined to deeply equal { width: 1, height: 3 }
   × player body Project persistence > normalizes nonfinite direct inputs with the existing helpers: -Infinity 31ms
     → expected undefined to deeply equal { width: 1, height: 3 }
   × player body Project persistence > keeps independent session override priority and resolved-height clamping after IO 171ms
     → expected { …(2) } to deeply equal { …(2) }

 Test Files  1 failed (1)
      Tests  20 failed | 2 passed (22)
   Start at  17:22:51
   Duration  7.10s (transform 2.89s, setup 0ms, collect 4.04s, tests 2.66s, environment 0ms, prepare 86ms)

