
> rpg-zzu@0.1.0 test
> node scripts/run-vitest.mjs run --configLoader bundle test/forestDensity.test.ts test/forestDensityPriority.test.ts test/forestFloorMix.test.ts test/forestTrunkLayers.test.ts test/narrowForestRepro.test.ts test/densePackingPlacement.test.ts test/placementStructure.test.ts test/placementScoring.test.ts test/placementSurface.test.ts test/clusterRulePlacement.test.ts test/villageTreePlacement.test.ts test/houseProtection.test.ts test/toolHouseProtection.test.ts test/regionTaskHouseProtection.test.ts test/applyProposedProjectHouseProtection.test.ts test/clusterAiModalHouseProtection.test.ts test/placePropsZeroPlacement.test.ts test/forestWrites.test.ts


 RUN  v3.2.4 /home/main/z-project/rpg-zzu-house-protection-p2-forest

 ✓ test/forestDensityPriority.test.ts (4 tests) 7ms
 ✓ test/forestWrites.test.ts (7 tests) 282ms
 ✓ test/placementStructure.test.ts (5 tests) 30ms
 ✓ test/placementScoring.test.ts (4 tests) 18ms
 ✓ test/placementSurface.test.ts (16 tests) 19ms
 ✓ test/villageTreePlacement.test.ts (10 tests) 1071ms
 ✓ test/narrowForestRepro.test.ts (2 tests) 1458ms
   ✓ narrow dense forest > 5x15 영역에서도 dense 커버리지·통행 계약을 지킨다  828ms
   ✓ narrow dense forest > 가장자리는 속보다 덤불이 듬성듬성하다  619ms
 ✓ test/placePropsZeroPlacement.test.ts (2 tests) 2642ms
   ✓ place_props zero placement > fails with an actionable message when the region leaves no room  1780ms
   ✓ place_props zero placement > still succeeds on an open region and reports partial placement as success  858ms
 ✓ test/forestTrunkLayers.test.ts (2 tests) 3645ms
   ✓ forest composition trunk layers > dense 합성: 수관은 upper, 밑동은 lower — upper 고아 밑동 없음  2477ms
   ✓ forest composition trunk layers > impassable 합성: 밑동은 lower — gap-closure 덤불이 밑동을 upper 로 밀지 않음  1166ms
 ❯ test/clusterRulePlacement.test.ts (8 tests | 5 failed) 4433ms
   × hard cluster rule placement > paint_tiles가 침엽수 하단(290) 단독 칠하기를 상단(260) 동반 배치로 보정한다 731ms
     → expected -1 to be 260 // Object.is equality
   ✓ hard cluster rule placement > paint_tiles가 y=0에서 침엽수 하단(290) 배치를 거부해 반쪽 타일을 남기지 않는다  1012ms
   ✓ hard cluster rule placement > 동반 타일 위치의 상위 레이어에 다른 오브젝트가 있으면 배치를 거부한다  833ms
   × hard cluster rule placement > 동반 타일 위치에 같은 타일이 이미 있으면 재배치를 허용한다(멱등) 326ms
     → expected -1 to be 290 // Object.is equality
   × hard cluster rule placement > paint_tiles가 활엽수 하단 좌측(292)에서 2x2 전체를 원자 배치한다 413ms
     → expected -1 to be 262 // Object.is equality
   × hard cluster rule placement > scatter_object가 침엽수를 1x2 원자 풋프린트로 배치하고 summary에 동반 타일을 표시한다 461ms
     → expected +0 to be 3 // Object.is equality
   × hard cluster rule placement > scatter_object가 활엽수를 source_rect 기반 2x2 원자 풋프린트로 배치한다 315ms
     → expected -1 to be 292 // Object.is equality
   ✓ hard cluster rule placement > scatter_object가 9x9 물 아틀라스를 81칸 원자 풋프린트로 배치한다  338ms
 ✓ test/forestFloorMix.test.ts (3 tests) 4863ms
   ✓ forest floor mix > dense 합성: 짙은 수풀이 드물게 깔리고 수관·밑동·덤불이 살아남는다  3062ms
   ✓ forest floor mix > tone 칠하기: 1×1 풀(키큰 풀·잔디 변형)을 lower에 쓰지 않는다  1141ms
   ✓ forest floor mix > impassable 합성: 물웅덩이가 밑동·덤불을 덮지 않는다  657ms
 ✓ test/densePackingPlacement.test.ts (6 tests) 5655ms
   ✓ packing: dense > 자연 산포는 지나갈 길을 남기고 dense 는 거의 다 막는다  1701ms
   ✓ packing: dense > 요약이 남은 통행 칸을 실측해서 말한다 — 완전 봉쇄를 단정하지 않는다  795ms
   ✓ packing: dense > dense 는 모델이 같이 보낸 minGap 을 무시한다  920ms
   ✓ packing: dense > packing 을 주지 않으면 기존 산포 결과가 그대로다  1134ms
   ✓ packing: dense > place_props 의 단일 타일 경로도 dense 를 지켜 영역을 봉쇄한다  575ms
   ✓ packing: dense > 잘못된 packing 값은 거부한다  517ms
 ✓ test/toolHouseProtection.test.ts (12 tests) 6978ms
   ✓ completed house transaction invariant > rolls back maps, events and tree additions atomically (dryRun=false)  1193ms
   ✓ completed house transaction invariant > seals a newly built standalone house before global tree repair  835ms
   ✓ completed house transaction invariant > retains registration-time snapshots through later work in the same transaction  338ms
   ✓ completed house transaction invariant > does not allow removing metadata and then destroying the house  332ms
   ✓ completed house transaction invariant > preflights author_house against a completed house without tile changes  1236ms
   ✓ completed house transaction invariant > preflights build_house against a completed house without tile changes  591ms
   ✓ completed house transaction invariant > registers and reloads a standalone roof-deck attachment without claiming its yard  838ms
   ✓ completed house transaction invariant > allows unrelated edits and safe dry-run without changing the original project  745ms
 ✓ test/houseProtection.test.ts (23 tests) 10606ms
   ✓ completed house geometry and exact cell ownership > protects bbox, full-width north ridge and empty cells at (3,2)  1349ms
   ✓ completed house geometry and exact cell ownership > protects bbox, full-width north ridge and empty cells at (6,2)  948ms
   ✓ completed house geometry and exact cell ownership > protects bbox, full-width north ridge and empty cells at (3,3)  568ms
   ✓ completed house geometry and exact cell ownership > protects bbox, full-width north ridge and empty cells at (6,6)  507ms
   ✓ completed house geometry and exact cell ownership > protects bbox, full-width north ridge and empty cells at (4,4)  362ms
   ✓ completed house geometry and exact cell ownership > protects lowerTileStacks contents, order and absence  956ms
   ✓ completed house geometry and exact cell ownership > protects upperTileStacks contents, order and absence  1009ms
   ✓ completed house geometry and exact cell ownership > protects a human placement rectangle without adding a north ridge  564ms
   ✓ completed house geometry and exact cell ownership > protects the existing roof-deck ladder attachment, not the entire yard  723ms
   ✓ completed house geometry and exact cell ownership > rejects structural metadata change: reclassify  304ms
   ✓ completed house geometry and exact cell ownership > does not claim a raw adjacent ladder without roof-deck metadata  344ms
   ✓ completed house geometry and exact cell ownership > allows descriptive metadata and unrelated stack changes  382ms
   ✓ completed house geometry and exact cell ownership > rejects protected map crop  342ms
   ✓ completed house geometry and exact cell ownership > takes the current accepted human-edited tiles as truth, not original kit tiles  321ms
 ✓ test/regionTaskHouseProtection.test.ts (9 tests) 15316ms
   ✓ real region polish full approval > rejects protected seam changes when the store has not changed  3501ms
   ✓ real region polish full approval > applies an unrelated outside edit when accepted house values remain unchanged  2442ms
   ✓ real region polish partial approval > rejects protected seam changes when the store has not changed  2185ms
   ✓ real region polish partial approval > applies an unrelated outside edit when accepted house values remain unchanged  2614ms
   ✓ final region application uses the current store > rejects stale lowerTiles candidates before history or replacement  1115ms
   ✓ final region application uses the current store > rejects stale upperTiles candidates before history or replacement  991ms
   ✓ final region application uses the current store > rejects stale lowerTileStacks candidates before history or replacement  829ms
   ✓ final region application uses the current store > rejects stale upperTileStacks candidates before history or replacement  793ms
   ✓ final region application uses the current store > rejects stale new-house candidates before history or replacement  843ms
 ✓ test/clusterAiModalHouseProtection.test.ts (6 tests) 12994ms
   ✓ cluster modal live-house acceptance > rejects a successful metadata proposal after upper changes without applying or rebasing  2061ms
   ✓ cluster modal live-house acceptance > rejects a successful metadata proposal after stack changes without applying or rebasing  2481ms
   ✓ cluster modal live-house acceptance > rejects a successful metadata proposal after upper-and-stack changes without applying or rebasing  1522ms
   ✓ cluster modal live-house acceptance > rejects a successful metadata proposal after new-house changes without applying or rebasing  2016ms
   ✓ cluster modal live-house acceptance > applies safe metadata exactly once with existing human edits=false  2360ms
   ✓ cluster modal live-house acceptance > applies safe metadata exactly once with existing human edits=true  2552ms
 ❯ test/forestDensity.test.ts (25 tests | 2 failed) 24867ms
   ✓ forest density is structured-only > 사용자 문장이 아니라 enum 인자만 읽는다 16ms
   ✓ forest density is structured-only > 기본값은 dense — 도구 인자를 생략한 군락 시공의 fallback 15ms
   ✓ forest density is structured-only > 수종은 해석된 그룹 id·정확 라벨로만 가른다 1ms
   ✓ forestPlacementPlan > 옛 캡(면적/28, 최대 10그루)을 넘어 면적에 비례해 그루 수를 낸다 1ms
   ✓ forestPlacementPlan > dense·impassable 은 선형 packer(packing dense)로, 낮은 밀도는 자연 산포로 나간다 7ms
   ✓ forestPlacementPlan > share 로 침엽수·활엽수 패스가 커버리지를 나눠 갖는다 1ms
   ✓ outside-enterable forest cells > 바깥 한 겹이 solid 덤불로 닫힌 4×4 영역은 진입 가능한 칸이 0이다  1174ms
   × plant_tree_clusters > 기본(dense)이 선언한 커버리지에 닿고 그 지대를 실제로 막는다 2232ms
     → 영역의 30% 가 아직 걸어서 통과된다: expected 0.3003472222222222 to be less than 0.3
   ✓ plant_tree_clusters > 기본(dense)의 빈틈은 등간격 격자가 아니라 seeded 청색잡음으로 흩어진다  1121ms
   ✓ plant_tree_clusters > 기본(dense)이 100×100 에서도 선형 시간에 끝난다  853ms
   ✓ plant_tree_clusters > impassable 은 영역을 실제로 지나갈 수 없게 만든다  743ms
   ✓ plant_tree_clusters > 커버리지 실측을 요약에 적어 사용자가 밀도를 확인할 수 있다  393ms
   ✓ place_props density — 모델이 실제로 닿는 라이브 툴 > 침엽수 density=dense 가 count 없이도 숲을 만든다  399ms
   × place_props density — 모델이 실제로 닿는 라이브 툴 > 활엽수 density=dense 가 count 없이도 숲을 만든다 466ms
     → expected 0.3003472222222222 to be less than 0.3
   ✓ place_props density — 모델이 실제로 닿는 라이브 툴 > 침엽수 density=sparse 가 선언 커버리지와 실측 허용 오차 안에 든다  2285ms
   ✓ place_props density — 모델이 실제로 닿는 라이브 툴 > 침엽수 density=normal 가 선언 커버리지와 실측 허용 오차 안에 든다  5449ms
   ✓ place_props density — 모델이 실제로 닿는 라이브 툴 > 침엽수 density=dense 가 선언 커버리지와 실측 허용 오차 안에 든다  431ms
   ✓ place_props density — 모델이 실제로 닿는 라이브 툴 > 침엽수 density=impassable 가 선언 커버리지와 실측 허용 오차 안에 든다  355ms
   ✓ place_props density — 모델이 실제로 닿는 라이브 툴 > 활엽수 density=sparse 가 선언 커버리지와 실측 허용 오차 안에 든다  514ms
   ✓ place_props density — 모델이 실제로 닿는 라이브 툴 > 활엽수 density=normal 가 선언 커버리지와 실측 허용 오차 안에 든다  1821ms
   ✓ place_props density — 모델이 실제로 닿는 라이브 툴 > 활엽수 density=dense 가 선언 커버리지와 실측 허용 오차 안에 든다  404ms
   ✓ place_props density — 모델이 실제로 닿는 라이브 툴 > 활엽수 density=impassable 가 선언 커버리지와 실측 허용 오차 안에 든다  398ms
   ✓ place_props density — 모델이 실제로 닿는 라이브 툴 > density 는 나무 재료 전용이고 count 는 여전히 직접 줄 수 있다  461ms
   ✓ author_village — 모델이 실제로 지나는 마을 파사드 > 「울창한 숲 마을」의 숲 밴드가 두껍고 거의 통행 불가다  2737ms
   ✓ author_village — 모델이 실제로 지나는 마을 파사드 > 테마 문장만으로는 밀도를 올리지 않는다 — forestDensity enum이 필요하다  2573ms
 ✓ test/applyProposedProjectHouseProtection.test.ts (21 tests) 22315ms
   ✓ agent live house baseline > atomically rejects a stale preview after human lowerTiles edits  995ms
   ✓ agent live house baseline > atomically rejects a stale preview after human upperTiles edits  1139ms
   ✓ agent live house baseline > atomically rejects a stale preview after human lowerTileStacks edits  1056ms
   ✓ agent live house baseline > atomically rejects a stale preview after human upperTileStacks edits  581ms
   ✓ agent live house baseline > retains a house completed after preview, including resetProject=false  874ms
   ✓ agent live house baseline > retains a house completed after preview, including resetProject=true  833ms
   ✓ agent live house baseline > applies an unchanged-store preview with one undo entry and one commit  1349ms
   ✓ agent live house baseline > uses current human tile and stack edits as the next accepted baseline  1502ms
   ✓ agent live house baseline > does not turn raw walls or non-house regions into a stale-project lock  2059ms
   ✓ agent-milestone live house baseline > atomically rejects a stale preview after human lowerTiles edits  975ms
   ✓ agent-milestone live house baseline > atomically rejects a stale preview after human upperTiles edits  776ms
   ✓ agent-milestone live house baseline > atomically rejects a stale preview after human lowerTileStacks edits  617ms
   ✓ agent-milestone live house baseline > atomically rejects a stale preview after human upperTileStacks edits  657ms
   ✓ agent-milestone live house baseline > retains a house completed after preview, including resetProject=false  595ms
   ✓ agent-milestone live house baseline > retains a house completed after preview, including resetProject=true  604ms
   ✓ agent-milestone live house baseline > applies an unchanged-store preview with one undo entry and one commit  976ms
   ✓ agent-milestone live house baseline > uses current human tile and stack edits as the next accepted baseline  1163ms
   ✓ agent-milestone live house baseline > does not turn raw walls or non-house regions into a stale-project lock  1099ms
   ✓ real autonomous milestone application > checks the live store at completion: human-edit  1369ms
   ✓ real autonomous milestone application > checks the live store at completion: new-house  1234ms
   ✓ real autonomous milestone application > checks the live store at completion: unchanged  1857ms

⎯⎯⎯⎯⎯⎯⎯ Failed Tests 7 ⎯⎯⎯⎯⎯⎯⎯

 FAIL  test/clusterRulePlacement.test.ts > hard cluster rule placement > paint_tiles가 침엽수 하단(290) 단독 칠하기를 상단(260) 동반 배치로 보정한다
AssertionError: expected -1 to be 260 // Object.is equality

- Expected
+ Received

- 260
+ -1

 ❯ test/clusterRulePlacement.test.ts:62:51
     60|     const painted = currentMap(ctx, map.id);
     61|     expect(result.summary).toContain("동반");
     62|     expect(painted.upperTiles[at(painted, 5, 4)]).toBe(260);
       |                                                   ^
     63|     expect(painted.upperTiles[at(painted, 5, 5)]).toBe(290);
     64|   });

⎯⎯⎯⎯⎯⎯⎯⎯⎯⎯⎯⎯⎯⎯⎯⎯⎯⎯⎯⎯⎯⎯⎯⎯[1/7]⎯

 FAIL  test/clusterRulePlacement.test.ts > hard cluster rule placement > 동반 타일 위치에 같은 타일이 이미 있으면 재배치를 허용한다(멱등)
AssertionError: expected -1 to be 290 // Object.is equality

- Expected
+ Received

- 290
+ -1

 ❯ test/clusterRulePlacement.test.ts:118:51
    116|     const painted = currentMap(ctx, map.id);
    117|     expect(painted.upperTiles[at(painted, 5, 4)]).toBe(260);
    118|     expect(painted.upperTiles[at(painted, 5, 5)]).toBe(290);
       |                                                   ^
    119|   });
    120|

⎯⎯⎯⎯⎯⎯⎯⎯⎯⎯⎯⎯⎯⎯⎯⎯⎯⎯⎯⎯⎯⎯⎯⎯[2/7]⎯

 FAIL  test/clusterRulePlacement.test.ts > hard cluster rule placement > paint_tiles가 활엽수 하단 좌측(292)에서 2x2 전체를 원자 배치한다
AssertionError: expected -1 to be 262 // Object.is equality

- Expected
+ Received

- 262
+ -1

 ❯ test/clusterRulePlacement.test.ts:134:51
    132|     expectOk(result);
    133|     const painted = currentMap(ctx, map.id);
    134|     expect(painted.upperTiles[at(painted, 4, 3)]).toBe(262);
       |                                                   ^
    135|     expect(painted.upperTiles[at(painted, 5, 3)]).toBe(263);
    136|     expect(painted.upperTiles[at(painted, 4, 4)]).toBe(292);

⎯⎯⎯⎯⎯⎯⎯⎯⎯⎯⎯⎯⎯⎯⎯⎯⎯⎯⎯⎯⎯⎯⎯⎯[3/7]⎯

 FAIL  test/clusterRulePlacement.test.ts > hard cluster rule placement > scatter_object가 침엽수를 1x2 원자 풋프린트로 배치하고 summary에 동반 타일을 표시한다
AssertionError: expected +0 to be 3 // Object.is equality

- Expected
+ Received

- 3
+ 0

 ❯ test/clusterRulePlacement.test.ts:156:42
    154|     const scattered = currentMap(ctx, map.id);
    155|     expect(result.summary).toContain("클러스터 동반");
    156|     expect(countConiferPairs(scattered)).toBe(3);
       |                                          ^
    157|   });
    158|

⎯⎯⎯⎯⎯⎯⎯⎯⎯⎯⎯⎯⎯⎯⎯⎯⎯⎯⎯⎯⎯⎯⎯⎯[4/7]⎯

 FAIL  test/clusterRulePlacement.test.ts > hard cluster rule placement > scatter_object가 활엽수를 source_rect 기반 2x2 원자 풋프린트로 배치한다
AssertionError: expected -1 to be 292 // Object.is equality

- Expected
+ Received

- 292
+ -1

 ❯ test/clusterRulePlacement.test.ts:177:55
    175|     expect(scattered.upperTiles[at(scattered, 3, 3)]).toBe(262);
    176|     expect(scattered.upperTiles[at(scattered, 4, 3)]).toBe(263);
    177|     expect(scattered.upperTiles[at(scattered, 3, 4)]).toBe(292);
       |                                                       ^
    178|     expect(scattered.upperTiles[at(scattered, 4, 4)]).toBe(293);
    179|   });

⎯⎯⎯⎯⎯⎯⎯⎯⎯⎯⎯⎯⎯⎯⎯⎯⎯⎯⎯⎯⎯⎯⎯⎯[5/7]⎯

 FAIL  test/forestDensity.test.ts > plant_tree_clusters > 기본(dense)이 선언한 커버리지에 닿고 그 지대를 실제로 막는다
AssertionError: 영역의 30% 가 아직 걸어서 통과된다: expected 0.3003472222222222 to be less than 0.3
 ❯ test/forestDensity.test.ts:227:8
    225|     // 통행성 실측(실측 19.8%): 옛 판은 72.6% 가 걸어서 통과됐다.
    226|     expect(densePassable, `영역의 ${Math.round(densePassable * 100)}% 가 아…
    227|       .toBeLessThan(0.3);
       |        ^
    228|     // 숲이지 벽이 아니다 — 빈틈이 조금은 남아야 한다.
    229|     expect(densePassable).toBeGreaterThan(0);

⎯⎯⎯⎯⎯⎯⎯⎯⎯⎯⎯⎯⎯⎯⎯⎯⎯⎯⎯⎯⎯⎯⎯⎯[6/7]⎯

 FAIL  test/forestDensity.test.ts > place_props density — 모델이 실제로 닿는 라이브 툴 > 활엽수 density=dense 가 count 없이도 숲을 만든다
AssertionError: expected 0.3003472222222222 to be less than 0.3
 ❯ test/forestDensity.test.ts:298:47
    296|
    297|     expect(treeCoverage(map, AREA)).toBeGreaterThanOrEqual(forestCover…
    298|     expect(passableRatio(project, map, AREA)).toBeLessThan(0.3);
       |                                               ^
    299|     expect((result.data as { packing?: string }).packing).toBe("dense"…
    300|   });

⎯⎯⎯⎯⎯⎯⎯⎯⎯⎯⎯⎯⎯⎯⎯⎯⎯⎯⎯⎯⎯⎯⎯⎯[7/7]⎯


 Test Files  2 failed | 16 passed (18)
      Tests  7 failed | 158 passed (165)
   Start at  09:09:37
   Duration  59.24s (transform 66.65s, setup 0ms, collect 418.91s, tests 117.20s, environment 645ms, prepare 7.86s)
