
> rpg-zzu@0.1.0 test
> node scripts/run-vitest.mjs run --configLoader bundle test/houseProtectionForest.test.ts test/forestDensity.test.ts test/forestDensityPriority.test.ts test/forestFloorMix.test.ts test/forestTrunkLayers.test.ts test/narrowForestRepro.test.ts test/densePackingPlacement.test.ts test/placementStructure.test.ts test/placementScoring.test.ts test/placementSurface.test.ts test/clusterRulePlacement.test.ts test/villageTreePlacement.test.ts test/houseProtection.test.ts test/toolHouseProtection.test.ts test/regionTaskHouseProtection.test.ts test/applyProposedProjectHouseProtection.test.ts test/clusterAiModalHouseProtection.test.ts test/placePropsZeroPlacement.test.ts test/forestWrites.test.ts


 RUN  v3.2.4 /home/main/z-project/rpg-zzu-house-protection-p2-forest

 ✓ test/forestWrites.test.ts (7 tests) 144ms
 ✓ test/forestDensityPriority.test.ts (4 tests) 12ms
 ✓ test/placementStructure.test.ts (5 tests) 37ms
 ✓ test/placementScoring.test.ts (4 tests) 11ms
 ✓ test/placementSurface.test.ts (16 tests) 106ms
 ✓ test/villageTreePlacement.test.ts (10 tests) 1148ms
 ✓ test/narrowForestRepro.test.ts (2 tests) 948ms
   ✓ narrow dense forest > 5x15 영역에서도 dense 커버리지·통행 계약을 지킨다  475ms
   ✓ narrow dense forest > 가장자리는 속보다 덤불이 듬성듬성하다  470ms
 ✓ test/forestTrunkLayers.test.ts (2 tests) 1931ms
   ✓ forest composition trunk layers > dense 합성: 수관은 upper, 밑동은 lower — upper 고아 밑동 없음  1309ms
   ✓ forest composition trunk layers > impassable 합성: 밑동은 lower — gap-closure 덤불이 밑동을 upper 로 밀지 않음  619ms
 ✓ test/forestFloorMix.test.ts (3 tests) 2406ms
   ✓ forest floor mix > dense 합성: 짙은 수풀이 드물게 깔리고 수관·밑동·덤불이 살아남는다  1226ms
   ✓ forest floor mix > tone 칠하기: 1×1 풀(키큰 풀·잔디 변형)을 lower에 쓰지 않는다  649ms
   ✓ forest floor mix > impassable 합성: 물웅덩이가 밑동·덤불을 덮지 않는다  523ms
 ✓ test/placePropsZeroPlacement.test.ts (2 tests) 2859ms
   ✓ place_props zero placement > fails with an actionable message when the region leaves no room  1967ms
   ✓ place_props zero placement > still succeeds on an open region and reports partial placement as success  888ms
 ❯ test/clusterRulePlacement.test.ts (8 tests | 5 failed) 3127ms
   × hard cluster rule placement > paint_tiles가 침엽수 하단(290) 단독 칠하기를 상단(260) 동반 배치로 보정한다 483ms
     → expected -1 to be 260 // Object.is equality
   ✓ hard cluster rule placement > paint_tiles가 y=0에서 침엽수 하단(290) 배치를 거부해 반쪽 타일을 남기지 않는다  334ms
   ✓ hard cluster rule placement > 동반 타일 위치의 상위 레이어에 다른 오브젝트가 있으면 배치를 거부한다  540ms
   × hard cluster rule placement > 동반 타일 위치에 같은 타일이 이미 있으면 재배치를 허용한다(멱등) 352ms
     → expected -1 to be 290 // Object.is equality
   × hard cluster rule placement > paint_tiles가 활엽수 하단 좌측(292)에서 2x2 전체를 원자 배치한다 307ms
     → expected -1 to be 262 // Object.is equality
   × hard cluster rule placement > scatter_object가 침엽수를 1x2 원자 풋프린트로 배치하고 summary에 동반 타일을 표시한다 423ms
     → expected +0 to be 3 // Object.is equality
   × hard cluster rule placement > scatter_object가 활엽수를 source_rect 기반 2x2 원자 풋프린트로 배치한다 332ms
     → expected -1 to be 292 // Object.is equality
   ✓ hard cluster rule placement > scatter_object가 9x9 물 아틀라스를 81칸 원자 풋프린트로 배치한다  345ms
 ✓ test/densePackingPlacement.test.ts (6 tests) 4691ms
   ✓ packing: dense > 자연 산포는 지나갈 길을 남기고 dense 는 거의 다 막는다  1448ms
   ✓ packing: dense > 요약이 남은 통행 칸을 실측해서 말한다 — 완전 봉쇄를 단정하지 않는다  634ms
   ✓ packing: dense > dense 는 모델이 같이 보낸 minGap 을 무시한다  719ms
   ✓ packing: dense > packing 을 주지 않으면 기존 산포 결과가 그대로다  888ms
   ✓ packing: dense > place_props 의 단일 타일 경로도 dense 를 지켜 영역을 봉쇄한다  661ms
   ✓ packing: dense > 잘못된 packing 값은 거부한다  336ms
 ✓ test/houseProtectionForest.test.ts (15 tests) 4794ms
   ✓ direct forest composition writers > rejects an entire puddle footprint touching a house and uses the other clearing  315ms
   ✓ forest placement and final transaction guard > commits dense forest through place_props after save/load, keeping the unchanged final guard  1507ms
   ✓ forest placement and final transaction guard > commits impassable forest through place_props after save/load, keeping the unchanged final guard  950ms
 ✓ test/toolHouseProtection.test.ts (12 tests) 5698ms
   ✓ completed house transaction invariant > rolls back maps, events and tree additions atomically (dryRun=false)  511ms
   ✓ completed house transaction invariant > rolls back maps, events and tree additions atomically (dryRun=true)  383ms
   ✓ completed house transaction invariant > seals a newly built standalone house before global tree repair  639ms
   ✓ completed house transaction invariant > does not allow removing metadata and then destroying the house  327ms
   ✓ completed house transaction invariant > preflights author_house against a completed house without tile changes  885ms
   ✓ completed house transaction invariant > preflights build_house against a completed house without tile changes  560ms
   ✓ completed house transaction invariant > registers and reloads a standalone roof-deck attachment without claiming its yard  901ms
   ✓ completed house transaction invariant > allows unrelated edits and safe dry-run without changing the original project  630ms
 ✓ test/houseProtection.test.ts (23 tests) 10672ms
   ✓ completed house geometry and exact cell ownership > protects bbox, full-width north ridge and empty cells at (3,2)  976ms
   ✓ completed house geometry and exact cell ownership > protects bbox, full-width north ridge and empty cells at (6,2)  495ms
   ✓ completed house geometry and exact cell ownership > protects bbox, full-width north ridge and empty cells at (3,3)  707ms
   ✓ completed house geometry and exact cell ownership > protects bbox, full-width north ridge and empty cells at (6,6)  513ms
   ✓ completed house geometry and exact cell ownership > protects bbox, full-width north ridge and empty cells at (4,4)  476ms
   ✓ completed house geometry and exact cell ownership > protects lowerTileStacks contents, order and absence  1101ms
   ✓ completed house geometry and exact cell ownership > protects upperTileStacks contents, order and absence  1127ms
   ✓ completed house geometry and exact cell ownership > protects a human placement rectangle without adding a north ridge  837ms
   ✓ completed house geometry and exact cell ownership > protects the existing roof-deck ladder attachment, not the entire yard  756ms
   ✓ completed house geometry and exact cell ownership > rejects structural metadata change: move  571ms
   ✓ completed house geometry and exact cell ownership > rejects structural metadata change: reclassify  342ms
   ✓ completed house geometry and exact cell ownership > does not claim a raw adjacent ladder without roof-deck metadata  335ms
   ✓ completed house geometry and exact cell ownership > allows descriptive metadata and unrelated stack changes  427ms
 ✓ test/regionTaskHouseProtection.test.ts (9 tests) 12484ms
   ✓ real region polish full approval > rejects protected seam changes when the store has not changed  2448ms
   ✓ real region polish full approval > applies an unrelated outside edit when accepted house values remain unchanged  2153ms
   ✓ real region polish partial approval > rejects protected seam changes when the store has not changed  1936ms
   ✓ real region polish partial approval > applies an unrelated outside edit when accepted house values remain unchanged  1768ms
   ✓ final region application uses the current store > rejects stale lowerTiles candidates before history or replacement  855ms
   ✓ final region application uses the current store > rejects stale upperTiles candidates before history or replacement  664ms
   ✓ final region application uses the current store > rejects stale lowerTileStacks candidates before history or replacement  858ms
   ✓ final region application uses the current store > rejects stale upperTileStacks candidates before history or replacement  876ms
   ✓ final region application uses the current store > rejects stale new-house candidates before history or replacement  921ms
 ✓ test/clusterAiModalHouseProtection.test.ts (6 tests) 10491ms
   ✓ cluster modal live-house acceptance > rejects a successful metadata proposal after upper changes without applying or rebasing  1887ms
   ✓ cluster modal live-house acceptance > rejects a successful metadata proposal after stack changes without applying or rebasing  1466ms
   ✓ cluster modal live-house acceptance > rejects a successful metadata proposal after upper-and-stack changes without applying or rebasing  1195ms
   ✓ cluster modal live-house acceptance > rejects a successful metadata proposal after new-house changes without applying or rebasing  1349ms
   ✓ cluster modal live-house acceptance > applies safe metadata exactly once with existing human edits=false  2413ms
   ✓ cluster modal live-house acceptance > applies safe metadata exactly once with existing human edits=true  2178ms
 ✓ test/applyProposedProjectHouseProtection.test.ts (21 tests) 19658ms
   ✓ agent live house baseline > atomically rejects a stale preview after human lowerTiles edits  1084ms
   ✓ agent live house baseline > atomically rejects a stale preview after human upperTiles edits  809ms
   ✓ agent live house baseline > atomically rejects a stale preview after human lowerTileStacks edits  587ms
   ✓ agent live house baseline > atomically rejects a stale preview after human upperTileStacks edits  624ms
   ✓ agent live house baseline > retains a house completed after preview, including resetProject=false  830ms
   ✓ agent live house baseline > retains a house completed after preview, including resetProject=true  721ms
   ✓ agent live house baseline > applies an unchanged-store preview with one undo entry and one commit  1338ms
   ✓ agent live house baseline > uses current human tile and stack edits as the next accepted baseline  1283ms
   ✓ agent live house baseline > does not turn raw walls or non-house regions into a stale-project lock  1200ms
   ✓ agent-milestone live house baseline > atomically rejects a stale preview after human lowerTiles edits  665ms
   ✓ agent-milestone live house baseline > atomically rejects a stale preview after human upperTiles edits  536ms
   ✓ agent-milestone live house baseline > atomically rejects a stale preview after human lowerTileStacks edits  529ms
   ✓ agent-milestone live house baseline > atomically rejects a stale preview after human upperTileStacks edits  581ms
   ✓ agent-milestone live house baseline > retains a house completed after preview, including resetProject=false  558ms
   ✓ agent-milestone live house baseline > retains a house completed after preview, including resetProject=true  636ms
   ✓ agent-milestone live house baseline > applies an unchanged-store preview with one undo entry and one commit  1153ms
   ✓ agent-milestone live house baseline > uses current human tile and stack edits as the next accepted baseline  934ms
   ✓ agent-milestone live house baseline > does not turn raw walls or non-house regions into a stale-project lock  1245ms
   ✓ real autonomous milestone application > checks the live store at completion: human-edit  1031ms
   ✓ real autonomous milestone application > checks the live store at completion: new-house  1255ms
   ✓ real autonomous milestone application > checks the live store at completion: unchanged  2051ms
 ❯ test/forestDensity.test.ts (25 tests | 2 failed) 22635ms
   ✓ forest density is structured-only > 사용자 문장이 아니라 enum 인자만 읽는다 7ms
   ✓ forest density is structured-only > 기본값은 dense — 도구 인자를 생략한 군락 시공의 fallback 6ms
   ✓ forest density is structured-only > 수종은 해석된 그룹 id·정확 라벨로만 가른다 1ms
   ✓ forestPlacementPlan > 옛 캡(면적/28, 최대 10그루)을 넘어 면적에 비례해 그루 수를 낸다 1ms
   ✓ forestPlacementPlan > dense·impassable 은 선형 packer(packing dense)로, 낮은 밀도는 자연 산포로 나간다 1ms
   ✓ forestPlacementPlan > share 로 침엽수·활엽수 패스가 커버리지를 나눠 갖는다 1ms
   ✓ outside-enterable forest cells > 바깥 한 겹이 solid 덤불로 닫힌 4×4 영역은 진입 가능한 칸이 0이다  962ms
   × plant_tree_clusters > 기본(dense)이 선언한 커버리지에 닿고 그 지대를 실제로 막는다 1636ms
     → 영역의 30% 가 아직 걸어서 통과된다: expected 0.3003472222222222 to be less than 0.3
   ✓ plant_tree_clusters > 기본(dense)의 빈틈은 등간격 격자가 아니라 seeded 청색잡음으로 흩어진다  1326ms
   ✓ plant_tree_clusters > 기본(dense)이 100×100 에서도 선형 시간에 끝난다  502ms
   ✓ plant_tree_clusters > impassable 은 영역을 실제로 지나갈 수 없게 만든다  455ms
   ✓ plant_tree_clusters > 커버리지 실측을 요약에 적어 사용자가 밀도를 확인할 수 있다  385ms
   ✓ place_props density — 모델이 실제로 닿는 라이브 툴 > 침엽수 density=dense 가 count 없이도 숲을 만든다  378ms
   × place_props density — 모델이 실제로 닿는 라이브 툴 > 활엽수 density=dense 가 count 없이도 숲을 만든다 349ms
     → expected 0.3003472222222222 to be less than 0.3
   ✓ place_props density — 모델이 실제로 닿는 라이브 툴 > 침엽수 density=sparse 가 선언 커버리지와 실측 허용 오차 안에 든다  2534ms
   ✓ place_props density — 모델이 실제로 닿는 라이브 툴 > 침엽수 density=normal 가 선언 커버리지와 실측 허용 오차 안에 든다  4493ms
   ✓ place_props density — 모델이 실제로 닿는 라이브 툴 > 침엽수 density=dense 가 선언 커버리지와 실측 허용 오차 안에 든다 229ms
   ✓ place_props density — 모델이 실제로 닿는 라이브 툴 > 침엽수 density=impassable 가 선언 커버리지와 실측 허용 오차 안에 든다 256ms
   ✓ place_props density — 모델이 실제로 닿는 라이브 툴 > 활엽수 density=sparse 가 선언 커버리지와 실측 허용 오차 안에 든다  496ms
   ✓ place_props density — 모델이 실제로 닿는 라이브 툴 > 활엽수 density=normal 가 선언 커버리지와 실측 허용 오차 안에 든다  1827ms
   ✓ place_props density — 모델이 실제로 닿는 라이브 툴 > 활엽수 density=dense 가 선언 커버리지와 실측 허용 오차 안에 든다  341ms
   ✓ place_props density — 모델이 실제로 닿는 라이브 툴 > 활엽수 density=impassable 가 선언 커버리지와 실측 허용 오차 안에 든다  306ms
   ✓ place_props density — 모델이 실제로 닿는 라이브 툴 > density 는 나무 재료 전용이고 count 는 여전히 직접 줄 수 있다  482ms
   ✓ author_village — 모델이 실제로 지나는 마을 파사드 > 「울창한 숲 마을」의 숲 밴드가 두껍고 거의 통행 불가다  2910ms
   ✓ author_village — 모델이 실제로 지나는 마을 파사드 > 테마 문장만으로는 밀도를 올리지 않는다 — forestDensity enum이 필요하다  2739ms

⎯⎯⎯⎯⎯⎯⎯ Failed Tests 7 ⎯⎯⎯⎯⎯⎯⎯

 FAIL  test/clusterRulePlacement.test.ts > hard cluster rule placement > paint_tiles가 침엽수 하단(290) 단독 칠하기를 상단(260) 동반 배치로 보정한다
AssertionError: expected -1 to be 260 // Object.is equality

- Expected
+ Received

- 260
+ -1

 ❯ test/clusterRulePlacement.test.ts:62:51
     60|     const painted = currentMap(ctx, map.id);
     61|     expect(result.summary).toContain("동반");
     62|     expect(painted.upperTiles[at(painted, 5, 4)]).toBe(260);
       |                                                   ^
     63|     expect(painted.upperTiles[at(painted, 5, 5)]).toBe(290);
     64|   });

⎯⎯⎯⎯⎯⎯⎯⎯⎯⎯⎯⎯⎯⎯⎯⎯⎯⎯⎯⎯⎯⎯⎯⎯[1/7]⎯

 FAIL  test/clusterRulePlacement.test.ts > hard cluster rule placement > 동반 타일 위치에 같은 타일이 이미 있으면 재배치를 허용한다(멱등)
AssertionError: expected -1 to be 290 // Object.is equality

- Expected
+ Received

- 290
+ -1

 ❯ test/clusterRulePlacement.test.ts:118:51
    116|     const painted = currentMap(ctx, map.id);
    117|     expect(painted.upperTiles[at(painted, 5, 4)]).toBe(260);
    118|     expect(painted.upperTiles[at(painted, 5, 5)]).toBe(290);
       |                                                   ^
    119|   });
    120|

⎯⎯⎯⎯⎯⎯⎯⎯⎯⎯⎯⎯⎯⎯⎯⎯⎯⎯⎯⎯⎯⎯⎯⎯[2/7]⎯

 FAIL  test/clusterRulePlacement.test.ts > hard cluster rule placement > paint_tiles가 활엽수 하단 좌측(292)에서 2x2 전체를 원자 배치한다
AssertionError: expected -1 to be 262 // Object.is equality

- Expected
+ Received

- 262
+ -1

 ❯ test/clusterRulePlacement.test.ts:134:51
    132|     expectOk(result);
    133|     const painted = currentMap(ctx, map.id);
    134|     expect(painted.upperTiles[at(painted, 4, 3)]).toBe(262);
       |                                                   ^
    135|     expect(painted.upperTiles[at(painted, 5, 3)]).toBe(263);
    136|     expect(painted.upperTiles[at(painted, 4, 4)]).toBe(292);

⎯⎯⎯⎯⎯⎯⎯⎯⎯⎯⎯⎯⎯⎯⎯⎯⎯⎯⎯⎯⎯⎯⎯⎯[3/7]⎯

 FAIL  test/clusterRulePlacement.test.ts > hard cluster rule placement > scatter_object가 침엽수를 1x2 원자 풋프린트로 배치하고 summary에 동반 타일을 표시한다
AssertionError: expected +0 to be 3 // Object.is equality

- Expected
+ Received

- 3
+ 0

 ❯ test/clusterRulePlacement.test.ts:156:42
    154|     const scattered = currentMap(ctx, map.id);
    155|     expect(result.summary).toContain("클러스터 동반");
    156|     expect(countConiferPairs(scattered)).toBe(3);
       |                                          ^
    157|   });
    158|

⎯⎯⎯⎯⎯⎯⎯⎯⎯⎯⎯⎯⎯⎯⎯⎯⎯⎯⎯⎯⎯⎯⎯⎯[4/7]⎯

 FAIL  test/clusterRulePlacement.test.ts > hard cluster rule placement > scatter_object가 활엽수를 source_rect 기반 2x2 원자 풋프린트로 배치한다
AssertionError: expected -1 to be 292 // Object.is equality

- Expected
+ Received

- 292
+ -1

 ❯ test/clusterRulePlacement.test.ts:177:55
    175|     expect(scattered.upperTiles[at(scattered, 3, 3)]).toBe(262);
    176|     expect(scattered.upperTiles[at(scattered, 4, 3)]).toBe(263);
    177|     expect(scattered.upperTiles[at(scattered, 3, 4)]).toBe(292);
       |                                                       ^
    178|     expect(scattered.upperTiles[at(scattered, 4, 4)]).toBe(293);
    179|   });

⎯⎯⎯⎯⎯⎯⎯⎯⎯⎯⎯⎯⎯⎯⎯⎯⎯⎯⎯⎯⎯⎯⎯⎯[5/7]⎯

 FAIL  test/forestDensity.test.ts > plant_tree_clusters > 기본(dense)이 선언한 커버리지에 닿고 그 지대를 실제로 막는다
AssertionError: 영역의 30% 가 아직 걸어서 통과된다: expected 0.3003472222222222 to be less than 0.3
 ❯ test/forestDensity.test.ts:227:8
    225|     // 통행성 실측(실측 19.8%): 옛 판은 72.6% 가 걸어서 통과됐다.
    226|     expect(densePassable, `영역의 ${Math.round(densePassable * 100)}% 가 아…
    227|       .toBeLessThan(0.3);
       |        ^
    228|     // 숲이지 벽이 아니다 — 빈틈이 조금은 남아야 한다.
    229|     expect(densePassable).toBeGreaterThan(0);

⎯⎯⎯⎯⎯⎯⎯⎯⎯⎯⎯⎯⎯⎯⎯⎯⎯⎯⎯⎯⎯⎯⎯⎯[6/7]⎯

 FAIL  test/forestDensity.test.ts > place_props density — 모델이 실제로 닿는 라이브 툴 > 활엽수 density=dense 가 count 없이도 숲을 만든다
AssertionError: expected 0.3003472222222222 to be less than 0.3
 ❯ test/forestDensity.test.ts:298:47
    296|
    297|     expect(treeCoverage(map, AREA)).toBeGreaterThanOrEqual(forestCover…
    298|     expect(passableRatio(project, map, AREA)).toBeLessThan(0.3);
       |                                               ^
    299|     expect((result.data as { packing?: string }).packing).toBe("dense"…
    300|   });

⎯⎯⎯⎯⎯⎯⎯⎯⎯⎯⎯⎯⎯⎯⎯⎯⎯⎯⎯⎯⎯⎯⎯⎯[7/7]⎯


 Test Files  2 failed | 17 passed (19)
      Tests  7 failed | 173 passed (180)
   Start at  09:12:18
   Duration  57.23s (transform 70.29s, setup 0ms, collect 458.72s, tests 103.85s, environment 638ms, prepare 9.40s)
