{"step":"server","url":"http://127.0.0.1:42311","port":42311,"scratch":"/dev/shm/st_01a07bf9"}
{"step":"rug-fixture","sha256":"265f600a710025ee451361b70746b50ca2bf9165e6815d4ce0aa582e7eca520b","bytes":2077140,"path":"/home/main/z-project/rpg-zzu-life-full-p4/.omo/evidence/life-full-20260906/12/ui/fixtures-r5/rug.reloaded.json"}
{"step":"goto","url":"http://127.0.0.1:42311/player.html","profileName":"profile-rug","saveNamespace":"task12-ui-native-r5-rug"}
{"step":"rug-runtime","player":{"x":8,"y":8},"gold":500,"inventory":{"item_hoe":1,"item_potion":8},"buildings":{"r5-retained-shed":{"instanceId":"r5-retained-shed","typeId":"shed","mapId":"map_blank_start","x":12,"y":6,"orientation":"down","level":1}}}
{"step":"not-moving","label":"rug-boot","sprite":{"textureKey":"tex_easyrpg_charset_actor1","frame":25,"resourceId":"easyrpg-charset-actor1","kind":"charset","moving":false,"x":136,"y":144},"player":{"x":8,"y":8},"running":false}
{"step":"open-spaces-start","debug":"{\"selectedCommand\":\"items\",\"mode\":\"main\"}","selected":["status-menu-command-items","status-menu-item-item_potion"],"tabs":[],"group":[],"spaces":[]}
{"step":"menu-step","key":"ArrowDown","from":"life-ledger-tab-shipping","to":"life-ledger-tab-bundles","want":"life-ledger-tab-spaces"}
{"step":"menu-step","key":"ArrowDown","from":"life-ledger-tab-bundles","to":"life-ledger-tab-skills","want":"life-ledger-tab-spaces"}
{"step":"menu-step","key":"ArrowDown","from":"life-ledger-tab-skills","to":"life-ledger-tab-makers","want":"life-ledger-tab-spaces"}
{"step":"menu-step","key":"ArrowDown","from":"life-ledger-tab-makers","to":"life-ledger-tab-animals","want":"life-ledger-tab-spaces"}
{"step":"menu-step","key":"ArrowDown","from":"life-ledger-tab-animals","to":"life-ledger-tab-spaces","want":"life-ledger-tab-spaces"}
{"step":"not-moving","label":"before-place","sprite":{"textureKey":"tex_easyrpg_charset_actor1","frame":25,"resourceId":"easyrpg-charset-actor1","kind":"charset","moving":false,"x":136,"y":144},"player":{"x":8,"y":8},"running":false}
{"step":"menu-step","key":"ArrowDown","from":"life-ledger-space-building-place-shed","to":"life-ledger-space-building-move-r5-retained-shed","want":"life-ledger-space-decoration-place-rug"}
{"step":"menu-step","key":"ArrowDown","from":"life-ledger-space-building-move-r5-retained-shed","to":"life-ledger-space-building-remove-r5-retained-shed","want":"life-ledger-space-decoration-place-rug"}
{"step":"menu-step","key":"ArrowDown","from":"life-ledger-space-building-remove-r5-retained-shed","to":"life-ledger-space-decoration-place-rug","want":"life-ledger-space-decoration-place-rug"}
{"step":"place-label","rugLabel":"Rug 배치map_blank_start (7, 9)","selected":"life-ledger-space-decoration-place-rug","spaces":[{"testid":"life-ledger-space-building-place-shed","text":"Shed 배치map_blank_start (7, 9)","aria":"Shed 배치"},{"testid":"life-ledger-space-building-r5-retained-shed","text":"ShedLv.1 · 수용량 4빈 맵 (12, 6) · 아래","aria":null},{"testid":"life-ledger-space-building-move-r5-retained-shed","text":"Shed 이동map_blank_start (7, 9)","aria":"Shed 이동"},{"testid":"life-ledger-space-building-remove-r5-retained-shed","text":"Shed 철거배치에서 제거","aria":"Shed 철거"},{"testid":"life-ledger-space-decoration-place-rug","text":"Rug 배치map_blank_start (7, 9)","aria":"Rug 배치"}]}
{"step":"place","placedMsg":{"text":"Rug을(를) 배치했습니다"},"gold":500,"inventory":{"item_hoe":1,"item_potion":7},"player":{"x":8,"y":8},"instanceId":"ledger:decoration:rug:1","ownerAfterPlace":{"text":"Rug아래 · 2×1빈 맵 (7, 9) ","x":7,"y":9,"orientation":"down"},"buildings":{"r5-retained-shed":{"instanceId":"r5-retained-shed","typeId":"shed","mapId":"map_blank_start","x":12,"y":6,"orientation":"down","level":1}}}
{"step":"menu-close-step","kind":"mode","from":"{\"selectedCommand\":\"life-ledger\",\"mode\":\"function\"}","to":"{\"selectedCommand\":\"record-menu\",\"mode\":\"function\"}"}
{"step":"menu-close-step","kind":"mode","from":"{\"selectedCommand\":\"record-menu\",\"mode\":\"function\"}","to":"{\"selectedCommand\":\"record-menu\",\"mode\":\"main\"}"}
{"step":"menu-close-step","kind":"absent"}
{"step":"not-moving","label":"before-down-onto","sprite":{"textureKey":"tex_easyrpg_charset_actor1","frame":25,"resourceId":"easyrpg-charset-actor1","kind":"charset","moving":false,"x":136,"y":144},"player":{"x":8,"y":8},"running":false}
{"step":"down-onto","from":{"x":8,"y":8},"to":{"x":8,"y":9},"gold":500,"inventory":{"item_hoe":1,"item_potion":7},"buildings":{"r5-retained-shed":{"instanceId":"r5-retained-shed","typeId":"shed","mapId":"map_blank_start","x":12,"y":6,"orientation":"down","level":1}}}
{"step":"not-moving","label":"after-down-onto","sprite":{"textureKey":"tex_easyrpg_charset_actor1","frame":25,"resourceId":"easyrpg-charset-actor1","kind":"charset","moving":false,"x":136,"y":160},"player":{"x":8,"y":9},"running":false}
{"step":"passage-down-onto","foot":{"x":8,"y":9},"passage":{"left":7,"right":9,"top":9,"bottom":9,"bodyTop":7},"intersection":[{"x":7,"y":9},{"x":8,"y":9}],"rugCells":[{"x":7,"y":9},{"x":8,"y":9}]}
{"step":"failed","error":"jsHandle.evaluate: Error: timeout present save-slot-1\n    at eval (eval at evaluate (:303:30), <anonymous>:19:59)"}
