
 RUN  v3.2.4 /home/main/.herdr/worktrees/rpg-zzu/worktree-calm-cloud-6e89-jrpg-field-resource-ai-baseline-main194

 ❯ test/autosaveStatus.test.ts (3 tests | 1 failed) 11485ms
   ✓ autosave status > notifies pending, saving, and saved around the 4 second autosave debounce  6621ms
   ✓ autosave status > retries with exponential backoff after an autosave error without another update  1792ms
   × autosave status > keeps autosave state out of the map-focused editor statusbar 3070ms
     → Cannot read properties of null (reading 'getItem')
 ✓ test/databaseOverviewTab.test.ts (8 tests) 30292ms
   ✓ database overview tab shell > summarizes the authored game across world, story, cast, systems, and readiness  18497ms
   ✓ database overview tab shell > renders stat chips for all 9 collections with counts from the project data  2009ms
   ✓ database overview tab shell > empty project renders chips with 0 counts without crashing  1645ms
   ✓ database overview tab shell > default open tab after modal open is the stored last tab, NOT overview unless stored  1609ms
   ✓ database overview tab shell > persists across hard reload: stored 'overview' lands on the overview tab  1582ms
   ✓ database overview tab shell > setDatabaseActiveTab('overview') + renderDatabasePanel renders the overview tab  1736ms
   ✓ database overview tab shell > stat chips are buttons that switch to the matching tab (G006)  1555ms
   ✓ database overview tab shell > databaseTabLabel resolves the overview label for the AI footer  1656ms
 ✓ test/databaseOverviewDashboard.test.ts (11 tests) 34799ms
   ✓ database overview dashboard > renders stat chips immediately with counts from the project data  18390ms
   ✓ database overview dashboard > lazy compute: charts container is empty before idle callback, populated after flush  1912ms
   ✓ database overview dashboard > curve chart renders two non-empty SVG paths with gridlines and Lv1..Lv50 labels  1685ms
   ✓ database overview dashboard > scatter chart draws one circle per enemy with a <title> tooltip and boss styling  1611ms
   ✓ database overview dashboard > renders issue cards matching the detector output with jump buttons  1611ms
   ✓ database overview dashboard > jump button switches to the target tab via switchDatabaseActiveTab (G006)  1818ms
   ✓ database overview dashboard > attack-stagnation jump opens the classes tab, not skills  1547ms
   ✓ database overview dashboard > curve section shows a visible HP/attack legend  1686ms
   ✓ database overview dashboard > AI 분석 button dispatches the modal's database-ai-toggle click (aria-expanded)  1457ms
   ✓ database overview dashboard > clean project shows empty-state cards instead of blank canvases  1521ms
   ✓ database overview dashboard > empty project renders empty states without NaN paths  1556ms

 Test Files  1 failed | 2 passed (3)
      Tests  1 failed | 21 passed (22)
   Start at  21:11:01
   Duration  40.27s (transform 18.65s, setup 0ms, collect 8.80s, tests 76.58s, environment 1ms, prepare 986ms)

JSON report written to /home/main/.herdr/worktrees/rpg-zzu/worktree-calm-cloud-6e89-jrpg-field-resource-ai-baseline-main194/output/evidence/final-c5f48f0b-comparison/additional-baseline/vitest-report.json
