
> rpg-zzu@0.1.0 test
> node scripts/run-vitest.mjs run --configLoader bundle test/toolImageGraftReadiness.test.ts test/toolImageEventRender.test.ts test/assistantTilesetVisualReview.test.ts test/mapVisualTilesetDependency.test.ts test/toolImageEventAcceptanceSession.test.ts test/assistantBackgroundReview.test.ts --maxWorkers=2


 RUN  v3.2.4 /home/main/z-project/rpg-zzu-ai-full-context-graft-proof

 ✓ test/toolImageGraftReadiness.test.ts (4 tests) 3456ms
   ✓ tool image graft atlas readiness > withholds session approval while the graft source is held, then admits a changed PNG after release  1510ms
   ✓ tool image graft atlas readiness > keeps failed graft source loads unapproved in the public session reviewer  1569ms
 ✓ test/assistantBackgroundReview.test.ts (8 tests) 4486ms
   ✓ background review evidence > rejects fake approval with ordinary targetChange acceptance and none evidence  1464ms
   ✓ background review evidence > rejects fake approval with ordinary targetChange acceptance and tile-image evidence  1295ms
   ✓ background review evidence > rejects fake approval with ordinary targetChange acceptance and unavailable evidence  1324ms
 ✓ test/toolImageEventAcceptanceSession.test.ts (1 test) 1166ms
   ✓ session acceptance refuses unrepresentative multi-page event imagery > cannot verify imageReviewed after a page2-only graphic change without representable coverage  1164ms
 ✓ test/assistantTilesetVisualReview.test.ts (2 tests) 2750ms
   ✓ assistant tileset visual review > does not approve a used tileset column change without current map images  1463ms
   ✓ assistant tileset visual review > approves the same tileset column change once current map images are delivered  1285ms
 ✓ test/mapVisualTilesetDependency.test.ts (5 tests) 579ms
 ✓ test/toolImageEventRender.test.ts (6 tests) 721ms

 Test Files  6 passed (6)
      Tests  26 passed (26)
   Start at  00:00:09
   Duration  23.88s (transform 9.15s, setup 0ms, collect 31.26s, tests 13.16s, environment 2ms, prepare 560ms)

