
> rpg-zzu@0.1.0 test
> node scripts/run-vitest.mjs run --configLoader bundle test/toolImageGraftReadiness.test.ts test/toolImageEventRender.test.ts test/assistantTilesetVisualReview.test.ts test/mapVisualTilesetDependency.test.ts test/toolImageEventAcceptanceSession.test.ts test/assistantBackgroundReview.test.ts --maxWorkers=2


 RUN  v3.2.4 /home/main/z-project/rpg-zzu-ai-full-context-graft-proof

 ✓ test/assistantBackgroundReview.test.ts (8 tests) 5150ms
   ✓ background review evidence > rejects fake approval with ordinary targetChange acceptance and none evidence  1660ms
   ✓ background review evidence > rejects fake approval with ordinary targetChange acceptance and tile-image evidence  1571ms
   ✓ background review evidence > rejects fake approval with ordinary targetChange acceptance and unavailable evidence  1438ms
 ✓ test/toolImageGraftReadiness.test.ts (6 tests) 6588ms
   ✓ tool image graft atlas readiness > fails closed while a graft source is held, then yields a changed PNG after release  336ms
   ✓ tool image graft atlas readiness > withholds session approval while pending, then admits a changed PNG after a ready bake  3256ms
   ✓ tool image graft atlas readiness > aborts a held-graft turn without receipt or authority; later bake cannot revive it  981ms
   ✓ tool image graft atlas readiness > keeps failed graft source loads unapproved in the public session reviewer  1706ms
 ✓ test/toolImageEventAcceptanceSession.test.ts (1 test) 1208ms
   ✓ session acceptance refuses unrepresentative multi-page event imagery > cannot verify imageReviewed after a page2-only graphic change without representable coverage  1206ms
 ✓ test/assistantTilesetVisualReview.test.ts (2 tests) 2960ms
   ✓ assistant tileset visual review > does not approve a used tileset column change without current map images  1679ms
   ✓ assistant tileset visual review > approves the same tileset column change once current map images are delivered  1279ms
 ✓ test/mapVisualTilesetDependency.test.ts (5 tests) 663ms
 ✓ test/toolImageEventRender.test.ts (6 tests) 744ms

 Test Files  6 passed (6)
      Tests  28 passed (28)
   Start at  00:18:50
   Duration  24.93s (transform 8.19s, setup 0ms, collect 29.03s, tests 17.31s, environment 2ms, prepare 491ms)

