market-idle 11 labels; 7 failures
market-conversation 23 labels; 8 failures
market-run 24 labels; 8 failures
market-attention 24 labels; 9 failures
market-done 24 labels; 9 failures
market-error 24 labels; 9 failures
market-pill-idle 2 labels; 1 failures
market-pill-attention 2 labels; 1 failures
market-pill-error 2 labels; 1 failures
{
  "failures": [
    {
      "state": "market-idle",
      "selector": "ai-deck-rail-ctx",
      "color": "rgb(71, 85, 105)",
      "bounds": [
        {
          "name": "black",
          "bg": [
            0.78,
            0.78,
            0.78
          ],
          "ratio": 4.477905733201011
        },
        {
          "name": "white",
          "bg": [
            1,
            1,
            1
          ],
          "ratio": 7.577663953533317
        }
      ],
      "sample": {
        "bg": [
          0.8784313725490196,
          0.8431372549019608,
          0.8196078431372549
        ],
        "ratio": 5.3441742309653595
      },
      "opacity": 1
    },
    {
      "state": "market-idle",
      "selector": "ai-composer-menu-btn ai-context-meter",
      "color": "rgb(71, 85, 105)",
      "bounds": [
        {
          "name": "black",
          "bg": [
            0.78,
            0.78,
            0.78
          ],
          "ratio": 4.477905733201011
        },
        {
          "name": "white",
          "bg": [
            1,
            1,
            1
          ],
          "ratio": 7.577663953533317
        }
      ],
      "sample": {
        "bg": [
          0.8784313725490196,
          0.8313725490196079,
          0.8156862745098039
        ],
        "ratio": 5.231354116086579
      },
      "opacity": 1
    },
    {
      "state": "market-idle",
      "selector": "ai-composer-mode-option",
      "color": "rgb(71, 85, 105)",
      "bounds": [
        {
          "name": "black",
          "bg": [
            0.7367294099999999,
            0.738611766,
            0.7430823599999999
          ],
          "ratio": 4.004187315828023
        },
        {
          "name": "white",
          "bg": [
            0.9435294099999999,
            0.945411766,
            0.9498823599999999
          ],
          "ratio": 6.712544076232845
        }
      ],
      "sample": {
        "bg": [
          0.8313725490196079,
          0.8274509803921568,
          0.7843137254901961
        ],
        "ratio": 5.0341460346848566
      },
      "opacity": 1
    },
    {
      "state": "market-idle",
      "selector": "ai-composer-mode-option",
      "color": "rgb(71, 85, 105)",
      "bounds": [
        {
          "name": "black",
          "bg": [
            0.7367294099999999,
            0.738611766,
            0.7430823599999999
          ],
          "ratio": 4.004187315828023
        },
        {
          "name": "white",
          "bg": [
            0.9435294099999999,
            0.945411766,
            0.9498823599999999
          ],
          "ratio": 6.712544076232845
        }
      ],
      "sample": {
        "bg": [
          0.8431372549019608,
          0.796078431372549,
          0.7803921568627451
        ],
        "ratio": 4.783488132783936
      },
      "opacity": 1
    },
    {
      "state": "market-idle",
      "selector": "ai-composer-effort-select",
      "color": "rgb(71, 85, 105)",
      "bounds": [
        {
          "name": "black",
          "bg": [
            0.78,
            0.78,
            0.78
          ],
          "ratio": 4.477905733201011
        },
        {
          "name": "white",
          "bg": [
            1,
            1,
            1
          ],
          "ratio": 7.577663953533317
        }
      ],
      "sample": {
        "bg": [
          0.792156862745098,
          0.7450980392156863,
          0.7372549019607844
        ],
        "ratio": 4.186789829831564
      },
      "opacity": 1
    },
    {
      "state": "market-idle",
      "selector": "ai-composer-effort-select",
      "color": "rgb(71, 85, 105)",
      "bounds": [
        {
          "name": "black",
          "bg": [
            0.78,
            0.78,
            0.78
          ],
          "ratio": 4.477905733201011
        },
        {
          "name": "white",
          "bg": [
            1,
            1,
            1
          ],
          "ratio": 7.577663953533317
        }
      ],
      "sample": {
        "bg": [
          0.792156862745098,
          0.7450980392156863,
          0.7372549019607844
        ],
        "ratio": 4.186789829831564
      },
      "opacity": 1
    },
    {
      "state": "market-idle",
      "selector": "ai-composer-model",
      "color": "rgb(71, 85, 105)",
      "bounds": [
        {
          "name": "black",
          "bg": [
            0.78,
            0.78,
            0.78
          ],
          "ratio": 4.477905733201011
        },
        {
          "name": "white",
          "bg": [
            1,
            1,
            1
          ],
          "ratio": 7.577663953533317
        }
      ],
      "sample": {
        "bg": [
          0.8941176470588236,
          0.8392156862745098,
          0.8235294117647058
        ],
        "ratio": 5.357787893796388
      },
      "opacity": 1
    },
    {
      "state": "market-conversation",
      "selector": "ai-deck-rail-ctx",
      "color": "rgb(71, 85, 105)",
      "bounds": [
        {
          "name": "black",
          "bg": [
            0.78,
            0.78,
            0.78
          ],
          "ratio": 4.477905733201011
        },
        {
          "name": "white",
          "bg": [
            1,
            1,
            1
          ],
          "ratio": 7.577663953533317
        }
      ],
      "sample": {
        "bg": [
          0.8588235294117647,
          0.8313725490196079,
          0.796078431372549
        ],
        "ratio": 5.157057356305733
      },
      "opacity": 1
    },
    {
      "state": "market-conversation",
      "selector": "ai-composer-menu-btn ai-context-meter",
      "color": "rgb(71, 85, 105)",
      "bounds": [
        {
          "name": "black",
          "bg": [
            0.78,
            0.78,
            0.78
          ],
          "ratio": 4.477905733201011
        },
        {
          "name": "white",
          "bg": [
            1,
            1,
            1
          ],
          "ratio": 7.577663953533317
        }
      ],
      "sample": {
        "bg": [
          0.8588235294117647,
          0.9294117647058824,
          0.8352941176470589
        ],
        "ratio": 6.165514956364943
      },
      "opacity": 1
    },
    {
      "state": "market-conversation",
      "selector": "ai-day-divider-label",
      "color": "rgb(71, 85, 105)",
      "bounds": [
        {
          "name": "black",
          "bg": [
            0.78,
            0.78,
            0.78
          ],
          "ratio": 4.477905733201011
        },
        {
          "name": "white",
          "bg": [
            1,
            1,
            1
          ],
          "ratio": 7.577663953533317
        }
      ],
      "sample": {
        "bg": [
          0.8588235294117647,
          0.9294117647058824,
          0.8352941176470589
        ],
        "ratio": 6.165514956364943
      },
      "opacity": 1
    },
    {
      "state": "market-conversation",
      "selector": "ai-composer-mode-option",
      "color": "rgb(71, 85, 105)",
      "bounds": [
        {
          "name": "black",
          "bg": [
            0.7367294099999999,
            0.738611766,
            0.7430823599999999
          ],
          "ratio": 4.004187315828023
        },
        {
          "name": "white",
          "bg": [
            0.9435294099999999,
            0.945411766,
            0.9498823599999999
          ],
          "ratio": 6.712544076232845
        }
      ],
      "sample": {
        "bg": [
          0.8509803921568627,
          0.8,
          0.7843137254901961
        ],
        "ratio": 4.843034832287309
      },
      "opacity": 1
    },
    {
      "state": "market-conversation",
      "selector": "ai-composer-mode-option",
      "color": "rgb(71, 85, 105)",
      "bounds": [
        {
          "name": "black",
          "bg": [
            0.7367294099999999,
            0.738611766,
            0.7430823599999999
          ],
          "ratio": 4.004187315828023
        },
        {
          "name": "white",
          "bg": [
            0.9435294099999999,
            0.945411766,
            0.9498823599999999
          ],
          "ratio": 6.712544076232845
        }
      ],
      "sample": {
        "bg": [
          0.8509803921568627,
          0.8,
          0.7843137254901961
        ],
        "ratio": 4.843034832287309
      },
      "opacity": 1
    },
    {
      "state": "market-conversation",
      "selector": "ai-composer-effort-select",
      "color": "rgb(71, 85, 105)",
      "bounds": [
        {
          "name": "black",
          "bg": [
            0.78,
            0.78,
            0.78
          ],
          "ratio": 4.477905733201011
        },
        {
          "name": "white",
          "bg": [
            1,
            1,
            1
          ],
          "ratio": 7.577663953533317
        }
      ],
      "sample": {
        "bg": [
          0.796078431372549,
          0.7529411764705882,
          0.7450980392156863
        ],
        "ratio": 4.266115785274347
      },
      "opacity": 1
    },
    {
      "state": "market-conversation",
      "selector": "ai-composer-effort-select",
      "color": "rgb(71, 85, 105)",
      "bounds": [
        {
          "name": "black",
          "bg": [
            0.78,
            0.78,
            0.78
          ],
          "ratio": 4.477905733201011
        },
        {
          "name": "white",
          "bg": [
            1,
            1,
            1
          ],
          "ratio": 7.577663953533317
        }
      ],
      "sample": {
        "bg": [
          0.8705882352941177,
          0.8549019607843137,
          0.8196078431372549
        ],
        "ratio": 5.432524865188677
      },
      "opacity": 1
    },
    {
      "state": "market-conversation",
      "selector": "ai-composer-model",
      "color": "rgb(71, 85, 105)",
      "bounds": [
        {
          "name": "black",
          "bg": [
            0.78,
            0.78,
            0.78
          ],
          "ratio": 4.477905733201011
        },
        {
          "name": "white",
          "bg": [
            1,
            1,
            1
          ],
          "ratio": 7.577663953533317
        }
      ],
      "sample": {
        "bg": [
          0.8941176470588236,
          0.8392156862745098,
          0.8235294117647058
        ],
        "ratio": 5.357787893796388
      },
      "opacity": 1
    },
    {
      "state": "market-run",
      "selector": "ai-deck-rail-ctx",
      "color": "rgb(71, 85, 105)",
      "bounds": [
        {
          "name": "black",
          "bg": [
            0.78,
            0.78,
            0.78
          ],
          "ratio": 4.477905733201011
        },
        {
          "name": "white",
          "bg": [
            1,
            1,
            1
          ],
          "ratio": 7.577663953533317
        }
      ],
      "sample": {
        "bg": [
          0.8588235294117647,
          0.8313725490196079,
          0.796078431372549
        ],
        "ratio": 5.157057356305733
      },
      "opacity": 1
    },
    {
      "state": "market-run",
      "selector": "ai-composer-menu-btn ai-context-meter",
      "color": "rgb(71, 85, 105)",
      "bounds": [
        {
          "name": "black",
          "bg": [
            0.78,
            0.78,
            0.78
          ],
          "ratio": 4.477905733201011
        },
        {
          "name": "white",
          "bg": [
            1,
            1,
            1
          ],
          "ratio": 7.577663953533317
        }
      ],
      "sample": {
        "bg": [
          0.8588235294117647,
          0.9294117647058824,
          0.8352941176470589
        ],
        "ratio": 6.165514956364943
      },
      "opacity": 1
    },
    {
      "state": "market-run",
      "selector": "ai-day-divider-label",
      "color": "rgb(71, 85, 105)",
      "bounds": [
        {
          "name": "black",
          "bg": [
            0.78,
            0.78,
            0.78
          ],
          "ratio": 4.477905733201011
        },
        {
          "name": "white",
          "bg": [
            1,
            1,
            1
          ],
          "ratio": 7.577663953533317
        }
      ],
      "sample": {
        "bg": [
          0.8588235294117647,
          0.9294117647058824,
          0.8352941176470589
        ],
        "ratio": 6.165514956364943
      },
      "opacity": 1
    },
    {
      "state": "market-run",
      "selector": "ai-composer-mode-option",
      "color": "rgb(71, 85, 105)",
      "bounds": [
        {
          "name": "black",
          "bg": [
            0.7367294099999999,
            0.738611766,
            0.7430823599999999
          ],
          "ratio": 4.004187315828023
        },
        {
          "name": "white",
          "bg": [
            0.9435294099999999,
            0.945411766,
            0.9498823599999999
          ],
          "ratio": 6.712544076232845
        }
      ],
      "sample": {
        "bg": [
          0.8509803921568627,
          0.8,
          0.7843137254901961
        ],
        "ratio": 4.843034832287309
      },
      "opacity": 1
    },
    {
      "state": "market-run",
      "selector": "ai-composer-mode-option",
      "color": "rgb(71, 85, 105)",
      "bounds": [
        {
          "name": "black",
          "bg": [
            0.7367294099999999,
            0.738611766,
            0.7430823599999999
          ],
          "ratio": 4.004187315828023
        },
        {
          "name": "white",
          "bg": [
            0.9435294099999999,
            0.945411766,
            0.9498823599999999
          ],
          "ratio": 6.712544076232845
        }
      ],
      "sample": {
        "bg": [
          0.8509803921568627,
          0.8,
          0.7843137254901961
        ],
        "ratio": 4.843034832287309
      },
      "opacity": 1
    },
    {
      "state": "market-run",
      "selector": "ai-composer-effort-select",
      "color": "rgb(71, 85, 105)",
      "bounds": [
        {
          "name": "black",
          "bg": [
            0.78,
            0.78,
            0.78
          ],
          "ratio": 4.477905733201011
        },
        {
          "name": "white",
          "bg": [
            1,
            1,
            1
          ],
          "ratio": 7.577663953533317
        }
      ],
      "sample": {
        "bg": [
          0.796078431372549,
          0.7529411764705882,
          0.7450980392156863
        ],
        "ratio": 4.266115785274347
      },
      "opacity": 1
    },
    {
      "state": "market-run",
      "selector": "ai-composer-effort-select",
      "color": "rgb(71, 85, 105)",
      "bounds": [
        {
          "name": "black",
          "bg": [
            0.78,
            0.78,
            0.78
          ],
          "ratio": 4.477905733201011
        },
        {
          "name": "white",
          "bg": [
            1,
            1,
            1
          ],
          "ratio": 7.577663953533317
        }
      ],
      "sample": {
        "bg": [
          0.8705882352941177,
          0.8549019607843137,
          0.8196078431372549
        ],
        "ratio": 5.432524865188677
      },
      "opacity": 1
    },
    {
      "state": "market-run",
      "selector": "ai-composer-model",
      "color": "rgb(71, 85, 105)",
      "bounds": [
        {
          "name": "black",
          "bg": [
            0.78,
            0.78,
            0.78
          ],
          "ratio": 4.477905733201011
        },
        {
          "name": "white",
          "bg": [
            1,
            1,
            1
          ],
          "ratio": 7.577663953533317
        }
      ],
      "sample": {
        "bg": [
          0.8941176470588236,
          0.8392156862745098,
          0.8235294117647058
        ],
        "ratio": 5.357787893796388
      },
      "opacity": 1
    },
    {
      "state": "market-attention",
      "selector": "ai-deck-rail-ctx",
      "color": "rgb(71, 85, 105)",
      "bounds": [
        {
          "name": "black",
          "bg": [
            0.78,
            0.78,
            0.78
          ],
          "ratio": 4.477905733201011
        },
        {
          "name": "white",
          "bg": [
            1,
            1,
            1
          ],
          "ratio": 7.577663953533317
        }
      ],
      "sample": {
        "bg": [
          0.8588235294117647,
          0.8313725490196079,
          0.796078431372549
        ],
        "ratio": 5.157057356305733
      },
      "opacity": 1
    },
    {
      "state": "market-attention",
      "selector": "ai-assistant-status",
      "color": "rgb(138, 94, 0)",
      "bounds": [
        {
          "name": "black",
          "bg": [
            0.7795411764705882,
            0.7112274509803922,
            0.7096980392156863
          ],
          "ratio": 2.9140113882758416
        },
        {
          "name": "white",
          "bg": [
            0.9709411764705882,
            0.9026274509803922,
            0.9010980392156863
          ],
          "ratio": 4.740736847665091
        }
      ],
      "sample": {
        "bg": [
          0.8431372549019608,
          0.7568627450980392,
          0.7254901960784313
        ],
        "ratio": 3.3185313314074505
      },
      "opacity": 1
    },
    {
      "state": "market-attention",
      "selector": "ai-composer-menu-btn ai-context-meter",
      "color": "rgb(71, 85, 105)",
      "bounds": [
        {
          "name": "black",
          "bg": [
            0.78,
            0.78,
            0.78
          ],
          "ratio": 4.477905733201011
        },
        {
          "name": "white",
          "bg": [
            1,
            1,
            1
          ],
          "ratio": 7.577663953533317
        }
      ],
      "sample": {
        "bg": [
          0.8588235294117647,
          0.9294117647058824,
          0.8352941176470589
        ],
        "ratio": 6.165514956364943
      },
      "opacity": 1
    },
    {
      "state": "market-attention",
      "selector": "ai-day-divider-label",
      "color": "rgb(71, 85, 105)",
      "bounds": [
        {
          "name": "black",
          "bg": [
            0.78,
            0.78,
            0.78
          ],
          "ratio": 4.477905733201011
        },
        {
          "name": "white",
          "bg": [
            1,
            1,
            1
          ],
          "ratio": 7.577663953533317
        }
      ],
      "sample": {
        "bg": [
          0.8588235294117647,
          0.9294117647058824,
          0.8352941176470589
        ],
        "ratio": 6.165514956364943
      },
      "opacity": 1
    },
    {
      "state": "market-attention",
      "selector": "ai-composer-mode-option",
      "color": "rgb(71, 85, 105)",
      "bounds": [
        {
          "name": "black",
          "bg": [
            0.7367294099999999,
            0.738611766,
            0.7430823599999999
          ],
          "ratio": 4.004187315828023
        },
        {
          "name": "white",
          "bg": [
            0.9435294099999999,
            0.945411766,
            0.9498823599999999
          ],
          "ratio": 6.712544076232845
        }
      ],
      "sample": {
        "bg": [
          0.8509803921568627,
          0.8,
          0.7843137254901961
        ],
        "ratio": 4.843034832287309
      },
      "opacity": 1
    },
    {
      "state": "market-attention",
      "selector": "ai-composer-mode-option",
      "color": "rgb(71, 85, 105)",
      "bounds": [
        {
          "name": "black",
          "bg": [
            0.7367294099999999,
            0.738611766,
            0.7430823599999999
          ],
          "ratio": 4.004187315828023
        },
        {
          "name": "white",
          "bg": [
            0.9435294099999999,
            0.945411766,
            0.9498823599999999
          ],
          "ratio": 6.712544076232845
        }
      ],
      "sample": {
        "bg": [
          0.8509803921568627,
          0.8,
          0.7843137254901961
        ],
        "ratio": 4.843034832287309
      },
      "opacity": 1
    },
    {
      "state": "market-attention",
      "selector": "ai-composer-effort-select",
      "color": "rgb(71, 85, 105)",
      "bounds": [
        {
          "name": "black",
          "bg": [
            0.78,
            0.78,
            0.78
          ],
          "ratio": 4.477905733201011
        },
        {
          "name": "white",
          "bg": [
            1,
            1,
            1
          ],
          "ratio": 7.577663953533317
        }
      ],
      "sample": {
        "bg": [
          0.796078431372549,
          0.7529411764705882,
          0.7450980392156863
        ],
        "ratio": 4.266115785274347
      },
      "opacity": 1
    },
    {
      "state": "market-attention",
      "selector": "ai-composer-effort-select",
      "color": "rgb(71, 85, 105)",
      "bounds": [
        {
          "name": "black",
          "bg": [
            0.78,
            0.78,
            0.78
          ],
          "ratio": 4.477905733201011
        },
        {
          "name": "white",
          "bg": [
            1,
            1,
            1
          ],
          "ratio": 7.577663953533317
        }
      ],
      "sample": {
        "bg": [
          0.8705882352941177,
          0.8549019607843137,
          0.8196078431372549
        ],
        "ratio": 5.432524865188677
      },
      "opacity": 1
    },
    {
      "state": "market-attention",
      "selector": "ai-composer-model",
      "color": "rgb(71, 85, 105)",
      "bounds": [
        {
          "name": "black",
          "bg": [
            0.78,
            0.78,
            0.78
          ],
          "ratio": 4.477905733201011
        },
        {
          "name": "white",
          "bg": [
            1,
            1,
            1
          ],
          "ratio": 7.577663953533317
        }
      ],
      "sample": {
        "bg": [
          0.8941176470588236,
          0.8392156862745098,
          0.8235294117647058
        ],
        "ratio": 5.357787893796388
      },
      "opacity": 1
    },
    {
      "state": "market-done",
      "selector": "ai-deck-rail-ctx",
      "color": "rgb(71, 85, 105)",
      "bounds": [
        {
          "name": "black",
          "bg": [
            0.78,
            0.78,
            0.78
          ],
          "ratio": 4.477905733201011
        },
        {
          "name": "white",
          "bg": [
            1,
            1,
            1
          ],
          "ratio": 7.577663953533317
        }
      ],
      "sample": {
        "bg": [
          0.8588235294117647,
          0.8313725490196079,
          0.796078431372549
        ],
        "ratio": 5.157057356305733
      },
      "opacity": 1
    },
    {
      "state": "market-done",
      "selector": "ai-assistant-status",
      "color": "rgb(24, 118, 79)",
      "bounds": [
        {
          "name": "black",
          "bg": [
            0.690835294117647,
            0.738756862745098,
            0.7188745098039215
          ],
          "ratio": 2.8752193059915334
        },
        {
          "name": "white",
          "bg": [
            0.882235294117647,
            0.930156862745098,
            0.9102745098039215
          ],
          "ratio": 4.67601068352487
        }
      ],
      "sample": {
        "bg": [
          0.7529411764705882,
          0.7843137254901961,
          0.7333333333333333
        ],
        "ratio": 3.2648151685424884
      },
      "opacity": 1
    },
    {
      "state": "market-done",
      "selector": "ai-composer-menu-btn ai-context-meter",
      "color": "rgb(71, 85, 105)",
      "bounds": [
        {
          "name": "black",
          "bg": [
            0.78,
            0.78,
            0.78
          ],
          "ratio": 4.477905733201011
        },
        {
          "name": "white",
          "bg": [
            1,
            1,
            1
          ],
          "ratio": 7.577663953533317
        }
      ],
      "sample": {
        "bg": [
          0.8588235294117647,
          0.9294117647058824,
          0.8352941176470589
        ],
        "ratio": 6.165514956364943
      },
      "opacity": 1
    },
    {
      "state": "market-done",
      "selector": "ai-day-divider-label",
      "color": "rgb(71, 85, 105)",
      "bounds": [
        {
          "name": "black",
          "bg": [
            0.78,
            0.78,
            0.78
          ],
          "ratio": 4.477905733201011
        },
        {
          "name": "white",
          "bg": [
            1,
            1,
            1
          ],
          "ratio": 7.577663953533317
        }
      ],
      "sample": {
        "bg": [
          0.8588235294117647,
          0.9294117647058824,
          0.8352941176470589
        ],
        "ratio": 6.165514956364943
      },
      "opacity": 1
    },
    {
      "state": "market-done",
      "selector": "ai-composer-mode-option",
      "color": "rgb(71, 85, 105)",
      "bounds": [
        {
          "name": "black",
          "bg": [
            0.7367294099999999,
            0.738611766,
            0.7430823599999999
          ],
          "ratio": 4.004187315828023
        },
        {
          "name": "white",
          "bg": [
            0.9435294099999999,
            0.945411766,
            0.9498823599999999
          ],
          "ratio": 6.712544076232845
        }
      ],
      "sample": {
        "bg": [
          0.8509803921568627,
          0.8,
          0.7843137254901961
        ],
        "ratio": 4.843034832287309
      },
      "opacity": 1
    },
    {
      "state": "market-done",
      "selector": "ai-composer-mode-option",
      "color": "rgb(71, 85, 105)",
      "bounds": [
        {
          "name": "black",
          "bg": [
            0.7367294099999999,
            0.738611766,
            0.7430823599999999
          ],
          "ratio": 4.004187315828023
        },
        {
          "name": "white",
          "bg": [
            0.9435294099999999,
            0.945411766,
            0.9498823599999999
          ],
          "ratio": 6.712544076232845
        }
      ],
      "sample": {
        "bg": [
          0.8509803921568627,
          0.8,
          0.7843137254901961
        ],
        "ratio": 4.843034832287309
      },
      "opacity": 1
    },
    {
      "state": "market-done",
      "selector": "ai-composer-effort-select",
      "color": "rgb(71, 85, 105)",
      "bounds": [
        {
          "name": "black",
          "bg": [
            0.78,
            0.78,
            0.78
          ],
          "ratio": 4.477905733201011
        },
        {
          "name": "white",
          "bg": [
            1,
            1,
            1
          ],
          "ratio": 7.577663953533317
        }
      ],
      "sample": {
        "bg": [
          0.796078431372549,
          0.7529411764705882,
          0.7450980392156863
        ],
        "ratio": 4.266115785274347
      },
      "opacity": 1
    },
    {
      "state": "market-done",
      "selector": "ai-composer-effort-select",
      "color": "rgb(71, 85, 105)",
      "bounds": [
        {
          "name": "black",
          "bg": [
            0.78,
            0.78,
            0.78
          ],
          "ratio": 4.477905733201011
        },
        {
          "name": "white",
          "bg": [
            1,
            1,
            1
          ],
          "ratio": 7.577663953533317
        }
      ],
      "sample": {
        "bg": [
          0.8705882352941177,
          0.8549019607843137,
          0.8196078431372549
        ],
        "ratio": 5.432524865188677
      },
      "opacity": 1
    },
    {
      "state": "market-done",
      "selector": "ai-composer-model",
      "color": "rgb(71, 85, 105)",
      "bounds": [
        {
          "name": "black",
          "bg": [
            0.78,
            0.78,
            0.78
          ],
          "ratio": 4.477905733201011
        },
        {
          "name": "white",
          "bg": [
            1,
            1,
            1
          ],
          "ratio": 7.577663953533317
        }
      ],
      "sample": {
        "bg": [
          0.8941176470588236,
          0.8392156862745098,
          0.8235294117647058
        ],
        "ratio": 5.357787893796388
      },
      "opacity": 1
    },
    {
      "state": "market-error",
      "selector": "ai-deck-rail-ctx",
      "color": "rgb(71, 85, 105)",
      "bounds": [
        {
          "name": "black",
          "bg": [
            0.78,
            0.78,
            0.78
          ],
          "ratio": 4.477905733201011
        },
        {
          "name": "white",
          "bg": [
            1,
            1,
            1
          ],
          "ratio": 7.577663953533317
        }
      ],
      "sample": {
        "bg": [
          0.8588235294117647,
          0.8313725490196079,
          0.796078431372549
        ],
        "ratio": 5.157057356305733
      },
      "opacity": 1
    },
    {
      "state": "market-error",
      "selector": "ai-assistant-status",
      "color": "rgb(198, 64, 61)",
      "bounds": [
        {
          "name": "black",
          "bg": [
            0.7795411764705882,
            0.7112274509803922,
            0.7096980392156863
          ],
          "ratio": 2.5532809420367863
        },
        {
          "name": "white",
          "bg": [
            0.9709411764705882,
            0.9026274509803922,
            0.9010980392156863
          ],
          "ratio": 4.153872937166785
        }
      ],
      "sample": {
        "bg": [
          0.8431372549019608,
          0.7568627450980392,
          0.7254901960784313
        ],
        "ratio": 2.907724670577895
      },
      "opacity": 1
    },
    {
      "state": "market-error",
      "selector": "ai-composer-menu-btn ai-context-meter",
      "color": "rgb(71, 85, 105)",
      "bounds": [
        {
          "name": "black",
          "bg": [
            0.78,
            0.78,
            0.78
          ],
          "ratio": 4.477905733201011
        },
        {
          "name": "white",
          "bg": [
            1,
            1,
            1
          ],
          "ratio": 7.577663953533317
        }
      ],
      "sample": {
        "bg": [
          0.8588235294117647,
          0.9294117647058824,
          0.8352941176470589
        ],
        "ratio": 6.165514956364943
      },
      "opacity": 1
    },
    {
      "state": "market-error",
      "selector": "ai-day-divider-label",
      "color": "rgb(71, 85, 105)",
      "bounds": [
        {
          "name": "black",
          "bg": [
            0.78,
            0.78,
            0.78
          ],
          "ratio": 4.477905733201011
        },
        {
          "name": "white",
          "bg": [
            1,
            1,
            1
          ],
          "ratio": 7.577663953533317
        }
      ],
      "sample": {
        "bg": [
          0.8588235294117647,
          0.9294117647058824,
          0.8352941176470589
        ],
        "ratio": 6.165514956364943
      },
      "opacity": 1
    },
    {
      "state": "market-error",
      "selector": "ai-composer-mode-option",
      "color": "rgb(71, 85, 105)",
      "bounds": [
        {
          "name": "black",
          "bg": [
            0.7367294099999999,
            0.738611766,
            0.7430823599999999
          ],
          "ratio": 4.004187315828023
        },
        {
          "name": "white",
          "bg": [
            0.9435294099999999,
            0.945411766,
            0.9498823599999999
          ],
          "ratio": 6.712544076232845
        }
      ],
      "sample": {
        "bg": [
          0.8509803921568627,
          0.8,
          0.7843137254901961
        ],
        "ratio": 4.843034832287309
      },
      "opacity": 1
    },
    {
      "state": "market-error",
      "selector": "ai-composer-mode-option",
      "color": "rgb(71, 85, 105)",
      "bounds": [
        {
          "name": "black",
          "bg": [
            0.7367294099999999,
            0.738611766,
            0.7430823599999999
          ],
          "ratio": 4.004187315828023
        },
        {
          "name": "white",
          "bg": [
            0.9435294099999999,
            0.945411766,
            0.9498823599999999
          ],
          "ratio": 6.712544076232845
        }
      ],
      "sample": {
        "bg": [
          0.8509803921568627,
          0.8,
          0.7843137254901961
        ],
        "ratio": 4.843034832287309
      },
      "opacity": 1
    },
    {
      "state": "market-error",
      "selector": "ai-composer-effort-select",
      "color": "rgb(71, 85, 105)",
      "bounds": [
        {
          "name": "black",
          "bg": [
            0.78,
            0.78,
            0.78
          ],
          "ratio": 4.477905733201011
        },
        {
          "name": "white",
          "bg": [
            1,
            1,
            1
          ],
          "ratio": 7.577663953533317
        }
      ],
      "sample": {
        "bg": [
          0.796078431372549,
          0.7529411764705882,
          0.7450980392156863
        ],
        "ratio": 4.266115785274347
      },
      "opacity": 1
    },
    {
      "state": "market-error",
      "selector": "ai-composer-effort-select",
      "color": "rgb(71, 85, 105)",
      "bounds": [
        {
          "name": "black",
          "bg": [
            0.78,
            0.78,
            0.78
          ],
          "ratio": 4.477905733201011
        },
        {
          "name": "white",
          "bg": [
            1,
            1,
            1
          ],
          "ratio": 7.577663953533317
        }
      ],
      "sample": {
        "bg": [
          0.8705882352941177,
          0.8549019607843137,
          0.8196078431372549
        ],
        "ratio": 5.432524865188677
      },
      "opacity": 1
    },
    {
      "state": "market-error",
      "selector": "ai-composer-model",
      "color": "rgb(71, 85, 105)",
      "bounds": [
        {
          "name": "black",
          "bg": [
            0.78,
            0.78,
            0.78
          ],
          "ratio": 4.477905733201011
        },
        {
          "name": "white",
          "bg": [
            1,
            1,
            1
          ],
          "ratio": 7.577663953533317
        }
      ],
      "sample": {
        "bg": [
          0.8941176470588236,
          0.8392156862745098,
          0.8235294117647058
        ],
        "ratio": 5.357787893796388
      },
      "opacity": 1
    },
    {
      "state": "market-pill-idle",
      "selector": "ai-collapsed-restore-state",
      "color": "rgb(71, 85, 105)",
      "bounds": [
        {
          "name": "black",
          "bg": [
            0.78,
            0.78,
            0.78
          ],
          "ratio": 4.477905733201011
        },
        {
          "name": "white",
          "bg": [
            1,
            1,
            1
          ],
          "ratio": 7.577663953533317
        }
      ],
      "sample": {
        "bg": [
          0.8901960784313725,
          0.8431372549019608,
          0.8196078431372549
        ],
        "ratio": 5.379074778557978
      },
      "opacity": 1
    },
    {
      "state": "market-pill-attention",
      "selector": "ai-collapsed-restore-state",
      "color": "rgb(138, 94, 0)",
      "bounds": [
        {
          "name": "black",
          "bg": [
            0.78,
            0.78,
            0.78
          ],
          "ratio": 3.3705924037527426
        },
        {
          "name": "white",
          "bg": [
            1,
            1,
            1
          ],
          "ratio": 5.703830782009863
        }
      ],
      "sample": {
        "bg": [
          0.8901960784313725,
          0.8431372549019608,
          0.8196078431372549
        ],
        "ratio": 4.0489169866612755
      },
      "opacity": 1
    },
    {
      "state": "market-pill-error",
      "selector": "ai-collapsed-restore-state",
      "color": "rgb(198, 64, 61)",
      "bounds": [
        {
          "name": "black",
          "bg": [
            0.78,
            0.78,
            0.78
          ],
          "ratio": 2.953341013868812
        },
        {
          "name": "white",
          "bg": [
            1,
            1,
            1
          ],
          "ratio": 4.997743828628434
        }
      ],
      "sample": {
        "bg": [
          0.8901960784313725,
          0.8431372549019608,
          0.8196078431372549
        ],
        "ratio": 3.547694638231334
      },
      "opacity": 1
    }
  ],
  "min": 2.5532809420367863
}
