
> rpg-zzu@0.1.0 test
> node scripts/run-vitest.mjs run --configLoader bundle test/aiAssistantUxP0P2.test.ts


 RUN  v3.2.4 /home/main/z-project/rpg-zzu-assistant-glass-p2-contrast

 ❯ test/aiAssistantUxP0P2.test.ts (3 tests | 1 failed) 458ms
   × AI assistant UX P0–P2 > keeps routine AI settings out of the assistant panel chrome 194ms
     → expected '' to contain '☰'
   ✓ AI assistant UX P0–P2 > opens a dedicated settings modal with config fields 154ms
   ✓ AI assistant UX P0–P2 > tool browser first view is frequent subset plus search gate 108ms

⎯⎯⎯⎯⎯⎯⎯ Failed Tests 1 ⎯⎯⎯⎯⎯⎯⎯

 FAIL  test/aiAssistantUxP0P2.test.ts > AI assistant UX P0–P2 > keeps routine AI settings out of the assistant panel chrome
AssertionError: expected '' to contain '☰'

[32m- Expected[39m
[31m+ Received[39m

[32m- ☰[39m

 ❯ test/aiAssistantUxP0P2.test.ts:66:31
     64|     expect(headerSettings).toBeNull();
     65|     expect(newChat?.getAttribute("aria-label")).toContain("새 대화");
     66|     expect(more?.textContent).toContain("☰");
       |                               ^
     67|     // 내보내기는 햄버거 안 작업 접기. (도크 전환 항목은 도크 축과 함께 삭제됐다.)
     68|     findByTestId(panel, "ai-more-menu-toggle")?.click();

⎯⎯⎯⎯⎯⎯⎯⎯⎯⎯⎯⎯⎯⎯⎯⎯⎯⎯⎯⎯⎯⎯⎯⎯[1/1]⎯


 Test Files  1 failed (1)
      Tests  1 failed | 2 passed (3)
   Start at  11:22:10
   Duration  31.83s (transform 22.34s, setup 0ms, collect 30.58s, tests 458ms, environment 0ms, prepare 180ms)
