
> rpg-zzu@0.1.0 gates:css
> node scripts/check-css-budget.mjs && node scripts/check-css-graph.mjs && node scripts/check-css-live-classes.mjs

CSS 예산 래칫 — 기준선 .omo/css-budget-baseline.json
   지표                    기준선       현재      증감  설명
   hexLiterals          1668     1653     -15  하드코딩 hex 리터럴 (TOKENS.md §4.1)
   important             988      975     -13  !important 선언
   undefinedVars          61       61       0  정의 없는 커스텀 프로퍼티
   globalRootFiles        10       10       0  전역 :root 블록을 가진 파일
   cssFileCount          267      267       0  CSS 파일 수

GOOD: hexLiterals 1668 → 1653 (-15). 래칫을 조이세요 — node scripts/check-css-budget.mjs --save-baseline
GOOD: important 988 → 975 (-13). 래칫을 조이세요 — node scripts/check-css-budget.mjs --save-baseline
CSS 예산 게이트 통과: 267개 파일 검사, 회귀 0건, 개선 2건.
CSS graph gate: entries=13 (scan), files=269, reachable=269, orphan=0
  missing @import target : 0 new (유예 없음)
  unreachable            : 0 found, 0 allowlisted, 0 new
  double-imported        : 5 found, 5 allowlisted, 0 new
  unregistered slice     : 1 found, 1 allowlisted, 0 new
  duplicate NN- prefix   : 1 found, 1 allowlisted, 0 new
CSS 실사용 클래스 게이트 통과: 보호 973종 / 속성 7643 유지, 미스타일 119종
  정본 축: eventEditorFormSurface.baseline.json(+487), eventEditorM2Surface.baseline.json(+75), eventEditorShellSurface.baseline.json(+303), eventEditorConditionSurface.baseline.json(+15), eventEditorPortalSurface.baseline.json(+205), eventEditorInteractionSurface.baseline.json(+18)
  값 변경 10종 (속성은 유지 — 실패 아님):
    .active — 값 변경 5건 [background:var(--surface-raised, #fffdf8) / border-color:var(--border-color, rgba(42, 37, 33, 0.20)) / border-color:var(--db-studio-live) / box-shadow:inset 0 -2px 0 var(--db-studio-live)]
    .ai-event-preview-actions — 값 변경 1건 [padding:9px 14px 12px]
    .ai-event-result — 값 변경 1건 [flex-direction:column]
    .ai-event-result-header — 값 변경 3건 [gap:var(--space-2) / justify-content:space-between / padding:9px 14px 7px]
    .disabled — 값 변경 1건 [color:rgba(247, 239, 226, 0.36)]
    .empty-hint — 값 변경 2건 [color:var(--db-studio-muted) / font:400 11px/1.4 "malgun gothic", system-ui, sans-serif]
    .field — 값 변경 1건 [gap:7px]
    .is-active — 값 변경 3건 [border-color:var(--editor-blue, #4a57d6) / box-shadow:0 0 0 1px var(--editor-blue, #4a57d6) / box-shadow:0 0 0 2px var(--db-studio-accent-soft, rgb(0 0 0 / 8%))]
    .is-quiet — 값 변경 2건 [color:color-mix(in srgb, var(--text-3) 72%, var(--bg-surface)) / color:var(--text-2)]
    .selected — 값 변경 14건 [background:rgba(190, 55, 50, 0.22) / background:var(--status-edge-amber) / border-color:rgba(255, 126, 116, 0.82) / border-radius:10px]
