✖ application snapshot upload is immutable, receipt-bound and visible only in its job manifest (427.033392ms)
ℹ tests 1
ℹ suites 0
ℹ pass 0
ℹ fail 1
ℹ cancelled 0
ℹ skipped 0
ℹ todo 0
ℹ duration_ms 947.980523

✖ failing tests:

test at test/aiJobsHttp.test.mjs:230:1
✖ application snapshot upload is immutable, receipt-bound and visible only in its job manifest (427.033392ms)
  AssertionError [ERR_ASSERTION]: Expected values to be strictly equal:

  400 !== 200

      at TestContext.<anonymous> (file:///home/main/.herdr/worktrees/rpg-zzu/worktree-silver-harbor-d2a7/test/aiJobsHttp.test.mjs:239:10)
      at process.processTicksAndRejections (node:internal/process/task_queues:103:5)
      at async Test.run (node:internal/test_runner/test:1113:7)
      at async startSubtestAfterBootstrap (node:internal/test_runner/harness:358:3) {
    generatedMessage: true,
    code: 'ERR_ASSERTION',
    actual: 400,
    expected: 200,
    operator: 'strictEqual',
    diff: 'simple'
  }
