
> rpg-zzu@0.1.0 test
> node scripts/run-vitest.mjs run --configLoader bundle test/aiJobApplication.test.ts


 RUN  v3.2.4 /home/main/.herdr/worktrees/rpg-zzu/worktree-silver-harbor-d2a7

 ❯ test/aiJobApplication.test.ts (1 test | 1 failed) 1063ms
   × retains the local project UUID across an actual cache reload, not identical replacements 1050ms
     → expected { kind: 'local-session', …(1) } to deeply equal { kind: 'local-session', …(1) }

⎯⎯⎯⎯⎯⎯⎯ Failed Tests 1 ⎯⎯⎯⎯⎯⎯⎯

 FAIL  test/aiJobApplication.test.ts > retains the local project UUID across an actual cache reload, not identical replacements
AssertionError: expected { kind: 'local-session', …(1) } to deeply equal { kind: 'local-session', …(1) }

[32m- Expected[39m
[31m+ Received[39m

[2m  {[22m
[32m-   "id": "1fcf6581-a275-4b86-bf4e-333c3669152e",[39m
[31m+   "id": "7a0e1c50-ac1a-4917-a25a-cf04d4c04f24",[39m
[2m    "kind": "local-session",[22m
[2m  }[22m

 ❯ test/aiJobApplication.test.ts:19:38
     17|   await store.load();
     18|   expect(store.getCurrent().meta.title).toBe("renamed");
     19|   expect(store.getProjectIdentity()).toEqual(identity);
       |                                      ^
     20|   store.replaceProject(structuredClone(store.getCurrent()));
     21|   expect(store.getProjectIdentity()).not.toEqual(identity);

⎯⎯⎯⎯⎯⎯⎯⎯⎯⎯⎯⎯⎯⎯⎯⎯⎯⎯⎯⎯⎯⎯⎯⎯[1/1]⎯


 Test Files  1 failed (1)
      Tests  1 failed (1)
   Start at  22:56:32
   Duration  11.04s (transform 6.15s, setup 0ms, collect 9.03s, tests 1.06s, environment 0ms, prepare 165ms)
