
> rpg-zzu@0.1.0 build
> tsc --noEmit -p tsconfig.app.json && vite build --configLoader runner && npm run build:player && npm run build:standalone:bundle

vite v6.4.3 building for production...
transforming...
✓ 1364 modules transformed.
rendering chunks...
computing gzip size...
dist/benchmark.html                                         0.77 kB │ gzip:     0.47 kB
dist/index.html                                             0.82 kB │ gzip:     0.49 kB
dist/assets/phaser.min-CwlHMuXa.js                      1,196.12 kB
dist/assets/benchmark-CNDwkXV0.css                          6.54 kB │ gzip:     2.15 kB
dist/assets/databaseModal-CAv7eU_F.css                    112.10 kB │ gzip:    13.00 kB
dist/assets/main-_0IGa_4K.css                           1,880.23 kB │ gzip:   269.12 kB
dist/assets/pwa-CRridmjp.js                                 0.25 kB │ gzip:     0.20 kB
dist/assets/welcomeGenreSystemPresetAction-BbkcWPR6.js      0.45 kB │ gzip:     0.30 kB
dist/assets/mapSelection-GcgmpfG2.js                        0.62 kB │ gzip:     0.38 kB
dist/assets/modulepreload-polyfill-B5Qt9EMX.js              0.71 kB │ gzip:     0.40 kB
dist/assets/welcomeGenrePresetApply-DP3VFygd.js             0.75 kB │ gzip:     0.49 kB
dist/assets/aiBootIntent-C515MLT1.js                        0.93 kB │ gzip:     0.45 kB
dist/assets/mapUrlSync-DKpsiuXQ.js                          1.22 kB │ gzip:     0.64 kB
dist/assets/eventSpriteResources-BUGqlhqv.js                1.58 kB │ gzip:     0.72 kB
dist/assets/mapTileDraw-plk8DsfG.js                         1.75 kB │ gzip:     0.78 kB
dist/assets/worldEntries-BLavzqca.js                        1.83 kB │ gzip:     0.95 kB
dist/assets/editorCameraFocus-DnvAy7HO.js                   1.94 kB │ gzip:     0.85 kB
dist/assets/tileShapeTools-D-jqjuZL.js                      3.19 kB │ gzip:     1.28 kB
dist/assets/workspaceStore-DCBVG2nP.js                      3.53 kB │ gzip:     1.56 kB
dist/assets/defaults-BEVM7s-m.js                            4.60 kB │ gzip:     2.08 kB
dist/assets/playSceneBattle-B7nj7H8N.js                     5.02 kB │ gzip:     1.95 kB
dist/assets/coachMarks-D5kRvP1N.js                          5.33 kB │ gzip:     2.39 kB
dist/assets/applyChangesetToStore-WP3zfwRD.js               6.30 kB │ gzip:     2.69 kB
dist/assets/benchmark-BdOMv0KF.js                           7.03 kB │ gzip:     2.47 kB
dist/assets/teamWorkflowUi-ymzgRivl.js                      9.51 kB │ gzip:     3.44 kB
dist/assets/transientEditorChrome-DEvDLFWM.js              11.79 kB │ gzip:     4.30 kB
dist/assets/dbConnectionSettings-CLNadKQR.js               13.35 kB │ gzip:     5.01 kB
dist/assets/helpModal-BPgKjlCz.js                          14.36 kB │ gzip:     5.68 kB
dist/assets/databaseAiGenerateDialog-DbWtyu5R.js           16.35 kB │ gzip:     7.21 kB
dist/assets/downloadBlob-DGWyYMCM.js                       19.17 kB │ gzip:     7.45 kB
dist/assets/menu-BEsJUZke.js                               34.61 kB │ gzip:    11.83 kB
dist/assets/structureKitEditorDialog-f4lcYQJV.js           41.91 kB │ gzip:    14.35 kB
dist/assets/aiStudioMode-DgHoqW9X.js                       53.93 kB │ gzip:    18.32 kB
dist/assets/EditScene-DGeEsWzX.js                         101.81 kB │ gzip:    30.81 kB
dist/assets/tilePalette-C-mUHDHh.js                       141.42 kB │ gzip:    44.38 kB
dist/assets/editor-mG1J_lHi.js                            217.96 kB │ gzip:    73.07 kB
dist/assets/PlayScene-BPrdKnVh.js                         220.73 kB │ gzip:    69.53 kB
dist/assets/saveActions-Ch3alxeC.js                       322.48 kB │ gzip:   113.99 kB
dist/assets/databaseModal-ZQ9amMPG.js                   1,074.99 kB │ gzip:   321.55 kB
dist/assets/main-N9FW3Mmf.js                            7,002.80 kB │ gzip: 1,555.12 kB
✓ built in 25.04s

> rpg-zzu@0.1.0 build:player
> vite build --config vite.player.config.ts --configLoader runner && node scripts/build-player-sdk.mjs

vite v6.4.3 building for production...
transforming...
✓ 529 modules transformed.
rendering chunks...
computing gzip size...
dist/export-player/player.html                             0.38 kB │ gzip:   0.26 kB
dist/export-player/player-manifest.json                    0.98 kB │ gzip:   0.32 kB
dist/export-player/assets/phaser.min-CwlHMuXa.js       1,196.12 kB
dist/export-player/assets/player-Bd6CwQlZ.css            289.80 kB │ gzip:  46.04 kB
dist/export-player/assets/playSceneBattle-Bfq14D2T.js      4.93 kB │ gzip:   1.90 kB
dist/export-player/assets/PlayScene-HEKkhqa8.js          414.02 kB │ gzip: 126.62 kB
dist/export-player/player.js                           1,598.78 kB │ gzip: 396.03 kB
✓ built in 6.55s
sdk-manifest: 7 files + 45 runtime assets, artifact 212e1ac8044934b4, source a71f58eaba76d7bd, schema v4

> rpg-zzu@0.1.0 build:standalone:bundle
> vite build --config vite.standalone.config.ts --configLoader runner

vite v6.4.3 building for production...
transforming...
✓ 531 modules transformed.
rendering chunks...
computing gzip size...
dist/standalone-player/standalone.css    289.80 kB │ gzip:  46.04 kB
dist/standalone-player/standalone.js   3,499.87 kB │ gzip: 861.97 kB
✓ built in 17.09s
