{
  "status": "PASS",
  "base": "b5c679efc6c5e575f7a1afb65dfa86939aade325",
  "owners": [
    "openwiki/INDEX.md",
    "openwiki/runtime-sessions.md",
    "src/player/saveSlotSpatialValidation.ts",
    "src/project/lifeRecovery.ts",
    "src/project/lifeStateReconciliation.ts",
    "src/project/spatialPlacementTransactions.ts",
    "test/lifePlacementSafety.test.ts",
    "test/linkedAnimalHousing.test.ts",
    "test/spatialPaymentReceipts.test.ts",
    "test/spatialRecoveryRights.test.ts"
  ],
  "nine_sources_match_preserved_manifest": true,
  "baseline_product_unchanged_for_red": true,
  "final_source_bytes_unchanged_across_validators": true,
  "source_root": "/home/main/z-project/rpg-zzu-life-full-spatial-rights-r3",
  "public_captures": 24,
  "cleanup_receipts": [
    "public-rights-final.cleanup.json",
    "build.cleanup.json",
    "final-identity.cleanup.json",
    "wrapper-adversarial.cleanup.json",
    "assert-inputs.cleanup.json",
    "wiki-generate.cleanup.json",
    "wrapper-failure.cleanup.json",
    "wrapper-lock-release.cleanup.json",
    "typecheck.cleanup.json",
    "diagnostics.cleanup.json",
    "characterization.cleanup.json",
    "apply-final.cleanup.json",
    "diagnostics-probe-final.cleanup.json",
    "red.cleanup.json",
    "adapt.cleanup.json",
    "diff-check.cleanup.json",
    "apply-red.cleanup.json",
    "initial-populate.cleanup.json",
    "initial-sparse.cleanup.json",
    "tests.cleanup.json",
    "wiki-check.cleanup.json",
    "public-rights-external-config.cleanup.json",
    "public-rights.cleanup.json",
    "setup-frozen.cleanup.json",
    "wrapper-interrupted.cleanup.json",
    "create-tree.cleanup.json",
    "adopt.cleanup.json",
    "diagnostics-final.cleanup.json"
  ],
  "dist_removed": true,
  "historical_results_reused_as_passes": false,
  "prior_failures_retained": [
    "diagnostics",
    "public-rights",
    "public-rights-external-config"
  ],
  "build_warnings_retained": true
}
