{"step":"server","url":"http://127.0.0.1:36627","port":36627}
{"step":"browser","scratch":"/dev/shm/st_01a07b22"}
{"step":"goto","url":"http://127.0.0.1:36627/player.html"}
{"step":"title","url":"http://127.0.0.1:36627/player.html"}
{"step":"runtime","mapId":"map_blank_start","player":{"x":8,"y":8},"gold":500,"farmPlots":{}}
{"step":"npc-interpolation","move":{"fromX":16,"fromY":5,"toX":16,"toY":6,"dir":"down"},"sprite":{"x":264,"y":96},"fractional":false,"eventLocations":null,"player":{"x":8,"y":8},"logical":{"x":16,"y":6,"pageId":"walk","priority":"same","trigger":"action","direction":"down","footprint":{"width":3,"height":3},"passRows":1,"bodyRect":{"left":15,"right":17,"top":4,"bottom":6},"passRect":{"left":15,"right":17,"top":6,"bottom":6}}}
{"step":"open-spaces-start","debug":"{\"selectedCommand\":\"items\",\"mode\":\"main\"}","selected":["status-menu-command-items","status-menu-item-item_potion"],"tabs":[],"group":[]}
{"step":"menu-step","key":"ArrowDown","from":"life-ledger-tab-shipping","to":"life-ledger-tab-bundles","want":"life-ledger-tab-spaces"}
{"step":"menu-step","key":"ArrowDown","from":"life-ledger-tab-bundles","to":"life-ledger-tab-skills","want":"life-ledger-tab-spaces"}
{"step":"menu-step","key":"ArrowDown","from":"life-ledger-tab-skills","to":"life-ledger-tab-makers","want":"life-ledger-tab-spaces"}
{"step":"menu-step","key":"ArrowDown","from":"life-ledger-tab-makers","to":"life-ledger-tab-animals","want":"life-ledger-tab-spaces"}
{"step":"menu-step","key":"ArrowDown","from":"life-ledger-tab-animals","to":"life-ledger-tab-spaces","want":"life-ledger-tab-spaces"}
{"step":"spaces","placeLabel":"Shed 배치map_blank_start (7, 9)","selected":"life-ledger-space-building-place-shed"}
{"step":"place-building","placedMsg":{"text":"Shed을(를) 배치했습니다"},"placed":{"id":"ledger:building:shed:1","instanceId":"ledger:building:shed:1","typeId":"shed","mapId":"map_blank_start","x":7,"y":9,"orientation":"down","level":1,"paymentReceipt":{"gold":10,"items":[]}},"gold":490,"player":{"x":8,"y":8}}
{"step":"overlap-refuse","overlapMsg":{"text":"처리할 수 없습니다: blocked"},"gold":490,"count":1}
{"step":"menu-step","key":"ArrowDown","from":"life-ledger-space-building-place-shed","to":"life-ledger-space-building-move-ledger:building:shed:1","want":"life-ledger-space-building-upgrade-ledger:building:shed:1"}
{"step":"menu-step","key":"ArrowDown","from":"life-ledger-space-building-move-ledger:building:shed:1","to":"life-ledger-space-building-remove-ledger:building:shed:1","want":"life-ledger-space-building-upgrade-ledger:building:shed:1"}
{"step":"menu-step","key":"ArrowDown","from":"life-ledger-space-building-remove-ledger:building:shed:1","to":"life-ledger-space-building-upgrade-ledger:building:shed:1","want":"life-ledger-space-building-upgrade-ledger:building:shed:1"}
{"step":"upgrade","upgradeMsg":{"text":"Shed을(를) 업그레이드했습니다"},"gold":470,"placement":{"instanceId":"ledger:building:shed:1","typeId":"shed","mapId":"map_blank_start","x":7,"y":9,"orientation":"down","level":2,"paymentReceipt":{"gold":30,"items":[]}}}
{"step":"menu-close-step","kind":"mode","from":"{\"selectedCommand\":\"life-ledger\",\"mode\":\"function\"}","to":"{\"selectedCommand\":\"record-menu\",\"mode\":\"function\"}"}
{"step":"menu-close-step","kind":"mode","from":"{\"selectedCommand\":\"record-menu\",\"mode\":\"function\"}","to":"{\"selectedCommand\":\"record-menu\",\"mode\":\"main\"}"}
{"step":"menu-close-step","kind":"absent"}
{"step":"menu-closed-idle","player":{"x":8,"y":8}}
{"step":"walk-right-before-move","from":{"x":8,"y":8},"to":{"x":9,"y":8},"gold":470,"farmPlots":{}}
{"step":"open-spaces-start","debug":"{\"selectedCommand\":\"record-menu\",\"mode\":\"main\"}","selected":["status-menu-command-record-menu","status-menu-group-command-life-ledger"],"tabs":[],"group":["status-menu-group-command-quests","status-menu-group-command-life-ledger"]}
{"step":"menu-step","key":"ArrowDown","from":"life-ledger-space-decoration-place-rug","to":"life-ledger-space-decoration-place-table","want":"life-ledger-tab-spaces"}
{"step":"menu-step","key":"ArrowDown","from":"life-ledger-space-decoration-place-table","to":"life-ledger-tab-shipping","want":"life-ledger-tab-spaces"}
{"step":"menu-step","key":"ArrowDown","from":"life-ledger-tab-shipping","to":"life-ledger-tab-bundles","want":"life-ledger-tab-spaces"}
{"step":"menu-step","key":"ArrowDown","from":"life-ledger-tab-bundles","to":"life-ledger-tab-skills","want":"life-ledger-tab-spaces"}
{"step":"menu-step","key":"ArrowDown","from":"life-ledger-tab-skills","to":"life-ledger-tab-makers","want":"life-ledger-tab-spaces"}
{"step":"menu-step","key":"ArrowDown","from":"life-ledger-tab-makers","to":"life-ledger-tab-animals","want":"life-ledger-tab-spaces"}
{"step":"menu-step","key":"ArrowDown","from":"life-ledger-tab-animals","to":"life-ledger-tab-spaces","want":"life-ledger-tab-spaces"}
{"step":"menu-step","key":"ArrowDown","from":"life-ledger-space-building-place-shed","to":"life-ledger-space-building-move-ledger:building:shed:1","want":"life-ledger-space-building-move-ledger:building:shed:1"}
{"step":"move-building","moveMsg":{"text":"Shed을(를) 이동했습니다"},"placement":{"instanceId":"ledger:building:shed:1","typeId":"shed","mapId":"map_blank_start","x":11,"y":6,"orientation":"down","level":2,"paymentReceipt":{"gold":30,"items":[]}},"player":{"x":9,"y":8}}
{"step":"menu-close-step","kind":"mode","from":"{\"selectedCommand\":\"life-ledger\",\"mode\":\"function\"}","to":"{\"selectedCommand\":\"record-menu\",\"mode\":\"function\"}"}
{"step":"menu-close-step","kind":"mode","from":"{\"selectedCommand\":\"record-menu\",\"mode\":\"function\"}","to":"{\"selectedCommand\":\"record-menu\",\"mode\":\"main\"}"}
{"step":"menu-close-step","kind":"absent"}
{"step":"menu-closed-idle","player":{"x":9,"y":8}}
{"step":"walk-step","want":{"x":4,"y":4},"from":{"x":9,"y":8},"to":{"x":8,"y":8},"gold":470,"farmPlots":{}}
{"step":"walk-step","want":{"x":4,"y":4},"from":{"x":8,"y":8},"to":{"x":7,"y":8},"gold":470,"farmPlots":{}}
{"step":"walk-step","want":{"x":4,"y":4},"from":{"x":7,"y":8},"to":{"x":6,"y":8},"gold":470,"farmPlots":{}}
{"step":"walk-step","want":{"x":4,"y":4},"from":{"x":6,"y":8},"to":{"x":5,"y":8},"gold":470,"farmPlots":{}}
{"step":"walk-step","want":{"x":4,"y":4},"from":{"x":5,"y":8},"to":{"x":4,"y":8},"gold":470,"farmPlots":{}}
{"step":"walk-step","want":{"x":4,"y":4},"from":{"x":4,"y":8},"to":{"x":4,"y":7},"gold":470,"farmPlots":{}}
{"step":"walk-step","want":{"x":4,"y":4},"from":{"x":4,"y":7},"to":{"x":4,"y":6},"gold":470,"farmPlots":{}}
{"step":"walk-step","want":{"x":4,"y":4},"from":{"x":4,"y":6},"to":{"x":4,"y":5},"gold":470,"farmPlots":{}}
{"step":"walk-step","want":{"x":4,"y":4},"from":{"x":4,"y":5},"to":{"x":4,"y":4},"gold":470,"farmPlots":{}}
{"step":"open-spaces-start","debug":"{\"selectedCommand\":\"record-menu\",\"mode\":\"main\"}","selected":["status-menu-command-record-menu","status-menu-group-command-life-ledger"],"tabs":[],"group":["status-menu-group-command-quests","status-menu-group-command-life-ledger"]}
{"step":"menu-step","key":"ArrowDown","from":"life-ledger-space-building-move-ledger:building:shed:1","to":"life-ledger-space-building-remove-ledger:building:shed:1","want":"life-ledger-tab-spaces"}
{"step":"menu-step","key":"ArrowDown","from":"life-ledger-space-building-remove-ledger:building:shed:1","to":"life-ledger-space-decoration-place-rug","want":"life-ledger-tab-spaces"}
{"step":"menu-step","key":"ArrowDown","from":"life-ledger-space-decoration-place-rug","to":"life-ledger-space-decoration-place-table","want":"life-ledger-tab-spaces"}
{"step":"menu-step","key":"ArrowDown","from":"life-ledger-space-decoration-place-table","to":"life-ledger-tab-shipping","want":"life-ledger-tab-spaces"}
{"step":"menu-step","key":"ArrowDown","from":"life-ledger-tab-shipping","to":"life-ledger-tab-bundles","want":"life-ledger-tab-spaces"}
{"step":"menu-step","key":"ArrowDown","from":"life-ledger-tab-bundles","to":"life-ledger-tab-skills","want":"life-ledger-tab-spaces"}
{"step":"menu-step","key":"ArrowDown","from":"life-ledger-tab-skills","to":"life-ledger-tab-makers","want":"life-ledger-tab-spaces"}
{"step":"menu-step","key":"ArrowDown","from":"life-ledger-tab-makers","to":"life-ledger-tab-animals","want":"life-ledger-tab-spaces"}
{"step":"menu-step","key":"ArrowDown","from":"life-ledger-tab-animals","to":"life-ledger-tab-spaces","want":"life-ledger-tab-spaces"}
{"step":"menu-step","key":"ArrowDown","from":"life-ledger-space-building-place-shed","to":"life-ledger-space-building-move-ledger:building:shed:1","want":"life-ledger-space-decoration-place-rug"}
{"step":"menu-step","key":"ArrowDown","from":"life-ledger-space-building-move-ledger:building:shed:1","to":"life-ledger-space-building-remove-ledger:building:shed:1","want":"life-ledger-space-decoration-place-rug"}
{"step":"menu-step","key":"ArrowDown","from":"life-ledger-space-building-remove-ledger:building:shed:1","to":"life-ledger-space-decoration-place-rug","want":"life-ledger-space-decoration-place-rug"}
{"step":"place-rug","rugPlace":{"text":"Rug을(를) 배치했습니다"},"gold":470,"decorationTestids":["life-ledger-space-decoration-place-rug","life-ledger-space-decoration-place-table","life-ledger-space-decoration-ledger:decoration:rug:1","life-ledger-space-decoration-move-ledger:decoration:rug:1","life-ledger-space-decoration-remove-ledger:decoration:rug:1","life-ledger-space-decoration-rotate-ledger:decoration:rug:1"]}
{"step":"menu-close-step","kind":"mode","from":"{\"selectedCommand\":\"life-ledger\",\"mode\":\"function\"}","to":"{\"selectedCommand\":\"record-menu\",\"mode\":\"function\"}"}
{"step":"menu-close-step","kind":"mode","from":"{\"selectedCommand\":\"record-menu\",\"mode\":\"function\"}","to":"{\"selectedCommand\":\"record-menu\",\"mode\":\"main\"}"}
{"step":"menu-close-step","kind":"absent"}
{"step":"menu-closed-idle","player":{"x":4,"y":4}}
{"step":"walk-step","want":{"x":2,"y":2},"from":{"x":4,"y":4},"to":{"x":3,"y":4},"gold":470,"farmPlots":{}}
{"step":"walk-step","want":{"x":2,"y":2},"from":{"x":3,"y":4},"to":{"x":2,"y":4},"gold":470,"farmPlots":{}}
{"step":"walk-step","want":{"x":2,"y":2},"from":{"x":2,"y":4},"to":{"x":2,"y":3},"gold":470,"farmPlots":{}}
{"step":"walk-step","want":{"x":2,"y":2},"from":{"x":2,"y":3},"to":{"x":2,"y":2},"gold":470,"farmPlots":{}}
{"step":"open-spaces-start","debug":"{\"selectedCommand\":\"record-menu\",\"mode\":\"main\"}","selected":["status-menu-command-record-menu","status-menu-group-command-life-ledger"],"tabs":[],"group":["status-menu-group-command-quests","status-menu-group-command-life-ledger"]}
{"step":"menu-step","key":"ArrowDown","from":"life-ledger-space-decoration-place-rug","to":"life-ledger-space-decoration-place-table","want":"life-ledger-tab-spaces"}
{"step":"menu-step","key":"ArrowDown","from":"life-ledger-space-decoration-place-table","to":"life-ledger-space-decoration-move-ledger:decoration:rug:1","want":"life-ledger-tab-spaces"}
{"step":"menu-step","key":"ArrowDown","from":"life-ledger-space-decoration-move-ledger:decoration:rug:1","to":"life-ledger-space-decoration-remove-ledger:decoration:rug:1","want":"life-ledger-tab-spaces"}
{"step":"menu-step","key":"ArrowDown","from":"life-ledger-space-decoration-remove-ledger:decoration:rug:1","to":"life-ledger-space-decoration-rotate-ledger:decoration:rug:1","want":"life-ledger-tab-spaces"}
{"step":"menu-step","key":"ArrowDown","from":"life-ledger-space-decoration-rotate-ledger:decoration:rug:1","to":"life-ledger-tab-shipping","want":"life-ledger-tab-spaces"}
{"step":"menu-step","key":"ArrowDown","from":"life-ledger-tab-shipping","to":"life-ledger-tab-bundles","want":"life-ledger-tab-spaces"}
{"step":"menu-step","key":"ArrowDown","from":"life-ledger-tab-bundles","to":"life-ledger-tab-skills","want":"life-ledger-tab-spaces"}
{"step":"menu-step","key":"ArrowDown","from":"life-ledger-tab-skills","to":"life-ledger-tab-makers","want":"life-ledger-tab-spaces"}
{"step":"menu-step","key":"ArrowDown","from":"life-ledger-tab-makers","to":"life-ledger-tab-animals","want":"life-ledger-tab-spaces"}
{"step":"menu-step","key":"ArrowDown","from":"life-ledger-tab-animals","to":"life-ledger-tab-spaces","want":"life-ledger-tab-spaces"}
{"step":"menu-step","key":"ArrowDown","from":"life-ledger-space-building-place-shed","to":"life-ledger-space-building-move-ledger:building:shed:1","want":"life-ledger-space-decoration-move-ledger:decoration:rug:1"}
{"step":"menu-step","key":"ArrowDown","from":"life-ledger-space-building-move-ledger:building:shed:1","to":"life-ledger-space-building-remove-ledger:building:shed:1","want":"life-ledger-space-decoration-move-ledger:decoration:rug:1"}
{"step":"menu-step","key":"ArrowDown","from":"life-ledger-space-building-remove-ledger:building:shed:1","to":"life-ledger-space-decoration-place-rug","want":"life-ledger-space-decoration-move-ledger:decoration:rug:1"}
{"step":"menu-step","key":"ArrowDown","from":"life-ledger-space-decoration-place-rug","to":"life-ledger-space-decoration-place-table","want":"life-ledger-space-decoration-move-ledger:decoration:rug:1"}
{"step":"menu-step","key":"ArrowDown","from":"life-ledger-space-decoration-place-table","to":"life-ledger-space-decoration-move-ledger:decoration:rug:1","want":"life-ledger-space-decoration-move-ledger:decoration:rug:1"}
{"step":"move-rug","rugMove":{"text":"처리할 수 없습니다: blocked"},"testids":["life-ledger-space-decoration-place-rug","life-ledger-space-decoration-place-table","life-ledger-space-decoration-ledger:decoration:rug:1","life-ledger-space-decoration-move-ledger:decoration:rug:1","life-ledger-space-decoration-remove-ledger:decoration:rug:1","life-ledger-space-decoration-rotate-ledger:decoration:rug:1"]}
{"step":"menu-step","key":"ArrowDown","from":"life-ledger-space-decoration-move-ledger:decoration:rug:1","to":"life-ledger-space-decoration-remove-ledger:decoration:rug:1","want":"life-ledger-space-decoration-rotate-ledger:decoration:rug:1"}
{"step":"menu-step","key":"ArrowDown","from":"life-ledger-space-decoration-remove-ledger:decoration:rug:1","to":"life-ledger-space-decoration-rotate-ledger:decoration:rug:1","want":"life-ledger-space-decoration-rotate-ledger:decoration:rug:1"}
{"step":"rotate-rug","rugRotate":{"text":"처리할 수 없습니다: blocked"}}
{"step":"menu-close-step","kind":"mode","from":"{\"selectedCommand\":\"life-ledger\",\"mode\":\"function\"}","to":"{\"selectedCommand\":\"record-menu\",\"mode\":\"function\"}"}
{"step":"menu-close-step","kind":"mode","from":"{\"selectedCommand\":\"record-menu\",\"mode\":\"function\"}","to":"{\"selectedCommand\":\"record-menu\",\"mode\":\"main\"}"}
{"step":"menu-close-step","kind":"absent"}
{"step":"menu-closed-idle","player":{"x":2,"y":2}}
{"step":"decorations-before-rug-walk","rawBeforeWalk":[]}
{"step":"walk-onto-rug","from":{"x":2,"y":2},"to":{"x":2,"y":3},"gold":470,"farmPlots":{}}
{"step":"menu-closed-idle","player":{"x":2,"y":3}}
{"step":"walk-step","want":{"x":7,"y":7},"from":{"x":2,"y":3},"to":{"x":3,"y":3},"gold":470,"farmPlots":{}}
{"step":"walk-step","want":{"x":7,"y":7},"from":{"x":3,"y":3},"to":{"x":4,"y":3},"gold":470,"farmPlots":{}}
{"step":"walk-step","want":{"x":7,"y":7},"from":{"x":4,"y":3},"to":{"x":5,"y":3},"gold":470,"farmPlots":{}}
{"step":"walk-step","want":{"x":7,"y":7},"from":{"x":5,"y":3},"to":{"x":6,"y":3},"gold":470,"farmPlots":{}}
{"step":"walk-step","want":{"x":7,"y":7},"from":{"x":6,"y":3},"to":{"x":7,"y":3},"gold":470,"farmPlots":{}}
{"step":"walk-step","want":{"x":7,"y":7},"from":{"x":7,"y":3},"to":{"x":7,"y":4},"gold":470,"farmPlots":{}}
{"step":"walk-step","want":{"x":7,"y":7},"from":{"x":7,"y":4},"to":{"x":7,"y":5},"gold":470,"farmPlots":{}}
{"step":"walk-step","want":{"x":7,"y":7},"from":{"x":7,"y":5},"to":{"x":7,"y":6},"gold":470,"farmPlots":{}}
{"step":"walk-step","want":{"x":7,"y":7},"from":{"x":7,"y":6},"to":{"x":7,"y":7},"gold":470,"farmPlots":{}}
{"step":"walk-step","want":{"x":7,"y":8},"from":{"x":7,"y":7},"to":{"x":7,"y":8},"gold":470,"farmPlots":{}}
{"step":"hand-slot","digit":"1","text":"괭이 ×1"}
{"step":"till","before":{"x":7,"y":8},"farmPlots":{"map_blank_start":{"7,9":{"tilled":true,"watered":false}}},"player":{"x":7,"y":8},"actionReceipt":{"kind":"action","mapId":"map_blank_start","handled":true,"farmAttempts":[{"kind":"tilled","x":7,"y":9,"itemId":"item_hoe","energySpent":0,"xpAwarded":{},"affectedTiles":[{"x":7,"y":9,"kind":"tilled"}]}],"sequence":1}}
{"step":"tilled-keys","plotKeys":["7,9"],"farmPlots":{"map_blank_start":{"7,9":{"tilled":true,"watered":false}}}}
{"step":"walk-step","want":{"x":8,"y":7},"from":{"x":7,"y":8},"to":{"x":8,"y":8},"gold":470,"farmPlots":{"map_blank_start":{"7,9":{"tilled":true,"watered":false}}}}
{"step":"walk-step","want":{"x":8,"y":7},"from":{"x":8,"y":8},"to":{"x":8,"y":7},"gold":470,"farmPlots":{"map_blank_start":{"7,9":{"tilled":true,"watered":false}}}}
{"step":"walk-step","want":{"x":8,"y":8},"from":{"x":8,"y":7},"to":{"x":8,"y":8},"gold":470,"farmPlots":{"map_blank_start":{"7,9":{"tilled":true,"watered":false}}}}
{"step":"open-spaces-start","debug":"{\"selectedCommand\":\"record-menu\",\"mode\":\"main\"}","selected":["status-menu-command-record-menu","status-menu-group-command-life-ledger"],"tabs":[],"group":["status-menu-group-command-quests","status-menu-group-command-life-ledger"]}
{"step":"menu-step","key":"ArrowDown","from":"life-ledger-space-decoration-rotate-ledger:decoration:rug:1","to":"life-ledger-tab-shipping","want":"life-ledger-tab-spaces"}
{"step":"menu-step","key":"ArrowDown","from":"life-ledger-tab-shipping","to":"life-ledger-tab-bundles","want":"life-ledger-tab-spaces"}
{"step":"menu-step","key":"ArrowDown","from":"life-ledger-tab-bundles","to":"life-ledger-tab-skills","want":"life-ledger-tab-spaces"}
{"step":"menu-step","key":"ArrowDown","from":"life-ledger-tab-skills","to":"life-ledger-tab-makers","want":"life-ledger-tab-spaces"}
{"step":"menu-step","key":"ArrowDown","from":"life-ledger-tab-makers","to":"life-ledger-tab-animals","want":"life-ledger-tab-spaces"}
{"step":"menu-step","key":"ArrowDown","from":"life-ledger-tab-animals","to":"life-ledger-tab-spaces","want":"life-ledger-tab-spaces"}
{"step":"plot-refuse","plotMsg":{"text":"처리할 수 없습니다: blocked"},"gold":470,"buildings":{"ledger:building:shed:1":{"instanceId":"ledger:building:shed:1","typeId":"shed","mapId":"map_blank_start","x":11,"y":6,"orientation":"down","level":2,"paymentReceipt":{"gold":30,"items":[]}}},"farmPlots":{"map_blank_start":{"7,9":{"tilled":true,"watered":false}}}}
{"step":"menu-close-step","kind":"mode","from":"{\"selectedCommand\":\"life-ledger\",\"mode\":\"function\"}","to":"{\"selectedCommand\":\"record-menu\",\"mode\":\"function\"}"}
{"step":"menu-close-step","kind":"mode","from":"{\"selectedCommand\":\"record-menu\",\"mode\":\"function\"}","to":"{\"selectedCommand\":\"record-menu\",\"mode\":\"main\"}"}
{"step":"menu-close-step","kind":"absent"}
{"step":"menu-closed-idle","player":{"x":8,"y":8}}
{"step":"walk-step","want":{"x":1,"y":8},"from":{"x":8,"y":8},"to":{"x":7,"y":8},"gold":470,"farmPlots":{"map_blank_start":{"7,9":{"tilled":true,"watered":false}}}}
{"step":"walk-step","want":{"x":1,"y":8},"from":{"x":7,"y":8},"to":{"x":6,"y":8},"gold":470,"farmPlots":{"map_blank_start":{"7,9":{"tilled":true,"watered":false}}}}
{"step":"walk-step","want":{"x":1,"y":8},"from":{"x":6,"y":8},"to":{"x":5,"y":8},"gold":470,"farmPlots":{"map_blank_start":{"7,9":{"tilled":true,"watered":false}}}}
{"step":"walk-step","want":{"x":1,"y":8},"from":{"x":5,"y":8},"to":{"x":4,"y":8},"gold":470,"farmPlots":{"map_blank_start":{"7,9":{"tilled":true,"watered":false}}}}
{"step":"walk-step","want":{"x":1,"y":8},"from":{"x":4,"y":8},"to":{"x":3,"y":8},"gold":470,"farmPlots":{"map_blank_start":{"7,9":{"tilled":true,"watered":false}}}}
{"step":"walk-step","want":{"x":1,"y":8},"from":{"x":3,"y":8},"to":{"x":2,"y":8},"gold":470,"farmPlots":{"map_blank_start":{"7,9":{"tilled":true,"watered":false}}}}
{"step":"walk-step","want":{"x":1,"y":8},"from":{"x":2,"y":8},"to":{"x":1,"y":8},"gold":470,"farmPlots":{"map_blank_start":{"7,9":{"tilled":true,"watered":false}}}}
{"step":"open-spaces-start","debug":"{\"selectedCommand\":\"record-menu\",\"mode\":\"main\"}","selected":["status-menu-command-record-menu","status-menu-group-command-life-ledger"],"tabs":[],"group":["status-menu-group-command-quests","status-menu-group-command-life-ledger"]}
{"step":"edge-refuse","edgeMsg":{"text":"처리할 수 없습니다: blocked"},"gold":470,"player":{"x":1,"y":8},"buildings":{"ledger:building:shed:1":{"instanceId":"ledger:building:shed:1","typeId":"shed","mapId":"map_blank_start","x":11,"y":6,"orientation":"down","level":2,"paymentReceipt":{"gold":30,"items":[]}}}}
{"step":"menu-close-step","kind":"mode","from":"{\"selectedCommand\":\"life-ledger\",\"mode\":\"function\"}","to":"{\"selectedCommand\":\"record-menu\",\"mode\":\"function\"}"}
{"step":"menu-close-step","kind":"mode","from":"{\"selectedCommand\":\"record-menu\",\"mode\":\"function\"}","to":"{\"selectedCommand\":\"record-menu\",\"mode\":\"main\"}"}
{"step":"menu-close-step","kind":"absent"}
{"step":"menu-closed-idle","player":{"x":1,"y":8}}
{"step":"walk-step","want":{"x":1,"y":1},"from":{"x":1,"y":8},"to":{"x":1,"y":7},"gold":470,"farmPlots":{"map_blank_start":{"7,9":{"tilled":true,"watered":false}}}}
{"step":"walk-step","want":{"x":1,"y":1},"from":{"x":1,"y":7},"to":{"x":1,"y":6},"gold":470,"farmPlots":{"map_blank_start":{"7,9":{"tilled":true,"watered":false}}}}
{"step":"walk-step","want":{"x":1,"y":1},"from":{"x":1,"y":6},"to":{"x":1,"y":5},"gold":470,"farmPlots":{"map_blank_start":{"7,9":{"tilled":true,"watered":false}}}}
{"step":"walk-step","want":{"x":1,"y":1},"from":{"x":1,"y":5},"to":{"x":1,"y":4},"gold":470,"farmPlots":{"map_blank_start":{"7,9":{"tilled":true,"watered":false}}}}
{"step":"walk-step","want":{"x":1,"y":1},"from":{"x":1,"y":4},"to":{"x":1,"y":3},"gold":470,"farmPlots":{"map_blank_start":{"7,9":{"tilled":true,"watered":false}}}}
{"step":"walk-step","want":{"x":1,"y":1},"from":{"x":1,"y":3},"to":{"x":1,"y":2},"gold":470,"farmPlots":{"map_blank_start":{"7,9":{"tilled":true,"watered":false}}}}
{"step":"walk-step","want":{"x":1,"y":1},"from":{"x":1,"y":2},"to":{"x":1,"y":1},"gold":470,"farmPlots":{"map_blank_start":{"7,9":{"tilled":true,"watered":false}}}}
{"step":"walk-step","want":{"x":1,"y":2},"from":{"x":1,"y":1},"to":{"x":1,"y":2},"gold":470,"farmPlots":{"map_blank_start":{"7,9":{"tilled":true,"watered":false}}}}
{"step":"open-spaces-start","debug":"{\"selectedCommand\":\"record-menu\",\"mode\":\"main\"}","selected":["status-menu-command-record-menu","status-menu-group-command-life-ledger"],"tabs":[],"group":["status-menu-group-command-quests","status-menu-group-command-life-ledger"]}
{"step":"last-exit-setup-place","lastExitPlace":{"text":"Shed을(를) 배치했습니다"},"buildings":{"ledger:building:shed:1":{"instanceId":"ledger:building:shed:1","typeId":"shed","mapId":"map_blank_start","x":11,"y":6,"orientation":"down","level":2,"paymentReceipt":{"gold":30,"items":[]}},"ledger:building:shed:2":{"instanceId":"ledger:building:shed:2","typeId":"shed","mapId":"map_blank_start","x":0,"y":3,"orientation":"down","level":1,"paymentReceipt":{"gold":10,"items":[]}}}}
{"step":"menu-close-step","kind":"mode","from":"{\"selectedCommand\":\"life-ledger\",\"mode\":\"function\"}","to":"{\"selectedCommand\":\"record-menu\",\"mode\":\"function\"}"}
{"step":"menu-close-step","kind":"mode","from":"{\"selectedCommand\":\"record-menu\",\"mode\":\"function\"}","to":"{\"selectedCommand\":\"record-menu\",\"mode\":\"main\"}"}
{"step":"menu-close-step","kind":"absent"}
{"step":"menu-closed-idle","player":{"x":1,"y":2}}
{"step":"last-exit-moved","from":{"x":1,"y":2},"to":{"x":2,"y":2},"gold":460,"farmPlots":{"map_blank_start":{"7,9":{"tilled":true,"watered":false}}}}
{"step":"open-spaces-start","debug":"{\"selectedCommand\":\"record-menu\",\"mode\":\"main\"}","selected":["status-menu-command-record-menu","status-menu-group-command-life-ledger"],"tabs":[],"group":["status-menu-group-command-quests","status-menu-group-command-life-ledger"]}
{"step":"last-exit-refuse","lastExitMsg":{"text":"Shed을(를) 배치했습니다"},"gold":450,"buildings":{"ledger:building:shed:1":{"instanceId":"ledger:building:shed:1","typeId":"shed","mapId":"map_blank_start","x":11,"y":6,"orientation":"down","level":2,"paymentReceipt":{"gold":30,"items":[]}},"ledger:building:shed:2":{"instanceId":"ledger:building:shed:2","typeId":"shed","mapId":"map_blank_start","x":0,"y":3,"orientation":"down","level":1,"paymentReceipt":{"gold":10,"items":[]}},"ledger:building:shed:3":{"instanceId":"ledger:building:shed:3","typeId":"shed","mapId":"map_blank_start","x":4,"y":0,"orientation":"down","level":1,"paymentReceipt":{"gold":10,"items":[]}}}}
{"step":"last-exit-verdict","lastExitBlocked":false,"goldBeforeExit":460,"gold":450,"buildingsBeforeExit":2}
{"step":"menu-close-step","kind":"mode","from":"{\"selectedCommand\":\"life-ledger\",\"mode\":\"function\"}","to":"{\"selectedCommand\":\"record-menu\",\"mode\":\"function\"}"}
{"step":"menu-close-step","kind":"mode","from":"{\"selectedCommand\":\"record-menu\",\"mode\":\"function\"}","to":"{\"selectedCommand\":\"record-menu\",\"mode\":\"main\"}"}
{"step":"menu-close-step","kind":"absent"}
{"step":"menu-closed-idle","player":{"x":2,"y":2}}
{"step":"walk-step","want":{"x":8,"y":2},"from":{"x":2,"y":2},"to":{"x":3,"y":2},"gold":450,"farmPlots":{"map_blank_start":{"7,9":{"tilled":true,"watered":false}}}}
{"step":"walk-step","want":{"x":8,"y":2},"from":{"x":3,"y":2},"to":{"x":4,"y":2},"gold":450,"farmPlots":{"map_blank_start":{"7,9":{"tilled":true,"watered":false}}}}
{"step":"walk-step","want":{"x":8,"y":2},"from":{"x":4,"y":2},"to":{"x":5,"y":2},"gold":450,"farmPlots":{"map_blank_start":{"7,9":{"tilled":true,"watered":false}}}}
{"step":"walk-step","want":{"x":8,"y":2},"from":{"x":5,"y":2},"to":{"x":6,"y":2},"gold":450,"farmPlots":{"map_blank_start":{"7,9":{"tilled":true,"watered":false}}}}
{"step":"walk-step","want":{"x":8,"y":2},"from":{"x":6,"y":2},"to":{"x":7,"y":2},"gold":450,"farmPlots":{"map_blank_start":{"7,9":{"tilled":true,"watered":false}}}}
{"step":"walk-step","want":{"x":8,"y":2},"from":{"x":7,"y":2},"to":{"x":8,"y":2},"gold":450,"farmPlots":{"map_blank_start":{"7,9":{"tilled":true,"watered":false}}}}
{"step":"walk-step","want":{"x":16,"y":1},"from":{"x":8,"y":2},"to":{"x":9,"y":2},"gold":450,"farmPlots":{"map_blank_start":{"7,9":{"tilled":true,"watered":false}}}}
{"step":"walk-step","want":{"x":16,"y":1},"from":{"x":9,"y":2},"to":{"x":10,"y":2},"gold":450,"farmPlots":{"map_blank_start":{"7,9":{"tilled":true,"watered":false}}}}
{"step":"walk-step","want":{"x":16,"y":1},"from":{"x":10,"y":2},"to":{"x":11,"y":2},"gold":450,"farmPlots":{"map_blank_start":{"7,9":{"tilled":true,"watered":false}}}}
{"step":"walk-step","want":{"x":16,"y":1},"from":{"x":11,"y":2},"to":{"x":12,"y":2},"gold":450,"farmPlots":{"map_blank_start":{"7,9":{"tilled":true,"watered":false}}}}
{"step":"walk-step","want":{"x":16,"y":1},"from":{"x":12,"y":2},"to":{"x":13,"y":2},"gold":450,"farmPlots":{"map_blank_start":{"7,9":{"tilled":true,"watered":false}}}}
{"step":"walk-step","want":{"x":16,"y":1},"from":{"x":13,"y":2},"to":{"x":14,"y":2},"gold":450,"farmPlots":{"map_blank_start":{"7,9":{"tilled":true,"watered":false}}}}
{"step":"walk-step","want":{"x":16,"y":1},"from":{"x":14,"y":2},"to":{"x":15,"y":2},"gold":450,"farmPlots":{"map_blank_start":{"7,9":{"tilled":true,"watered":false}}}}
{"step":"walk-step","want":{"x":16,"y":1},"from":{"x":15,"y":2},"to":{"x":16,"y":2},"gold":450,"farmPlots":{"map_blank_start":{"7,9":{"tilled":true,"watered":false}}}}
{"step":"walk-step","want":{"x":16,"y":1},"from":{"x":16,"y":2},"to":{"x":16,"y":1},"gold":450,"farmPlots":{"map_blank_start":{"7,9":{"tilled":true,"watered":false}}}}
{"step":"walk-step","want":{"x":16,"y":2},"from":{"x":16,"y":1},"to":{"x":16,"y":2},"gold":450,"farmPlots":{"map_blank_start":{"7,9":{"tilled":true,"watered":false}}}}
{"step":"npc-overlap-candidate","move":{"fromX":16,"fromY":5,"toX":16,"toY":6,"dir":"down"},"logical":{"x":16,"y":6,"bodyRect":{"left":15,"right":17,"top":4,"bottom":6},"passRect":{"left":15,"right":17,"top":6,"bottom":6}},"sprite":{"x":264,"y":96},"fractional":false,"player":{"x":16,"y":2},"eventLocations":null}
{"step":"open-spaces-start","debug":"{\"selectedCommand\":\"record-menu\",\"mode\":\"main\"}","selected":["status-menu-command-record-menu","status-menu-group-command-life-ledger"],"tabs":[],"group":["status-menu-group-command-quests","status-menu-group-command-life-ledger"]}
{"step":"npc-overlap-refuse","npcPlace":{"text":"처리할 수 없습니다: blocked"},"gold":450,"player":{"x":16,"y":2},"buildings":{"ledger:building:shed:1":{"instanceId":"ledger:building:shed:1","typeId":"shed","mapId":"map_blank_start","x":11,"y":6,"orientation":"down","level":2,"paymentReceipt":{"gold":30,"items":[]}},"ledger:building:shed:2":{"instanceId":"ledger:building:shed:2","typeId":"shed","mapId":"map_blank_start","x":0,"y":3,"orientation":"down","level":1,"paymentReceipt":{"gold":10,"items":[]}},"ledger:building:shed:3":{"instanceId":"ledger:building:shed:3","typeId":"shed","mapId":"map_blank_start","x":4,"y":0,"orientation":"down","level":1,"paymentReceipt":{"gold":10,"items":[]}}},"logical":{"x":16,"y":6,"bodyRect":{"left":15,"right":17,"top":4,"bottom":6},"passRect":{"left":15,"right":17,"top":6,"bottom":6}},"move":{"fromX":16,"fromY":5,"toX":16,"toY":6,"dir":"down"}}
{"step":"menu-close-step","kind":"mode","from":"{\"selectedCommand\":\"life-ledger\",\"mode\":\"function\"}","to":"{\"selectedCommand\":\"record-menu\",\"mode\":\"function\"}"}
{"step":"menu-close-step","kind":"mode","from":"{\"selectedCommand\":\"record-menu\",\"mode\":\"function\"}","to":"{\"selectedCommand\":\"record-menu\",\"mode\":\"main\"}"}
{"step":"menu-close-step","kind":"absent"}
{"step":"failed","error":"jsHandle.evaluate: Error: timeout selected status-menu-command-skills\n    at eval (eval at evaluate (:303:30), <anonymous>:21:59)"}
