[agent/life-full-record-keys 6ac1eedb] fix(save): preserve finite-use cursors for reserved item keys
 56 files changed, 2489 insertions(+), 17 deletions(-)
 create mode 100644 .omo/evidence/life-full-20260906/30/finite-use/BLOCKED.md
 create mode 100644 .omo/evidence/life-full-20260906/30/finite-use/authorized-build.json
 create mode 100644 .omo/evidence/life-full-20260906/30/finite-use/authorized-build.log
 create mode 100644 .omo/evidence/life-full-20260906/30/finite-use/authorized-cleanup.json
 create mode 100644 .omo/evidence/life-full-20260906/30/finite-use/authorized-cleanup.log
 create mode 100644 .omo/evidence/life-full-20260906/30/finite-use/authorized-diagnostics.json
 create mode 100644 .omo/evidence/life-full-20260906/30/finite-use/authorized-diagnostics.log
 create mode 100644 .omo/evidence/life-full-20260906/30/finite-use/authorized-final-index-check.json
 create mode 100644 .omo/evidence/life-full-20260906/30/finite-use/authorized-final-index-check.log
 create mode 100644 .omo/evidence/life-full-20260906/30/finite-use/authorized-final-index.json
 create mode 100644 .omo/evidence/life-full-20260906/30/finite-use/authorized-final-index.log
 create mode 100644 .omo/evidence/life-full-20260906/30/finite-use/authorized-green.json
 create mode 100644 .omo/evidence/life-full-20260906/30/finite-use/authorized-green.log
 create mode 100644 .omo/evidence/life-full-20260906/30/finite-use/authorized-index-generate.json
 create mode 100644 .omo/evidence/life-full-20260906/30/finite-use/authorized-index-generate.log
 create mode 100644 .omo/evidence/life-full-20260906/30/finite-use/authorized-public.json
 create mode 100644 .omo/evidence/life-full-20260906/30/finite-use/authorized-public.log
 create mode 100644 .omo/evidence/life-full-20260906/30/finite-use/authorized-typecheck.json
 create mode 100644 .omo/evidence/life-full-20260906/30/finite-use/authorized-typecheck.log
 create mode 100644 .omo/evidence/life-full-20260906/30/finite-use/authorized-wiki-verify.json
 create mode 100644 .omo/evidence/life-full-20260906/30/finite-use/authorized-wiki-verify.log
 create mode 100644 .omo/evidence/life-full-20260906/30/finite-use/blocked-handoff.json
 create mode 100644 .omo/evidence/life-full-20260906/30/finite-use/blocked-handoff.log
 create mode 100644 .omo/evidence/life-full-20260906/30/finite-use/build.json
 create mode 100644 .omo/evidence/life-full-20260906/30/finite-use/build.log
 create mode 100644 .omo/evidence/life-full-20260906/30/finite-use/cleanup.json
 create mode 100644 .omo/evidence/life-full-20260906/30/finite-use/cleanup.log
 create mode 100644 .omo/evidence/life-full-20260906/30/finite-use/cleanup.py
 create mode 100644 .omo/evidence/life-full-20260906/30/finite-use/diagnostics-final.json
 create mode 100644 .omo/evidence/life-full-20260906/30/finite-use/diagnostics-final.log
 create mode 100644 .omo/evidence/life-full-20260906/30/finite-use/diagnostics.json
 create mode 100644 .omo/evidence/life-full-20260906/30/finite-use/diagnostics.log
 create mode 100644 .omo/evidence/life-full-20260906/30/finite-use/diagnostics.mjs
 create mode 100644 .omo/evidence/life-full-20260906/30/finite-use/final-green.json
 create mode 100644 .omo/evidence/life-full-20260906/30/finite-use/final-green.log
 create mode 100644 .omo/evidence/life-full-20260906/30/finite-use/public-after-accumulators.json
 create mode 100644 .omo/evidence/life-full-20260906/30/finite-use/public-after-accumulators.log
 create mode 100644 .omo/evidence/life-full-20260906/30/finite-use/public-red.json
 create mode 100644 .omo/evidence/life-full-20260906/30/finite-use/public-red.log
 create mode 100644 .omo/evidence/life-full-20260906/30/finite-use/public-roundtrip.mjs
 create mode 100644 .omo/evidence/life-full-20260906/30/finite-use/red.json
 create mode 100644 .omo/evidence/life-full-20260906/30/finite-use/red.log
 create mode 100644 .omo/evidence/life-full-20260906/30/finite-use/run.mjs
 create mode 100644 .omo/evidence/life-full-20260906/30/finite-use/typecheck.json
 create mode 100644 .omo/evidence/life-full-20260906/30/finite-use/typecheck.log
 create mode 100644 .omo/evidence/life-full-20260906/30/finite-use/vitest.config.mjs
 create mode 100644 .omo/evidence/life-full-20260906/30/finite-use/wiki-check.json
 create mode 100644 .omo/evidence/life-full-20260906/30/finite-use/wiki-check.log
 create mode 100644 .omo/evidence/life-full-20260906/30/finite-use/wiki-verify.json
 create mode 100644 .omo/evidence/life-full-20260906/30/finite-use/wiki-verify.log
