monitor_id=mon_ES4ENKXM1VDGNBVQ
{"type":"line","id":"authoring-218086","description":"task11 scoped validation","line":""}
{"type":"line","id":"authoring-218086","description":"task11 scoped validation","line":"> rpg-zzu@0.1.0 typecheck:app"}
{"type":"line","id":"authoring-218086","description":"task11 scoped validation","line":"> tsc --noEmit -p tsconfig.app.json"}
{"type":"line","id":"authoring-218086","description":"task11 scoped validation","line":""}
{"type":"line","id":"authoring-218086","description":"task11 scoped validation","line":""}
{"type":"line","id":"authoring-218086","description":"task11 scoped validation","line":"> rpg-zzu@0.1.0 test"}
{"type":"line","id":"authoring-218086","description":"task11 scoped validation","line":"> node scripts/run-vitest.mjs run --configLoader bundle test/spatialAuthoringHandoffLineage.test.ts --maxWorkers=1"}
{"type":"line","id":"authoring-218086","description":"task11 scoped validation","line":""}
{"type":"line","id":"authoring-218086","description":"task11 scoped validation","line":""}
{"type":"line","id":"authoring-218086","description":"task11 scoped validation","line":" RUN  v3.2.4 /home/main/z-project/rpg-zzu-tile-to-world/.omo/worktrees/spatial-manual-build-core"}
{"type":"line","id":"authoring-218086","description":"task11 scoped validation","line":""}
{"type":"line","id":"authoring-218086","description":"task11 scoped validation","line":" ✓ test/spatialAuthoringHandoffLineage.test.ts (4 tests) 7905ms"}
{"type":"line","id":"authoring-218086","description":"task11 scoped validation","line":"   ✓ preserves the entire pending build when an obsolete same-controller preview is handed off  2864ms"}
{"type":"line","id":"authoring-218086","description":"task11 scoped validation","line":"   ✓ rejects an earlier generation when shared edits return to identical source contents  1195ms"}
{"type":"line","id":"authoring-218086","description":"task11 scoped validation","line":"   ✓ retains exact final authority when a real multi-step adapter continues the active build  2388ms"}
{"type":"line","id":"authoring-218086","description":"task11 scoped validation","line":"   ✓ rejects an unrelated controller branch for retention without globally invalidating that branch  1457ms"}
{"type":"line","id":"authoring-218086","description":"task11 scoped validation","line":""}
{"type":"line","id":"authoring-218086","description":"task11 scoped validation","line":" Test Files  1 passed (1)"}
{"type":"line","id":"authoring-218086","description":"task11 scoped validation","line":"      Tests  4 passed (4)"}
{"type":"line","id":"authoring-218086","description":"task11 scoped validation","line":"   Start at  07:54:27"}
{"type":"line","id":"authoring-218086","description":"task11 scoped validation","line":"   Duration  13.47s (transform 3.56s, setup 0ms, collect 5.19s, tests 7.90s, environment 0ms, prepare 63ms)"}
{"type":"line","id":"authoring-218086","description":"task11 scoped validation","line":""}
{"type":"summary","id":"authoring-218086","description":"task11 scoped validation","summary":"watcher completed (exit code 0)"}

> rpg-zzu@0.1.0 typecheck:app
> tsc --noEmit -p tsconfig.app.json


> rpg-zzu@0.1.0 test
> node scripts/run-vitest.mjs run --configLoader bundle test/spatialAuthoringHandoffLineage.test.ts --maxWorkers=1


 RUN  v3.2.4 /home/main/z-project/rpg-zzu-tile-to-world/.omo/worktrees/spatial-manual-build-core

 ✓ test/spatialAuthoringHandoffLineage.test.ts (4 tests) 7905ms
   ✓ preserves the entire pending build when an obsolete same-controller preview is handed off  2864ms
   ✓ rejects an earlier generation when shared edits return to identical source contents  1195ms
   ✓ retains exact final authority when a real multi-step adapter continues the active build  2388ms
   ✓ rejects an unrelated controller branch for retention without globally invalidating that branch  1457ms

 Test Files  1 passed (1)
      Tests  4 passed (4)
   Start at  07:54:27
   Duration  13.47s (transform 3.56s, setup 0ms, collect 5.19s, tests 7.90s, environment 0ms, prepare 63ms)


monitor_exit={"backend":"pipe-fallback","exitCode":0,"signal":null,"cancelled":false,"timedOut":false}
