monitor_id=mon_XW9ZJMYTPEKR5DBP
{"type":"line","id":"authoring-237616","description":"task11 scoped validation","line":""}
{"type":"line","id":"authoring-237616","description":"task11 scoped validation","line":" RUN  v3.2.4 /home/main/z-project/rpg-zzu-tile-to-world/.omo/worktrees/spatial-manual-build-core"}
{"type":"line","id":"authoring-237616","description":"task11 scoped validation","line":""}
{"type":"line","id":"authoring-237616","description":"task11 scoped validation","line":" ✓ output/evidence/tile-to-world/manual-build-core/lineage-probes/adversarial.test.ts > continues a pending build through failed then corrected external compilation and adopts the exact retained handle 2911ms"}
{"type":"line","id":"authoring-237616","description":"task11 scoped validation","line":" ✓ output/evidence/tile-to-world/manual-build-core/lineage-probes/adversarial.test.ts > rejects cloned foreign consumed and live-stale handles without changing pending draft/proposal/selection/history 3548ms"}
{"type":"line","id":"authoring-237616","description":"task11 scoped validation","line":" ✓ output/evidence/tile-to-world/manual-build-core/lineage-probes/adversarial.test.ts > freezes every explicit object input and preserves its exact target during an external continuation 2286ms"}
{"type":"line","id":"authoring-237616","description":"task11 scoped validation","line":" ✓ output/evidence/tile-to-world/manual-build-core/lineage-probes/adversarial.test.ts > routes parsed geography descendants to actual world ownership and rejects unretained or extraneous stamp targets 160ms"}
{"type":"line","id":"authoring-237616","description":"task11 scoped validation","line":" ✓ output/evidence/tile-to-world/manual-build-core/lineage-probes/adversarial.test.ts > must not import a superseded shared-draft preview that drops pending build output and newer source edits 1643ms"}
{"type":"line","id":"authoring-237616","description":"task11 scoped validation","line":""}
{"type":"line","id":"authoring-237616","description":"task11 scoped validation","line":" Test Files  1 passed (1)"}
{"type":"line","id":"authoring-237616","description":"task11 scoped validation","line":"      Tests  5 passed (5)"}
{"type":"line","id":"authoring-237616","description":"task11 scoped validation","line":"   Start at  07:55:53"}
{"type":"line","id":"authoring-237616","description":"task11 scoped validation","line":"   Duration  16.30s (transform 3.69s, setup 0ms, collect 5.37s, tests 10.55s, environment 0ms, prepare 68ms)"}
{"type":"line","id":"authoring-237616","description":"task11 scoped validation","line":""}
{"type":"line","id":"authoring-237616","description":"task11 scoped validation","line":"JSON report written to /home/main/z-project/rpg-zzu-tile-to-world/.omo/worktrees/spatial-manual-build-core/output/evidence/tile-to-world/manual-build-core/lineage-probes/final-results.json"}
{"type":"summary","id":"authoring-237616","description":"task11 scoped validation","summary":"watcher completed (exit code 0)"}

 RUN  v3.2.4 /home/main/z-project/rpg-zzu-tile-to-world/.omo/worktrees/spatial-manual-build-core

 ✓ output/evidence/tile-to-world/manual-build-core/lineage-probes/adversarial.test.ts > continues a pending build through failed then corrected external compilation and adopts the exact retained handle 2911ms
 ✓ output/evidence/tile-to-world/manual-build-core/lineage-probes/adversarial.test.ts > rejects cloned foreign consumed and live-stale handles without changing pending draft/proposal/selection/history 3548ms
 ✓ output/evidence/tile-to-world/manual-build-core/lineage-probes/adversarial.test.ts > freezes every explicit object input and preserves its exact target during an external continuation 2286ms
 ✓ output/evidence/tile-to-world/manual-build-core/lineage-probes/adversarial.test.ts > routes parsed geography descendants to actual world ownership and rejects unretained or extraneous stamp targets 160ms
 ✓ output/evidence/tile-to-world/manual-build-core/lineage-probes/adversarial.test.ts > must not import a superseded shared-draft preview that drops pending build output and newer source edits 1643ms

 Test Files  1 passed (1)
      Tests  5 passed (5)
   Start at  07:55:53
   Duration  16.30s (transform 3.69s, setup 0ms, collect 5.37s, tests 10.55s, environment 0ms, prepare 68ms)

JSON report written to /home/main/z-project/rpg-zzu-tile-to-world/.omo/worktrees/spatial-manual-build-core/output/evidence/tile-to-world/manual-build-core/lineage-probes/final-results.json

monitor_exit={"backend":"pipe-fallback","exitCode":0,"signal":null,"cancelled":false,"timedOut":false}
