monitor_id=mon_WB4J5ZT5C4Z2MMS7
{"type":"line","id":"authoring-182282","description":"task11 scoped validation","line":""}
{"type":"line","id":"authoring-182282","description":"task11 scoped validation","line":"> rpg-zzu@0.1.0 test"}
{"type":"line","id":"authoring-182282","description":"task11 scoped validation","line":"> node scripts/run-vitest.mjs run --configLoader bundle test/spatialAuthoringHandoffLineage.test.ts --maxWorkers=1"}
{"type":"line","id":"authoring-182282","description":"task11 scoped validation","line":""}
{"type":"line","id":"authoring-182282","description":"task11 scoped validation","line":""}
{"type":"line","id":"authoring-182282","description":"task11 scoped validation","line":" RUN  v3.2.4 /home/main/z-project/rpg-zzu-tile-to-world/.omo/worktrees/spatial-manual-build-core"}
{"type":"line","id":"authoring-182282","description":"task11 scoped validation","line":""}
{"type":"line","id":"authoring-182282","description":"task11 scoped validation","line":" ❯ test/spatialAuthoringHandoffLineage.test.ts (4 tests | 3 failed) 5770ms"}
{"type":"line","id":"authoring-182282","description":"task11 scoped validation","line":"   × preserves the entire pending build when an obsolete same-controller preview is handed off 1472ms"}
{"type":"line","id":"authoring-182282","description":"task11 scoped validation","line":"     → expected { kind: 'ok', value: { …(2) } } to match object { kind: 'error', …(1) }"}
{"type":"line","id":"authoring-182282","description":"task11 scoped validation","line":"(3 matching properties omitted from actual)"}
{"type":"line","id":"authoring-182282","description":"task11 scoped validation","line":"   × rejects an earlier generation when shared edits return to identical source contents 949ms"}
{"type":"line","id":"authoring-182282","description":"task11 scoped validation","line":"     → expected { kind: 'ok', value: { …(2) } } to match object { kind: 'error', …(1) }"}
{"type":"line","id":"authoring-182282","description":"task11 scoped validation","line":"(3 matching properties omitted from actual)"}
{"type":"line","id":"authoring-182282","description":"task11 scoped validation","line":"   ✓ retains exact final authority when a real multi-step adapter continues the active build  2464ms"}
{"type":"line","id":"authoring-182282","description":"task11 scoped validation","line":"   × rejects an unrelated controller branch for retention without globally invalidating that branch 883ms"}
{"type":"line","id":"authoring-182282","description":"task11 scoped validation","line":"     → expected { kind: 'ok', value: { …(2) } } to match object { kind: 'error', …(1) }"}
{"type":"line","id":"authoring-182282","description":"task11 scoped validation","line":"(3 matching properties omitted from actual)"}
{"type":"line","id":"authoring-182282","description":"task11 scoped validation","line":""}
{"type":"line","id":"authoring-182282","description":"task11 scoped validation","line":"⎯⎯⎯⎯⎯⎯⎯ Failed Tests 3 ⎯⎯⎯⎯⎯⎯⎯"}
{"type":"line","id":"authoring-182282","description":"task11 scoped validation","line":""}
{"type":"line","id":"authoring-182282","description":"task11 scoped validation","line":" FAIL  test/spatialAuthoringHandoffLineage.test.ts > preserves the entire pending build when an obsolete same-controller preview is handed off"}
{"type":"line","id":"authoring-182282","description":"task11 scoped validation","line":"AssertionError: expected { kind: 'ok', value: { …(2) } } to match object { kind: 'error', …(1) }"}
{"type":"line","id":"authoring-182282","description":"task11 scoped validation","line":"(3 matching properties omitted from actual)"}
{"type":"line","id":"authoring-182282","description":"task11 scoped validation","line":""}
{"type":"line","id":"authoring-182282","description":"task11 scoped validation","line":"\u001b[32m- Expected\u001b[39m"}
{"type":"line","id":"authoring-182282","description":"task11 scoped validation","line":"\u001b[31m+ Received\u001b[39m"}
{"type":"line","id":"authoring-182282","description":"task11 scoped validation","line":""}
{"type":"line","id":"authoring-182282","description":"task11 scoped validation","line":"\u001b[2m  {\u001b[22m"}
{"type":"line","id":"authoring-182282","description":"task11 scoped validation","line":"\u001b[32m-   \"error\": {\u001b[39m"}
{"type":"line","id":"authoring-182282","description":"task11 scoped validation","line":"\u001b[32m-     \"code\": \"stale\",\u001b[39m"}
{"type":"line","id":"authoring-182282","description":"task11 scoped validation","line":"\u001b[32m-   },\u001b[39m"}
{"type":"line","id":"authoring-182282","description":"task11 scoped validation","line":"\u001b[32m-   \"kind\": \"error\",\u001b[39m"}
{"type":"line","id":"authoring-182282","description":"task11 scoped validation","line":"\u001b[31m+   \"kind\": \"ok\",\u001b[39m"}
{"type":"line","id":"authoring-182282","description":"task11 scoped validation","line":"\u001b[2m  }\u001b[22m"}
{"type":"line","id":"authoring-182282","description":"task11 scoped validation","line":""}
{"type":"line","id":"authoring-182282","description":"task11 scoped validation","line":" ❯ test/spatialAuthoringHandoffLineage.test.ts:41:20"}
{"type":"line","id":"authoring-182282","description":"task11 scoped validation","line":"     39|   const rejected = retainAuthoringPreview(earlier);"}
{"type":"line","id":"authoring-182282","description":"task11 scoped validation","line":"     40|   // Then: rejection cannot replace the request, preview, disclosure o…"}
{"type":"line","id":"authoring-182282","description":"task11 scoped validation","line":"     41|   expect(rejected).toMatchObject({ kind: \"error\", error: { code: \"stal…"}
{"type":"line","id":"authoring-182282","description":"task11 scoped validation","line":"       |                    ^"}
{"type":"line","id":"authoring-182282","description":"task11 scoped validation","line":"     42|   expect(visibleAuthoringProject()).toBe(pending.project);"}
{"type":"line","id":"authoring-182282","description":"task11 scoped validation","line":"     43|   expect(spatialBuildProposal()).toEqual(disclosure);"}
{"type":"line","id":"authoring-182282","description":"task11 scoped validation","line":""}
{"type":"line","id":"authoring-182282","description":"task11 scoped validation","line":"⎯⎯⎯⎯⎯⎯⎯⎯⎯⎯⎯⎯⎯⎯⎯⎯⎯⎯⎯⎯⎯⎯⎯⎯[1/3]⎯"}
{"type":"line","id":"authoring-182282","description":"task11 scoped validation","line":""}
{"type":"line","id":"authoring-182282","description":"task11 scoped validation","line":" FAIL  test/spatialAuthoringHandoffLineage.test.ts > rejects an earlier generation when shared edits return to identical source contents"}
{"type":"line","id":"authoring-182282","description":"task11 scoped validation","line":"AssertionError: expected { kind: 'ok', value: { …(2) } } to match object { kind: 'error', …(1) }"}
{"type":"line","id":"authoring-182282","description":"task11 scoped validation","line":"(3 matching properties omitted from actual)"}
{"type":"line","id":"authoring-182282","description":"task11 scoped validation","line":""}
{"type":"line","id":"authoring-182282","description":"task11 scoped validation","line":"\u001b[32m- Expected\u001b[39m"}
{"type":"line","id":"authoring-182282","description":"task11 scoped validation","line":"\u001b[31m+ Received\u001b[39m"}
{"type":"line","id":"authoring-182282","description":"task11 scoped validation","line":""}
{"type":"line","id":"authoring-182282","description":"task11 scoped validation","line":"\u001b[2m  {\u001b[22m"}
{"type":"line","id":"authoring-182282","description":"task11 scoped validation","line":"\u001b[32m-   \"error\": {\u001b[39m"}
{"type":"line","id":"authoring-182282","description":"task11 scoped validation","line":"\u001b[32m-     \"code\": \"stale\",\u001b[39m"}
{"type":"line","id":"authoring-182282","description":"task11 scoped validation","line":"\u001b[32m-   },\u001b[39m"}
{"type":"line","id":"authoring-182282","description":"task11 scoped validation","line":"\u001b[32m-   \"kind\": \"error\",\u001b[39m"}
{"type":"line","id":"authoring-182282","description":"task11 scoped validation","line":"\u001b[31m+   \"kind\": \"ok\",\u001b[39m"}
{"type":"line","id":"authoring-182282","description":"task11 scoped validation","line":"\u001b[2m  }\u001b[22m"}
{"type":"line","id":"authoring-182282","description":"task11 scoped validation","line":""}
{"type":"line","id":"authoring-182282","description":"task11 scoped validation","line":" ❯ test/spatialAuthoringHandoffLineage.test.ts:65:20"}
{"type":"line","id":"authoring-182282","description":"task11 scoped validation","line":"     63|   const rejected = retainAuthoringPreview(preview);"}
{"type":"line","id":"authoring-182282","description":"task11 scoped validation","line":"     64|   // Then"}
{"type":"line","id":"authoring-182282","description":"task11 scoped validation","line":"     65|   expect(rejected).toMatchObject({ kind: \"error\", error: { code: \"stal…"}
{"type":"line","id":"authoring-182282","description":"task11 scoped validation","line":"       |                    ^"}
{"type":"line","id":"authoring-182282","description":"task11 scoped validation","line":"     66|   expect(visibleAuthoringProject()).toBe(before);"}
{"type":"line","id":"authoring-182282","description":"task11 scoped validation","line":"     67|   expect(visibleAuthoringProject()).toBe(active.project);"}
{"type":"line","id":"authoring-182282","description":"task11 scoped validation","line":""}
{"type":"line","id":"authoring-182282","description":"task11 scoped validation","line":"⎯⎯⎯⎯⎯⎯⎯⎯⎯⎯⎯⎯⎯⎯⎯⎯⎯⎯⎯⎯⎯⎯⎯⎯[2/3]⎯"}
{"type":"line","id":"authoring-182282","description":"task11 scoped validation","line":""}
{"type":"line","id":"authoring-182282","description":"task11 scoped validation","line":" FAIL  test/spatialAuthoringHandoffLineage.test.ts > rejects an unrelated controller branch for retention without globally invalidating that branch"}
{"type":"line","id":"authoring-182282","description":"task11 scoped validation","line":"AssertionError: expected { kind: 'ok', value: { …(2) } } to match object { kind: 'error', …(1) }"}
{"type":"line","id":"authoring-182282","description":"task11 scoped validation","line":"(3 matching properties omitted from actual)"}
{"type":"line","id":"authoring-182282","description":"task11 scoped validation","line":""}
{"type":"line","id":"authoring-182282","description":"task11 scoped validation","line":"\u001b[32m- Expected\u001b[39m"}
{"type":"line","id":"authoring-182282","description":"task11 scoped validation","line":"\u001b[31m+ Received\u001b[39m"}
{"type":"line","id":"authoring-182282","description":"task11 scoped validation","line":""}
{"type":"line","id":"authoring-182282","description":"task11 scoped validation","line":"\u001b[2m  {\u001b[22m"}
{"type":"line","id":"authoring-182282","description":"task11 scoped validation","line":"\u001b[32m-   \"error\": {\u001b[39m"}
{"type":"line","id":"authoring-182282","description":"task11 scoped validation","line":"\u001b[32m-     \"code\": \"stale\",\u001b[39m"}
{"type":"line","id":"authoring-182282","description":"task11 scoped validation","line":"\u001b[32m-   },\u001b[39m"}
{"type":"line","id":"authoring-182282","description":"task11 scoped validation","line":"\u001b[32m-   \"kind\": \"error\",\u001b[39m"}
{"type":"line","id":"authoring-182282","description":"task11 scoped validation","line":"\u001b[31m+   \"kind\": \"ok\",\u001b[39m"}
{"type":"line","id":"authoring-182282","description":"task11 scoped validation","line":"\u001b[2m  }\u001b[22m"}
{"type":"line","id":"authoring-182282","description":"task11 scoped validation","line":""}
{"type":"line","id":"authoring-182282","description":"task11 scoped validation","line":" ❯ test/spatialAuthoringHandoffLineage.test.ts:106:18"}
{"type":"line","id":"authoring-182282","description":"task11 scoped validation","line":"    104|   const result = retainAuthoringPreview(issued);"}
{"type":"line","id":"authoring-182282","description":"task11 scoped validation","line":"    105|   // Then"}
{"type":"line","id":"authoring-182282","description":"task11 scoped validation","line":"    106|   expect(result).toMatchObject({ kind: \"error\", error: { code: \"stale\"…"}
{"type":"line","id":"authoring-182282","description":"task11 scoped validation","line":"       |                  ^"}
{"type":"line","id":"authoring-182282","description":"task11 scoped validation","line":"    107|   expect(visibleAuthoringProject()).toBe(active.project);"}
{"type":"line","id":"authoring-182282","description":"task11 scoped validation","line":"    108|   expect(shared.continueDraft(issued).kind).toBe(\"ok\");"}
{"type":"line","id":"authoring-182282","description":"task11 scoped validation","line":""}
{"type":"line","id":"authoring-182282","description":"task11 scoped validation","line":"⎯⎯⎯⎯⎯⎯⎯⎯⎯⎯⎯⎯⎯⎯⎯⎯⎯⎯⎯⎯⎯⎯⎯⎯[3/3]⎯"}
{"type":"line","id":"authoring-182282","description":"task11 scoped validation","line":""}
{"type":"line","id":"authoring-182282","description":"task11 scoped validation","line":""}
{"type":"line","id":"authoring-182282","description":"task11 scoped validation","line":" Test Files  1 failed (1)"}
{"type":"line","id":"authoring-182282","description":"task11 scoped validation","line":"      Tests  3 failed | 1 passed (4)"}
{"type":"line","id":"authoring-182282","description":"task11 scoped validation","line":"   Start at  07:50:05"}
{"type":"line","id":"authoring-182282","description":"task11 scoped validation","line":"   Duration  11.21s (transform 3.53s, setup 0ms, collect 5.08s, tests 5.77s, environment 0ms, prepare 66ms)"}
{"type":"line","id":"authoring-182282","description":"task11 scoped validation","line":""}
{"type":"summary","id":"authoring-182282","description":"task11 scoped validation","summary":"watcher exited_1 (exit code 1)"}

> rpg-zzu@0.1.0 test
> node scripts/run-vitest.mjs run --configLoader bundle test/spatialAuthoringHandoffLineage.test.ts --maxWorkers=1


 RUN  v3.2.4 /home/main/z-project/rpg-zzu-tile-to-world/.omo/worktrees/spatial-manual-build-core

 ❯ test/spatialAuthoringHandoffLineage.test.ts (4 tests | 3 failed) 5770ms
   × preserves the entire pending build when an obsolete same-controller preview is handed off 1472ms
     → expected { kind: 'ok', value: { …(2) } } to match object { kind: 'error', …(1) }
(3 matching properties omitted from actual)
   × rejects an earlier generation when shared edits return to identical source contents 949ms
     → expected { kind: 'ok', value: { …(2) } } to match object { kind: 'error', …(1) }
(3 matching properties omitted from actual)
   ✓ retains exact final authority when a real multi-step adapter continues the active build  2464ms
   × rejects an unrelated controller branch for retention without globally invalidating that branch 883ms
     → expected { kind: 'ok', value: { …(2) } } to match object { kind: 'error', …(1) }
(3 matching properties omitted from actual)

⎯⎯⎯⎯⎯⎯⎯ Failed Tests 3 ⎯⎯⎯⎯⎯⎯⎯

 FAIL  test/spatialAuthoringHandoffLineage.test.ts > preserves the entire pending build when an obsolete same-controller preview is handed off
AssertionError: expected { kind: 'ok', value: { …(2) } } to match object { kind: 'error', …(1) }
(3 matching properties omitted from actual)

[32m- Expected[39m
[31m+ Received[39m

[2m  {[22m
[32m-   "error": {[39m
[32m-     "code": "stale",[39m
[32m-   },[39m
[32m-   "kind": "error",[39m
[31m+   "kind": "ok",[39m
[2m  }[22m

 ❯ test/spatialAuthoringHandoffLineage.test.ts:41:20
     39|   const rejected = retainAuthoringPreview(earlier);
     40|   // Then: rejection cannot replace the request, preview, disclosure o…
     41|   expect(rejected).toMatchObject({ kind: "error", error: { code: "stal…
       |                    ^
     42|   expect(visibleAuthoringProject()).toBe(pending.project);
     43|   expect(spatialBuildProposal()).toEqual(disclosure);

⎯⎯⎯⎯⎯⎯⎯⎯⎯⎯⎯⎯⎯⎯⎯⎯⎯⎯⎯⎯⎯⎯⎯⎯[1/3]⎯

 FAIL  test/spatialAuthoringHandoffLineage.test.ts > rejects an earlier generation when shared edits return to identical source contents
AssertionError: expected { kind: 'ok', value: { …(2) } } to match object { kind: 'error', …(1) }
(3 matching properties omitted from actual)

[32m- Expected[39m
[31m+ Received[39m

[2m  {[22m
[32m-   "error": {[39m
[32m-     "code": "stale",[39m
[32m-   },[39m
[32m-   "kind": "error",[39m
[31m+   "kind": "ok",[39m
[2m  }[22m

 ❯ test/spatialAuthoringHandoffLineage.test.ts:65:20
     63|   const rejected = retainAuthoringPreview(preview);
     64|   // Then
     65|   expect(rejected).toMatchObject({ kind: "error", error: { code: "stal…
       |                    ^
     66|   expect(visibleAuthoringProject()).toBe(before);
     67|   expect(visibleAuthoringProject()).toBe(active.project);

⎯⎯⎯⎯⎯⎯⎯⎯⎯⎯⎯⎯⎯⎯⎯⎯⎯⎯⎯⎯⎯⎯⎯⎯[2/3]⎯

 FAIL  test/spatialAuthoringHandoffLineage.test.ts > rejects an unrelated controller branch for retention without globally invalidating that branch
AssertionError: expected { kind: 'ok', value: { …(2) } } to match object { kind: 'error', …(1) }
(3 matching properties omitted from actual)

[32m- Expected[39m
[31m+ Received[39m

[2m  {[22m
[32m-   "error": {[39m
[32m-     "code": "stale",[39m
[32m-   },[39m
[32m-   "kind": "error",[39m
[31m+   "kind": "ok",[39m
[2m  }[22m

 ❯ test/spatialAuthoringHandoffLineage.test.ts:106:18
    104|   const result = retainAuthoringPreview(issued);
    105|   // Then
    106|   expect(result).toMatchObject({ kind: "error", error: { code: "stale"…
       |                  ^
    107|   expect(visibleAuthoringProject()).toBe(active.project);
    108|   expect(shared.continueDraft(issued).kind).toBe("ok");

⎯⎯⎯⎯⎯⎯⎯⎯⎯⎯⎯⎯⎯⎯⎯⎯⎯⎯⎯⎯⎯⎯⎯⎯[3/3]⎯


 Test Files  1 failed (1)
      Tests  3 failed | 1 passed (4)
   Start at  07:50:05
   Duration  11.21s (transform 3.53s, setup 0ms, collect 5.08s, tests 5.77s, environment 0ms, prepare 66ms)


monitor_exit={"backend":"pipe-fallback","exitCode":1,"signal":null,"cancelled":false,"timedOut":false}
