
> rpg-zzu@0.1.0 test
> node scripts/run-vitest.mjs run --configLoader bundle test/aiDatabaseJob.test.ts test/aiDatabaseGeneration.test.ts


 RUN  v3.2.4 /home/main/z-project/rpg-zzu-aiq-database-silver

 ❯ test/aiDatabaseJob.test.ts (2 tests | 2 failed) 75ms
   × database job output validation > rejects malformed item text before artwork or tool writes 72ms
     → expected [Function] to throw an error
   × database job output validation > rejects malformed enemy text before artwork or tool writes 1ms
     → expected [Function] to throw an error
 ✓ test/aiDatabaseGeneration.test.ts (24 tests) 60ms

⎯⎯⎯⎯⎯⎯⎯ Failed Tests 2 ⎯⎯⎯⎯⎯⎯⎯

 FAIL  test/aiDatabaseJob.test.ts > database job output validation > rejects malformed item text before artwork or tool writes
 FAIL  test/aiDatabaseJob.test.ts > database job output validation > rejects malformed enemy text before artwork or tool writes
AssertionError: expected [Function] to throw an error
 ❯ test/aiDatabaseJob.test.ts:9:69
      7|     ["enemy", { name: "Wolf", stats: { maxHp: "not a number" } }],
      8|   ] as const)("rejects malformed %s text before artwork or tool writes…
      9|     expect(() => parseGeneratedRecord(kind, JSON.stringify(patch))).to…
       |                                                                     ^
     10|   });
     11| });

⎯⎯⎯⎯⎯⎯⎯⎯⎯⎯⎯⎯⎯⎯⎯⎯⎯⎯⎯⎯⎯⎯⎯⎯[1/2]⎯


 Test Files  1 failed | 1 passed (2)
      Tests  2 failed | 24 passed (26)
   Start at  20:24:53
   Duration  23.15s (transform 14.32s, setup 0ms, collect 43.50s, tests 135ms, environment 0ms, prepare 545ms)
