
> rpg-zzu@0.1.0 test
> node scripts/run-vitest.mjs run --configLoader bundle test/requestCoverage.test.ts test/fakeDomInsertBefore.test.ts test/functionalAcceptanceSession.test.ts test/functionalClarification.test.ts test/intentDeclarationClient.test.ts test/functionalAcceptance.test.ts test/functionalPersistenceProof.test.ts test/functionalScenePurchase.test.ts test/functionalWalkSuspension.test.ts test/functionalInterpreterResume.test.ts test/npcRewardSession.test.ts test/assistantAcceptanceSession.test.ts test/assistantAcceptance.test.ts test/agentBlueprintTurnEnd.test.ts test/assistantAcceptanceRequestBaseline.test.ts test/aiRunOutcomeLifecycle.test.ts test/aiRetryWorkPlanLifecycle.test.ts --maxWorkers=1 --no-file-parallelism


 RUN  v3.2.4 /home/main/z-project/rpg-zzu-ai-acceptance-live-qa

 ✓ test/requestCoverage.test.ts (14 tests) 8619ms
   ✓ independent request coverage enters the canonical ledger > keeps the original goal incomplete after failed NPC repair and NPC-only clarification ({"resume":false,"auditUnavailable":false})  919ms
   ✓ independent request coverage enters the canonical ledger > keeps the original goal incomplete after failed NPC repair and NPC-only clarification ({"resume":true,"auditUnavailable":false})  625ms
   ✓ independent request coverage enters the canonical ledger > keeps the original goal incomplete after failed NPC repair and NPC-only clarification ({"resume":false,"auditUnavailable":true})  789ms
   ✓ independent request coverage enters the canonical ledger > keeps the original goal incomplete after failed NPC repair and NPC-only clarification ({"resume":true,"auditUnavailable":true})  579ms
   ✓ independent request coverage enters the canonical ledger > retains words omitted even by the independent extractor as an unverified canonical obligation  572ms
   ✓ independent request coverage enters the canonical ledger > cannot satisfy a partial plan after omission coverage  692ms
   ✓ independent request coverage enters the canonical ledger > cannot satisfy a partial plan after empty coverage  634ms
   ✓ independent request coverage enters the canonical ledger > cannot satisfy a partial plan after invalid coverage  674ms
   ✓ independent request coverage enters the canonical ledger > cannot satisfy a partial plan after network coverage  664ms
   ✓ independent request coverage enters the canonical ledger > links every independently extracted clause to real immutable checks  776ms
   ✓ independent request coverage enters the canonical ledger > keeps grouped R2 clarification and resume coverage distinct (audit failure=false)  667ms
   ✓ independent request coverage enters the canonical ledger > keeps grouped R2 clarification and resume coverage distinct (audit failure=true)  816ms
 ✓ test/intentDeclarationClient.test.ts (21 tests) 136ms
 ✓ test/agentBlueprintTurnEnd.test.ts (14 tests) 51706ms
   ✓ 중단·오류로 끝난 턴의 청사진 정산 (viewed: map_blank_start) > 시공 중 중단하면 짓던 칸이 planned 로 되돌아간다 — 저장소가 안 바뀌었는데 완료를 찍지 않는다  2329ms
   ✓ 중단·오류로 끝난 턴의 청사진 정산 (viewed: map_blank_start) > 턴이 오류로 끝나도 남은 제안은 적용되므로 그 칸은 done 으로 확정된다  3829ms
   ✓ 중단·오류로 끝난 턴의 청사진 정산 (viewed: map_blank_start) > 정상 종료 + 적용에서만 저장소가 바뀝고 밑그림이 물러난다  5096ms
   ✓ 중단·오류로 끝난 턴의 청사진 정산 (viewed: map_blank_start) > 일부만 지은 계획도 적용된 턴이 끝나면 물러나고, 다음 턴이 되살리지 않는다  5995ms
   ✓ 중단·오류로 끝난 턴의 청사진 정산 (viewed: map_blank_start) > 전송이 던지지 않고 정상 반환한 중단도 정산된다 — 제안이 남아 있어도 적용에 닿지 않는다  2341ms
   ✓ 중단·오류로 끝난 턴의 청사진 정산 (viewed: map_blank_start) > 다 지은 뒤의 조회 턴은 상태줄에 밑그림 확정을 다시 찍지 않는다  5527ms
   ✓ 중단·오류로 끝난 턴의 청사진 정산 (viewed: map_blank_start) > 쓰기 제안 0건으로 끝난 턴은 진행을 하나도 남기지 않는다  1452ms
   ✓ 중단·오류로 끝난 턴의 청사진 정산 (viewed: map_viewed_b) > 시공 중 중단하면 짓던 칸이 planned 로 되돌아간다 — 저장소가 안 바뀌었는데 완료를 찍지 않는다  2083ms
   ✓ 중단·오류로 끝난 턴의 청사진 정산 (viewed: map_viewed_b) > 턴이 오류로 끝나도 남은 제안은 적용되므로 그 칸은 done 으로 확정된다  3999ms
   ✓ 중단·오류로 끝난 턴의 청사진 정산 (viewed: map_viewed_b) > 정상 종료 + 적용에서만 저장소가 바뀝고 밑그림이 물러난다  4492ms
   ✓ 중단·오류로 끝난 턴의 청사진 정산 (viewed: map_viewed_b) > 일부만 지은 계획도 적용된 턴이 끝나면 물러나고, 다음 턴이 되살리지 않는다  5365ms
   ✓ 중단·오류로 끝난 턴의 청사진 정산 (viewed: map_viewed_b) > 전송이 던지지 않고 정상 반환한 중단도 정산된다 — 제안이 남아 있어도 적용에 닿지 않는다  2383ms
   ✓ 중단·오류로 끝난 턴의 청사진 정산 (viewed: map_viewed_b) > 다 지은 뒤의 조회 턴은 상태줄에 밑그림 확정을 다시 찍지 않는다  5336ms
   ✓ 중단·오류로 끝난 턴의 청사진 정산 (viewed: map_viewed_b) > 쓰기 제안 0건으로 끝난 턴은 진행을 하나도 남기지 않는다  1474ms
 ✓ test/npcRewardSession.test.ts (19 tests) 37198ms
   ✓ NPC reward request lifetime in AssistantSession > does not dispatch authoring or planner calls for an unrepairable reward declaration  597ms
   ✓ NPC reward request lifetime in AssistantSession > direct 'text' NPC, contract opt-out=false  2530ms
   ✓ NPC reward request lifetime in AssistantSession > direct 'once' NPC, contract opt-out=false  3217ms
   ✓ NPC reward request lifetime in AssistantSession > direct 'repeat' NPC, contract opt-out=false  2037ms
   ✓ NPC reward request lifetime in AssistantSession > direct 'text' NPC, contract opt-out=true  594ms
   ✓ NPC reward request lifetime in AssistantSession > does not finalize unresolved or invalid obligations {"required":[]}  430ms
   ✓ NPC reward request lifetime in AssistantSession > does not finalize unresolved or invalid obligations {"required":{"invalidReason":"npcRewards: invalid grant"}}  541ms
   ✓ NPC reward request lifetime in AssistantSession > does not finalize unresolved or invalid obligations {"required":[{"target":{"eventId":"missing_npc"},"grants":[{"kind":"item","id":"item_potion","count":1}]}]}  747ms
   ✓ NPC reward request lifetime in AssistantSession > uses bounded repair to correct the real NPC rather than weaken the request  3536ms
   ✓ NPC reward request lifetime in AssistantSession > allows an earlier DB item but refuses final explicit completion and skip with missing rewards  3982ms
   ✓ NPC reward request lifetime in AssistantSession > gates a non-final item that actually authors the declared NPC  2869ms
   ✓ NPC reward request lifetime in AssistantSession > cannot erase the obligation by replanning into an unrelated skipped plan  3287ms
   ✓ NPC reward request lifetime in AssistantSession > rechecks a previously completed NPC after its grants are removed  3686ms
   ✓ NPC reward request lifetime in AssistantSession > completes an actual one-time NPC plan and accepts idempotent explicit completion  3546ms
   ✓ NPC reward request lifetime in AssistantSession > preserves the obligation through plan-only confirmation and the actual planner replan  940ms
   ✓ NPC reward request lifetime in AssistantSession > retains the captured requirement and context on retryLastTurn  2448ms
   ✓ NPC reward request lifetime in AssistantSession > preserves the request across the real autonomous synthetic continuation  649ms
   ✓ NPC reward request lifetime in AssistantSession > host new-goal clears old obligations; ask does not enforce them: new-request  833ms
   ✓ NPC reward request lifetime in AssistantSession > host new-goal clears old obligations; ask does not enforce them: ask  726ms
 ✓ test/assistantAcceptanceRequestBaseline.test.ts (6 tests) 14785ms
   ✓ per-request acceptance baselines > preserves a map created in A while B changes another map  2732ms
   ✓ per-request acceptance baselines > does not credit A's change toward a newly accepted B change promise  1693ms
   ✓ per-request acceptance baselines > late adoption cannot baseline away B's earlier write (applied=false)  2385ms
   ✓ per-request acceptance baselines > late adoption cannot baseline away B's earlier write (applied=true)  2847ms
   ✓ per-request acceptance baselines > retains B's pre-write baseline across budget-driven synthetic continuation  2558ms
   ✓ per-request acceptance baselines > retains B's baseline when a manual continuation repairs and replans after application  2566ms
 ✓ test/functionalPersistenceProof.test.ts (4 tests) 9875ms
   ✓ functional acceptance on accepted canonical reload > reruns real functional criteria on reloaded content before publishing verified persistence  2722ms
   ✓ functional acceptance on accepted canonical reload > does not certify a newer applied broken purchase using an earlier acceptance pass  2236ms
   ✓ functional acceptance on accepted canonical reload > cannot publish functional proof while a newer proposal remains unapplied  2665ms
   ✓ functional acceptance on accepted canonical reload > rejects a canonical read overtaken by a new applied edit  2250ms
 ✓ test/assistantAcceptanceSession.test.ts (12 tests) 10295ms
   ✓ acceptance controls actual session termination > does not schedule run-end persistence proof for a completed plan with unmet acceptance  634ms
   ✓ acceptance controls actual session termination > does not turn a review without an explicit passing verdict into completion  1011ms
   ✓ acceptance controls actual session termination > withdraws an earlier pass when a later explicit review fails  1108ms
   ✓ acceptance controls actual session termination > continues then blocks insufficient dimensions and quantity even after skip completes the plan  549ms
   ✓ acceptance controls actual session termination > retains original denominator when skip and set_work_plan try to shrink promises  745ms
   ✓ acceptance controls actual session termination > invalidates an attributed image review after a subsequent real map write  1198ms
   ✓ applied acceptance lifecycle through real tools > repairs exact dimensions after plan completion and invalidates on applied undo  2580ms
   ✓ applied acceptance lifecycle through real tools > blocks and retains the ledger when aborted while the next model response is held  498ms
   ✓ applied acceptance lifecycle through real tools > never credits a review authored in the same response as the image request  930ms
   ✓ applied acceptance lifecycle through real tools > requires visible contract repair for a spatial plan missing criteria  504ms
 ✓ test/functionalAcceptanceSession.test.ts (6 tests) 4943ms
   ✓ request declaration to immutable functional session acceptance > adopts all requested checks through the actual lite declaration parser without manually injected plan criteria  870ms
   ✓ request declaration to immutable functional session acceptance > keeps mandatory behavior when the actual planner returns unrelated work without criteria  1266ms
   ✓ request declaration to immutable functional session acceptance > keeps malformed functional declarations blocked instead of dropping them  790ms
   ✓ request declaration to immutable functional session acceptance > retains expectations across plan replacement, skip and attempted repair  811ms
   ✓ request declaration to immutable functional session acceptance > revalidates latest canonical content and cannot retain stale success  975ms
 ✓ test/functionalClarification.test.ts (6 tests) 6538ms
   ✓ trusted user clarification refines original unresolved acceptance > resolves a reason-only placeholder through the next actual user declaration, retaining source and identity  982ms
   ✓ trusted user clarification refines original unresolved acceptance > also accepts a genuine user clarification sent through the host resume action  610ms
   ✓ trusted user clarification refines original unresolved acceptance > retains known expectations during partial clarification, then completes when the missing price is supplied  1068ms
   ✓ trusted user clarification refines original unresolved acceptance > rejects conflicting known quantities unless the trusted declaration identifies an explicit user correction  1152ms
   ✓ trusted user clarification refines original unresolved acceptance > worker repair and replacement plans cannot resolve a placeholder or weaken its resolved contract  1693ms
   ✓ trusted user clarification refines original unresolved acceptance > a still ambiguous or unlinked declaration cannot retire the original obligation  1032ms
 ✓ test/aiRunOutcomeLifecycle.test.ts (6 tests) 2930ms
   ✓ projects budget exhaustion when the tools limit ends execution  498ms
   ✓ projects budget exhaustion when the tokens limit ends execution  480ms
   ✓ retains both applied milestones and pending calls when a later transport fails  815ms
   ✓ routes an explicit user withdrawal to the sole session authority  621ms
 ✓ test/functionalAcceptance.test.ts (19 tests) 3423ms
   ✓ immutable engine-evaluated functional acceptance > verifies purchase, real outgoing/return traversal and one-time reward without model evidence  531ms
   ✓ immutable engine-evaluated functional acceptance > does not verify an unapplied draft or reuse applied proof after a database-only write  458ms
 ✓ test/assistantAcceptance.test.ts (23 tests) 2270ms
   ✓ image-reviewed evidence > requires delivered coverage followed by attributed review and invalidates after undo  306ms
 ✓ test/functionalScenePurchase.test.ts (9 tests) 1851ms
   ✓ public scene purchase transaction > walks to the seller and buys exact stock with real gold and inventory deltas  395ms
 ✓ test/functionalInterpreterResume.test.ts (11 tests) 956ms
 ✓ test/functionalWalkSuspension.test.ts (5 tests) 491ms
 ✓ test/fakeDomInsertBefore.test.ts (2 tests) 8ms
 ✓ test/aiRetryWorkPlanLifecycle.test.ts (7 tests) 4817ms
   ✓ manual retry work-plan ownership > reopens live checklist on actual retry and removes it at 'final' ('chat'/'do', completed=undefined)  908ms
   ✓ manual retry work-plan ownership > reopens live checklist on actual retry and removes it at 'final' ('auto'/'do', completed=undefined)  779ms
   ✓ manual retry work-plan ownership > reopens live checklist on actual retry and removes it at 'final' ('auto'/'plan', completed=undefined)  693ms
   ✓ manual retry work-plan ownership > reopens live checklist on actual retry and removes it at 'error' ('chat'/'ask', completed=undefined)  656ms
   ✓ manual retry work-plan ownership > reopens live checklist on actual retry and removes it at 'aborted' ('chat'/'do', completed=undefined)  614ms
   ✓ manual retry work-plan ownership > reopens live checklist on actual retry and removes it at 'throw' ('chat'/'do', completed=undefined)  549ms
   ✓ manual retry work-plan ownership > reopens live checklist on actual retry and removes it at 'final' ('chat'/'do', completed=true)  614ms

 Test Files  17 passed (17)
      Tests  184 passed (184)
   Start at  04:36:45
   Duration  266.66s (transform 46.40s, setup 0ms, collect 97.22s, tests 160.84s, environment 394ms, prepare 1.80s)

