
> rpg-zzu@0.1.0 test
> node scripts/run-vitest.mjs run --configLoader bundle test/requestCoverage.test.ts test/fakeDomInsertBefore.test.ts test/functionalAcceptanceSession.test.ts test/functionalClarification.test.ts test/intentDeclarationClient.test.ts test/functionalAcceptance.test.ts test/functionalPersistenceProof.test.ts test/functionalScenePurchase.test.ts test/functionalWalkSuspension.test.ts test/functionalInterpreterResume.test.ts test/npcRewardSession.test.ts test/assistantAcceptanceSession.test.ts test/assistantAcceptance.test.ts test/agentBlueprintTurnEnd.test.ts test/assistantAcceptanceRequestBaseline.test.ts test/aiRunOutcomeLifecycle.test.ts test/aiRetryWorkPlanLifecycle.test.ts --maxWorkers=1 --no-file-parallelism


 RUN  v3.2.4 /home/main/z-project/rpg-zzu-ai-acceptance-live-qa

 ✓ test/requestCoverage.test.ts (14 tests) 9301ms
   ✓ independent request coverage enters the canonical ledger > keeps the original goal incomplete after failed NPC repair and NPC-only clarification ({"resume":false,"auditUnavailable":false})  1099ms
   ✓ independent request coverage enters the canonical ledger > keeps the original goal incomplete after failed NPC repair and NPC-only clarification ({"resume":true,"auditUnavailable":false})  746ms
   ✓ independent request coverage enters the canonical ledger > keeps the original goal incomplete after failed NPC repair and NPC-only clarification ({"resume":false,"auditUnavailable":true})  897ms
   ✓ independent request coverage enters the canonical ledger > keeps the original goal incomplete after failed NPC repair and NPC-only clarification ({"resume":true,"auditUnavailable":true})  583ms
   ✓ independent request coverage enters the canonical ledger > retains words omitted even by the independent extractor as an unverified canonical obligation  676ms
   ✓ independent request coverage enters the canonical ledger > cannot satisfy a partial plan after omission coverage  743ms
   ✓ independent request coverage enters the canonical ledger > cannot satisfy a partial plan after empty coverage  720ms
   ✓ independent request coverage enters the canonical ledger > cannot satisfy a partial plan after invalid coverage  665ms
   ✓ independent request coverage enters the canonical ledger > cannot satisfy a partial plan after network coverage  666ms
   ✓ independent request coverage enters the canonical ledger > links every independently extracted clause to real immutable checks  804ms
   ✓ independent request coverage enters the canonical ledger > keeps grouped R2 clarification and resume coverage distinct (audit failure=false)  753ms
   ✓ independent request coverage enters the canonical ledger > keeps grouped R2 clarification and resume coverage distinct (audit failure=true)  746ms
 ✓ test/intentDeclarationClient.test.ts (21 tests) 127ms
 ✓ test/agentBlueprintTurnEnd.test.ts (14 tests) 54100ms
   ✓ 중단·오류로 끝난 턴의 청사진 정산 (viewed: map_blank_start) > 시공 중 중단하면 짓던 칸이 planned 로 되돌아간다 — 저장소가 안 바뀌었는데 완료를 찍지 않는다  2739ms
   ✓ 중단·오류로 끝난 턴의 청사진 정산 (viewed: map_blank_start) > 턴이 오류로 끝나도 남은 제안은 적용되므로 그 칸은 done 으로 확정된다  3910ms
   ✓ 중단·오류로 끝난 턴의 청사진 정산 (viewed: map_blank_start) > 정상 종료 + 적용에서만 저장소가 바뀝고 밑그림이 물러난다  4298ms
   ✓ 중단·오류로 끝난 턴의 청사진 정산 (viewed: map_blank_start) > 일부만 지은 계획도 적용된 턴이 끝나면 물러나고, 다음 턴이 되살리지 않는다  5869ms
   ✓ 중단·오류로 끝난 턴의 청사진 정산 (viewed: map_blank_start) > 전송이 던지지 않고 정상 반환한 중단도 정산된다 — 제안이 남아 있어도 적용에 닿지 않는다  2781ms
   ✓ 중단·오류로 끝난 턴의 청사진 정산 (viewed: map_blank_start) > 다 지은 뒤의 조회 턴은 상태줄에 밑그림 확정을 다시 찍지 않는다  6441ms
   ✓ 중단·오류로 끝난 턴의 청사진 정산 (viewed: map_blank_start) > 쓰기 제안 0건으로 끝난 턴은 진행을 하나도 남기지 않는다  1718ms
   ✓ 중단·오류로 끝난 턴의 청사진 정산 (viewed: map_viewed_b) > 시공 중 중단하면 짓던 칸이 planned 로 되돌아간다 — 저장소가 안 바뀌었는데 완료를 찍지 않는다  2419ms
   ✓ 중단·오류로 끝난 턴의 청사진 정산 (viewed: map_viewed_b) > 턴이 오류로 끝나도 남은 제안은 적용되므로 그 칸은 done 으로 확정된다  4397ms
   ✓ 중단·오류로 끝난 턴의 청사진 정산 (viewed: map_viewed_b) > 정상 종료 + 적용에서만 저장소가 바뀝고 밑그림이 물러난다  4463ms
   ✓ 중단·오류로 끝난 턴의 청사진 정산 (viewed: map_viewed_b) > 일부만 지은 계획도 적용된 턴이 끝나면 물러나고, 다음 턴이 되살리지 않는다  5712ms
   ✓ 중단·오류로 끝난 턴의 청사진 정산 (viewed: map_viewed_b) > 전송이 던지지 않고 정상 반환한 중단도 정산된다 — 제안이 남아 있어도 적용에 닿지 않는다  2278ms
   ✓ 중단·오류로 끝난 턴의 청사진 정산 (viewed: map_viewed_b) > 다 지은 뒤의 조회 턴은 상태줄에 밑그림 확정을 다시 찍지 않는다  5611ms
   ✓ 중단·오류로 끝난 턴의 청사진 정산 (viewed: map_viewed_b) > 쓰기 제안 0건으로 끝난 턴은 진행을 하나도 남기지 않는다  1453ms
 ✓ test/npcRewardSession.test.ts (19 tests) 38752ms
   ✓ NPC reward request lifetime in AssistantSession > does not dispatch authoring or planner calls for an unrepairable reward declaration  693ms
   ✓ NPC reward request lifetime in AssistantSession > direct 'text' NPC, contract opt-out=false  2805ms
   ✓ NPC reward request lifetime in AssistantSession > direct 'once' NPC, contract opt-out=false  3611ms
   ✓ NPC reward request lifetime in AssistantSession > direct 'repeat' NPC, contract opt-out=false  2314ms
   ✓ NPC reward request lifetime in AssistantSession > direct 'text' NPC, contract opt-out=true  633ms
   ✓ NPC reward request lifetime in AssistantSession > does not finalize unresolved or invalid obligations {"required":[]}  500ms
   ✓ NPC reward request lifetime in AssistantSession > does not finalize unresolved or invalid obligations {"required":{"invalidReason":"npcRewards: invalid grant"}}  488ms
   ✓ NPC reward request lifetime in AssistantSession > does not finalize unresolved or invalid obligations {"required":[{"target":{"eventId":"missing_npc"},"grants":[{"kind":"item","id":"item_potion","count":1}]}]}  748ms
   ✓ NPC reward request lifetime in AssistantSession > uses bounded repair to correct the real NPC rather than weaken the request  3712ms
   ✓ NPC reward request lifetime in AssistantSession > allows an earlier DB item but refuses final explicit completion and skip with missing rewards  4281ms
   ✓ NPC reward request lifetime in AssistantSession > gates a non-final item that actually authors the declared NPC  2992ms
   ✓ NPC reward request lifetime in AssistantSession > cannot erase the obligation by replanning into an unrelated skipped plan  3245ms
   ✓ NPC reward request lifetime in AssistantSession > rechecks a previously completed NPC after its grants are removed  3075ms
   ✓ NPC reward request lifetime in AssistantSession > completes an actual one-time NPC plan and accepts idempotent explicit completion  3963ms
   ✓ NPC reward request lifetime in AssistantSession > preserves the obligation through plan-only confirmation and the actual planner replan  834ms
   ✓ NPC reward request lifetime in AssistantSession > retains the captured requirement and context on retryLastTurn  2698ms
   ✓ NPC reward request lifetime in AssistantSession > preserves the request across the real autonomous synthetic continuation  601ms
   ✓ NPC reward request lifetime in AssistantSession > host new-goal clears old obligations; ask does not enforce them: new-request  806ms
   ✓ NPC reward request lifetime in AssistantSession > host new-goal clears old obligations; ask does not enforce them: ask  748ms
 ✓ test/assistantAcceptanceRequestBaseline.test.ts (6 tests) 14431ms
   ✓ per-request acceptance baselines > preserves a map created in A while B changes another map  2718ms
   ✓ per-request acceptance baselines > does not credit A's change toward a newly accepted B change promise  2074ms
   ✓ per-request acceptance baselines > late adoption cannot baseline away B's earlier write (applied=false)  2418ms
   ✓ per-request acceptance baselines > late adoption cannot baseline away B's earlier write (applied=true)  2543ms
   ✓ per-request acceptance baselines > retains B's pre-write baseline across budget-driven synthetic continuation  2404ms
   ✓ per-request acceptance baselines > retains B's baseline when a manual continuation repairs and replans after application  2273ms
 ✓ test/functionalPersistenceProof.test.ts (4 tests) 11481ms
   ✓ functional acceptance on accepted canonical reload > reruns real functional criteria on reloaded content before publishing verified persistence  2780ms
   ✓ functional acceptance on accepted canonical reload > does not certify a newer applied broken purchase using an earlier acceptance pass  2483ms
   ✓ functional acceptance on accepted canonical reload > cannot publish functional proof while a newer proposal remains unapplied  3990ms
   ✓ functional acceptance on accepted canonical reload > rejects a canonical read overtaken by a new applied edit  2226ms
 ✓ test/assistantAcceptanceSession.test.ts (12 tests) 10247ms
   ✓ acceptance controls actual session termination > does not schedule run-end persistence proof for a completed plan with unmet acceptance  857ms
   ✓ acceptance controls actual session termination > does not turn a review without an explicit passing verdict into completion  956ms
   ✓ acceptance controls actual session termination > withdraws an earlier pass when a later explicit review fails  1114ms
   ✓ acceptance controls actual session termination > continues then blocks insufficient dimensions and quantity even after skip completes the plan  630ms
   ✓ acceptance controls actual session termination > retains original denominator when skip and set_work_plan try to shrink promises  796ms
   ✓ acceptance controls actual session termination > invalidates an attributed image review after a subsequent real map write  1163ms
   ✓ applied acceptance lifecycle through real tools > repairs exact dimensions after plan completion and invalidates on applied undo  2291ms
   ✓ applied acceptance lifecycle through real tools > blocks and retains the ledger when aborted while the next model response is held  508ms
   ✓ applied acceptance lifecycle through real tools > never credits a review authored in the same response as the image request  765ms
   ✓ applied acceptance lifecycle through real tools > requires visible contract repair for a spatial plan missing criteria  678ms
 ✓ test/functionalAcceptanceSession.test.ts (6 tests) 5104ms
   ✓ request declaration to immutable functional session acceptance > adopts all requested checks through the actual lite declaration parser without manually injected plan criteria  859ms
   ✓ request declaration to immutable functional session acceptance > keeps mandatory behavior when the actual planner returns unrelated work without criteria  1281ms
   ✓ request declaration to immutable functional session acceptance > keeps malformed functional declarations blocked instead of dropping them  712ms
   ✓ request declaration to immutable functional session acceptance > retains expectations across plan replacement, skip and attempted repair  878ms
   ✓ request declaration to immutable functional session acceptance > revalidates latest canonical content and cannot retain stale success  1104ms
 ✓ test/functionalClarification.test.ts (6 tests) 5347ms
   ✓ trusted user clarification refines original unresolved acceptance > resolves a reason-only placeholder through the next actual user declaration, retaining source and identity  816ms
   ✓ trusted user clarification refines original unresolved acceptance > also accepts a genuine user clarification sent through the host resume action  623ms
   ✓ trusted user clarification refines original unresolved acceptance > retains known expectations during partial clarification, then completes when the missing price is supplied  832ms
   ✓ trusted user clarification refines original unresolved acceptance > rejects conflicting known quantities unless the trusted declaration identifies an explicit user correction  866ms
   ✓ trusted user clarification refines original unresolved acceptance > worker repair and replacement plans cannot resolve a placeholder or weaken its resolved contract  1295ms
   ✓ trusted user clarification refines original unresolved acceptance > a still ambiguous or unlinked declaration cannot retire the original obligation  913ms
 ✓ test/aiRunOutcomeLifecycle.test.ts (6 tests) 2281ms
   ✓ projects budget exhaustion when the tools limit ends execution  407ms
   ✓ retains both applied milestones and pending calls when a later transport fails  610ms
   ✓ routes an explicit user withdrawal to the sole session authority  552ms
 ✓ test/functionalAcceptance.test.ts (19 tests) 2572ms
   ✓ immutable engine-evaluated functional acceptance > verifies purchase, real outgoing/return traversal and one-time reward without model evidence  353ms
   ✓ immutable engine-evaluated functional acceptance > does not verify an unapplied draft or reuse applied proof after a database-only write  395ms
 ✓ test/assistantAcceptance.test.ts (23 tests) 2494ms
   ✓ acceptance evaluator > binds new-map names only to unique newly authored IDs and never guesses/rebinds  372ms
   ✓ image-reviewed evidence > requires delivered coverage followed by attributed review and invalidates after undo  311ms
 ✓ test/functionalScenePurchase.test.ts (9 tests) 1776ms
   ✓ public scene purchase transaction > walks to the seller and buys exact stock with real gold and inventory deltas  317ms
 ✓ test/functionalInterpreterResume.test.ts (11 tests) 878ms
 ✓ test/functionalWalkSuspension.test.ts (5 tests) 518ms
 ✓ test/fakeDomInsertBefore.test.ts (2 tests) 6ms
