{"step":"server","url":"http://127.0.0.1:39683","port":39683,"scratch":"/dev/shm/st_01a07c17/native-arena"}
{"step":"arena-fixture","sha256":"d8a44e6019cb015ca557bdedb551efd006975f1ba754bc2a3cd611b301b234f8","bytes":2077014,"path":"/home/main/z-project/rpg-zzu-life-full-p4/.omo/evidence/life-full-20260906/12/ui/fixtures-r4/arena.reloaded.json"}
{"step":"goto","url":"http://127.0.0.1:39683/player.html","profileName":"profile-arena","saveNamespace":"task12-ui-verify-r5-arena"}
{"step":"arena-runtime","player":{"x":8,"y":8},"gold":500,"inventory":{"item_hoe":1,"item_potion":8},"farmPlots":{},"buildings":{}}
{"step":"not-moving","label":"arena-boot","sprite":{"textureKey":"tex_easyrpg_charset_actor1","frame":25,"resourceId":"easyrpg-charset-actor1","kind":"charset","moving":false,"x":136,"y":144},"player":{"x":8,"y":8},"running":false}
{"step":"open-spaces-start","debug":"{\"selectedCommand\":\"items\",\"mode\":\"main\"}","selected":["status-menu-command-items","status-menu-item-item_potion"],"tabs":[],"group":[],"spaces":[]}
{"step":"menu-step","key":"ArrowDown","from":"life-ledger-tab-shipping","to":"life-ledger-tab-bundles","want":"life-ledger-tab-spaces"}
{"step":"menu-step","key":"ArrowDown","from":"life-ledger-tab-bundles","to":"life-ledger-tab-skills","want":"life-ledger-tab-spaces"}
{"step":"menu-step","key":"ArrowDown","from":"life-ledger-tab-skills","to":"life-ledger-tab-makers","want":"life-ledger-tab-spaces"}
{"step":"menu-step","key":"ArrowDown","from":"life-ledger-tab-makers","to":"life-ledger-tab-animals","want":"life-ledger-tab-spaces"}
{"step":"menu-step","key":"ArrowDown","from":"life-ledger-tab-animals","to":"life-ledger-tab-spaces","want":"life-ledger-tab-spaces"}
{"step":"not-moving","label":"arena-before-place","sprite":{"textureKey":"tex_easyrpg_charset_actor1","frame":25,"resourceId":"easyrpg-charset-actor1","kind":"charset","moving":false,"x":136,"y":144},"player":{"x":8,"y":8},"running":false}
{"step":"arena-place-label","tableLabel":"Table 배치map_blank_start (7, 9)","selected":"life-ledger-space-building-place-shed","spaces":[{"testid":"life-ledger-space-building-place-shed","text":"Shed 배치map_blank_start (7, 9)","aria":"Shed 배치"},{"testid":"life-ledger-space-decoration-place-table","text":"Table 배치map_blank_start (7, 9)","aria":"Table 배치"}]}
{"step":"menu-step","key":"ArrowDown","from":"life-ledger-space-building-place-shed","to":"life-ledger-space-decoration-place-table","want":"life-ledger-space-decoration-place-table"}
{"step":"arena-place","placedMsg":{"text":"Table을(를) 배치했습니다"},"gold":500,"inventory":{"item_hoe":1,"item_potion":7},"player":{"x":8,"y":8},"instanceId":"ledger:decoration:table:1","ownerAfterPlace":{"text":"Table아래 · 2×1빈 맵 (7, 9) ","x":7,"y":9,"orientation":"down"},"spacesAfterPlace":[{"testid":"life-ledger-space-building-place-shed","text":"Shed 배치map_blank_start (7, 9)","aria":"Shed 배치"},{"testid":"life-ledger-space-decoration-place-table","text":"Table 배치map_blank_start (7, 9)","aria":"Table 배치"},{"testid":"life-ledger-space-decoration-ledger:decoration:table:1","text":"Table아래 · 2×1빈 맵 (7, 9)","aria":null},{"testid":"life-ledger-space-decoration-move-ledger:decoration:table:1","text":"Table 이동map_blank_start (7, 9)","aria":"Table 이동"},{"testid":"life-ledger-space-decoration-remove-ledger:decoration:table:1","text":"Table 치우기인벤토리로 회수","aria":"Table 치우기"},{"testid":"life-ledger-space-decoration-rotate-ledger:decoration:table:1","text":"Table 회전왼쪽으로 돌리기","aria":"Table 회전"}]}
{"step":"not-moving","label":"arena-before-rotate","sprite":{"textureKey":"tex_easyrpg_charset_actor1","frame":25,"resourceId":"easyrpg-charset-actor1","kind":"charset","moving":false,"x":136,"y":144},"player":{"x":8,"y":8},"running":false}
{"step":"menu-step","key":"ArrowDown","from":"life-ledger-space-decoration-place-table","to":"life-ledger-space-decoration-move-ledger:decoration:table:1","want":"life-ledger-space-decoration-rotate-ledger:decoration:table:1"}
{"step":"menu-step","key":"ArrowDown","from":"life-ledger-space-decoration-move-ledger:decoration:table:1","to":"life-ledger-space-decoration-remove-ledger:decoration:table:1","want":"life-ledger-space-decoration-rotate-ledger:decoration:table:1"}
{"step":"menu-step","key":"ArrowDown","from":"life-ledger-space-decoration-remove-ledger:decoration:table:1","to":"life-ledger-space-decoration-rotate-ledger:decoration:table:1","want":"life-ledger-space-decoration-rotate-ledger:decoration:table:1"}
{"step":"arena-rotate","rotateMsg":{"text":"Table을(를) 회전했습니다"},"gold":500,"inventory":{"item_hoe":1,"item_potion":7},"player":{"x":8,"y":8},"ownerAfterRotate":{"text":"Table왼쪽 · 1×2빈 맵 (7, 9) ","x":7,"y":9,"orientation":"left"},"spacesAfterRotate":[{"testid":"life-ledger-space-building-place-shed","text":"Shed 배치map_blank_start (7, 9)","aria":"Shed 배치"},{"testid":"life-ledger-space-decoration-place-table","text":"Table 배치map_blank_start (7, 9)","aria":"Table 배치"},{"testid":"life-ledger-space-decoration-ledger:decoration:table:1","text":"Table왼쪽 · 1×2빈 맵 (7, 9)","aria":null},{"testid":"life-ledger-space-decoration-move-ledger:decoration:table:1","text":"Table 이동map_blank_start (7, 9)","aria":"Table 이동"},{"testid":"life-ledger-space-decoration-remove-ledger:decoration:table:1","text":"Table 치우기인벤토리로 회수","aria":"Table 치우기"},{"testid":"life-ledger-space-decoration-rotate-ledger:decoration:table:1","text":"Table 회전아래으로 돌리기","aria":"Table 회전"}]}
{"step":"menu-close-step","kind":"mode","from":"{\"selectedCommand\":\"life-ledger\",\"mode\":\"function\"}","to":"{\"selectedCommand\":\"record-menu\",\"mode\":\"function\"}"}
{"step":"menu-close-step","kind":"mode","from":"{\"selectedCommand\":\"record-menu\",\"mode\":\"function\"}","to":"{\"selectedCommand\":\"record-menu\",\"mode\":\"main\"}"}
{"step":"menu-close-step","kind":"absent"}
{"step":"save-slot","ns":"task12-ui-verify-r5-arena","filename":"raw-slot-arena-rotated.json","saveMsg":{"text":"1번 저장 칸에 저장했습니다"},"key":"task12-ui-verify-r5-arena:save-slot:v5:1","bytes":3583,"owners":{"buildings":{},"decorations":{"ledger:decoration:table:1":{"instanceId":"ledger:decoration:table:1","typeId":"table","mapId":"map_blank_start","x":7,"y":9,"orientation":"left","recoveryItem":{"itemId":"item_potion","count":1}}},"x":8,"y":8,"gold":500,"inventory":{"item_hoe":1,"item_potion":7}}}
{"step":"menu-close-step","kind":"mode","from":"{\"selectedCommand\":\"save\",\"mode\":\"function\"}","to":"{\"selectedCommand\":\"system-menu\",\"mode\":\"function\"}"}
{"step":"menu-close-step","kind":"mode","from":"{\"selectedCommand\":\"system-menu\",\"mode\":\"function\"}","to":"{\"selectedCommand\":\"system-menu\",\"mode\":\"main\"}"}
{"step":"menu-close-step","kind":"absent"}
{"step":"arena-left-step","from":{"x":8,"y":8},"to":{"x":7,"y":8},"gold":500,"inventory":{"item_hoe":1,"item_potion":7}}
{"step":"not-moving","label":"arena-after-left-step","sprite":{"textureKey":"tex_easyrpg_charset_actor1","frame":37,"resourceId":"easyrpg-charset-actor1","kind":"charset","moving":false,"x":120,"y":144},"player":{"x":7,"y":8},"running":false}
{"step":"open-spaces-start","debug":"{\"selectedCommand\":\"system-menu\",\"mode\":\"main\"}","selected":["status-menu-command-system-menu","status-menu-group-command-save"],"tabs":[],"group":["status-menu-group-command-save","status-menu-group-command-load","status-menu-group-command-wait","status-menu-group-command-to-title"],"spaces":[]}
{"step":"menu-step","key":"ArrowDown","from":"life-ledger-space-decoration-rotate-ledger:decoration:table:1","to":"life-ledger-tab-shipping","want":"life-ledger-tab-spaces"}
{"step":"menu-step","key":"ArrowDown","from":"life-ledger-tab-shipping","to":"life-ledger-tab-bundles","want":"life-ledger-tab-spaces"}
{"step":"menu-step","key":"ArrowDown","from":"life-ledger-tab-bundles","to":"life-ledger-tab-skills","want":"life-ledger-tab-spaces"}
{"step":"menu-step","key":"ArrowDown","from":"life-ledger-tab-skills","to":"life-ledger-tab-makers","want":"life-ledger-tab-spaces"}
{"step":"menu-step","key":"ArrowDown","from":"life-ledger-tab-makers","to":"life-ledger-tab-animals","want":"life-ledger-tab-spaces"}
{"step":"menu-step","key":"ArrowDown","from":"life-ledger-tab-animals","to":"life-ledger-tab-spaces","want":"life-ledger-tab-spaces"}
{"step":"not-moving","label":"arena-before-move","sprite":{"textureKey":"tex_easyrpg_charset_actor1","frame":37,"resourceId":"easyrpg-charset-actor1","kind":"charset","moving":false,"x":120,"y":144},"player":{"x":7,"y":8},"running":false}
{"step":"arena-move-label","moveLabel":"Table 이동map_blank_start (5, 6)","selected":"life-ledger-space-building-place-shed"}
{"step":"menu-step","key":"ArrowDown","from":"life-ledger-space-building-place-shed","to":"life-ledger-space-decoration-place-table","want":"life-ledger-space-decoration-move-ledger:decoration:table:1"}
{"step":"menu-step","key":"ArrowDown","from":"life-ledger-space-decoration-place-table","to":"life-ledger-space-decoration-move-ledger:decoration:table:1","want":"life-ledger-space-decoration-move-ledger:decoration:table:1"}
{"step":"arena-move","moveMsg":{"text":"Table을(를) 이동했습니다"},"gold":500,"inventory":{"item_hoe":1,"item_potion":7},"player":{"x":7,"y":8},"ownerAfterMove":{"text":"Table왼쪽 · 1×2빈 맵 (5, 6) ","x":5,"y":6,"orientation":"left"},"spacesAfterMove":[{"testid":"life-ledger-space-building-place-shed","text":"Shed 배치map_blank_start (5, 6)","aria":"Shed 배치"},{"testid":"life-ledger-space-decoration-place-table","text":"Table 배치map_blank_start (4, 6)","aria":"Table 배치"},{"testid":"life-ledger-space-decoration-ledger:decoration:table:1","text":"Table왼쪽 · 1×2빈 맵 (5, 6)","aria":null},{"testid":"life-ledger-space-decoration-move-ledger:decoration:table:1","text":"Table 이동map_blank_start (5, 6)","aria":"Table 이동"},{"testid":"life-ledger-space-decoration-remove-ledger:decoration:table:1","text":"Table 치우기인벤토리로 회수","aria":"Table 치우기"},{"testid":"life-ledger-space-decoration-rotate-ledger:decoration:table:1","text":"Table 회전아래으로 돌리기","aria":"Table 회전"}]}
{"step":"menu-close-step","kind":"mode","from":"{\"selectedCommand\":\"life-ledger\",\"mode\":\"function\"}","to":"{\"selectedCommand\":\"record-menu\",\"mode\":\"function\"}"}
{"step":"menu-close-step","kind":"mode","from":"{\"selectedCommand\":\"record-menu\",\"mode\":\"function\"}","to":"{\"selectedCommand\":\"record-menu\",\"mode\":\"main\"}"}
{"step":"menu-close-step","kind":"absent"}
{"step":"save-overwrite-confirm","ns":"task12-ui-verify-r5-arena","filename":"raw-slot-arena-moved.json","saveMsg":{"text":"1번 저장 칸을 덮어쓰려면 다시 선택하세요"}}
{"step":"save-slot","ns":"task12-ui-verify-r5-arena","filename":"raw-slot-arena-moved.json","saveMsg":{"text":"1번 저장 칸에 저장했습니다"},"key":"task12-ui-verify-r5-arena:save-slot:v5:1","bytes":3604,"owners":{"buildings":{},"decorations":{"ledger:decoration:table:1":{"instanceId":"ledger:decoration:table:1","typeId":"table","mapId":"map_blank_start","x":5,"y":6,"orientation":"left","recoveryItem":{"itemId":"item_potion","count":1}}},"x":7,"y":8,"gold":500,"inventory":{"item_hoe":1,"item_potion":7}}}
{"step":"arena-ok","instanceId":"ledger:decoration:table:1","place":{"text":"Table아래 · 2×1빈 맵 (7, 9) ","x":7,"y":9,"orientation":"down"},"rotate":{"text":"Table왼쪽 · 1×2빈 맵 (7, 9) ","x":7,"y":9,"orientation":"left"},"move":{"text":"Table왼쪽 · 1×2빈 맵 (5, 6) ","x":5,"y":6,"orientation":"left"},"rotatedSlot":{"instanceId":"ledger:decoration:table:1","typeId":"table","mapId":"map_blank_start","x":7,"y":9,"orientation":"left","recoveryItem":{"itemId":"item_potion","count":1}},"movedSlot":{"instanceId":"ledger:decoration:table:1","typeId":"table","mapId":"map_blank_start","x":5,"y":6,"orientation":"left","recoveryItem":{"itemId":"item_potion","count":1}},"gold":500,"potions":7,"playerAfterMove":{"x":7,"y":8}}
{"step":"last-exit-fixture","sha256":"ca7bb0339b1472d602db720620e927bc5b81e93cfafa18a9f1ed20df07e24813","bytes":2077247,"path":"/home/main/z-project/rpg-zzu-life-full-p4/.omo/evidence/life-full-20260906/12/ui/fixtures-r4/lastExit.reloaded.json"}
{"step":"goto","url":"http://127.0.0.1:39683/player.html","profileName":"profile-last-exit","saveNamespace":"task12-ui-verify-r5-last-exit"}
{"step":"last-exit-runtime","player":{"x":1,"y":2},"gold":500,"inventory":{"item_hoe":1,"item_potion":8},"buildings":{"r4-block-up":{"instanceId":"r4-block-up","typeId":"shed","mapId":"map_blank_start","x":1,"y":1,"orientation":"down","level":1},"r4-block-right":{"instanceId":"r4-block-right","typeId":"shed","mapId":"map_blank_start","x":3,"y":2,"orientation":"down","level":1}}}
{"step":"not-moving","label":"last-exit-boot","sprite":{"textureKey":"tex_easyrpg_charset_actor1","frame":25,"resourceId":"easyrpg-charset-actor1","kind":"charset","moving":false,"x":24,"y":48},"player":{"x":1,"y":2},"running":false}
{"step":"open-spaces-start","debug":"{\"selectedCommand\":\"items\",\"mode\":\"main\"}","selected":["status-menu-command-items","status-menu-item-item_potion"],"tabs":[],"group":[],"spaces":[]}
{"step":"menu-step","key":"ArrowDown","from":"life-ledger-tab-shipping","to":"life-ledger-tab-bundles","want":"life-ledger-tab-spaces"}
{"step":"menu-step","key":"ArrowDown","from":"life-ledger-tab-bundles","to":"life-ledger-tab-skills","want":"life-ledger-tab-spaces"}
{"step":"menu-step","key":"ArrowDown","from":"life-ledger-tab-skills","to":"life-ledger-tab-makers","want":"life-ledger-tab-spaces"}
{"step":"menu-step","key":"ArrowDown","from":"life-ledger-tab-makers","to":"life-ledger-tab-animals","want":"life-ledger-tab-spaces"}
{"step":"menu-step","key":"ArrowDown","from":"life-ledger-tab-animals","to":"life-ledger-tab-spaces","want":"life-ledger-tab-spaces"}
{"step":"not-moving","label":"last-exit-before-place","sprite":{"textureKey":"tex_easyrpg_charset_actor1","frame":25,"resourceId":"easyrpg-charset-actor1","kind":"charset","moving":false,"x":24,"y":48},"player":{"x":1,"y":2},"running":false}
{"step":"last-exit-place-label","shedLabel":"Shed 배치map_blank_start (0, 3)","selected":"life-ledger-space-building-place-shed","spaces":[{"testid":"life-ledger-space-building-place-shed","text":"Shed 배치map_blank_start (0, 3)","aria":"Shed 배치"},{"testid":"life-ledger-space-building-r4-block-up","text":"ShedLv.1 · 수용량 4빈 맵 (1, 1) · 아래","aria":null},{"testid":"life-ledger-space-building-move-r4-block-up","text":"Shed 이동map_blank_start (0, 3)","aria":"Shed 이동"},{"testid":"life-ledger-space-building-remove-r4-block-up","text":"Shed 철거배치에서 제거","aria":"Shed 철거"},{"testid":"life-ledger-space-building-r4-block-right","text":"ShedLv.1 · 수용량 4빈 맵 (3, 2) · 아래","aria":null},{"testid":"life-ledger-space-building-move-r4-block-right","text":"Shed 이동map_blank_start (0, 3)","aria":"Shed 이동"},{"testid":"life-ledger-space-building-remove-r4-block-right","text":"Shed 철거배치에서 제거","aria":"Shed 철거"},{"testid":"life-ledger-space-decoration-place-table","text":"Table 배치map_blank_start (0, 3)","aria":"Table 배치"}]}
{"step":"last-exit-refuse","refuseMsg":{"text":"처리할 수 없습니다: blocked"},"gold":500,"inventory":{"item_hoe":1,"item_potion":8},"player":{"x":1,"y":2},"buildings":{"r4-block-up":{"instanceId":"r4-block-up","typeId":"shed","mapId":"map_blank_start","x":1,"y":1,"orientation":"down","level":1},"r4-block-right":{"instanceId":"r4-block-right","typeId":"shed","mapId":"map_blank_start","x":3,"y":2,"orientation":"down","level":1}}}
{"step":"menu-close-step","kind":"mode","from":"{\"selectedCommand\":\"life-ledger\",\"mode\":\"function\"}","to":"{\"selectedCommand\":\"record-menu\",\"mode\":\"function\"}"}
{"step":"menu-close-step","kind":"mode","from":"{\"selectedCommand\":\"record-menu\",\"mode\":\"function\"}","to":"{\"selectedCommand\":\"record-menu\",\"mode\":\"main\"}"}
{"step":"menu-close-step","kind":"absent"}
{"step":"save-slot","ns":"task12-ui-verify-r5-last-exit","filename":"raw-slot-last-exit.json","saveMsg":{"text":"1번 저장 칸에 저장했습니다"},"key":"task12-ui-verify-r5-last-exit:save-slot:v5:1","bytes":3650,"owners":{"buildings":{"r4-block-up":{"instanceId":"r4-block-up","typeId":"shed","mapId":"map_blank_start","x":1,"y":1,"orientation":"down","level":1},"r4-block-right":{"instanceId":"r4-block-right","typeId":"shed","mapId":"map_blank_start","x":3,"y":2,"orientation":"down","level":1}},"decorations":{},"x":1,"y":2,"gold":500,"inventory":{"item_hoe":1,"item_potion":8}}}
{"step":"last-exit-ok","refuseMsg":{"text":"처리할 수 없습니다: blocked"},"player":{"x":1,"y":2},"gold":500,"inventory":{"item_hoe":1,"item_potion":8},"buildings":{"r4-block-up":{"instanceId":"r4-block-up","typeId":"shed","mapId":"map_blank_start","x":1,"y":1,"orientation":"down","level":1},"r4-block-right":{"instanceId":"r4-block-right","typeId":"shed","mapId":"map_blank_start","x":3,"y":2,"orientation":"down","level":1}},"slot":{"buildings":{"r4-block-up":{"instanceId":"r4-block-up","typeId":"shed","mapId":"map_blank_start","x":1,"y":1,"orientation":"down","level":1},"r4-block-right":{"instanceId":"r4-block-right","typeId":"shed","mapId":"map_blank_start","x":3,"y":2,"orientation":"down","level":1}},"decorations":{},"x":1,"y":2,"gold":500,"inventory":{"item_hoe":1,"item_potion":8}}}
{"step":"ok","scratch":"/dev/shm/st_01a07c17/native-arena","arena":{"instanceId":"ledger:decoration:table:1","place":{"text":"Table아래 · 2×1빈 맵 (7, 9) ","x":7,"y":9,"orientation":"down"},"rotate":{"text":"Table왼쪽 · 1×2빈 맵 (7, 9) ","x":7,"y":9,"orientation":"left"},"move":{"text":"Table왼쪽 · 1×2빈 맵 (5, 6) ","x":5,"y":6,"orientation":"left"},"rotatedSlot":{"instanceId":"ledger:decoration:table:1","typeId":"table","mapId":"map_blank_start","x":7,"y":9,"orientation":"left","recoveryItem":{"itemId":"item_potion","count":1}},"movedSlot":{"instanceId":"ledger:decoration:table:1","typeId":"table","mapId":"map_blank_start","x":5,"y":6,"orientation":"left","recoveryItem":{"itemId":"item_potion","count":1}},"gold":500,"potions":7,"playerAfterMove":{"x":7,"y":8}},"lastExit":{"refuseMsg":{"text":"처리할 수 없습니다: blocked"},"player":{"x":1,"y":2},"gold":500,"inventory":{"item_hoe":1,"item_potion":8},"buildings":{"r4-block-up":{"instanceId":"r4-block-up","typeId":"shed","mapId":"map_blank_start","x":1,"y":1,"orientation":"down","level":1},"r4-block-right":{"instanceId":"r4-block-right","typeId":"shed","mapId":"map_blank_start","x":3,"y":2,"orientation":"down","level":1}},"slot":{"buildings":{"r4-block-up":{"instanceId":"r4-block-up","typeId":"shed","mapId":"map_blank_start","x":1,"y":1,"orientation":"down","level":1},"r4-block-right":{"instanceId":"r4-block-right","typeId":"shed","mapId":"map_blank_start","x":3,"y":2,"orientation":"down","level":1}},"decorations":{},"x":1,"y":2,"gold":500,"inventory":{"item_hoe":1,"item_potion":8}}}}
