
> rpg-zzu@0.1.0 test
> node scripts/run-vitest.mjs run --configLoader bundle --config .omo/evidence/integration-st01a08238/vitest.baseline.config.mjs test/aiWorkItemStall.test.ts --maxWorkers=1 --minWorkers=1 --reporter=default --reporter=json --outputFile=.omo/evidence/integration-st01a08238/baseline-72f-stall.json


 RUN  v3.2.4 /home/main/z-project/rpg-zzu-ai-main-integration-st01a08238

 ❯ test/aiWorkItemStall.test.ts (5 tests | 3 failed) 7943ms
   × 진행이 멈춘 항목은 사람에게 넘긴다 > (a)(b) 같은 항목에서 연속 3번 헛되이 나가면 blocked 로 표시하고 턴을 끝낸다 — 드라이버도 멈춘다 2642ms
     → expected 'in_progress' to be 'blocked' // Object.is equality
   × 진행이 멈춘 항목은 사람에게 넘긴다 > (a-2) 같은 쓰기 툴이 같은 이유로 반복 실패하면 Ralph 신호 없이도 막힌다 815ms
     → expected '완료 검증이 아직 미완성입니다.\n- 연못 만들기: Missing …' to contain '막혔습니다'
   × 진행이 멈춘 항목은 사람에게 넘긴다 > (c) 사용자의 다음 메시지가 막힌 항목을 되살린다 709ms
     → expected 'in_progress' to be 'blocked' // Object.is equality
   ✓ 진행이 멈춘 항목은 사람에게 넘긴다 > (d) 쓰기가 성공하면 그 항목의 시도 수가 0으로 돌아간다 — 헛도는 사이 진행한 항목은 막히지 않는다  2730ms
   ✓ 진행이 멈춘 항목은 사람에게 넘긴다 > (e) 다른 쓰기가 성공해도 필수 도구를 실행하지 않은 항목은 완료할 수 없다  1045ms

⎯⎯⎯⎯⎯⎯⎯ Failed Tests 3 ⎯⎯⎯⎯⎯⎯⎯

 FAIL  test/aiWorkItemStall.test.ts > 진행이 멈춘 항목은 사람에게 넘긴다 > (a)(b) 같은 항목에서 연속 3번 헛되이 나가면 blocked 로 표시하고 턴을 끝낸다 — 드라이버도 멈춘다
AssertionError: expected 'in_progress' to be 'blocked' // Object.is equality

Expected: [32m"blocked"[39m
Received: [31m"in_progress"[39m

 ❯ test/aiWorkItemStall.test.ts:136:26
    134|     const result = await session.sendUserMessage("광장에 연못 만들어줘", () => …
    135| 
    136|     const audits = statusTexts(session);
       |                          ^
    137|     const item = result.workPlan?.layers[0]?.items[0];
    138|     expect(item?.status).toBe("blocked");

⎯⎯⎯⎯⎯⎯⎯⎯⎯⎯⎯⎯⎯⎯⎯⎯⎯⎯⎯⎯⎯⎯⎯⎯[1/3]⎯

 FAIL  test/aiWorkItemStall.test.ts > 진행이 멈춘 항목은 사람에게 넘긴다 > (a-2) 같은 쓰기 툴이 같은 이유로 반복 실패하면 Ralph 신호 없이도 막힌다
AssertionError: expected '완료 검증이 아직 미완성입니다.\n- 연못 만들기: Missing …' to contain '막혔습니다'

[32m- Expected[39m
[31m+ Received[39m

[32m- 막혔습니다[39m
[31m+ 완료 검증이 아직 미완성입니다.[39m
[31m+ - 연못 만들기: Missing or malformed criteria: repair_acceptance required[39m
[31m+[39m

 ❯ test/aiWorkItemStall.test.ts:178:34
    176|     const stalled = audits.find((t) => t.startsWith("tool-failure:stal…
    177|     expect(stalled).toBeTruthy();
    178|     expect(result.workPlan?.layers[0]?.items[0]?.status).toBe("blocked…
       |                                  ^
    179|     expect(result.workPlan?.layers[0]?.items[0]?.note ?? "").toContain…
    180|     expect(result.assistantText).toContain("막혔습니다");

⎯⎯⎯⎯⎯⎯⎯⎯⎯⎯⎯⎯⎯⎯⎯⎯⎯⎯⎯⎯⎯⎯⎯⎯[2/3]⎯

 FAIL  test/aiWorkItemStall.test.ts > 진행이 멈춘 항목은 사람에게 넘긴다 > (c) 사용자의 다음 메시지가 막힌 항목을 되살린다
AssertionError: expected 'in_progress' to be 'blocked' // Object.is equality

Expected: [32m"blocked"[39m
Received: [31m"in_progress"[39m

 ❯ test/aiWorkItemStall.test.ts:196:57
    194|       final("끝났습니다."),
    195|     );
    196|     const session = new AssistantSession(project, { config: CONFIG, ch…
       |                                                         ^
    197| 
    198|     const first = await session.sendUserMessage("광장에 연못 만들어줘", () => {…

⎯⎯⎯⎯⎯⎯⎯⎯⎯⎯⎯⎯⎯⎯⎯⎯⎯⎯⎯⎯⎯⎯⎯⎯[3/3]⎯


 Test Files  1 failed (1)
      Tests  3 failed | 2 passed (5)
   Start at  04:11:30
   Duration  27.45s (transform 17.55s, setup 0ms, collect 19.10s, tests 7.94s, environment 0ms, prepare 63ms)

JSON report written to /home/main/z-project/rpg-zzu-ai-main-integration-st01a08238/.omo/evidence/integration-st01a08238/baseline-72f-stall.json
