
> rpg-zzu@0.1.0 test
> node scripts/run-vitest.mjs run --configLoader bundle --config .omo/evidence/integration-st01a08238/vitest.baseline.config.mjs test/aiWorkItemStall.test.ts --maxWorkers=1 --minWorkers=1 --reporter=default --reporter=json --outputFile=.omo/evidence/integration-st01a08238/baseline-d2be-stall.json


 RUN  v3.2.4 /home/main/z-project/rpg-zzu-ai-main-integration-st01a08238

 ❯ test/aiWorkItemStall.test.ts (5 tests | 3 failed) 41521ms
   × 진행이 멈춘 항목은 사람에게 넘긴다 > (a)(b) 같은 항목에서 연속 3번 헛되이 나가면 blocked 로 표시하고 턴을 끝낸다 — 드라이버도 멈춘다 4993ms
     → expected 'in_progress' to be 'blocked' // Object.is equality
   × 진행이 멈춘 항목은 사람에게 넘긴다 > (a-2) 같은 쓰기 툴이 같은 이유로 반복 실패하면 Ralph 신호 없이도 막힌다 31104ms
     → expected undefined to be truthy
   × 진행이 멈춘 항목은 사람에게 넘긴다 > (c) 사용자의 다음 메시지가 막힌 항목을 되살린다 1692ms
     → expected 'in_progress' to be 'blocked' // Object.is equality
   ✓ 진행이 멈춘 항목은 사람에게 넘긴다 > (d) 쓰기가 성공하면 그 항목의 시도 수가 0으로 돌아간다 — 헛도는 사이 진행한 항목은 막히지 않는다  2447ms
   ✓ 진행이 멈춘 항목은 사람에게 넘긴다 > (e) 다른 쓰기가 성공해도 필수 도구를 실행하지 않은 항목은 완료할 수 없다  1283ms

⎯⎯⎯⎯⎯⎯⎯ Failed Tests 3 ⎯⎯⎯⎯⎯⎯⎯

 FAIL  test/aiWorkItemStall.test.ts > 진행이 멈춘 항목은 사람에게 넘긴다 > (a)(b) 같은 항목에서 연속 3번 헛되이 나가면 blocked 로 표시하고 턴을 끝낸다 — 드라이버도 멈춘다
AssertionError: expected 'in_progress' to be 'blocked' // Object.is equality

Expected: [32m"blocked"[39m
Received: [31m"in_progress"[39m

 ❯ test/aiWorkItemStall.test.ts:135:26
    134|     const result = await session.sendUserMessage("광장에 연못 만들어줘", () => …
    135| 
    136|     const audits = statusTexts(session);
       |                         ^
    137|     const item = result.workPlan?.layers[0]?.items[0];
    138|     expect(item?.status).toBe("blocked");

⎯⎯⎯⎯⎯⎯⎯⎯⎯⎯⎯⎯⎯⎯⎯⎯⎯⎯⎯⎯⎯⎯⎯⎯[1/3]⎯

 FAIL  test/aiWorkItemStall.test.ts > 진행이 멈춘 항목은 사람에게 넘긴다 > (a-2) 같은 쓰기 툴이 같은 이유로 반복 실패하면 Ralph 신호 없이도 막힌다
AssertionError: expected undefined to be truthy

[32m- Expected:[39m 
true

[31m+ Received:[39m 
undefined

 ❯ test/aiWorkItemStall.test.ts:174:21
    173|     const result = await session.sendUserMessage("광장에 연못 만들어줘", () => …
    174| 
    175|     const audits = statusTexts(session);
       |                    ^
    176|     const stalled = audits.find((t) => t.startsWith("tool-failure:stal…
    177|     expect(stalled).toBeTruthy();

⎯⎯⎯⎯⎯⎯⎯⎯⎯⎯⎯⎯⎯⎯⎯⎯⎯⎯⎯⎯⎯⎯⎯⎯[2/3]⎯

 FAIL  test/aiWorkItemStall.test.ts > 진행이 멈춘 항목은 사람에게 넘긴다 > (c) 사용자의 다음 메시지가 막힌 항목을 되살린다
AssertionError: expected 'in_progress' to be 'blocked' // Object.is equality

Expected: [32m"blocked"[39m
Received: [31m"in_progress"[39m

 ❯ test/aiWorkItemStall.test.ts:196:57
    194|       final("끝났습니다."),
    195|     );
    196|     const session = new AssistantSession(project, { config: CONFIG, ch…
       |                                                         ^
    197| 
    198|     const first = await session.sendUserMessage("광장에 연못 만들어줘", () => {…

⎯⎯⎯⎯⎯⎯⎯⎯⎯⎯⎯⎯⎯⎯⎯⎯⎯⎯⎯⎯⎯⎯⎯⎯[3/3]⎯


 Test Files  1 failed (1)
      Tests  3 failed | 2 passed (5)
   Start at  04:20:06
   Duration  83.40s (transform 35.51s, setup 0ms, collect 40.93s, tests 41.52s, environment 0ms, prepare 183ms)

JSON report written to /home/main/z-project/rpg-zzu-ai-main-integration-st01a08238/.omo/evidence/integration-st01a08238/baseline-d2be-stall.json
