
> rpg-zzu@0.1.0 test
> node scripts/run-vitest.mjs run --configLoader bundle test/aiConversationRemoteHistory.test.ts -t newer local selection retires --maxWorkers=1 --minWorkers=1 --reporter=default --reporter=json --outputFile=.omo/evidence/integration-st01a08238/history-selection-red.json


 RUN  v3.2.4 /home/main/z-project/rpg-zzu-ai-main-integration-st01a08238

 ❯ test/aiConversationRemoteHistory.test.ts (38 tests | 2 failed | 36 skipped) 41ms
   ↓ public history with separate explicit recovery > browses locally, explicitly recovers exact retained entries, then opens without another GET or transcript mutation
   ↓ public history with separate explicit recovery > ordinary Open keeps local authoritative without consulting remote timestamp 1000
   ↓ public history with separate explicit recovery > ordinary Open keeps local authoritative without consulting remote timestamp 9000
   ↓ public history with separate explicit recovery > explicit recovery replaces only unchanged older local (remote=1000)
   ↓ public history with separate explicit recovery > explicit recovery replaces only unchanged older local (remote=5000)
   ↓ public history with separate explicit recovery > explicit recovery replaces only unchanged older local (remote=9000)
   ↓ public history with separate explicit recovery > shows recovery failure while keeping usable local history (local=false)
   ↓ public history with separate explicit recovery > shows recovery failure while keeping usable local history (local=true)
   ↓ public history with separate explicit recovery > rejects invalid recovered project_context_key without adoption
   ↓ public history with separate explicit recovery > rejects invalid recovered project_id without adoption
   ↓ public history with separate explicit recovery > rejects invalid recovered entries_json without adoption
   ↓ public history with separate explicit recovery > rejects invalid recovered saved_at without adoption
   ↓ public history with separate explicit recovery > rejects invalid recovered conversation_id without adoption
   ↓ public history with separate explicit recovery > malformed recovery is a visible failure, not successful empty history ({})
   ↓ public history with separate explicit recovery > malformed recovery is a visible failure, not successful empty history (null)
   ↓ public history with separate explicit recovery > refreshes local title, preview, deletion and entries after recovery valid
   ↓ public history with separate explicit recovery > refreshes local title, preview, deletion and entries after recovery 503
   ↓ public history with separate explicit recovery > refreshes local title, preview, deletion and entries after recovery invalid
   ↓ public history with separate explicit recovery > excludes foreign-local history without deleting the foreign stored record
   ↓ public history with separate explicit recovery > keeps a foreign ID collision introduced during recovery valid
   ↓ public history with separate explicit recovery > keeps a foreign ID collision introduced during recovery 503
   ↓ public history with separate explicit recovery > keeps a foreign ID collision introduced during recovery invalid
   ↓ public history with separate explicit recovery > ignores pending local Open after dismiss
   ↓ public history with separate explicit recovery > ignores pending local Open after scope
   ↓ public history with separate explicit recovery > ignores pending local Open after replace
   ↓ public history with separate explicit recovery > ignores pending local Open after newer-selection
   ↓ public history with separate explicit recovery > ignores pending local Open after legacy-roundtrip
   × public history with separate explicit recovery > newer local selection retires an earlier read even when the earlier read settles first (failure=false) 30ms
     → expected "spy" to not be called at all, but actually been called 1 times[90m

Received: 

[1m  1st spy call:

[22m    Array [
      Object {
        "entries": Array [
          Object {
            "kind": "user",
            "text": "request-remote-only",
          },
          Object {
            "kind": "assistant",
            "text": "answer-remote-only",
          },
        ],
        "id": "remote-only",
        "model": "history-model",
        "projectContextKey": "remote:history-project",
        "savedAt": 2000,
        "title": "remote-only",
      },
    ]
[39m[90m

Number of calls: [1m1[22m
[39m
   × public history with separate explicit recovery > newer local selection retires an earlier read even when the earlier read settles first (failure=true) 8ms
     → expected 'error' to be 'idle' // Object.is equality
   ↓ public history with separate explicit recovery > refuses pending recovery admission and painting after dismiss
   ↓ public history with separate explicit recovery > refuses pending recovery admission and painting after scope
   ↓ public history with separate explicit recovery > refuses pending recovery admission and painting after replace
   ↓ public history with separate explicit recovery > refuses pending recovery admission and painting after legacy-roundtrip
   ↓ public history with separate explicit recovery > does not contact remote history while browsing local or differently configured scopes
   ↓ public history with separate explicit recovery > restores through shipped clock, Recover, All and Open without reconstructing a private session
   ↓ public history with separate explicit recovery > real panel refuses pending recovery after scope
   ↓ public history with separate explicit recovery > real panel refuses pending recovery after new-chat
   ↓ public history with separate explicit recovery > real panel refuses pending recovery after teardown

⎯⎯⎯⎯⎯⎯⎯ Failed Tests 2 ⎯⎯⎯⎯⎯⎯⎯

 FAIL  test/aiConversationRemoteHistory.test.ts > public history with separate explicit recovery > newer local selection retires an earlier read even when the earlier read settles first (failure=false)
AssertionError: expected "spy" to not be called at all, but actually been called 1 times[90m

Received: 

[1m  1st spy call:

[22m    Array [
      Object {
        "entries": Array [
          Object {
            "kind": "user",
            "text": "request-remote-only",
          },
          Object {
            "kind": "assistant",
            "text": "answer-remote-only",
          },
        ],
        "id": "remote-only",
        "model": "history-model",
        "projectContextKey": "remote:history-project",
        "savedAt": 2000,
        "title": "remote-only",
      },
    ]
[39m[90m

Number of calls: [1m1[22m
[39m
 ❯ test/aiConversationRemoteHistory.test.ts:226:26
    224|       const completed = first.then(() => undefined, () => undefined);
    225|       release[0]!.resolve(); await completed;
    226|       expect(onOpen).not.toHaveBeenCalled();
       |                          ^
    227|       expect(recoveryState(root)).toBe("idle");
    228|       release[1]!.resolve(); await settled();

⎯⎯⎯⎯⎯⎯⎯⎯⎯⎯⎯⎯⎯⎯⎯⎯⎯⎯⎯⎯⎯⎯⎯⎯[1/2]⎯

 FAIL  test/aiConversationRemoteHistory.test.ts > public history with separate explicit recovery > newer local selection retires an earlier read even when the earlier read settles first (failure=true)
AssertionError: expected 'error' to be 'idle' // Object.is equality

Expected: [32m"idle"[39m
Received: [31m"error"[39m

 ❯ test/aiConversationRemoteHistory.test.ts:227:35
    225|       release[0]!.resolve(); await completed;
    226|       expect(onOpen).not.toHaveBeenCalled();
    227|       expect(recoveryState(root)).toBe("idle");
       |                                   ^
    228|       release[1]!.resolve(); await settled();
    229|       expect(onOpen).toHaveBeenCalledExactlyOnceWith(record("local-con…

⎯⎯⎯⎯⎯⎯⎯⎯⎯⎯⎯⎯⎯⎯⎯⎯⎯⎯⎯⎯⎯⎯⎯⎯[2/2]⎯


 Test Files  1 failed (1)
      Tests  2 failed | 36 skipped (38)
   Start at  04:02:56
   Duration  20.87s (transform 15.02s, setup 0ms, collect 20.44s, tests 41ms, environment 0ms, prepare 63ms)

JSON report written to /home/main/z-project/rpg-zzu-ai-main-integration-st01a08238/.omo/evidence/integration-st01a08238/history-selection-red.json
