.omo/evidence/graft-proof/HANDOFF.md:136: new blank line at EOF.
.omo/evidence/graft-proof/focused-related-final.log:27: new blank line at EOF.
.omo/evidence/graft-proof/followup-related-final.log:29: new blank line at EOF.
.omo/evidence/graft-proof/followup-vitest.log:17: new blank line at EOF.
.omo/evidence/graft-proof/graft-readiness-vitest.log:16: new blank line at EOF.
.omo/evidence/graft-proof/st_01a07c55-manual-qa.md:3: trailing whitespace.
+Attempt evidence root: `.omo/evidence/graft-proof`  
.omo/evidence/graft-proof/st_01a07c55-manual-qa.md:4: trailing whitespace.
+Worktree: `/home/main/z-project/rpg-zzu-ai-full-context-graft-proof`  
.omo/evidence/graft-proof/st_01a07c55-manual-qa.md:66: new blank line at EOF.
.omo/evidence/issue-693/final-integration-9c/diagnostic-red.log:60: new blank line at EOF.
output/evidence/acceptance-checklist-priority-st_01a07ff5/focused.log:79: new blank line at EOF.
output/evidence/acceptance-checklist-priority-st_01a07ff5/typecheck-app.log:4: new blank line at EOF.
output/evidence/acceptance-live-fakedom-repair/affected-final.log:239: trailing whitespace.
+    209| 
output/evidence/acceptance-live-fakedom-repair/affected-final.log:250: trailing whitespace.
+[32m- Expected:[39m 
output/evidence/acceptance-live-fakedom-repair/affected-final.log:253: trailing whitespace.
+[31m+ Received:[39m 
output/evidence/acceptance-live-fakedom-repair/affected-final.log:274: trailing whitespace.
+    140| 
output/evidence/acceptance-live-fakedom-repair/affected-final.log:290: trailing whitespace.
+[32m- Expected:[39m 
output/evidence/acceptance-live-fakedom-repair/affected-final.log:293: trailing whitespace.
+[31m+ Received:[39m 
output/evidence/acceptance-live-fakedom-repair/affected-final.log:1196: trailing whitespace.
+    154| 
output/evidence/acceptance-live-fakedom-repair/affected-final.log:1200: trailing whitespace.
+    157| 
output/evidence/acceptance-live-fakedom-repair/affected-final.log:1240: trailing whitespace.
+    266| 
output/evidence/acceptance-live-fakedom-repair/affected.log:180: trailing whitespace.
+    209| 
output/evidence/acceptance-live-fakedom-repair/affected.log:191: trailing whitespace.
+[32m- Expected:[39m 
output/evidence/acceptance-live-fakedom-repair/affected.log:194: trailing whitespace.
+[31m+ Received:[39m 
output/evidence/acceptance-live-fakedom-repair/affected.log:215: trailing whitespace.
+    140| 
output/evidence/acceptance-live-fakedom-repair/affected.log:231: trailing whitespace.
+[32m- Expected:[39m 
output/evidence/acceptance-live-fakedom-repair/affected.log:234: trailing whitespace.
+[31m+ Received:[39m 
output/evidence/acceptance-live-fakedom-repair/affected.log:1137: trailing whitespace.
+    154| 
output/evidence/acceptance-live-fakedom-repair/affected.log:1141: trailing whitespace.
+    157| 
output/evidence/acceptance-live-fakedom-repair/build-app.log:30: trailing whitespace.
+[plugin vite:reporter] 
output/evidence/acceptance-live-fakedom-repair/build-app.log:33: trailing whitespace.
+[plugin vite:reporter] 
output/evidence/acceptance-live-fakedom-repair/build-app.log:36: trailing whitespace.
+[plugin vite:reporter] 
output/evidence/acceptance-live-fakedom-repair/build-app.log:39: trailing whitespace.
+[plugin vite:reporter] 
output/evidence/acceptance-live-fakedom-repair/build-app.log:42: trailing whitespace.
+[plugin vite:reporter] 
output/evidence/acceptance-live-fakedom-repair/build-app.log:45: trailing whitespace.
+[plugin vite:reporter] 
output/evidence/acceptance-live-fakedom-repair/contracts-red-actual.log:816: trailing whitespace.
+[32m- Expected:[39m 
output/evidence/acceptance-live-fakedom-repair/contracts-red-actual.log:994: trailing whitespace.
+[31m+ Received:[39m 
output/evidence/acceptance-live-fakedom-repair/observability-uxc.log:595: trailing whitespace.
+    266| 
output/evidence/acceptance-live-fakedom-repair/representative-red.log:150: trailing whitespace.
+    140| 
output/evidence/acceptance-live-fakedom-repair/typecheck-app.log:4: new blank line at EOF.
output/evidence/acceptance-merge-resolution-st_01a07ff5/composed-red.log:39: new blank line at EOF.
output/evidence/acceptance-merge-resolution-st_01a07ff5/focused.log:200: new blank line at EOF.
output/evidence/acceptance-merge-resolution-st_01a07ff5/resolution.diff:5: trailing whitespace.
+@@@ -14,9 -14,7 +14,10 @@@ import { findByTestId, installFakeDom, 
output/evidence/acceptance-merge-resolution-st_01a07ff5/resolution.diff:6: trailing whitespace.
+  
output/evidence/acceptance-merge-resolution-st_01a07ff5/resolution.diff:14: trailing whitespace.
+  
output/evidence/acceptance-merge-resolution-st_01a07ff5/resolution.diff:19: trailing whitespace.
+  
output/evidence/acceptance-merge-resolution-st_01a07ff5/resolution.diff:123: trailing whitespace.
+  
output/evidence/acceptance-merge-resolution-st_01a07ff5/resolution.diff:161: trailing whitespace.
+  
output/evidence/acceptance-merge-resolution-st_01a07ff5/resolution.diff:212: trailing whitespace.
+  
output/evidence/acceptance-merge-resolution-st_01a07ff5/staged-whitespace.log:7: trailing whitespace.
++Attempt evidence root: `.omo/evidence/graft-proof`  
output/evidence/acceptance-merge-resolution-st_01a07ff5/staged-whitespace.log:9: trailing whitespace.
++Worktree: `/home/main/z-project/rpg-zzu-ai-full-context-graft-proof`  
output/evidence/acceptance-merge-resolution-st_01a07ff5/staged-whitespace.log:15: trailing whitespace.
++@@@ -14,9 -14,7 +14,10 @@@ import { findByTestId, installFakeDom, 
output/evidence/acceptance-merge-resolution-st_01a07ff5/staged-whitespace.log:17: trailing whitespace.
++  
output/evidence/acceptance-merge-resolution-st_01a07ff5/staged-whitespace.log:19: trailing whitespace.
++  
output/evidence/acceptance-merge-resolution-st_01a07ff5/staged-whitespace.log:21: trailing whitespace.
++  
output/evidence/acceptance-merge-resolution-st_01a07ff5/staged-whitespace.log:23: trailing whitespace.
++  
output/evidence/acceptance-merge-resolution-st_01a07ff5/staged-whitespace.log:25: trailing whitespace.
++  
output/evidence/acceptance-merge-resolution-st_01a07ff5/staged-whitespace.log:27: trailing whitespace.
++  
output/evidence/acceptance-merge-resolution-st_01a07ff5/staged-whitespace.log:29: trailing whitespace.
++ 
output/evidence/acceptance-merge-resolution-st_01a07ff5/staged-whitespace.log:31: trailing whitespace.
++ 
output/evidence/acceptance-merge-resolution-st_01a07ff5/staged-whitespace.log:33: trailing whitespace.
++ 
output/evidence/acceptance-merge-resolution-st_01a07ff5/staged-whitespace.log:35: trailing whitespace.
++ 
output/evidence/acceptance-merge-resolution-st_01a07ff5/typecheck-app.log:4: new blank line at EOF.
output/evidence/acceptance-merge-resolution-st_01a07ff5/unrelated-checklist-delta.diff:6: trailing whitespace.
+ 
output/evidence/acceptance-merge-resolution-st_01a07ff5/unrelated-checklist-delta.diff:12: trailing whitespace.
+ 
output/evidence/acceptance-merge-resolution-st_01a07ff5/unrelated-checklist-delta.diff:62: trailing whitespace.
+ 
output/evidence/acceptance-merge-resolution-st_01a07ff5/unrelated-checklist-delta.diff:220: trailing whitespace.
+ 
src/ai/toolImageEventSprites.ts:232: new blank line at EOF.
