
> rpg-zzu@0.1.0 test
> node scripts/run-vitest.mjs run --configLoader bundle test/lifeRecovery.test.ts test/lifeSaveVersion.test.ts test/autosave.test.ts test/p0Makers.test.ts test/p0Shipping.test.ts test/p0Bundles.test.ts test/p1FarmAnimals.test.ts test/p1DayTransitionIntegration.test.ts test/p1WeatherDayTransition.test.ts test/p2DayTransition.test.ts test/p0DayTransitionSceneFailure.test.ts test/p2SpatialTransactions.test.ts test/checkpointEndingRuntime.test.ts test/playerOpenSaveMenu.test.ts test/customSeasonSave.test.ts test/p0SafetyHardening.test.ts


 RUN  v3.2.4 /home/main/z-project/rpg-zzu-life-full-p2

 ✓ test/customSeasonSave.test.ts (1 test) 1534ms
   ✓ custom season save compatibility > preserves day 40 through wire parsing and applies the current project calendar  1520ms
 ✓ test/p2DayTransition.test.ts (2 tests) 3332ms
   ✓ P2 forage day-transition integration > settles the source day then spawns destination-day forage through the one transition authority  1574ms
   ✓ P2 forage day-transition integration > rolls back shipping, calendar, forage, and energy when forage validation fails  1755ms
 ✓ test/p1DayTransitionIntegration.test.ts (5 tests) 3156ms
   ✓ P1 daily weather transition integration > initializes today's weather and visual state when a new session starts  1288ms
   ✓ P1 daily weather transition integration > advances calendar, resolves forecast-matching rain, waters, then grows in one transaction  562ms
   ✓ P1 daily weather transition integration > keeps non-rain weather visual but does not water a crop  818ms
 ✓ test/p1WeatherDayTransition.test.ts (4 tests) 3946ms
   ✓ P1 weather watering handoff > marks dry destination-day plots before farm growth synchronization for rain  1583ms
   ✓ P1 weather watering handoff > marks dry destination-day plots before farm growth synchronization for storm  414ms
   ✓ P1 weather watering handoff > does not water from clear, non-rain, zero-strength, or stale saved weather  1302ms
   ✓ P1 weather watering handoff > is idempotent and leaves un-tilled or dead plots unchanged  631ms
 ✓ test/p0SafetyHardening.test.ts (8 tests) 4195ms
   ✓ P0 hostile item quantity hardening > rejects unsafe current/delta/result without touching inventory or charge cursors: 1e+300 '+=' 1  1480ms
   ✓ P0 hostile item quantity hardening > rejects unsafe current/delta/result without touching inventory or charge cursors: 9999999 '+=' 1  378ms
   ✓ P0 hostile item quantity hardening > keeps shipping, bundle, and upgrade transactions unchanged for forged 1e300 stacks  637ms
   ✓ P0 hostile item quantity hardening > does not consume a ready crop when its output stack is unsafe or full  936ms
 ✓ test/p2SpatialTransactions.test.ts (3 tests) 4300ms
   ✓ P2 spatial atomic transactions > builds, moves, upgrades, and removes a general structure without touching P1 homes  2179ms
   ✓ P2 spatial atomic transactions > places, rotates, moves, and removes decor while conserving its inventory item  1374ms
   ✓ P2 spatial atomic transactions > rejects collision, stale, poisoned, and overflow attempts with zero mutation  713ms
 ✓ test/p0Bundles.test.ts (9 tests) 5258ms
   ✓ P0 bundle contribution rules > tracks partial progress, then applies completion rewards exactly once  838ms
   ✓ P0 bundle contribution rules > rejects malformed contribution count Infinity without mutation  999ms
   ✓ P0 bundle contribution rules > rejects malformed contribution count 1.5 without mutation  1001ms
   ✓ P0 bundle contribution rules > rejects over-donation, insufficient inventory, and unknown targets without item loss  580ms
   ✓ P0 bundle contribution rules > validates every completion reward before consuming the final contribution  672ms
   ✓ P0 bundle contribution rules > rejects duplicate reward item rows before their combined count can overflow  499ms
 ✓ test/p0Shipping.test.ts (9 tests) 6132ms
   ✓ P0 shipping rules > deposits and withdraws inventory atomically  1526ms
   ✓ P0 shipping rules > rejects malformed deposit count 0 without mutation  1978ms
   ✓ P0 shipping rules > rejects malformed deposit count -1 without mutation  947ms
   ✓ P0 shipping rules > rejects malformed deposit count NaN without mutation  574ms
   ✓ P0 shipping rules > rejects malformed deposit count Infinity without mutation  339ms
 ✓ test/lifeSaveVersion.test.ts (18 tests) 7058ms
   ✓ Save5 version and original ownership boundary > writes independent Save5 even without life packages, leaving Project4 and live state unchanged  1598ms
   ✓ Save5 version and original ownership boundary > migrates manual and auto only in memory in namespace null  2515ms
   ✓ Save5 version and original ownership boundary > migrates manual and auto only in memory in namespace "  exported:game-a  "  757ms
   ✓ Save5 version and original ownership boundary > runs the frozen phase1 reader on actual old/new bytes, not a simulated version predicate  475ms
 ✓ test/p0Makers.test.ts (8 tests) 6094ms
   ✓ P0 timed makers > uses a monotonic absolute game-minute clock across a season/day boundary  2966ms
   ✓ P0 timed makers > preserves a processing timer through the shared save snapshot path  1014ms
   ✓ P0 timed makers > rejects invalid absolute minute 1.5 before consuming inputs  384ms
   ✓ P0 timed makers > rejects invalid absolute minute 9007199254740992 before consuming inputs  509ms
   ✓ P0 timed makers > rejects missing inventory, busy instances, and invalid definitions atomically  515ms
 ✓ test/autosave.test.ts (16 tests) 7726ms
   ✓ autosave policy (shouldAutosave) > saves by default with no prior autosave  1173ms
   ✓ autosave policy (shouldAutosave) > respects Change Save Access: m2Runtime.access.save === false skips  754ms
   ✓ autosave policy (shouldAutosave) > disables autosave when the current map has disableSave  2259ms
   ✓ autosave policy (shouldAutosave) > skips during cutscene input lock  596ms
   ✓ autosave policy (shouldAutosave) > debounces 5 seconds since the last autosave  528ms
   ✓ performAutosave / round trip > writes savedBy=auto with the trigger and round-trips through readAutosave into an identical session  316ms
   ✓ maybeAutosave (PlayScene hook wrapper) > writes once then debounces, and saves again after the window  375ms
   ✓ maybeAutosave (PlayScene hook wrapper) > does not consume the debounce window when the write fails  389ms
 ✓ test/p1FarmAnimals.test.ts (16 tests) 8695ms
   ✓ P1 farm-animal runtime authority > assigns and moves an animal only to a compatible home with remaining capacity  620ms
   ✓ P1 farm-animal runtime authority > rejects missing, incompatible, and full homes without mutating the session  2179ms
   ✓ P1 farm-animal runtime authority > feeds from the species item exactly once per day and debits before the receipt  1040ms
   ✓ P1 farm-animal runtime authority > rejects empty and unsafe feed stacks without changing inventory or animal care  1358ms
   ✓ P1 farm-animal runtime authority > rejects feed and pet after that day was already advanced  326ms
   ✓ P1 farm-animal runtime authority > requires both feed and pet receipts for production progress  467ms
   ✓ P1 farm-animal runtime authority > fails closed on unknown references, duplicate instances, and unsafe state  828ms
   ✓ P1 farm-animal runtime authority > returns invalid-state instead of throwing for malformed animal containers and rows  535ms
 ✓ test/lifeRecovery.test.ts (54 tests) 8744ms
   ✓ life transaction evidence > freezes spent inputs, promised outputs, duration and calendar when starting  1217ms
   ✓ life transaction evidence > pays the original promise when the definition changes during a new job  442ms
   ✓ life transaction evidence > retains current-definition payout for legacy jobs without a contract  363ms
   ✓ bounded recovery ownership > keeps independent source kinds distinct even when source IDs match  666ms
   ✓ bounded recovery ownership > rejects full destination inventory without paying or consuming any claim field  417ms
   ✓ bounded recovery ownership > rolls back all payout side effects when collection metadata is invalid  529ms
   ✓ bounded recovery ownership > keeps unknown item evidence until an explicit receipt after the item returns  351ms
   ✓ bounded recovery ownership > rejects invalid source count 0 without loss  368ms
   ✓ bounded recovery ownership > accepts claim 4096 then refuses claim 4097 without removing its owner or sequence  874ms
   ✓ maker contract ownership and resume > keeps a new contract detached from authored arrays and through the actual save/apply seam  311ms
   ✓ adversarial source conversion > validates a large JSON array without overflowing the call stack  368ms
 ✓ test/p0DayTransitionSceneFailure.test.ts (4 tests) 1471ms
   ✓ P0 day-transition scene failure handling > keeps natural clock state unchanged and exposes a visible error  740ms
   ✓ P0 day-transition scene failure handling > preflights sleep before fade/hooks and does not refresh as though sleep succeeded  396ms
 ✓ test/playerOpenSaveMenu.test.ts (7 tests) 3162ms
   ✓ event-opened save menu in the shipping player shell > signals the exact Save5 write from the real save entry point without a delay  731ms
   ✓ event-opened save menu in the shipping player shell > ignores other keys and sessionStorage, then times out and restores instrumentation  415ms
   ✓ event-opened save menu in the shipping player shell > does not report a failed write as complete and disposes a cancelled observation  764ms
   ✓ event-opened save menu in the shipping player shell > keeps overwrite confirmation cancellable and resets it on direct re-entry  502ms
 ✓ test/checkpointEndingRuntime.test.ts (5 tests) 1887ms
   ✓ checkpointSave / killPlayer / triggerEnding > define_ending은 같은 조건 집합의 낮은 priority 엔딩을 warning으로 보고한다  1344ms

 Test Files  16 passed (16)
      Tests  169 passed (169)
   Start at  09:39:25
   Duration  54.64s (transform 87.88s, setup 0ms, collect 454.84s, tests 76.69s, environment 873ms, prepare 10.17s)
