
> rpg-zzu@0.1.0 test
> node scripts/run-vitest.mjs run --configLoader bundle test/lifeRecoveryPersistence.test.ts test/p0SessionPersistence.test.ts test/p1SessionPersistence.test.ts test/p2SessionPersistence.test.ts test/p2SpatialPersistence.test.ts test/p0RuntimeIntegration.test.ts


 RUN  v3.2.4 /home/main/z-project/rpg-zzu-life-full-p2

 ✓ test/p2SessionPersistence.test.ts (4 tests) 456ms
 ✓ test/p2SpatialPersistence.test.ts (3 tests) 459ms
 ✓ test/p1SessionPersistence.test.ts (3 tests) 791ms
   ✓ P1 farm-animal session persistence > round-trips runtime assignment, care receipts, cadence, and ready products  436ms
 ✓ test/p0SessionPersistence.test.ts (9 tests) 1011ms
 ❯ test/lifeRecoveryPersistence.test.ts (11 tests | 10 failed) 1155ms
   ✓ lossless life persistence > keeps compatible shipping and unfinished legacy maker behavior 257ms
   × lossless life persistence > keeps contribution2 and recovers only excess3 after requirement5 becomes2 138ms
     → expected {} to deeply equal { bundle: { raw: 2 } }
   × lossless life persistence > retains removed completed bundle tombstones and dormant unlock rights without refunds 122ms
     → expected [] to deeply equal [ 'bundle' ]
   × lossless life persistence > moves disabled shipping before writer filtering without paying inventory 78ms
     → expected [] to match object [ { items: [ { …(2) } ] } ]
   × lossless life persistence > moves removed shipping before writer filtering without paying inventory 106ms
     → expected [] to match object [ { items: [ { …(2) } ] } ]
   × lossless life persistence > moves ineligible shipping before writer filtering without paying inventory 92ms
     → expected [] to match object [ { items: [ { …(2) } ] } ]
   × lossless life persistence > cancels removed frozen makers at original minute 29 through apply 110ms
     → expected [] to match object [ { items: [ { …(2) } ] } ]
   × lossless life persistence > cancels removed frozen makers at original minute 30 through apply 61ms
     → expected [] to match object [ { items: [ { …(2) } ] } ]
   × lossless life persistence > rejects corrupt recovery at read and direct apply without touching source bytes 65ms
     → expected 'present' to be 'corrupt' // Object.is equality
   × lossless life persistence > returns failed autosave on reconciliation failure, preserving prior disk and current live action 61ms
     → expected { schemaVersion: 5, …(8) } to be null
   × lossless life persistence > rolls back the whole day when reconciliation fails 57ms
     → expected { ok: true, receipt: { …(9) } } to match object { ok: false, reason: 'recovery', …(1) }
(10 matching properties omitted from actual)
 ✓ test/p0RuntimeIntegration.test.ts (16 tests) 1368ms

⎯⎯⎯⎯⎯⎯ Failed Tests 10 ⎯⎯⎯⎯⎯⎯⎯

 FAIL  test/lifeRecoveryPersistence.test.ts > lossless life persistence > keeps contribution2 and recovers only excess3 after requirement5 becomes2
AssertionError: expected {} to deeply equal { bundle: { raw: 2 } }

[32m- Expected[39m
[31m+ Received[39m

[32m- {[39m
[32m-   "bundle": {[39m
[32m-     "raw": 2,[39m
[32m-   },[39m
[32m- }[39m
[31m+ {}[39m

 ❯ test/lifeRecoveryPersistence.test.ts:55:42
     53|     const restored = roundtrip(project, session);
     54|     expect(session).toEqual(before);
     55|     expect(restored.bundleContributions).toEqual({ bundle: { raw: 2 } …
       |                                          ^
     56|     expect(Object.values(restored.lifeRecovery?.claims ?? {})).toMatch…
     57|     const again = roundtrip(project, restored);

⎯⎯⎯⎯⎯⎯⎯⎯⎯⎯⎯⎯⎯⎯⎯⎯⎯⎯⎯⎯⎯⎯⎯[1/10]⎯

 FAIL  test/lifeRecoveryPersistence.test.ts > lossless life persistence > retains removed completed bundle tombstones and dormant unlock rights without refunds
AssertionError: expected [] to deeply equal [ 'bundle' ]

[32m- Expected[39m
[31m+ Received[39m

[32m- [[39m
[32m-   "bundle",[39m
[32m- ][39m
[31m+ [][39m

 ❯ test/lifeRecoveryPersistence.test.ts:73:41
     71|     delete project.system.bundles;
     72|     const restored = roundtrip(project, session);
     73|     expect(restored.completedBundleIds).toEqual(["bundle"]);
       |                                         ^
     74|     expect(restored.bundleRewardAppliedIds).toEqual(["bundle"]);
     75|     expect(restored.unlockedRegionIds).toEqual(["removed-region"]);

⎯⎯⎯⎯⎯⎯⎯⎯⎯⎯⎯⎯⎯⎯⎯⎯⎯⎯⎯⎯⎯⎯⎯[2/10]⎯

 FAIL  test/lifeRecoveryPersistence.test.ts > lossless life persistence > moves disabled shipping before writer filtering without paying inventory
 FAIL  test/lifeRecoveryPersistence.test.ts > lossless life persistence > moves removed shipping before writer filtering without paying inventory
 FAIL  test/lifeRecoveryPersistence.test.ts > lossless life persistence > moves ineligible shipping before writer filtering without paying inventory
AssertionError: expected [] to match object [ { items: [ { …(2) } ] } ]

[32m- Expected[39m
[31m+ Received[39m

[32m- [[39m
[32m-   {[39m
[32m-     "items": [[39m
[32m-       {[39m
[32m-         "count": 3,[39m
[32m-         "itemId": "raw",[39m
[32m-       },[39m
[32m-     ],[39m
[32m-   },[39m
[32m- ][39m
[31m+ [][39m

 ❯ test/lifeRecoveryPersistence.test.ts:87:64
     85|     const restored = roundtrip(project, session);
     86|     expect(restored.shippingQueue).toEqual({});
     87|     expect(Object.values(restored.lifeRecovery?.claims ?? {})).toMatch…
       |                                                                ^
     88|     expect(session.inventory.raw).toBe(7);
     89|     if (change === "removed") {

⎯⎯⎯⎯⎯⎯⎯⎯⎯⎯⎯⎯⎯⎯⎯⎯⎯⎯⎯⎯⎯⎯⎯[3/10]⎯

 FAIL  test/lifeRecoveryPersistence.test.ts > lossless life persistence > cancels removed frozen makers at original minute 29 through apply
 FAIL  test/lifeRecoveryPersistence.test.ts > lossless life persistence > cancels removed frozen makers at original minute 30 through apply
AssertionError: expected [] to match object [ { items: [ { …(2) } ] } ]

[32m- Expected[39m
[31m+ Received[39m

[32m- [[39m
[32m-   {[39m
[32m-     "items": [[39m
[32m-       {[39m
[32m-         "count": 3,[39m
[32m-         "itemId": "raw",[39m
[32m-       },[39m
[32m-     ],[39m
[32m-   },[39m
[32m- ][39m
[31m+ [][39m

 ❯ test/lifeRecoveryPersistence.test.ts:102:64
    100|     const restored = applySaveSnapshot(project, snapshot);
    101|     expect(restored.makerInstances).toEqual({});
    102|     expect(Object.values(restored.lifeRecovery?.claims ?? {})).toMatch…
       |                                                                ^
    103|     expect(roundtrip(project, restored).lifeRecovery).toEqual(restored…
    104|   });

⎯⎯⎯⎯⎯⎯⎯⎯⎯⎯⎯⎯⎯⎯⎯⎯⎯⎯⎯⎯⎯⎯⎯[4/10]⎯

 FAIL  test/lifeRecoveryPersistence.test.ts > lossless life persistence > rejects corrupt recovery at read and direct apply without touching source bytes
AssertionError: expected 'present' to be 'corrupt' // Object.is equality

Expected: [32m"[7mcorrup[27mt"[39m
Received: [31m"[7mpresen[27mt"[39m

 ❯ test/lifeRecoveryPersistence.test.ts:110:48
    108|     const raw = JSON.stringify(snapshot);
    109|     localStorage.setItem(saveSlotKey(1), raw);
    110|     expect(readSaveSlot(localStorage, 1).kind).toBe("corrupt");
       |                                                ^
    111|     expect(() => applySaveSnapshot(project, snapshot)).toThrow();
    112|     expect(localStorage.getItem(saveSlotKey(1))).toBe(raw);

⎯⎯⎯⎯⎯⎯⎯⎯⎯⎯⎯⎯⎯⎯⎯⎯⎯⎯⎯⎯⎯⎯⎯[5/10]⎯

 FAIL  test/lifeRecoveryPersistence.test.ts > lossless life persistence > returns failed autosave on reconciliation failure, preserving prior disk and current live action
AssertionError: expected { schemaVersion: 5, …(8) } to be null

[32m- Expected:[39m
null

[31m+ Received:[39m
{
  "autosaveTrigger": "transfer",
  "mapName": "빈 맵",
  "partyLevel": 1,
  "playTimeSeconds": 0,
  "projectTitle": "새 프로젝트",
  "savedAt": "2026-09-05T23:49:50.852Z",
  "savedBy": "auto",
  "schemaVersion": 5,
  "session": {
    "access": undefined,
    "actorBattleCommands": undefined,
    "actorCharacterResourceIds": {},
    "actorEquipment": {
      "actor_cleric": {
        "accessory": "equip_focus_charm",
        "armor": "equip_mystic_robe",
        "helmet": "equip_traveler_hat",
        "shield": "equip_oak_shield",
        "weapon": "equip_mage_staff",
      },
      "actor_guardian": {
        "accessory": "equip_focus_charm",
        "armor": "equip_leather_armor",
        "helmet": "equip_traveler_hat",
        "shield": "equip_oak_shield",
        "weapon": "equip_sword",
      },
      "actor_hero": {
        "accessory": "equip_focus_charm",
        "armor": "equip_leather_armor",
        "helmet": "equip_traveler_hat",
        "shield": "equip_oak_shield",
        "weapon": "equip_sword",
      },
      "actor_mage": {
        "accessory": "equip_focus_charm",
        "armor": "equip_mystic_robe",
        "helmet": "equip_traveler_hat",
        "weapon": "equip_mage_staff",
      },
      "actor_ranger": {
        "accessory": "equip_focus_charm",
        "armor": "equip_leather_armor",
        "helmet": "equip_traveler_hat",
        "weapon": "equip_scout_dagger",
      },
      "actor_scout": {
        "accessory": "equip_focus_charm",
        "armor": "equip_leather_armor",
        "helmet": "equip_traveler_hat",
        "weapon": "equip_scout_dagger",
      },
    },
    "actorExperience": {
      "actor_hero": 0,
    },
    "actorFaceResourceIds": undefined,
    "actorLevels": {
      "actor_cleric": 1,
      "actor_guardian": 1,
      "actor_hero": 1,
      "actor_mage": 1,
      "actor_ranger": 1,
      "actor_scout": 1,
    },
    "actorNames": {},
    "actorNicknames": undefined,
    "actorParamBonuses": {},
    "actorRows": {
      "actor_hero": "front",
    },
    "actorSkillIds": {},
    "actorSkillPp": {},
    "actorStateIds": {},
    "actorVitals": {
      "actor_hero": {
        "hp": 514,
        "maxHp": 514,
        "maxMp": 43,
        "mp": 43,
      },
    },
    "audio": {},
    "battleResult": undefined,
    "bundleContributions": {},
    "bundleRewardAppliedIds": [],
    "camera": {
      "mode": "follow",
      "target": {
        "kind": "player",
      },
    },
    "chests": {},
    "classOverrides": {},
    "collections": undefined,
    "completedBundleIds": [],
    "currentMapId": "map_blank_start",
    "dailyGifts": {},
    "dailyTalks": {},
    "dailyWeather": undefined,
    "dayTransitionLastDayKey": undefined,
    "energy": undefined,
    "equippedToolItemId": undefined,
    "erasedEventIds": [],
    "eventLocations": {},
    "factionStanceOverrides": undefined,
    "farmAnimals": undefined,
    "farmBuildingPlacements": undefined,
    "farmPlots": {},
    "farmPlotsAdvancedThrough": {
      "day": 1,
      "season": "spring",
      "year": 1,
    },
    "flags": {},
    "followerTrail": [],
    "followers": [],
    "forageLastAdvancedDayKey": undefined,
    "friendship": {},
    "gameTime": {
      "day": 1,
      "hour": 6,
      "minute": 0,
      "season": "spring",
      "year": 1,
    },
    "gold": 0,
    "growthProgress": undefined,
    "homeDecorationPlacements": undefined,
    "horror": undefined,
    "inventory": {
      "raw": 7,
    },
    "itemUseCharges": {},
    "killedFieldSpawns": {},
    "lifeSkills": {},
    "lighting": {
      "ambient": 0,
      "sources": [],
    },
    "makerInstances": {},
    "mapOverrides": {},
    "monsterBox": [],
    "monsterCareDaily": {},
    "monsterCareSteps": undefined,
    "monsterFieldPoisonSteps": undefined,
    "monsterInstances": {},
    "monsterParty": [],
    "museumRewardAppliedIds": undefined,
    "npcActivities": {},
    "npcScheduleStates": {},
    "npcTravelStates": {},
    "partyActorIds": [
      "actor_hero",
    ],
    "pictures": {},
    "placeables": {},
    "playTimeSeconds": 0,
    "playerFootprint": undefined,
    "playerPassRows": undefined,
    "relationships": {},
    "removedEventIds": {},
    "rng": {
      "seed": 404,
      "streams": {
        "battle": {
          "seed": 444707077,
          "state": 444707077,
        },
        "encounter": {
          "seed": 3298077740,
          "state": 3298077740,
        },
        "fishing": {
          "seed": 1608514275,
          "state": 1608514275,
        },
        "misc": {
          "seed": 421288963,
          "state": 421288963,
        },
        "movement": {
          "seed": 2364131390,
          "state": 2364131390,
        },
      },
    },
    "roguelikeRun": undefined,
    "screen": undefined,
    "selfSwitches": {},
    "shippingHistory": [],
    "shippingLastSettledDayKey": undefined,
    "shippingQueue": {
      "raw": 3,
    },
    "shopHaggleState": undefined,
    "shopLastRestockDayKey": undefined,
    "shopLoyaltySpend": undefined,
    "shopMerchantGold": undefined,
    "shopMileagePoints": undefined,
    "shopPawnTickets": undefined,
    "shopReputation": undefined,
    "shopShelf": undefined,
    "shopTradeCounts": undefined,
    "spawnedEvents": {},
    "switches": {
      "sw_0001": false,
      "sw_0002": false,
      "sw_0003": false,
      "sw_0004": false,
      "sw_0005": false,
      "sw_0006": false,
      "sw_0007": false,
      "sw_0008": false,
      "sw_0009": false,
      "sw_0010": false,
      "sw_0011": false,
      "sw_0012": false,
      "sw_0013": false,
      "sw_0014": false,
      "sw_0015": false,
      "sw_0016": false,
      "sw_0017": false,
      "sw_0018": false,
      "sw_0019": false,
      "sw_0020": false,
    },
    "timers": {},
    "unlockedRecipeIds": [],
    "unlockedRegionIds": [],
    "variables": {
      "var_0001": 0,
      "var_0002": 0,
      "var_0003": 0,
      "var_0004": 0,
      "var_0005": 0,
      "var_0006": 0,
      "var_0007": 0,
      "var_0008": 0,
      "var_0009": 0,
      "var_0010": 0,
      "var_0011": 0,
      "var_0012": 0,
      "var_0013": 0,
      "var_0014": 0,
      "var_0015": 0,
      "var_0016": 0,
      "var_0017": 0,
      "var_0018": 0,
      "var_0019": 0,
      "var_0020": 0,
    },
    "x": 10,
    "y": 8,
  },
}

 ❯ test/lifeRecoveryPersistence.test.ts:121:73
    119|     session.lifeRecovery = { nextSequence: 0, claims: {} };
    120|     const before = structuredClone(session);
    121|     expect(performAutosave(project, session, localStorage, "transfer")…
       |                                                                         ^
    122|     expect(session).toEqual(before);
    123|     expect(localStorage.getItem(autosaveKey())).toBe(prior);

⎯⎯⎯⎯⎯⎯⎯⎯⎯⎯⎯⎯⎯⎯⎯⎯⎯⎯⎯⎯⎯⎯⎯[6/10]⎯

 FAIL  test/lifeRecoveryPersistence.test.ts > lossless life persistence > rolls back the whole day when reconciliation fails
AssertionError: expected { ok: true, receipt: { …(9) } } to match object { ok: false, reason: 'recovery', …(1) }
(10 matching properties omitted from actual)

[32m- Expected[39m
[31m+ Received[39m

[2m  {[22m
[32m-   "ok": false,[39m
[32m-   "reason": "recovery",[39m
[32m-   "stage": "recovery",[39m
[31m+   "ok": true,[39m
[2m  }[22m

 ❯ test/lifeRecoveryPersistence.test.ts:130:65
    128|     session.lifeRecovery = { nextSequence: 0, claims: {} };
    129|     const before = structuredClone(session);
    130|     expect(transitionToNextDay(project, session, "1:spring:1")).toMatc…
       |                                                                 ^
    131|     expect(session).toEqual(before);
    132|   });

⎯⎯⎯⎯⎯⎯⎯⎯⎯⎯⎯⎯⎯⎯⎯⎯⎯⎯⎯⎯⎯⎯⎯[7/10]⎯


 Test Files  1 failed | 5 passed (6)
      Tests  10 failed | 36 passed (46)
   Start at  08:49:38
   Duration  17.93s (transform 15.37s, setup 0ms, collect 63.97s, tests 5.24s, environment 2ms, prepare 1.86s)
