
> rpg-zzu@0.1.0 test
> node scripts/run-vitest.mjs run --configLoader bundle --maxWorkers=1 --no-file-parallelism test/aiJobPanels.test.ts -t quiet SSE socket


 RUN  v3.2.4 /home/main/.herdr/worktrees/rpg-zzu/worktree-silver-harbor-d2a7

 ❯ test/aiJobPanels.test.ts (21 tests | 1 failed | 20 skipped) 5124ms
   ↓ mounts one persistent job launcher across topbar rebuilds
   ↓ handles named replay, deduplicates durable outcomes, and never lets initial fetch overwrite live detail
   ↓ server read acknowledgement is deduplicated across concurrent opens and stale inbox fetches
   ↓ retains queue input, row identity, selection and scroll on background events; close never cancels
   ↓ requires explicit retry consent and nested Escape only closes that confirmation
   ↓ opens immutable media without application/provider writes, retains revision on update and revokes owned URLs
   ↓ keeps authoritative already-read inbox records read when historical outcomes replay later
   ↓ rejects older list completion after newer detail with no SSE and identical timestamps
   ↓ rejects older list completion after newer list with no SSE and identical timestamps
   ↓ notifies eligibility on actual loaded identity/epoch replacement but not ordinary paint
   ↓ retries transient auto input reads on explicit reconnect without generation replay
   ↓ retries transient auto input reads on native reconnect without generation replay
   ↓ does not pair an old failed report with a successful retry's review/apply controls
   ↓ reconciles local unsaved outcome only with the matching durable receipt including cross-client save
   ↓ places newly admitted rows in newest-first DOM order without replacing focused existing rows
   ↓ mounts the selected object's complete inventory before a held image and defers offscreen media
   ↓ passes local event exclusion choices through real HTTP/Task5 draft application and save-only retry
   ↓ passes only selected immutable native tileset proposal IDs through real Task5 without a live analysis handler
   ↓ rebinds an open queue to the replacement launcher without a close-and-reopen click
   ↓ reads the authoritative inbox before acknowledging a report opened before the initial snapshot
   × reacts to browser offline/online signals even when a quiet SSE socket has not errored 5105ms
     → Expected exact client state not observed

⎯⎯⎯⎯⎯⎯⎯ Failed Tests 1 ⎯⎯⎯⎯⎯⎯⎯

 FAIL  test/aiJobPanels.test.ts > reacts to browser offline/online signals even when a quiet SSE socket has not errored
Error: Expected exact client state not observed
 ❯ Timeout.<anonymous> test/aiJobPanels.test.ts:32:49
     30| function signal(client: JobClient, predicate: () => boolean): Promise<…
     31|   const done = deferred<void>(); const off = client.subscribe(() => { …
     32|   const deadline = setTimeout(() => done.reject(new Error("Expected ex…
       |                                                 ^
     33|   return done.promise.finally(() => { clearTimeout(deadline); off(); }…
     34| }

⎯⎯⎯⎯⎯⎯⎯⎯⎯⎯⎯⎯⎯⎯⎯⎯⎯⎯⎯⎯⎯⎯⎯⎯[1/1]⎯


 Test Files  1 failed (1)
      Tests  1 failed | 20 skipped (21)
   Start at  04:20:43
   Duration  97.21s (transform 68.92s, setup 0ms, collect 87.21s, tests 5.12s, environment 1.82s, prepare 792ms)
