
> rpg-zzu@0.1.0 test
> node scripts/run-vitest.mjs run --configLoader bundle --maxWorkers=1 --no-file-parallelism test/aiJobPanels.test.ts


 RUN  v3.2.4 /home/main/.herdr/worktrees/rpg-zzu/worktree-silver-harbor-d2a7

 ❯ test/aiJobPanels.test.ts (1 test | 1 failed) 54ms
   × mounts one persistent job launcher across topbar rebuilds 52ms
     → expected  to have a length of 1 but got +0

⎯⎯⎯⎯⎯⎯⎯ Failed Tests 1 ⎯⎯⎯⎯⎯⎯⎯

 FAIL  test/aiJobPanels.test.ts > mounts one persistent job launcher across topbar rebuilds
AssertionError: expected  to have a length of 1 but got +0

[32m- Expected[39m
[31m+ Received[39m

[32m- 1[39m
[31m+ 0[39m

 ❯ test/aiJobPanels.test.ts:9:67
      7|   const topbar = document.createElement("div"); document.body.append(t…
      8|   renderTopbar(topbar);
      9|   expect(topbar.querySelectorAll('[data-testid="ai-jobs-open"]')).toHa…
       |                                                                   ^
     10|   renderTopbar(topbar);
     11|   expect(topbar.querySelectorAll('[data-testid="ai-jobs-open"]')).toHa…

⎯⎯⎯⎯⎯⎯⎯⎯⎯⎯⎯⎯⎯⎯⎯⎯⎯⎯⎯⎯⎯⎯⎯⎯[1/1]⎯


 Test Files  1 failed (1)
      Tests  1 failed (1)
   Start at  02:11:57
   Duration  28.66s (transform 22.83s, setup 0ms, collect 27.63s, tests 54ms, environment 375ms, prepare 161ms)
