monitor_id=mon_T2GV56YN4Q77BSPT
{"type":"line","id":"authoring-2404863","description":"task11 scoped validation","line":""}
{"type":"line","id":"authoring-2404863","description":"task11 scoped validation","line":"> rpg-zzu@0.1.0 test"}
{"type":"line","id":"authoring-2404863","description":"task11 scoped validation","line":"> node scripts/run-vitest.mjs run --configLoader bundle test/spatialTools.test.ts test/spatialAiContext.test.ts"}
{"type":"line","id":"authoring-2404863","description":"task11 scoped validation","line":""}
{"type":"line","id":"authoring-2404863","description":"task11 scoped validation","line":""}
{"type":"line","id":"authoring-2404863","description":"task11 scoped validation","line":" RUN  v3.2.4 /home/main/z-project/rpg-zzu-tile-to-world/.omo/worktrees/spatial-ai-tools"}
{"type":"line","id":"authoring-2404863","description":"task11 scoped validation","line":""}
{"type":"line","id":"authoring-2404863","description":"task11 scoped validation","line":" ✓ test/spatialAiContext.test.ts (1 test) 343ms"}
{"type":"line","id":"authoring-2404863","description":"task11 scoped validation","line":"   ✓ includes machine-readable frozen source provenance when canonical authoring is active  341ms"}
{"type":"line","id":"authoring-2404863","description":"task11 scoped validation","line":" ✓ test/spatialTools.test.ts (13 tests) 8993ms"}
{"type":"line","id":"authoring-2404863","description":"task11 scoped validation","line":"   ✓ registered canonical spatial tools > changes only the source when a revision is explicitly replaced  870ms"}
{"type":"line","id":"authoring-2404863","description":"task11 scoped validation","line":"   ✓ registered canonical spatial tools > compiles only on the detached draft when an issued preview is applied  1490ms"}
{"type":"line","id":"authoring-2404863","description":"task11 scoped validation","line":"   ✓ registered canonical spatial tools > rejects forged preview acceptance without mutation  819ms"}
{"type":"line","id":"authoring-2404863","description":"task11 scoped validation","line":"   ✓ registered canonical spatial tools > rejects stale preview acceptance without mutation  1058ms"}
{"type":"line","id":"authoring-2404863","description":"task11 scoped validation","line":"   ✓ registered canonical spatial tools > rejects foreign preview acceptance without mutation  818ms"}
{"type":"line","id":"authoring-2404863","description":"task11 scoped validation","line":"   ✓ registered canonical spatial tools > rejects spent preview acceptance without mutation  1643ms"}
{"type":"line","id":"authoring-2404863","description":"task11 scoped validation","line":"   ✓ registered canonical spatial tools > retains preview lineage when the normal assistant draft is cloned  1300ms"}
{"type":"line","id":"authoring-2404863","description":"task11 scoped validation","line":""}
{"type":"line","id":"authoring-2404863","description":"task11 scoped validation","line":" Test Files  2 passed (2)"}
{"type":"line","id":"authoring-2404863","description":"task11 scoped validation","line":"      Tests  14 passed (14)"}
{"type":"line","id":"authoring-2404863","description":"task11 scoped validation","line":"   Start at  01:29:11"}
{"type":"line","id":"authoring-2404863","description":"task11 scoped validation","line":"   Duration  26.36s (transform 13.72s, setup 0ms, collect 33.28s, tests 9.34s, environment 1ms, prepare 592ms)"}
{"type":"line","id":"authoring-2404863","description":"task11 scoped validation","line":""}
{"type":"summary","id":"authoring-2404863","description":"task11 scoped validation","summary":"watcher completed (exit code 0)"}

> rpg-zzu@0.1.0 test
> node scripts/run-vitest.mjs run --configLoader bundle test/spatialTools.test.ts test/spatialAiContext.test.ts


 RUN  v3.2.4 /home/main/z-project/rpg-zzu-tile-to-world/.omo/worktrees/spatial-ai-tools

 ✓ test/spatialAiContext.test.ts (1 test) 343ms
   ✓ includes machine-readable frozen source provenance when canonical authoring is active  341ms
 ✓ test/spatialTools.test.ts (13 tests) 8993ms
   ✓ registered canonical spatial tools > changes only the source when a revision is explicitly replaced  870ms
   ✓ registered canonical spatial tools > compiles only on the detached draft when an issued preview is applied  1490ms
   ✓ registered canonical spatial tools > rejects forged preview acceptance without mutation  819ms
   ✓ registered canonical spatial tools > rejects stale preview acceptance without mutation  1058ms
   ✓ registered canonical spatial tools > rejects foreign preview acceptance without mutation  818ms
   ✓ registered canonical spatial tools > rejects spent preview acceptance without mutation  1643ms
   ✓ registered canonical spatial tools > retains preview lineage when the normal assistant draft is cloned  1300ms

 Test Files  2 passed (2)
      Tests  14 passed (14)
   Start at  01:29:11
   Duration  26.36s (transform 13.72s, setup 0ms, collect 33.28s, tests 9.34s, environment 1ms, prepare 592ms)


monitor_exit={"backend":"pipe-fallback","exitCode":0,"signal":null,"cancelled":false,"timedOut":false}
