monitor_id=mon_4Z30TGH1EZAF18ZT
{"type":"line","id":"authoring-3287980","description":"task11 scoped validation","line":""}
{"type":"line","id":"authoring-3287980","description":"task11 scoped validation","line":"> rpg-zzu@0.1.0 test"}
{"type":"line","id":"authoring-3287980","description":"task11 scoped validation","line":"> node scripts/run-vitest.mjs run --configLoader bundle test/spatialLegacyTools.test.ts"}
{"type":"line","id":"authoring-3287980","description":"task11 scoped validation","line":""}
{"type":"line","id":"authoring-3287980","description":"task11 scoped validation","line":""}
{"type":"line","id":"authoring-3287980","description":"task11 scoped validation","line":" RUN  v3.2.4 /home/main/z-project/rpg-zzu-tile-to-world/.omo/worktrees/spatial-ai-tools"}
{"type":"line","id":"authoring-3287980","description":"task11 scoped validation","line":""}
{"type":"line","id":"authoring-3287980","description":"task11 scoped validation","line":" ✓ test/spatialLegacyTools.test.ts (8 tests) 21676ms"}
{"type":"line","id":"authoring-3287980","description":"task11 scoped validation","line":"   ✓ legacy tools with active canonical designs > looks up the canonical source rather than retired empty catalogs  1443ms"}
{"type":"line","id":"authoring-3287980","description":"task11 scoped validation","line":"   ✓ legacy tools with active canonical designs > places canonical sources without reviving retired furniture  3306ms"}
{"type":"line","id":"authoring-3287980","description":"task11 scoped validation","line":"   ✓ legacy tools with active canonical designs > resolves linked house and village program content from canonical definitions  601ms"}
{"type":"line","id":"authoring-3287980","description":"task11 scoped validation","line":"   ✓ legacy tools with active canonical designs > builds linked houses with frozen canonical occurrences through the actual facade  4561ms"}
{"type":"line","id":"authoring-3287980","description":"task11 scoped validation","line":"   ✓ legacy tools with active canonical designs > builds village-linked interiors from the same canonical frozen source  2071ms"}
{"type":"line","id":"authoring-3287980","description":"task11 scoped validation","line":"   ✓ legacy tools with active canonical designs > authors a village through the registered facade with canonical interiors  8924ms"}
{"type":"line","id":"authoring-3287980","description":"task11 scoped validation","line":"   ✓ legacy tools with active canonical designs > binds ordinary interior rooms to canonical selections  574ms"}
{"type":"line","id":"authoring-3287980","description":"task11 scoped validation","line":""}
{"type":"line","id":"authoring-3287980","description":"task11 scoped validation","line":" Test Files  1 passed (1)"}
{"type":"line","id":"authoring-3287980","description":"task11 scoped validation","line":"      Tests  8 passed (8)"}
{"type":"line","id":"authoring-3287980","description":"task11 scoped validation","line":"   Start at  02:00:52"}
{"type":"line","id":"authoring-3287980","description":"task11 scoped validation","line":"   Duration  44.27s (transform 15.52s, setup 0ms, collect 21.45s, tests 21.68s, environment 0ms, prepare 186ms)"}
{"type":"line","id":"authoring-3287980","description":"task11 scoped validation","line":""}
{"type":"line","id":"authoring-3287980","description":"task11 scoped validation","line":""}
{"type":"line","id":"authoring-3287980","description":"task11 scoped validation","line":"> rpg-zzu@0.1.0 typecheck:app"}
{"type":"line","id":"authoring-3287980","description":"task11 scoped validation","line":"> tsc --noEmit -p tsconfig.app.json"}
{"type":"line","id":"authoring-3287980","description":"task11 scoped validation","line":""}
{"type":"line","id":"authoring-3287980","description":"task11 scoped validation","line":"[edit-activity] 디스크 미러 실패 (/__oprn/edit-activity: fetch() URL is invalid) — output/edit-activity/ 가 갱신되지 않는다."}
{"type":"line","id":"authoring-3287980","description":"task11 scoped validation","line":"{\"status\":\"passed\",\"transcript\":\"output/evidence/tile-to-world/task-17/tool-transcript.json\",\"calls\":7,\"bedCount\":2,\"undoRedoExact\":true}"}
{"type":"summary","id":"authoring-3287980","description":"task11 scoped validation","summary":"watcher completed (exit code 0)"}

> rpg-zzu@0.1.0 test
> node scripts/run-vitest.mjs run --configLoader bundle test/spatialLegacyTools.test.ts


 RUN  v3.2.4 /home/main/z-project/rpg-zzu-tile-to-world/.omo/worktrees/spatial-ai-tools

 ✓ test/spatialLegacyTools.test.ts (8 tests) 21676ms
   ✓ legacy tools with active canonical designs > looks up the canonical source rather than retired empty catalogs  1443ms
   ✓ legacy tools with active canonical designs > places canonical sources without reviving retired furniture  3306ms
   ✓ legacy tools with active canonical designs > resolves linked house and village program content from canonical definitions  601ms
   ✓ legacy tools with active canonical designs > builds linked houses with frozen canonical occurrences through the actual facade  4561ms
   ✓ legacy tools with active canonical designs > builds village-linked interiors from the same canonical frozen source  2071ms
   ✓ legacy tools with active canonical designs > authors a village through the registered facade with canonical interiors  8924ms
   ✓ legacy tools with active canonical designs > binds ordinary interior rooms to canonical selections  574ms

 Test Files  1 passed (1)
      Tests  8 passed (8)
   Start at  02:00:52
   Duration  44.27s (transform 15.52s, setup 0ms, collect 21.45s, tests 21.68s, environment 0ms, prepare 186ms)


> rpg-zzu@0.1.0 typecheck:app
> tsc --noEmit -p tsconfig.app.json

[edit-activity] 디스크 미러 실패 (/__oprn/edit-activity: fetch() URL is invalid) — output/edit-activity/ 가 갱신되지 않는다.
{"status":"passed","transcript":"output/evidence/tile-to-world/task-17/tool-transcript.json","calls":7,"bedCount":2,"undoRedoExact":true}

monitor_exit={"backend":"pipe-fallback","exitCode":0,"signal":null,"cancelled":false,"timedOut":false}
