monitor_id=mon_WYRD6P1T3EFDTPMM
{"type":"line","id":"authoring-3113724","description":"task11 scoped validation","line":""}
{"type":"line","id":"authoring-3113724","description":"task11 scoped validation","line":"> rpg-zzu@0.1.0 test"}
{"type":"line","id":"authoring-3113724","description":"task11 scoped validation","line":"> node scripts/run-vitest.mjs run --configLoader bundle test/spatialToolAcceptance.test.ts test/spatialLegacyTools.test.ts"}
{"type":"line","id":"authoring-3113724","description":"task11 scoped validation","line":""}
{"type":"line","id":"authoring-3113724","description":"task11 scoped validation","line":""}
{"type":"line","id":"authoring-3113724","description":"task11 scoped validation","line":" RUN  v3.2.4 /home/main/z-project/rpg-zzu-tile-to-world/.omo/worktrees/spatial-ai-tools"}
{"type":"line","id":"authoring-3113724","description":"task11 scoped validation","line":""}
{"type":"line","id":"authoring-3113724","description":"task11 scoped validation","line":" ❯ test/spatialToolAcceptance.test.ts (6 tests | 1 failed) 5971ms"}
{"type":"line","id":"authoring-3113724","description":"task11 scoped validation","line":"   ✓ spatial proposals at the actual shared acceptance boundary > accepts the authored source in one reversible transaction  1624ms"}
{"type":"line","id":"authoring-3113724","description":"task11 scoped validation","line":"   ✓ spatial proposals at the actual shared acceptance boundary > rejects a changed live source before any publication  851ms"}
{"type":"line","id":"authoring-3113724","description":"task11 scoped validation","line":"   ✓ spatial proposals at the actual shared acceptance boundary > rejects a changed live map before any publication  1211ms"}
{"type":"line","id":"authoring-3113724","description":"task11 scoped validation","line":"   ✓ spatial proposals at the actual shared acceptance boundary > rejects a changed live identity before any publication  988ms"}
{"type":"line","id":"authoring-3113724","description":"task11 scoped validation","line":"   × spatial proposals at the actual shared acceptance boundary > rejects a forged project snapshot even when its spatial document is unchanged 602ms"}
{"type":"line","id":"authoring-3113724","description":"task11 scoped validation","line":"     → expected true to be false // Object.is equality"}
{"type":"line","id":"authoring-3113724","description":"task11 scoped validation","line":"   ✓ spatial proposals at the actual shared acceptance boundary > rejects a stale generic map proposal in canonical mode  692ms"}
{"type":"line","id":"authoring-3113724","description":"task11 scoped validation","line":" ✓ test/spatialLegacyTools.test.ts (7 tests) 9047ms"}
{"type":"line","id":"authoring-3113724","description":"task11 scoped validation","line":"   ✓ legacy tools with active canonical designs > looks up the canonical source rather than retired empty catalogs  661ms"}
{"type":"line","id":"authoring-3113724","description":"task11 scoped validation","line":"   ✓ legacy tools with active canonical designs > places canonical sources without reviving retired furniture  2420ms"}
{"type":"line","id":"authoring-3113724","description":"task11 scoped validation","line":"   ✓ legacy tools with active canonical designs > resolves linked house and village program content from canonical definitions  514ms"}
{"type":"line","id":"authoring-3113724","description":"task11 scoped validation","line":"   ✓ legacy tools with active canonical designs > builds linked houses with frozen canonical occurrences through the actual facade  3323ms"}
{"type":"line","id":"authoring-3113724","description":"task11 scoped validation","line":"   ✓ legacy tools with active canonical designs > builds village-linked interiors from the same canonical frozen source  1638ms"}
{"type":"line","id":"authoring-3113724","description":"task11 scoped validation","line":"   ✓ legacy tools with active canonical designs > binds ordinary interior rooms to canonical selections  375ms"}
{"type":"line","id":"authoring-3113724","description":"task11 scoped validation","line":""}
{"type":"line","id":"authoring-3113724","description":"task11 scoped validation","line":"⎯⎯⎯⎯⎯⎯⎯ Failed Tests 1 ⎯⎯⎯⎯⎯⎯⎯"}
{"type":"line","id":"authoring-3113724","description":"task11 scoped validation","line":""}
{"type":"line","id":"authoring-3113724","description":"task11 scoped validation","line":" FAIL  test/spatialToolAcceptance.test.ts > spatial proposals at the actual shared acceptance boundary > rejects a forged project snapshot even when its spatial document is unchanged"}
{"type":"line","id":"authoring-3113724","description":"task11 scoped validation","line":"AssertionError: expected true to be false // Object.is equality"}
{"type":"line","id":"authoring-3113724","description":"task11 scoped validation","line":""}
{"type":"line","id":"authoring-3113724","description":"task11 scoped validation","line":"\u001b[32m- Expected\u001b[39m"}
{"type":"line","id":"authoring-3113724","description":"task11 scoped validation","line":"\u001b[31m+ Received\u001b[39m"}
{"type":"line","id":"authoring-3113724","description":"task11 scoped validation","line":""}
{"type":"line","id":"authoring-3113724","description":"task11 scoped validation","line":"\u001b[32m- false\u001b[39m"}
{"type":"line","id":"authoring-3113724","description":"task11 scoped validation","line":"\u001b[31m+ true\u001b[39m"}
{"type":"line","id":"authoring-3113724","description":"task11 scoped validation","line":""}
{"type":"line","id":"authoring-3113724","description":"task11 scoped validation","line":" ❯ test/spatialToolAcceptance.test.ts:64:23"}
{"type":"line","id":"authoring-3113724","description":"task11 scoped validation","line":"     62|     const result = await applyProposedProject(proposed, options);"}
{"type":"line","id":"authoring-3113724","description":"task11 scoped validation","line":"     63|     // Then"}
{"type":"line","id":"authoring-3113724","description":"task11 scoped validation","line":"     64|     expect(result.ok).toBe(false);"}
{"type":"line","id":"authoring-3113724","description":"task11 scoped validation","line":"       |                       ^"}
{"type":"line","id":"authoring-3113724","description":"task11 scoped validation","line":"     65|     expect(JSON.stringify(store.getCurrent())).toBe(before);"}
{"type":"line","id":"authoring-3113724","description":"task11 scoped validation","line":"     66|   });"}
{"type":"line","id":"authoring-3113724","description":"task11 scoped validation","line":""}
{"type":"line","id":"authoring-3113724","description":"task11 scoped validation","line":"⎯⎯⎯⎯⎯⎯⎯⎯⎯⎯⎯⎯⎯⎯⎯⎯⎯⎯⎯⎯⎯⎯⎯⎯[1/1]⎯"}
{"type":"line","id":"authoring-3113724","description":"task11 scoped validation","line":""}
{"type":"line","id":"authoring-3113724","description":"task11 scoped validation","line":""}
{"type":"line","id":"authoring-3113724","description":"task11 scoped validation","line":" Test Files  1 failed | 1 passed (2)"}
{"type":"line","id":"authoring-3113724","description":"task11 scoped validation","line":"      Tests  1 failed | 12 passed (13)"}
{"type":"line","id":"authoring-3113724","description":"task11 scoped validation","line":"   Start at  01:47:31"}
{"type":"line","id":"authoring-3113724","description":"task11 scoped validation","line":"   Duration  18.52s (transform 7.86s, setup 0ms, collect 17.63s, tests 15.02s, environment 1ms, prepare 314ms)"}
{"type":"line","id":"authoring-3113724","description":"task11 scoped validation","line":""}
{"type":"summary","id":"authoring-3113724","description":"task11 scoped validation","summary":"watcher exited_1 (exit code 1)"}

> rpg-zzu@0.1.0 test
> node scripts/run-vitest.mjs run --configLoader bundle test/spatialToolAcceptance.test.ts test/spatialLegacyTools.test.ts


 RUN  v3.2.4 /home/main/z-project/rpg-zzu-tile-to-world/.omo/worktrees/spatial-ai-tools

 ❯ test/spatialToolAcceptance.test.ts (6 tests | 1 failed) 5971ms
   ✓ spatial proposals at the actual shared acceptance boundary > accepts the authored source in one reversible transaction  1624ms
   ✓ spatial proposals at the actual shared acceptance boundary > rejects a changed live source before any publication  851ms
   ✓ spatial proposals at the actual shared acceptance boundary > rejects a changed live map before any publication  1211ms
   ✓ spatial proposals at the actual shared acceptance boundary > rejects a changed live identity before any publication  988ms
   × spatial proposals at the actual shared acceptance boundary > rejects a forged project snapshot even when its spatial document is unchanged 602ms
     → expected true to be false // Object.is equality
   ✓ spatial proposals at the actual shared acceptance boundary > rejects a stale generic map proposal in canonical mode  692ms
 ✓ test/spatialLegacyTools.test.ts (7 tests) 9047ms
   ✓ legacy tools with active canonical designs > looks up the canonical source rather than retired empty catalogs  661ms
   ✓ legacy tools with active canonical designs > places canonical sources without reviving retired furniture  2420ms
   ✓ legacy tools with active canonical designs > resolves linked house and village program content from canonical definitions  514ms
   ✓ legacy tools with active canonical designs > builds linked houses with frozen canonical occurrences through the actual facade  3323ms
   ✓ legacy tools with active canonical designs > builds village-linked interiors from the same canonical frozen source  1638ms
   ✓ legacy tools with active canonical designs > binds ordinary interior rooms to canonical selections  375ms

⎯⎯⎯⎯⎯⎯⎯ Failed Tests 1 ⎯⎯⎯⎯⎯⎯⎯

 FAIL  test/spatialToolAcceptance.test.ts > spatial proposals at the actual shared acceptance boundary > rejects a forged project snapshot even when its spatial document is unchanged
AssertionError: expected true to be false // Object.is equality

[32m- Expected[39m
[31m+ Received[39m

[32m- false[39m
[31m+ true[39m

 ❯ test/spatialToolAcceptance.test.ts:64:23
     62|     const result = await applyProposedProject(proposed, options);
     63|     // Then
     64|     expect(result.ok).toBe(false);
       |                       ^
     65|     expect(JSON.stringify(store.getCurrent())).toBe(before);
     66|   });

⎯⎯⎯⎯⎯⎯⎯⎯⎯⎯⎯⎯⎯⎯⎯⎯⎯⎯⎯⎯⎯⎯⎯⎯[1/1]⎯


 Test Files  1 failed | 1 passed (2)
      Tests  1 failed | 12 passed (13)
   Start at  01:47:31
   Duration  18.52s (transform 7.86s, setup 0ms, collect 17.63s, tests 15.02s, environment 1ms, prepare 314ms)


monitor_exit={"backend":"pipe-fallback","exitCode":1,"signal":null,"cancelled":false,"timedOut":false}
