monitor_id=mon_KJK6ZAJTQSA732MY
{"type":"line","id":"authoring-2342858","description":"task11 scoped validation","line":""}
{"type":"line","id":"authoring-2342858","description":"task11 scoped validation","line":"> rpg-zzu@0.1.0 test"}
{"type":"line","id":"authoring-2342858","description":"task11 scoped validation","line":"> node scripts/run-vitest.mjs run --configLoader bundle test/spatialTools.test.ts test/spatialAiContext.test.ts"}
{"type":"line","id":"authoring-2342858","description":"task11 scoped validation","line":""}
{"type":"line","id":"authoring-2342858","description":"task11 scoped validation","line":""}
{"type":"line","id":"authoring-2342858","description":"task11 scoped validation","line":" RUN  v3.2.4 /home/main/z-project/rpg-zzu-tile-to-world/.omo/worktrees/spatial-ai-tools"}
{"type":"line","id":"authoring-2342858","description":"task11 scoped validation","line":""}
{"type":"line","id":"authoring-2342858","description":"task11 scoped validation","line":" ❯ test/spatialAiContext.test.ts (1 test | 1 failed) 361ms"}
{"type":"line","id":"authoring-2342858","description":"task11 scoped validation","line":"   × includes machine-readable frozen source provenance when canonical authoring is active 359ms"}
{"type":"line","id":"authoring-2342858","description":"task11 scoped validation","line":"     → expected undefined to be defined"}
{"type":"line","id":"authoring-2342858","description":"task11 scoped validation","line":" ❯ test/spatialTools.test.ts (13 tests | 9 failed) 1612ms"}
{"type":"line","id":"authoring-2342858","description":"task11 scoped validation","line":"   × registered canonical spatial tools > exposes the five native tools when the registry is queried 26ms"}
{"type":"line","id":"authoring-2342858","description":"task11 scoped validation","line":"     → expected [ 'find_tools', …(201) ] to deeply equal ArrayContaining{…}"}
{"type":"line","id":"authoring-2342858","description":"task11 scoped validation","line":"   × registered canonical spatial tools > keeps reads pure when a source is discovered and resolved 156ms"}
{"type":"line","id":"authoring-2342858","description":"task11 scoped validation","line":"     → 알 수 없는 툴: get_spatial_design: expected false to be true // Object.is equality"}
{"type":"line","id":"authoring-2342858","description":"task11 scoped validation","line":"   × registered canonical spatial tools > changes only the source when a revision is explicitly replaced 70ms"}
{"type":"line","id":"authoring-2342858","description":"task11 scoped validation","line":"     → 알 수 없는 툴: upsert_spatial_design: expected false to be true // Object.is equality"}
{"type":"line","id":"authoring-2342858","description":"task11 scoped validation","line":"   × registered canonical spatial tools > compiles only on the detached draft when an issued preview is applied 97ms"}
{"type":"line","id":"authoring-2342858","description":"task11 scoped validation","line":"     → 알 수 없는 툴: preview_spatial_build: expected false to be true // Object.is equality"}
{"type":"line","id":"authoring-2342858","description":"task11 scoped validation","line":"   × registered canonical spatial tools > rejects forged preview acceptance without mutation 76ms"}
{"type":"line","id":"authoring-2342858","description":"task11 scoped validation","line":"     → 알 수 없는 툴: preview_spatial_build: expected false to be true // Object.is equality"}
{"type":"line","id":"authoring-2342858","description":"task11 scoped validation","line":"   × registered canonical spatial tools > rejects stale preview acceptance without mutation 72ms"}
{"type":"line","id":"authoring-2342858","description":"task11 scoped validation","line":"     → 알 수 없는 툴: preview_spatial_build: expected false to be true // Object.is equality"}
{"type":"line","id":"authoring-2342858","description":"task11 scoped validation","line":"   × registered canonical spatial tools > rejects foreign preview acceptance without mutation 53ms"}
{"type":"line","id":"authoring-2342858","description":"task11 scoped validation","line":"     → 알 수 없는 툴: preview_spatial_build: expected false to be true // Object.is equality"}
{"type":"line","id":"authoring-2342858","description":"task11 scoped validation","line":"   × registered canonical spatial tools > rejects spent preview acceptance without mutation 97ms"}
{"type":"line","id":"authoring-2342858","description":"task11 scoped validation","line":"     → 알 수 없는 툴: preview_spatial_build: expected false to be true // Object.is equality"}
{"type":"line","id":"authoring-2342858","description":"task11 scoped validation","line":"   ✓ registered canonical spatial tools > rejects missing source writes without partial changes 138ms"}
{"type":"line","id":"authoring-2342858","description":"task11 scoped validation","line":"   ✓ registered canonical spatial tools > rejects cycle source writes without partial changes 107ms"}
{"type":"line","id":"authoring-2342858","description":"task11 scoped validation","line":"   ✓ registered canonical spatial tools > rejects overwrite source writes without partial changes 119ms"}
{"type":"line","id":"authoring-2342858","description":"task11 scoped validation","line":"   ✓ registered canonical spatial tools > rejects malformed hierarchy when a generic write bypasses spatial tools  529ms"}
{"type":"line","id":"authoring-2342858","description":"task11 scoped validation","line":"   × registered canonical spatial tools > retains preview lineage when the normal assistant draft is cloned 65ms"}
{"type":"line","id":"authoring-2342858","description":"task11 scoped validation","line":"     → 알 수 없는 툴: preview_spatial_build: expected false to be true // Object.is equality"}
{"type":"line","id":"authoring-2342858","description":"task11 scoped validation","line":""}
{"type":"line","id":"authoring-2342858","description":"task11 scoped validation","line":"⎯⎯⎯⎯⎯⎯ Failed Tests 10 ⎯⎯⎯⎯⎯⎯⎯"}
{"type":"line","id":"authoring-2342858","description":"task11 scoped validation","line":""}
{"type":"line","id":"authoring-2342858","description":"task11 scoped validation","line":" FAIL  test/spatialAiContext.test.ts > includes machine-readable frozen source provenance when canonical authoring is active"}
{"type":"line","id":"authoring-2342858","description":"task11 scoped validation","line":"AssertionError: expected undefined to be defined"}
{"type":"line","id":"authoring-2342858","description":"task11 scoped validation","line":" ❯ test/spatialAiContext.test.ts:15:19"}
{"type":"line","id":"authoring-2342858","description":"task11 scoped validation","line":"     13|   // Then: parsed structural payload, not prose."}
{"type":"line","id":"authoring-2342858","description":"task11 scoped validation","line":"     14|   const payload = context.match(/<spatial-authoring>(.*?)<\\/spatial-au…"}
{"type":"line","id":"authoring-2342858","description":"task11 scoped validation","line":"     15|   expect(payload).toBeDefined();"}
{"type":"line","id":"authoring-2342858","description":"task11 scoped validation","line":"       |                   ^"}
{"type":"line","id":"authoring-2342858","description":"task11 scoped validation","line":"     16|   if (!payload) throw new TypeError(\"Missing spatial context payload\");"}
{"type":"line","id":"authoring-2342858","description":"task11 scoped validation","line":"     17|   const parsed: unknown = JSON.parse(payload);"}
{"type":"line","id":"authoring-2342858","description":"task11 scoped validation","line":""}
{"type":"line","id":"authoring-2342858","description":"task11 scoped validation","line":"⎯⎯⎯⎯⎯⎯⎯⎯⎯⎯⎯⎯⎯⎯⎯⎯⎯⎯⎯⎯⎯⎯⎯[1/10]⎯"}
{"type":"line","id":"authoring-2342858","description":"task11 scoped validation","line":""}
{"type":"line","id":"authoring-2342858","description":"task11 scoped validation","line":" FAIL  test/spatialTools.test.ts > registered canonical spatial tools > exposes the five native tools when the registry is queried"}
{"type":"line","id":"authoring-2342858","description":"task11 scoped validation","line":"AssertionError: expected [ 'find_tools', …(201) ] to deeply equal ArrayContaining{…}"}
{"type":"line","id":"authoring-2342858","description":"task11 scoped validation","line":""}
{"type":"line","id":"authoring-2342858","description":"task11 scoped validation","line":"\u001b[32m- Expected\u001b[39m"}
{"type":"line","id":"authoring-2342858","description":"task11 scoped validation","line":"\u001b[31m+ Received\u001b[39m"}
{"type":"line","id":"authoring-2342858","description":"task11 scoped validation","line":""}
{"type":"line","id":"authoring-2342858","description":"task11 scoped validation","line":"\u001b[32m- ArrayContaining [\u001b[39m"}
{"type":"line","id":"authoring-2342858","description":"task11 scoped validation","line":"\u001b[32m-   \"list_spatial_designs\",\u001b[39m"}
{"type":"line","id":"authoring-2342858","description":"task11 scoped validation","line":"\u001b[32m-   \"get_spatial_design\",\u001b[39m"}
{"type":"line","id":"authoring-2342858","description":"task11 scoped validation","line":"\u001b[32m-   \"upsert_spatial_design\",\u001b[39m"}
{"type":"line","id":"authoring-2342858","description":"task11 scoped validation","line":"\u001b[32m-   \"preview_spatial_build\",\u001b[39m"}
{"type":"line","id":"authoring-2342858","description":"task11 scoped validation","line":"\u001b[32m-   \"apply_spatial_build\",\u001b[39m"}
{"type":"line","id":"authoring-2342858","description":"task11 scoped validation","line":"\u001b[31m+ [\u001b[39m"}
{"type":"line","id":"authoring-2342858","description":"task11 scoped validation","line":"\u001b[31m+   \"find_tools\",\u001b[39m"}
{"type":"line","id":"authoring-2342858","description":"task11 scoped validation","line":"\u001b[31m+   \"read_project_wiki\",\u001b[39m"}
{"type":"line","id":"authoring-2342858","description":"task11 scoped validation","line":"\u001b[31m+   \"reset_project\",\u001b[39m"}
{"type":"line","id":"authoring-2342858","description":"task11 scoped validation","line":"\u001b[31m+   \"set_project_settings\",\u001b[39m"}
{"type":"line","id":"authoring-2342858","description":"task11 scoped validation","line":"\u001b[31m+   \"author_house\",\u001b[39m"}
{"type":"line","id":"authoring-2342858","description":"task11 scoped validation","line":"\u001b[31m+   \"author_village\",\u001b[39m"}
{"type":"line","id":"authoring-2342858","description":"task11 scoped validation","line":"\u001b[31m+   \"get_world_structure_rules\",\u001b[39m"}
{"type":"line","id":"authoring-2342858","description":"task11 scoped validation","line":"\u001b[31m+   \"author_world_bridge\",\u001b[39m"}
{"type":"line","id":"authoring-2342858","description":"task11 scoped validation","line":"\u001b[31m+   \"author_world_mountain\",\u001b[39m"}
{"type":"line","id":"authoring-2342858","description":"task11 scoped validation","line":"\u001b[31m+   \"build_wall\",\u001b[39m"}
{"type":"line","id":"authoring-2342858","description":"task11 scoped validation","line":"\u001b[31m+   \"build_roof\",\u001b[39m"}
{"type":"line","id":"authoring-2342858","description":"task11 scoped validation","line":"\u001b[31m+   \"place_door\",\u001b[39m"}
{"type":"line","id":"authoring-2342858","description":"task11 scoped validation","line":"\u001b[31m+   \"place_window\",\u001b[39m"}
{"type":"line","id":"authoring-2342858","description":"task11 scoped validation","line":"\u001b[31m+   \"lay_path\",\u001b[39m"}
{"type":"line","id":"authoring-2342858","description":"task11 scoped validation","line":"\u001b[31m+   \"place_props\",\u001b[39m"}
{"type":"line","id":"authoring-2342858","description":"task11 scoped validation","line":"\u001b[31m+   \"fill_region\",\u001b[39m"}
{"type":"line","id":"authoring-2342858","description":"task11 scoped validation","line":"\u001b[31m+   \"arrange_rows\",\u001b[39m"}
{"type":"line","id":"authoring-2342858","description":"task11 scoped validation","line":"\u001b[31m+   \"tile_erase\",\u001b[39m"}
{"type":"line","id":"authoring-2342858","description":"task11 scoped validation","line":"\u001b[31m+   \"look_at_houses\",\u001b[39m"}
{"type":"line","id":"authoring-2342858","description":"task11 scoped validation","line":"\u001b[31m+   \"evaluate_village_look\",\u001b[39m"}
{"type":"line","id":"authoring-2342858","description":"task11 scoped validation","line":"\u001b[31m+   \"critique_village\",\u001b[39m"}
{"type":"line","id":"authoring-2342858","description":"task11 scoped validation","line":"\u001b[31m+   \"list_village_tree_assets\",\u001b[39m"}
{"type":"line","id":"authoring-2342858","description":"task11 scoped validation","line":"\u001b[31m+   \"get_village_session\",\u001b[39m"}
{"type":"line","id":"authoring-2342858","description":"task11 scoped validation","line":"\u001b[31m+   \"evaluate_village_layer\",\u001b[39m"}
{"type":"line","id":"authoring-2342858","description":"task11 scoped validation","line":"\u001b[31m+   \"start_interior_room_session\",\u001b[39m"}
{"type":"line","id":"authoring-2342858","description":"task11 scoped validation","line":"\u001b[31m+   \"advance_interior_room_build\",\u001b[39m"}
{"type":"line","id":"authoring-2342858","description":"task11 scoped validation","line":"\u001b[31m+   \"run_interior_room_pipeline\",\u001b[39m"}
{"type":"line","id":"authoring-2342858","description":"task11 scoped validation","line":"\u001b[31m+   \"furnish_interior_space\",\u001b[39m"}
{"type":"line","id":"authoring-2342858","description":"task11 scoped validation","line":"\u001b[31m+   \"evaluate_interior_room\",\u001b[39m"}
{"type":"line","id":"authoring-2342858","description":"task11 scoped validation","line":"\u001b[31m+   \"list_interior_room_demos\",\u001b[39m"}
{"type":"line","id":"authoring-2342858","description":"task11 scoped validation","line":"\u001b[31m+   \"list_interior_room_sessions\",\u001b[39m"}
{"type":"line","id":"authoring-2342858","description":"task11 scoped validation","line":"\u001b[31m+   \"get_concept_facility\",\u001b[39m"}
{"type":"line","id":"authoring-2342858","description":"task11 scoped validation","line":"\u001b[31m+   \"place_concept\",\u001b[39m"}
{"type":"line","id":"authoring-2342858","description":"task11 scoped validation","line":"\u001b[31m+   \"start_dungeon_room_session\",\u001b[39m"}
{"type":"line","id":"authoring-2342858","description":"task11 scoped validation","line":"\u001b[31m+   \"advance_dungeon_room_build\",\u001b[39m"}
{"type":"line","id":"authoring-2342858","description":"task11 scoped validation","line":"\u001b[31m+   \"run_dungeon_room_pipeline\",\u001b[39m"}
{"type":"line","id":"authoring-2342858","description":"task11 scoped validation","line":"\u001b[31m+   \"evaluate_dungeon_room\",\u001b[39m"}
{"type":"line","id":"authoring-2342858","description":"task11 scoped validation","line":"\u001b[31m+   \"list_dungeon_room_themes\",\u001b[39m"}
{"type":"line","id":"authoring-2342858","description":"task11 scoped validation","line":"\u001b[31m+   \"build_castle\",\u001b[39m"}
{"type":"line","id":"authoring-2342858","description":"task11 scoped validation","line":"\u001b[31m+   \"list_structure_kits\",\u001b[39m"}
{"type":"line","id":"authoring-2342858","description":"task11 scoped validation","line":"\u001b[31m+   \"register_structure_kit\",\u001b[39m"}
{"type":"line","id":"authoring-2342858","description":"task11 scoped validation","line":"\u001b[31m+   \"tile_query\",\u001b[39m"}
{"type":"line","id":"authoring-2342858","description":"task11 scoped validation","line":"\u001b[31m+   \"create_map\",\u001b[39m"}
{"type":"line","id":"authoring-2342858","description":"task11 scoped validation","line":"\u001b[31m+   \"duplicate_map\",\u001b[39m"}
{"type":"line","id":"authoring-2342858","description":"task11 scoped validation","line":"\u001b[31m+   \"manage_map_tree\",\u001b[39m"}
{"type":"line","id":"authoring-2342858","description":"task11 scoped validation","line":"\u001b[31m+   \"paint_road\",\u001b[39m"}
{"type":"line","id":"authoring-2342858","description":"task11 scoped validation","line":"\u001b[31m+   \"preview_house\",\u001b[39m"}
{"type":"line","id":"authoring-2342858","description":"task11 scoped validation","line":"\u001b[31m+   \"mirror_region\",\u001b[39m"}
{"type":"line","id":"authoring-2342858","description":"task11 scoped validation","line":"\u001b[31m+   \"copy_map_region\",\u001b[39m"}
{"type":"line","id":"authoring-2342858","description":"task11 scoped validation","line":"\u001b[31m+   \"set_start_position\",\u001b[39m"}
{"type":"line","id":"authoring-2342858","description":"task11 scoped validation","line":"\u001b[31m+   \"set_map_properties\",\u001b[39m"}
{"type":"line","id":"authoring-2342858","description":"task11 scoped validation","line":"\u001b[31m+   \"set_encounter_table\",\u001b[39m"}
{"type":"line","id":"authoring-2342858","description":"task11 scoped validation","line":"\u001b[31m+   \"make_hunting_ground\",\u001b[39m"}
{"type":"line","id":"authoring-2342858","description":"task11 scoped validation","line":"\u001b[31m+   \"configure_roguelike_room\",\u001b[39m"}
{"type":"line","id":"authoring-2342858","description":"task11 scoped validation","line":"\u001b[31m+   \"create_farm_plot\",\u001b[39m"}
{"type":"line","id":"authoring-2342858","description":"task11 scoped validation","line":"\u001b[31m+   \"resize_map\",\u001b[39m"}
{"type":"line","id":"authoring-2342858","description":"task11 scoped validation","line":"\u001b[31m+   \"shift_map\",\u001b[39m"}
{"type":"line","id":"authoring-2342858","description":"task11 scoped validation","line":"\u001b[31m+   \"remove_map\",\u001b[39m"}
{"type":"line","id":"authoring-2342858","description":"task11 scoped validation","line":"\u001b[31m+   \"set_action_combat\",\u001b[39m"}
{"type":"line","id":"authoring-2342858","description":"task11 scoped validation","line":"\u001b[31m+   \"make_action_enemy\",\u001b[39m"}
{"type":"line","id":"authoring-2342858","description":"task11 scoped validation","line":"\u001b[31m+   \"set_factions\",\u001b[39m"}
{"type":"line","id":"authoring-2342858","description":"task11 scoped validation","line":"\u001b[31m+   \"generate_map\",\u001b[39m"}
{"type":"line","id":"authoring-2342858","description":"task11 scoped validation","line":"\u001b[31m+   \"upsert_event\",\u001b[39m"}
{"type":"line","id":"authoring-2342858","description":"task11 scoped validation","line":"\u001b[31m+   \"place_npc\",\u001b[39m"}
{"type":"line","id":"authoring-2342858","description":"task11 scoped validation","line":"\u001b[31m+   \"set_npc_schedule\",\u001b[39m"}
{"type":"line","id":"authoring-2342858","description":"task11 scoped validation","line":"\u001b[31m+   \"make_villager\",\u001b[39m"}
{"type":"line","id":"authoring-2342858","description":"task11 scoped validation","line":"\u001b[31m+   \"set_shop_stock\",\u001b[39m"}
{"type":"line","id":"authoring-2342858","description":"task11 scoped validation","line":"\u001b[31m+   \"create_transfer_pair\",\u001b[39m"}
{"type":"line","id":"authoring-2342858","description":"task11 scoped validation","line":"\u001b[31m+   \"place_battle_blocker\",\u001b[39m"}
{"type":"line","id":"authoring-2342858","description":"task11 scoped validation","line":"\u001b[31m+   \"place_trap\",\u001b[39m"}
{"type":"line","id":"authoring-2342858","description":"task11 scoped validation","line":"\u001b[31m+   \"place_chest\",\u001b[39m"}
{"type":"line","id":"authoring-2342858","description":"task11 scoped validation","line":"\u001b[31m+   \"place_storage_chest\",\u001b[39m"}
{"type":"line","id":"authoring-2342858","description":"task11 scoped validation","line":"\u001b[31m+   \"place_savepoint\",\u001b[39m"}
{"type":"line","id":"authoring-2342858","description":"task11 scoped validation","line":"\u001b[31m+   \"make_chase_scene\",\u001b[39m"}
{"type":"line","id":"authoring-2342858","description":"task11 scoped validation","line":"\u001b[31m+   \"configure_object_behavior\",\u001b[39m"}
{"type":"line","id":"authoring-2342858","description":"task11 scoped validation","line":"\u001b[31m+   \"duplicate_event\",\u001b[39m"}
{"type":"line","id":"authoring-2342858","description":"task11 scoped validation","line":"\u001b[31m+   \"remove_event\",\u001b[39m"}
{"type":"line","id":"authoring-2342858","description":"task11 scoped validation","line":"\u001b[31m+   \"move_event\",\u001b[39m"}
{"type":"line","id":"authoring-2342858","description":"task11 scoped validation","line":"\u001b[31m+   \"script_cutscene\",\u001b[39m"}
{"type":"line","id":"authoring-2342858","description":"task11 scoped validation","line":"\u001b[31m+   \"author_npc_cast\",\u001b[39m"}
{"type":"line","id":"authoring-2342858","description":"task11 scoped validation","line":"\u001b[31m+   \"add_companion\",\u001b[39m"}
{"type":"line","id":"authoring-2342858","description":"task11 scoped validation","line":"\u001b[31m+   \"configure_companion_rules\",\u001b[39m"}
{"type":"line","id":"authoring-2342858","description":"task11 scoped validation","line":"\u001b[31m+   \"place_examine_hotspots\",\u001b[39m"}
{"type":"line","id":"authoring-2342858","description":"task11 scoped validation","line":"\u001b[31m+   \"compile_puzzle\",\u001b[39m"}
{"type":"line","id":"authoring-2342858","description":"task11 scoped validation","line":"\u001b[31m+   \"script_cutscene_preset\",\u001b[39m"}
{"type":"line","id":"authoring-2342858","description":"task11 scoped validation","line":"\u001b[31m+   \"make_horror_loop\",\u001b[39m"}
{"type":"line","id":"authoring-2342858","description":"task11 scoped validation","line":"\u001b[31m+   \"make_gallery_room\",\u001b[39m"}
{"type":"line","id":"authoring-2342858","description":"task11 scoped validation","line":"\u001b[31m+   \"set_lighting_volume\",\u001b[39m"}
{"type":"line","id":"authoring-2342858","description":"task11 scoped validation","line":"\u001b[31m+   \"set_scene_mood\",\u001b[39m"}
{"type":"line","id":"authoring-2342858","description":"task11 scoped validation","line":"\u001b[31m+   \"define_ending\",\u001b[39m"}
{"type":"line","id":"authoring-2342858","description":"task11 scoped validation","line":"\u001b[31m+   \"list_endings\",\u001b[39m"}
{"type":"line","id":"authoring-2342858","description":"task11 scoped validation","line":"\u001b[31m+   \"duplicate_database_record\",\u001b[39m"}
{"type":"line","id":"authoring-2342858","description":"task11 scoped validation","line":"\u001b[31m+   \"delete_database_record\",\u001b[39m"}
{"type":"line","id":"authoring-2342858","description":"task11 scoped validation","line":"\u001b[31m+   \"upsert_database_utility\",\u001b[39m"}
{"type":"line","id":"authoring-2342858","description":"task11 scoped validation","line":"\u001b[31m+   \"upsert_item\",\u001b[39m"}
{"type":"line","id":"authoring-2342858","description":"task11 scoped validation","line":"\u001b[31m+   \"upsert_enemy\",\u001b[39m"}
{"type":"line","id":"authoring-2342858","description":"task11 scoped validation","line":"\u001b[31m+   \"upsert_troop\",\u001b[39m"}
{"type":"line","id":"authoring-2342858","description":"task11 scoped validation","line":"\u001b[31m+   \"define_monster_species\",\u001b[39m"}
{"type":"line","id":"authoring-2342858","description":"task11 scoped validation","line":"\u001b[31m+   \"define_crop\",\u001b[39m"}
{"type":"line","id":"authoring-2342858","description":"task11 scoped validation","line":"\u001b[31m+   \"set_type_chart\",\u001b[39m"}
{"type":"line","id":"authoring-2342858","description":"task11 scoped validation","line":"\u001b[31m+   \"give_starter_monsters\",\u001b[39m"}
{"type":"line","id":"authoring-2342858","description":"task11 scoped validation","line":"\u001b[31m+   \"upsert_actor\",\u001b[39m"}
{"type":"line","id":"authoring-2342858","description":"task11 scoped validation","line":"\u001b[31m+   \"upsert_skill\",\u001b[39m"}
{"type":"line","id":"authoring-2342858","description":"task11 scoped validation","line":"\u001b[31m+   \"upsert_equipment\",\u001b[39m"}
{"type":"line","id":"authoring-2342858","description":"task11 scoped validation","line":"\u001b[31m+   \"upsert_class\",\u001b[39m"}
{"type":"line","id":"authoring-2342858","description":"task11 scoped validation","line":"\u001b[31m+   \"define_promotion\",\u001b[39m"}
{"type":"line","id":"authoring-2342858","description":"task11 scoped validation","line":"\u001b[31m+   \"upsert_state\",\u001b[39m"}
{"type":"line","id":"authoring-2342858","description":"task11 scoped validation","line":"\u001b[31m+   \"upsert_common_event\",\u001b[39m"}
{"type":"line","id":"authoring-2342858","description":"task11 scoped validation","line":"\u001b[31m+   \"upsert_battle_animation\",\u001b[39m"}
{"type":"line","id":"authoring-2342858","description":"task11 scoped validation","line":"\u001b[31m+   \"set_session_start\",\u001b[39m"}
{"type":"line","id":"authoring-2342858","description":"task11 scoped validation","line":"\u001b[31m+   \"set_title_screen\",\u001b[39m"}
{"type":"line","id":"authoring-2342858","description":"task11 scoped validation","line":"\u001b[31m+   \"upsert_life_skill\",\u001b[39m"}
{"type":"line","id":"authoring-2342858","description":"task11 scoped validation","line":"\u001b[31m+   \"upsert_life_system\",\u001b[39m"}
{"type":"line","id":"authoring-2342858","description":"task11 scoped validation","line":"\u001b[31m+   \"upsert_craft_recipe\",\u001b[39m"}
{"type":"line","id":"authoring-2342858","description":"task11 scoped validation","line":"\u001b[31m+   \"delete_craft_recipe\",\u001b[39m"}
{"type":"line","id":"authoring-2342858","description":"task11 scoped validation","line":"\u001b[31m+   \"upsert_item_upgrade\",\u001b[39m"}
{"type":"line","id":"authoring-2342858","description":"task11 scoped validation","line":"\u001b[31m+   \"set_sell_prices\",\u001b[39m"}
{"type":"line","id":"authoring-2342858","description":"task11 scoped validation","line":"\u001b[31m+   \"upsert_tool_action\",\u001b[39m"}
{"type":"line","id":"authoring-2342858","description":"task11 scoped validation","line":"\u001b[31m+   \"configure_life_economy\",\u001b[39m"}
{"type":"line","id":"authoring-2342858","description":"task11 scoped validation","line":"\u001b[31m+   \"upsert_fish_species\",\u001b[39m"}
{"type":"line","id":"authoring-2342858","description":"task11 scoped validation","line":"\u001b[31m+   \"delete_fish_species\",\u001b[39m"}
{"type":"line","id":"authoring-2342858","description":"task11 scoped validation","line":"\u001b[31m+   \"configure_fishing\",\u001b[39m"}
{"type":"line","id":"authoring-2342858","description":"task11 scoped validation","line":"\u001b[31m+   \"configure_seasonal_forage\",\u001b[39m"}
{"type":"line","id":"authoring-2342858","description":"task11 scoped validation","line":"\u001b[31m+   \"configure_museum\",\u001b[39m"}
{"type":"line","id":"authoring-2342858","description":"task11 scoped validation","line":"\u001b[31m+   \"configure_collections\",\u001b[39m"}
{"type":"line","id":"authoring-2342858","description":"task11 scoped validation","line":"\u001b[31m+   \"upsert_farm_building_type\",\u001b[39m"}
{"type":"line","id":"authoring-2342858","description":"task11 scoped validation","line":"\u001b[31m+   \"upsert_home_decoration_type\",\u001b[39m"}
{"type":"line","id":"authoring-2342858","description":"task11 scoped validation","line":"\u001b[31m+   \"upsert_farm_animal_building\",\u001b[39m"}
{"type":"line","id":"authoring-2342858","description":"task11 scoped validation","line":"\u001b[31m+   \"set_session_farm_state\",\u001b[39m"}
{"type":"line","id":"authoring-2342858","description":"task11 scoped validation","line":"\u001b[31m+   \"configure_game_systems\",\u001b[39m"}
{"type":"line","id":"authoring-2342858","description":"task11 scoped validation","line":"\u001b[31m+   \"set_project_genre\",\u001b[39m"}
{"type":"line","id":"authoring-2342858","description":"task11 scoped validation","line":"\u001b[31m+   \"create_tileset\",\u001b[39m"}
{"type":"line","id":"authoring-2342858","description":"task11 scoped validation","line":"\u001b[31m+   \"set_tileset_properties\",\u001b[39m"}
{"type":"line","id":"authoring-2342858","description":"task11 scoped validation","line":"\u001b[31m+   \"upsert_autotile_group\",\u001b[39m"}
{"type":"line","id":"authoring-2342858","description":"task11 scoped validation","line":"\u001b[31m+   \"delete_autotile_group\",\u001b[39m"}
{"type":"line","id":"authoring-2342858","description":"task11 scoped validation","line":"\u001b[31m+   \"set_animation_strips\",\u001b[39m"}
{"type":"line","id":"authoring-2342858","description":"task11 scoped validation","line":"\u001b[31m+   \"set_tile_grafts\",\u001b[39m"}
{"type":"line","id":"authoring-2342858","description":"task11 scoped validation","line":"\u001b[31m+   \"upsert_map_connection\",\u001b[39m"}
{"type":"line","id":"authoring-2342858","description":"task11 scoped validation","line":"\u001b[31m+   \"delete_map_connection\",\u001b[39m"}
{"type":"line","id":"authoring-2342858","description":"task11 scoped validation","line":"\u001b[31m+   \"upsert_village_document\",\u001b[39m"}
{"type":"line","id":"authoring-2342858","description":"task11 scoped validation","line":"\u001b[31m+   \"delete_village_document\",\u001b[39m"}
{"type":"line","id":"authoring-2342858","description":"task11 scoped validation","line":"\u001b[31m+   \"upsert_resource_profile\",\u001b[39m"}
{"type":"line","id":"authoring-2342858","description":"task11 scoped validation","line":"\u001b[31m+   \"delete_resource_profile\",\u001b[39m"}
{"type":"line","id":"authoring-2342858","description":"task11 scoped validation","line":"\u001b[31m+   \"upsert_character_profile\",\u001b[39m"}
{"type":"line","id":"authoring-2342858","description":"task11 scoped validation","line":"\u001b[31m+   \"upsert_test_preset\",\u001b[39m"}
{"type":"line","id":"authoring-2342858","description":"task11 scoped validation","line":"\u001b[31m+   \"delete_test_preset\",\u001b[39m"}
{"type":"line","id":"authoring-2342858","description":"task11 scoped validation","line":"\u001b[31m+   \"manage_flag_slot\",\u001b[39m"}
{"type":"line","id":"authoring-2342858","description":"task11 scoped validation","line":"\u001b[31m+   \"get_audio_resource\",\u001b[39m"}
{"type":"line","id":"authoring-2342858","description":"task11 scoped validation","line":"\u001b[31m+   \"set_audio_description\",\u001b[39m"}
{"type":"line","id":"authoring-2342858","description":"task11 scoped validation","line":"\u001b[31m+   \"upsert_resource\",\u001b[39m"}
{"type":"line","id":"authoring-2342858","description":"task11 scoped validation","line":"\u001b[31m+   \"delete_resource\",\u001b[39m"}
{"type":"line","id":"authoring-2342858","description":"task11 scoped validation","line":"\u001b[31m+   \"list_monster_resources\",\u001b[39m"}
{"type":"line","id":"authoring-2342858","description":"task11 scoped validation","line":"\u001b[31m+   \"get_monster_resource\",\u001b[39m"}
{"type":"line","id":"authoring-2342858","description":"task11 scoped validation","line":"\u001b[31m+   \"plan_world\",\u001b[39m"}
{"type":"line","id":"authoring-2342858","description":"task11 scoped validation","line":"\u001b[31m+   \"link_maps\",\u001b[39m"}
{"type":"line","id":"authoring-2342858","description":"task11 scoped validation","line":"\u001b[31m+   \"build_world\",\u001b[39m"}
{"type":"line","id":"authoring-2342858","description":"task11 scoped validation","line":"\u001b[31m+   \"lint_world\",\u001b[39m"}
{"type":"line","id":"authoring-2342858","description":"task11 scoped validation","line":"\u001b[31m+   \"create_quest_flags\",\u001b[39m"}
{"type":"line","id":"authoring-2342858","description":"task11 scoped validation","line":"\u001b[31m+   \"create_quest\",\u001b[39m"}
{"type":"line","id":"authoring-2342858","description":"task11 scoped validation","line":"\u001b[31m+   \"define_quest\",\u001b[39m"}
{"type":"line","id":"authoring-2342858","description":"task11 scoped validation","line":"\u001b[31m+   \"lint_quest\",\u001b[39m"}
{"type":"line","id":"authoring-2342858","description":"task11 scoped validation","line":"\u001b[31m+   \"generate_walkthrough\",\u001b[39m"}
{"type":"line","id":"authoring-2342858","description":"task11 scoped validation","line":"\u001b[31m+   \"verify_quest\",\u001b[39m"}
{"type":"line","id":"authoring-2342858","description":"task11 scoped validation","line":"\u001b[31m+   \"author_story_arc\",\u001b[39m"}
{"type":"line","id":"authoring-2342858","description":"task11 scoped validation","line":"\u001b[31m+   \"declare_story_flag\",\u001b[39m"}
{"type":"line","id":"authoring-2342858","description":"task11 scoped validation","line":"\u001b[31m+   \"get_story_state\",\u001b[39m"}
{"type":"line","id":"authoring-2342858","description":"task11 scoped validation","line":"\u001b[31m+   \"find_flag_usage\",\u001b[39m"}
{"type":"line","id":"authoring-2342858","description":"task11 scoped validation","line":"\u001b[31m+   \"explain_event\",\u001b[39m"}
{"type":"line","id":"authoring-2342858","description":"task11 scoped validation","line":"\u001b[31m+   \"simulate_battle\",\u001b[39m"}
{"type":"line","id":"authoring-2342858","description":"task11 scoped validation","line":"\u001b[31m+   \"tune_enemy\",\u001b[39m"}
{"type":"line","id":"authoring-2342858","description":"task11 scoped validation","line":"\u001b[31m+   \"author_boss_phases\",\u001b[39m"}
{"type":"line","id":"authoring-2342858","description":"task11 scoped validation","line":"\u001b[31m+   \"upsert_troop_battle_page\",\u001b[39m"}
{"type":"line","id":"authoring-2342858","description":"task11 scoped validation","line":"\u001b[31m+   \"delete_troop_battle_page\",\u001b[39m"}
{"type":"line","id":"authoring-2342858","description":"task11 scoped validation","line":"\u001b[31m+   \"rename_switch\",\u001b[39m"}
{"type":"line","id":"authoring-2342858","description":"task11 scoped validation","line":"\u001b[31m+   \"rename_variable\",\u001b[39m"}
{"type":"line","id":"authoring-2342858","description":"task11 scoped validation","line":"\u001b[31m+   \"prune_unused\",\u001b[39m"}
{"type":"line","id":"authoring-2342858","description":"task11 scoped validation","line":"\u001b[31m+   \"evaluate_game_quality\",\u001b[39m"}
{"type":"line","id":"authoring-2342858","description":"task11 scoped validation","line":"\u001b[31m+   \"revert_last_edit\",\u001b[39m"}
{"type":"line","id":"authoring-2342858","description":"task11 scoped validation","line":"\u001b[31m+   \"list_edit_history\",\u001b[39m"}
{"type":"line","id":"authoring-2342858","description":"task11 scoped validation","line":"\u001b[31m+   \"configure_time_system\",\u001b[39m"}
{"type":"line","id":"authoring-2342858","description":"task11 scoped validation","line":"\u001b[31m+   \"configure_monster_system\",\u001b[39m"}
{"type":"line","id":"authoring-2342858","description":"task11 scoped validation","line":"\u001b[31m+   \"export_game\",\u001b[39m"}
{"type":"line","id":"authoring-2342858","description":"task11 scoped validation","line":"\u001b[31m+   \"play_walkthrough\",\u001b[39m"}
{"type":"line","id":"authoring-2342858","description":"task11 scoped validation","line":"\u001b[31m+   \"run_scene_test\",\u001b[39m"}
{"type":"line","id":"authoring-2342858","description":"task11 scoped validation","line":"\u001b[31m+   \"run_action_combat_test\",\u001b[39m"}
{"type":"line","id":"authoring-2342858","description":"task11 scoped validation","line":"\u001b[31m+   \"get_project_summary\",\u001b[39m"}
{"type":"line","id":"authoring-2342858","description":"task11 scoped validation","line":"\u001b[31m+   \"get_map_region\",\u001b[39m"}
{"type":"line","id":"authoring-2342858","description":"task11 scoped validation","line":"\u001b[31m+   \"find_events\",\u001b[39m"}
{"type":"line","id":"authoring-2342858","description":"task11 scoped validation","line":"\u001b[31m+   \"get_event\",\u001b[39m"}
{"type":"line","id":"authoring-2342858","description":"task11 scoped validation","line":"\u001b[31m+   \"find_switch_usage\",\u001b[39m"}
{"type":"line","id":"authoring-2342858","description":"task11 scoped validation","line":"\u001b[31m+   \"list_npc_graphics\",\u001b[39m"}
{"type":"line","id":"authoring-2342858","description":"task11 scoped validation","line":"\u001b[31m+   \"list_resources\",\u001b[39m"}
{"type":"line","id":"authoring-2342858","description":"task11 scoped validation","line":"\u001b[31m+   \"get_database_records\",\u001b[39m"}
{"type":"line","id":"authoring-2342858","description":"task11 scoped validation","line":"\u001b[31m+   \"run_lint\",\u001b[39m"}
{"type":"line","id":"authoring-2342858","description":"task11 scoped validation","line":"\u001b[31m+   \"check_reachability\",\u001b[39m"}
{"type":"line","id":"authoring-2342858","description":"task11 scoped validation","line":"\u001b[31m+   \"list_project_commits\",\u001b[39m"}
{"type":"line","id":"authoring-2342858","description":"task11 scoped validation","line":"\u001b[31m+   \"find_layout_regions\",\u001b[39m"}
{"type":"line","id":"authoring-2342858","description":"task11 scoped validation","line":"\u001b[31m+   \"present_doc\",\u001b[39m"}
{"type":"line","id":"authoring-2342858","description":"task11 scoped validation","line":"\u001b[31m+   \"list_ai_docs\",\u001b[39m"}
{"type":"line","id":"authoring-2342858","description":"task11 scoped validation","line":"\u001b[31m+   \"highlight_map_region\",\u001b[39m"}
{"type":"line","id":"authoring-2342858","description":"task11 scoped validation","line":"\u001b[31m+   \"show_map_region\",\u001b[39m"}
{"type":"line","id":"authoring-2342858","description":"task11 scoped validation","line":"\u001b[31m+   \"focus_editor_view\",\u001b[39m"}
{"type":"line","id":"authoring-2342858","description":"task11 scoped validation","line":"\u001b[2m  ]\u001b[22m"}
{"type":"line","id":"authoring-2342858","description":"task11 scoped validation","line":""}
{"type":"line","id":"authoring-2342858","description":"task11 scoped validation","line":" ❯ test/spatialTools.test.ts:19:19"}
{"type":"line","id":"authoring-2342858","description":"task11 scoped validation","line":"     17|     const names = allTools().filter(tool => !tool.deprecated).map(tool…"}
{"type":"line","id":"authoring-2342858","description":"task11 scoped validation","line":"     18|     // Then"}
{"type":"line","id":"authoring-2342858","description":"task11 scoped validation","line":"     19|     expect(names).toEqual(expect.arrayContaining([\"list_spatial_design…"}
{"type":"line","id":"authoring-2342858","description":"task11 scoped validation","line":"       |                   ^"}
{"type":"line","id":"authoring-2342858","description":"task11 scoped validation","line":"     20|   });"}
{"type":"line","id":"authoring-2342858","description":"task11 scoped validation","line":"     21|   it(\"keeps reads pure when a source is discovered and resolved\", () =…"}
{"type":"line","id":"authoring-2342858","description":"task11 scoped validation","line":""}
{"type":"line","id":"authoring-2342858","description":"task11 scoped validation","line":"⎯⎯⎯⎯⎯⎯⎯⎯⎯⎯⎯⎯⎯⎯⎯⎯⎯⎯⎯⎯⎯⎯⎯[2/10]⎯"}
{"type":"line","id":"authoring-2342858","description":"task11 scoped validation","line":""}
{"type":"line","id":"authoring-2342858","description":"task11 scoped validation","line":" FAIL  test/spatialTools.test.ts > registered canonical spatial tools > keeps reads pure when a source is discovered and resolved"}
{"type":"line","id":"authoring-2342858","description":"task11 scoped validation","line":"AssertionError: 알 수 없는 툴: get_spatial_design: expected false to be true // Object.is equality"}
{"type":"line","id":"authoring-2342858","description":"task11 scoped validation","line":""}
{"type":"line","id":"authoring-2342858","description":"task11 scoped validation","line":"\u001b[32m- Expected\u001b[39m"}
{"type":"line","id":"authoring-2342858","description":"task11 scoped validation","line":"\u001b[31m+ Received\u001b[39m"}
{"type":"line","id":"authoring-2342858","description":"task11 scoped validation","line":""}
{"type":"line","id":"authoring-2342858","description":"task11 scoped validation","line":"\u001b[32m- true\u001b[39m"}
{"type":"line","id":"authoring-2342858","description":"task11 scoped validation","line":"\u001b[31m+ false\u001b[39m"}
{"type":"line","id":"authoring-2342858","description":"task11 scoped validation","line":""}
{"type":"line","id":"authoring-2342858","description":"task11 scoped validation","line":" ❯ test/spatialTools.test.ts:28:39"}
{"type":"line","id":"authoring-2342858","description":"task11 scoped validation","line":"     26|     const result = runTool({ project }, \"get_spatial_design\", { kind: …"}
{"type":"line","id":"authoring-2342858","description":"task11 scoped validation","line":"     27|     // Then"}
{"type":"line","id":"authoring-2342858","description":"task11 scoped validation","line":"     28|     expect(result.ok, result.summary).toBe(true);"}
{"type":"line","id":"authoring-2342858","description":"task11 scoped validation","line":"       |                                       ^"}
{"type":"line","id":"authoring-2342858","description":"task11 scoped validation","line":"     29|     expect(result.data).toMatchObject({ kind: \"space\", design: { id: s…"}
{"type":"line","id":"authoring-2342858","description":"task11 scoped validation","line":"     30|     expect(JSON.stringify(project)).toBe(before);"}
{"type":"line","id":"authoring-2342858","description":"task11 scoped validation","line":""}
{"type":"line","id":"authoring-2342858","description":"task11 scoped validation","line":"⎯⎯⎯⎯⎯⎯⎯⎯⎯⎯⎯⎯⎯⎯⎯⎯⎯⎯⎯⎯⎯⎯⎯[3/10]⎯"}
{"type":"line","id":"authoring-2342858","description":"task11 scoped validation","line":""}
{"type":"line","id":"authoring-2342858","description":"task11 scoped validation","line":" FAIL  test/spatialTools.test.ts > registered canonical spatial tools > changes only the source when a revision is explicitly replaced"}
{"type":"line","id":"authoring-2342858","description":"task11 scoped validation","line":"AssertionError: 알 수 없는 툴: upsert_spatial_design: expected false to be true // Object.is equality"}
{"type":"line","id":"authoring-2342858","description":"task11 scoped validation","line":""}
{"type":"line","id":"authoring-2342858","description":"task11 scoped validation","line":"\u001b[32m- Expected\u001b[39m"}
{"type":"line","id":"authoring-2342858","description":"task11 scoped validation","line":"\u001b[31m+ Received\u001b[39m"}
{"type":"line","id":"authoring-2342858","description":"task11 scoped validation","line":""}
{"type":"line","id":"authoring-2342858","description":"task11 scoped validation","line":"\u001b[32m- true\u001b[39m"}
{"type":"line","id":"authoring-2342858","description":"task11 scoped validation","line":"\u001b[31m+ false\u001b[39m"}
{"type":"line","id":"authoring-2342858","description":"task11 scoped validation","line":""}
{"type":"line","id":"authoring-2342858","description":"task11 scoped validation","line":" ❯ test/spatialTools.test.ts:41:39"}
{"type":"line","id":"authoring-2342858","description":"task11 scoped validation","line":"     39|     const result = runTool(ctx, \"upsert_spatial_design\", { kind: \"spac…"}
{"type":"line","id":"authoring-2342858","description":"task11 scoped validation","line":"     40|     // Then"}
{"type":"line","id":"authoring-2342858","description":"task11 scoped validation","line":"     41|     expect(result.ok, result.summary).toBe(true);"}
{"type":"line","id":"authoring-2342858","description":"task11 scoped validation","line":"       |                                       ^"}
{"type":"line","id":"authoring-2342858","description":"task11 scoped validation","line":"     42|     expect(ctx.project.spatialAuthoring?.library.spaces[spaceDesign]?.…"}
{"type":"line","id":"authoring-2342858","description":"task11 scoped validation","line":"     43|     expect(ctx.project.spatialAuthoring?.occurrences).toEqual(document…"}
{"type":"line","id":"authoring-2342858","description":"task11 scoped validation","line":""}
{"type":"line","id":"authoring-2342858","description":"task11 scoped validation","line":"⎯⎯⎯⎯⎯⎯⎯⎯⎯⎯⎯⎯⎯⎯⎯⎯⎯⎯⎯⎯⎯⎯⎯[4/10]⎯"}
{"type":"line","id":"authoring-2342858","description":"task11 scoped validation","line":""}
{"type":"line","id":"authoring-2342858","description":"task11 scoped validation","line":" FAIL  test/spatialTools.test.ts > registered canonical spatial tools > compiles only on the detached draft when an issued preview is applied"}
{"type":"line","id":"authoring-2342858","description":"task11 scoped validation","line":"AssertionError: 알 수 없는 툴: preview_spatial_build: expected false to be true // Object.is equality"}
{"type":"line","id":"authoring-2342858","description":"task11 scoped validation","line":""}
{"type":"line","id":"authoring-2342858","description":"task11 scoped validation","line":"\u001b[32m- Expected\u001b[39m"}
{"type":"line","id":"authoring-2342858","description":"task11 scoped validation","line":"\u001b[31m+ Received\u001b[39m"}
{"type":"line","id":"authoring-2342858","description":"task11 scoped validation","line":""}
{"type":"line","id":"authoring-2342858","description":"task11 scoped validation","line":"\u001b[32m- true\u001b[39m"}
{"type":"line","id":"authoring-2342858","description":"task11 scoped validation","line":"\u001b[31m+ false\u001b[39m"}
{"type":"line","id":"authoring-2342858","description":"task11 scoped validation","line":""}
{"type":"line","id":"authoring-2342858","description":"task11 scoped validation","line":" ❯ test/spatialTools.test.ts:53:41"}
{"type":"line","id":"authoring-2342858","description":"task11 scoped validation","line":"     51|     const ctx = { project };"}
{"type":"line","id":"authoring-2342858","description":"task11 scoped validation","line":"     52|     const preview = runTool(ctx, \"preview_spatial_build\", build);"}
{"type":"line","id":"authoring-2342858","description":"task11 scoped validation","line":"     53|     expect(preview.ok, preview.summary).toBe(true);"}
{"type":"line","id":"authoring-2342858","description":"task11 scoped validation","line":"       |                                         ^"}
{"type":"line","id":"authoring-2342858","description":"task11 scoped validation","line":"     54|     expect(ctx.project).toBe(project);"}
{"type":"line","id":"authoring-2342858","description":"task11 scoped validation","line":"     55|     const id = previewId(preview.data);"}
{"type":"line","id":"authoring-2342858","description":"task11 scoped validation","line":""}
{"type":"line","id":"authoring-2342858","description":"task11 scoped validation","line":"⎯⎯⎯⎯⎯⎯⎯⎯⎯⎯⎯⎯⎯⎯⎯⎯⎯⎯⎯⎯⎯⎯⎯[5/10]⎯"}
{"type":"line","id":"authoring-2342858","description":"task11 scoped validation","line":""}
{"type":"line","id":"authoring-2342858","description":"task11 scoped validation","line":" FAIL  test/spatialTools.test.ts > registered canonical spatial tools > rejects forged preview acceptance without mutation"}
{"type":"line","id":"authoring-2342858","description":"task11 scoped validation","line":" FAIL  test/spatialTools.test.ts > registered canonical spatial tools > rejects stale preview acceptance without mutation"}
{"type":"line","id":"authoring-2342858","description":"task11 scoped validation","line":" FAIL  test/spatialTools.test.ts > registered canonical spatial tools > rejects foreign preview acceptance without mutation"}
{"type":"line","id":"authoring-2342858","description":"task11 scoped validation","line":" FAIL  test/spatialTools.test.ts > registered canonical spatial tools > rejects spent preview acceptance without mutation"}
{"type":"line","id":"authoring-2342858","description":"task11 scoped validation","line":"AssertionError: 알 수 없는 툴: preview_spatial_build: expected false to be true // Object.is equality"}
{"type":"line","id":"authoring-2342858","description":"task11 scoped validation","line":""}
{"type":"line","id":"authoring-2342858","description":"task11 scoped validation","line":"\u001b[32m- Expected\u001b[39m"}
{"type":"line","id":"authoring-2342858","description":"task11 scoped validation","line":"\u001b[31m+ Received\u001b[39m"}
{"type":"line","id":"authoring-2342858","description":"task11 scoped validation","line":""}
{"type":"line","id":"authoring-2342858","description":"task11 scoped validation","line":"\u001b[32m- true\u001b[39m"}
{"type":"line","id":"authoring-2342858","description":"task11 scoped validation","line":"\u001b[31m+ false\u001b[39m"}
{"type":"line","id":"authoring-2342858","description":"task11 scoped validation","line":""}
{"type":"line","id":"authoring-2342858","description":"task11 scoped validation","line":" ❯ test/spatialTools.test.ts:68:35"}
{"type":"line","id":"authoring-2342858","description":"task11 scoped validation","line":"     66|     const ctx = { project: spaceCompilerFixture() };"}
{"type":"line","id":"authoring-2342858","description":"task11 scoped validation","line":"     67|     const read = runTool(ctx, \"preview_spatial_build\", build);"}
{"type":"line","id":"authoring-2342858","description":"task11 scoped validation","line":"     68|     expect(read.ok, read.summary).toBe(true);"}
{"type":"line","id":"authoring-2342858","description":"task11 scoped validation","line":"       |                                   ^"}
{"type":"line","id":"authoring-2342858","description":"task11 scoped validation","line":"     69|     const id = previewId(read.data);"}
{"type":"line","id":"authoring-2342858","description":"task11 scoped validation","line":"     70|     if (condition === \"stale\") ctx.project.meta.title = \"edited after …"}
{"type":"line","id":"authoring-2342858","description":"task11 scoped validation","line":""}
{"type":"line","id":"authoring-2342858","description":"task11 scoped validation","line":"⎯⎯⎯⎯⎯⎯⎯⎯⎯⎯⎯⎯⎯⎯⎯⎯⎯⎯⎯⎯⎯⎯⎯[6/10]⎯"}
{"type":"line","id":"authoring-2342858","description":"task11 scoped validation","line":""}
{"type":"line","id":"authoring-2342858","description":"task11 scoped validation","line":" FAIL  test/spatialTools.test.ts > registered canonical spatial tools > retains preview lineage when the normal assistant draft is cloned"}
{"type":"line","id":"authoring-2342858","description":"task11 scoped validation","line":"AssertionError: 알 수 없는 툴: preview_spatial_build: expected false to be true // Object.is equality"}
{"type":"line","id":"authoring-2342858","description":"task11 scoped validation","line":""}
{"type":"line","id":"authoring-2342858","description":"task11 scoped validation","line":"\u001b[32m- Expected\u001b[39m"}
{"type":"line","id":"authoring-2342858","description":"task11 scoped validation","line":"\u001b[31m+ Received\u001b[39m"}
{"type":"line","id":"authoring-2342858","description":"task11 scoped validation","line":""}
{"type":"line","id":"authoring-2342858","description":"task11 scoped validation","line":"\u001b[32m- true\u001b[39m"}
{"type":"line","id":"authoring-2342858","description":"task11 scoped validation","line":"\u001b[31m+ false\u001b[39m"}
{"type":"line","id":"authoring-2342858","description":"task11 scoped validation","line":""}
{"type":"line","id":"authoring-2342858","description":"task11 scoped validation","line":" ❯ test/spatialTools.test.ts:110:35"}
{"type":"line","id":"authoring-2342858","description":"task11 scoped validation","line":"    108|     const ctx = { project: spaceCompilerFixture() };"}
{"type":"line","id":"authoring-2342858","description":"task11 scoped validation","line":"    109|     const read = runTool(ctx, \"preview_spatial_build\", build);"}
{"type":"line","id":"authoring-2342858","description":"task11 scoped validation","line":"    110|     expect(read.ok, read.summary).toBe(true);"}
{"type":"line","id":"authoring-2342858","description":"task11 scoped validation","line":"       |                                   ^"}
{"type":"line","id":"authoring-2342858","description":"task11 scoped validation","line":"    111|     const copy = { project: cloneDetachedDraft(ctx.project) };"}
{"type":"line","id":"authoring-2342858","description":"task11 scoped validation","line":"    112|     // When"}
{"type":"line","id":"authoring-2342858","description":"task11 scoped validation","line":""}
{"type":"line","id":"authoring-2342858","description":"task11 scoped validation","line":"⎯⎯⎯⎯⎯⎯⎯⎯⎯⎯⎯⎯⎯⎯⎯⎯⎯⎯⎯⎯⎯⎯⎯[7/10]⎯"}
{"type":"line","id":"authoring-2342858","description":"task11 scoped validation","line":""}
{"type":"line","id":"authoring-2342858","description":"task11 scoped validation","line":""}
{"type":"line","id":"authoring-2342858","description":"task11 scoped validation","line":" Test Files  2 failed (2)"}
{"type":"line","id":"authoring-2342858","description":"task11 scoped validation","line":"      Tests  10 failed | 4 passed (14)"}
{"type":"line","id":"authoring-2342858","description":"task11 scoped validation","line":"   Start at  01:22:37"}
{"type":"line","id":"authoring-2342858","description":"task11 scoped validation","line":"   Duration  17.62s (transform 12.76s, setup 0ms, collect 30.31s, tests 1.97s, environment 1ms, prepare 540ms)"}
{"type":"line","id":"authoring-2342858","description":"task11 scoped validation","line":""}
{"type":"summary","id":"authoring-2342858","description":"task11 scoped validation","summary":"watcher exited_1 (exit code 1)"}

> rpg-zzu@0.1.0 test
> node scripts/run-vitest.mjs run --configLoader bundle test/spatialTools.test.ts test/spatialAiContext.test.ts


 RUN  v3.2.4 /home/main/z-project/rpg-zzu-tile-to-world/.omo/worktrees/spatial-ai-tools

 ❯ test/spatialAiContext.test.ts (1 test | 1 failed) 361ms
   × includes machine-readable frozen source provenance when canonical authoring is active 359ms
     → expected undefined to be defined
 ❯ test/spatialTools.test.ts (13 tests | 9 failed) 1612ms
   × registered canonical spatial tools > exposes the five native tools when the registry is queried 26ms
     → expected [ 'find_tools', …(201) ] to deeply equal ArrayContaining{…}
   × registered canonical spatial tools > keeps reads pure when a source is discovered and resolved 156ms
     → 알 수 없는 툴: get_spatial_design: expected false to be true // Object.is equality
   × registered canonical spatial tools > changes only the source when a revision is explicitly replaced 70ms
     → 알 수 없는 툴: upsert_spatial_design: expected false to be true // Object.is equality
   × registered canonical spatial tools > compiles only on the detached draft when an issued preview is applied 97ms
     → 알 수 없는 툴: preview_spatial_build: expected false to be true // Object.is equality
   × registered canonical spatial tools > rejects forged preview acceptance without mutation 76ms
     → 알 수 없는 툴: preview_spatial_build: expected false to be true // Object.is equality
   × registered canonical spatial tools > rejects stale preview acceptance without mutation 72ms
     → 알 수 없는 툴: preview_spatial_build: expected false to be true // Object.is equality
   × registered canonical spatial tools > rejects foreign preview acceptance without mutation 53ms
     → 알 수 없는 툴: preview_spatial_build: expected false to be true // Object.is equality
   × registered canonical spatial tools > rejects spent preview acceptance without mutation 97ms
     → 알 수 없는 툴: preview_spatial_build: expected false to be true // Object.is equality
   ✓ registered canonical spatial tools > rejects missing source writes without partial changes 138ms
   ✓ registered canonical spatial tools > rejects cycle source writes without partial changes 107ms
   ✓ registered canonical spatial tools > rejects overwrite source writes without partial changes 119ms
   ✓ registered canonical spatial tools > rejects malformed hierarchy when a generic write bypasses spatial tools  529ms
   × registered canonical spatial tools > retains preview lineage when the normal assistant draft is cloned 65ms
     → 알 수 없는 툴: preview_spatial_build: expected false to be true // Object.is equality

⎯⎯⎯⎯⎯⎯ Failed Tests 10 ⎯⎯⎯⎯⎯⎯⎯

 FAIL  test/spatialAiContext.test.ts > includes machine-readable frozen source provenance when canonical authoring is active
AssertionError: expected undefined to be defined
 ❯ test/spatialAiContext.test.ts:15:19
     13|   // Then: parsed structural payload, not prose.
     14|   const payload = context.match(/<spatial-authoring>(.*?)<\/spatial-au…
     15|   expect(payload).toBeDefined();
       |                   ^
     16|   if (!payload) throw new TypeError("Missing spatial context payload");
     17|   const parsed: unknown = JSON.parse(payload);

⎯⎯⎯⎯⎯⎯⎯⎯⎯⎯⎯⎯⎯⎯⎯⎯⎯⎯⎯⎯⎯⎯⎯[1/10]⎯

 FAIL  test/spatialTools.test.ts > registered canonical spatial tools > exposes the five native tools when the registry is queried
AssertionError: expected [ 'find_tools', …(201) ] to deeply equal ArrayContaining{…}

[32m- Expected[39m
[31m+ Received[39m

[32m- ArrayContaining [[39m
[32m-   "list_spatial_designs",[39m
[32m-   "get_spatial_design",[39m
[32m-   "upsert_spatial_design",[39m
[32m-   "preview_spatial_build",[39m
[32m-   "apply_spatial_build",[39m
[31m+ [[39m
[31m+   "find_tools",[39m
[31m+   "read_project_wiki",[39m
[31m+   "reset_project",[39m
[31m+   "set_project_settings",[39m
[31m+   "author_house",[39m
[31m+   "author_village",[39m
[31m+   "get_world_structure_rules",[39m
[31m+   "author_world_bridge",[39m
[31m+   "author_world_mountain",[39m
[31m+   "build_wall",[39m
[31m+   "build_roof",[39m
[31m+   "place_door",[39m
[31m+   "place_window",[39m
[31m+   "lay_path",[39m
[31m+   "place_props",[39m
[31m+   "fill_region",[39m
[31m+   "arrange_rows",[39m
[31m+   "tile_erase",[39m
[31m+   "look_at_houses",[39m
[31m+   "evaluate_village_look",[39m
[31m+   "critique_village",[39m
[31m+   "list_village_tree_assets",[39m
[31m+   "get_village_session",[39m
[31m+   "evaluate_village_layer",[39m
[31m+   "start_interior_room_session",[39m
[31m+   "advance_interior_room_build",[39m
[31m+   "run_interior_room_pipeline",[39m
[31m+   "furnish_interior_space",[39m
[31m+   "evaluate_interior_room",[39m
[31m+   "list_interior_room_demos",[39m
[31m+   "list_interior_room_sessions",[39m
[31m+   "get_concept_facility",[39m
[31m+   "place_concept",[39m
[31m+   "start_dungeon_room_session",[39m
[31m+   "advance_dungeon_room_build",[39m
[31m+   "run_dungeon_room_pipeline",[39m
[31m+   "evaluate_dungeon_room",[39m
[31m+   "list_dungeon_room_themes",[39m
[31m+   "build_castle",[39m
[31m+   "list_structure_kits",[39m
[31m+   "register_structure_kit",[39m
[31m+   "tile_query",[39m
[31m+   "create_map",[39m
[31m+   "duplicate_map",[39m
[31m+   "manage_map_tree",[39m
[31m+   "paint_road",[39m
[31m+   "preview_house",[39m
[31m+   "mirror_region",[39m
[31m+   "copy_map_region",[39m
[31m+   "set_start_position",[39m
[31m+   "set_map_properties",[39m
[31m+   "set_encounter_table",[39m
[31m+   "make_hunting_ground",[39m
[31m+   "configure_roguelike_room",[39m
[31m+   "create_farm_plot",[39m
[31m+   "resize_map",[39m
[31m+   "shift_map",[39m
[31m+   "remove_map",[39m
[31m+   "set_action_combat",[39m
[31m+   "make_action_enemy",[39m
[31m+   "set_factions",[39m
[31m+   "generate_map",[39m
[31m+   "upsert_event",[39m
[31m+   "place_npc",[39m
[31m+   "set_npc_schedule",[39m
[31m+   "make_villager",[39m
[31m+   "set_shop_stock",[39m
[31m+   "create_transfer_pair",[39m
[31m+   "place_battle_blocker",[39m
[31m+   "place_trap",[39m
[31m+   "place_chest",[39m
[31m+   "place_storage_chest",[39m
[31m+   "place_savepoint",[39m
[31m+   "make_chase_scene",[39m
[31m+   "configure_object_behavior",[39m
[31m+   "duplicate_event",[39m
[31m+   "remove_event",[39m
[31m+   "move_event",[39m
[31m+   "script_cutscene",[39m
[31m+   "author_npc_cast",[39m
[31m+   "add_companion",[39m
[31m+   "configure_companion_rules",[39m
[31m+   "place_examine_hotspots",[39m
[31m+   "compile_puzzle",[39m
[31m+   "script_cutscene_preset",[39m
[31m+   "make_horror_loop",[39m
[31m+   "make_gallery_room",[39m
[31m+   "set_lighting_volume",[39m
[31m+   "set_scene_mood",[39m
[31m+   "define_ending",[39m
[31m+   "list_endings",[39m
[31m+   "duplicate_database_record",[39m
[31m+   "delete_database_record",[39m
[31m+   "upsert_database_utility",[39m
[31m+   "upsert_item",[39m
[31m+   "upsert_enemy",[39m
[31m+   "upsert_troop",[39m
[31m+   "define_monster_species",[39m
[31m+   "define_crop",[39m
[31m+   "set_type_chart",[39m
[31m+   "give_starter_monsters",[39m
[31m+   "upsert_actor",[39m
[31m+   "upsert_skill",[39m
[31m+   "upsert_equipment",[39m
[31m+   "upsert_class",[39m
[31m+   "define_promotion",[39m
[31m+   "upsert_state",[39m
[31m+   "upsert_common_event",[39m
[31m+   "upsert_battle_animation",[39m
[31m+   "set_session_start",[39m
[31m+   "set_title_screen",[39m
[31m+   "upsert_life_skill",[39m
[31m+   "upsert_life_system",[39m
[31m+   "upsert_craft_recipe",[39m
[31m+   "delete_craft_recipe",[39m
[31m+   "upsert_item_upgrade",[39m
[31m+   "set_sell_prices",[39m
[31m+   "upsert_tool_action",[39m
[31m+   "configure_life_economy",[39m
[31m+   "upsert_fish_species",[39m
[31m+   "delete_fish_species",[39m
[31m+   "configure_fishing",[39m
[31m+   "configure_seasonal_forage",[39m
[31m+   "configure_museum",[39m
[31m+   "configure_collections",[39m
[31m+   "upsert_farm_building_type",[39m
[31m+   "upsert_home_decoration_type",[39m
[31m+   "upsert_farm_animal_building",[39m
[31m+   "set_session_farm_state",[39m
[31m+   "configure_game_systems",[39m
[31m+   "set_project_genre",[39m
[31m+   "create_tileset",[39m
[31m+   "set_tileset_properties",[39m
[31m+   "upsert_autotile_group",[39m
[31m+   "delete_autotile_group",[39m
[31m+   "set_animation_strips",[39m
[31m+   "set_tile_grafts",[39m
[31m+   "upsert_map_connection",[39m
[31m+   "delete_map_connection",[39m
[31m+   "upsert_village_document",[39m
[31m+   "delete_village_document",[39m
[31m+   "upsert_resource_profile",[39m
[31m+   "delete_resource_profile",[39m
[31m+   "upsert_character_profile",[39m
[31m+   "upsert_test_preset",[39m
[31m+   "delete_test_preset",[39m
[31m+   "manage_flag_slot",[39m
[31m+   "get_audio_resource",[39m
[31m+   "set_audio_description",[39m
[31m+   "upsert_resource",[39m
[31m+   "delete_resource",[39m
[31m+   "list_monster_resources",[39m
[31m+   "get_monster_resource",[39m
[31m+   "plan_world",[39m
[31m+   "link_maps",[39m
[31m+   "build_world",[39m
[31m+   "lint_world",[39m
[31m+   "create_quest_flags",[39m
[31m+   "create_quest",[39m
[31m+   "define_quest",[39m
[31m+   "lint_quest",[39m
[31m+   "generate_walkthrough",[39m
[31m+   "verify_quest",[39m
[31m+   "author_story_arc",[39m
[31m+   "declare_story_flag",[39m
[31m+   "get_story_state",[39m
[31m+   "find_flag_usage",[39m
[31m+   "explain_event",[39m
[31m+   "simulate_battle",[39m
[31m+   "tune_enemy",[39m
[31m+   "author_boss_phases",[39m
[31m+   "upsert_troop_battle_page",[39m
[31m+   "delete_troop_battle_page",[39m
[31m+   "rename_switch",[39m
[31m+   "rename_variable",[39m
[31m+   "prune_unused",[39m
[31m+   "evaluate_game_quality",[39m
[31m+   "revert_last_edit",[39m
[31m+   "list_edit_history",[39m
[31m+   "configure_time_system",[39m
[31m+   "configure_monster_system",[39m
[31m+   "export_game",[39m
[31m+   "play_walkthrough",[39m
[31m+   "run_scene_test",[39m
[31m+   "run_action_combat_test",[39m
[31m+   "get_project_summary",[39m
[31m+   "get_map_region",[39m
[31m+   "find_events",[39m
[31m+   "get_event",[39m
[31m+   "find_switch_usage",[39m
[31m+   "list_npc_graphics",[39m
[31m+   "list_resources",[39m
[31m+   "get_database_records",[39m
[31m+   "run_lint",[39m
[31m+   "check_reachability",[39m
[31m+   "list_project_commits",[39m
[31m+   "find_layout_regions",[39m
[31m+   "present_doc",[39m
[31m+   "list_ai_docs",[39m
[31m+   "highlight_map_region",[39m
[31m+   "show_map_region",[39m
[31m+   "focus_editor_view",[39m
[2m  ][22m

 ❯ test/spatialTools.test.ts:19:19
     17|     const names = allTools().filter(tool => !tool.deprecated).map(tool…
     18|     // Then
     19|     expect(names).toEqual(expect.arrayContaining(["list_spatial_design…
       |                   ^
     20|   });
     21|   it("keeps reads pure when a source is discovered and resolved", () =…

⎯⎯⎯⎯⎯⎯⎯⎯⎯⎯⎯⎯⎯⎯⎯⎯⎯⎯⎯⎯⎯⎯⎯[2/10]⎯

 FAIL  test/spatialTools.test.ts > registered canonical spatial tools > keeps reads pure when a source is discovered and resolved
AssertionError: 알 수 없는 툴: get_spatial_design: expected false to be true // Object.is equality

[32m- Expected[39m
[31m+ Received[39m

[32m- true[39m
[31m+ false[39m

 ❯ test/spatialTools.test.ts:28:39
     26|     const result = runTool({ project }, "get_spatial_design", { kind: …
     27|     // Then
     28|     expect(result.ok, result.summary).toBe(true);
       |                                       ^
     29|     expect(result.data).toMatchObject({ kind: "space", design: { id: s…
     30|     expect(JSON.stringify(project)).toBe(before);

⎯⎯⎯⎯⎯⎯⎯⎯⎯⎯⎯⎯⎯⎯⎯⎯⎯⎯⎯⎯⎯⎯⎯[3/10]⎯

 FAIL  test/spatialTools.test.ts > registered canonical spatial tools > changes only the source when a revision is explicitly replaced
AssertionError: 알 수 없는 툴: upsert_spatial_design: expected false to be true // Object.is equality

[32m- Expected[39m
[31m+ Received[39m

[32m- true[39m
[31m+ false[39m

 ❯ test/spatialTools.test.ts:41:39
     39|     const result = runTool(ctx, "upsert_spatial_design", { kind: "spac…
     40|     // Then
     41|     expect(result.ok, result.summary).toBe(true);
       |                                       ^
     42|     expect(ctx.project.spatialAuthoring?.library.spaces[spaceDesign]?.…
     43|     expect(ctx.project.spatialAuthoring?.occurrences).toEqual(document…

⎯⎯⎯⎯⎯⎯⎯⎯⎯⎯⎯⎯⎯⎯⎯⎯⎯⎯⎯⎯⎯⎯⎯[4/10]⎯

 FAIL  test/spatialTools.test.ts > registered canonical spatial tools > compiles only on the detached draft when an issued preview is applied
AssertionError: 알 수 없는 툴: preview_spatial_build: expected false to be true // Object.is equality

[32m- Expected[39m
[31m+ Received[39m

[32m- true[39m
[31m+ false[39m

 ❯ test/spatialTools.test.ts:53:41
     51|     const ctx = { project };
     52|     const preview = runTool(ctx, "preview_spatial_build", build);
     53|     expect(preview.ok, preview.summary).toBe(true);
       |                                         ^
     54|     expect(ctx.project).toBe(project);
     55|     const id = previewId(preview.data);

⎯⎯⎯⎯⎯⎯⎯⎯⎯⎯⎯⎯⎯⎯⎯⎯⎯⎯⎯⎯⎯⎯⎯[5/10]⎯

 FAIL  test/spatialTools.test.ts > registered canonical spatial tools > rejects forged preview acceptance without mutation
 FAIL  test/spatialTools.test.ts > registered canonical spatial tools > rejects stale preview acceptance without mutation
 FAIL  test/spatialTools.test.ts > registered canonical spatial tools > rejects foreign preview acceptance without mutation
 FAIL  test/spatialTools.test.ts > registered canonical spatial tools > rejects spent preview acceptance without mutation
AssertionError: 알 수 없는 툴: preview_spatial_build: expected false to be true // Object.is equality

[32m- Expected[39m
[31m+ Received[39m

[32m- true[39m
[31m+ false[39m

 ❯ test/spatialTools.test.ts:68:35
     66|     const ctx = { project: spaceCompilerFixture() };
     67|     const read = runTool(ctx, "preview_spatial_build", build);
     68|     expect(read.ok, read.summary).toBe(true);
       |                                   ^
     69|     const id = previewId(read.data);
     70|     if (condition === "stale") ctx.project.meta.title = "edited after …

⎯⎯⎯⎯⎯⎯⎯⎯⎯⎯⎯⎯⎯⎯⎯⎯⎯⎯⎯⎯⎯⎯⎯[6/10]⎯

 FAIL  test/spatialTools.test.ts > registered canonical spatial tools > retains preview lineage when the normal assistant draft is cloned
AssertionError: 알 수 없는 툴: preview_spatial_build: expected false to be true // Object.is equality

[32m- Expected[39m
[31m+ Received[39m

[32m- true[39m
[31m+ false[39m

 ❯ test/spatialTools.test.ts:110:35
    108|     const ctx = { project: spaceCompilerFixture() };
    109|     const read = runTool(ctx, "preview_spatial_build", build);
    110|     expect(read.ok, read.summary).toBe(true);
       |                                   ^
    111|     const copy = { project: cloneDetachedDraft(ctx.project) };
    112|     // When

⎯⎯⎯⎯⎯⎯⎯⎯⎯⎯⎯⎯⎯⎯⎯⎯⎯⎯⎯⎯⎯⎯⎯[7/10]⎯


 Test Files  2 failed (2)
      Tests  10 failed | 4 passed (14)
   Start at  01:22:37
   Duration  17.62s (transform 12.76s, setup 0ms, collect 30.31s, tests 1.97s, environment 1ms, prepare 540ms)


monitor_exit={"backend":"pipe-fallback","exitCode":1,"signal":null,"cancelled":false,"timedOut":false}
