
> rpg-zzu@0.1.0 test
> node scripts/run-vitest.mjs run --configLoader bundle test/aiBlockedContinue.test.ts --maxWorkers 1 --minWorkers 1


 RUN  v3.2.4 /home/main/z-project/rpg-zzu-ai-harness-p2-20260906

 ❯ test/aiBlockedContinue.test.ts (4 tests | 1 failed) 4533ms
   ✓ offers the real Continue control when required work blocks without a budget stop  908ms
   × keeps one Continue control when a question follows blocked work 1165ms
     → expected <div><button …(4)></button>
…(1)</div> to be null
   ✓ does not publish a Continue control when the blocked owner is retired  1110ms
   ✓ publishes the resumed unfinished result instead of the preceding question outcome  1344ms

⎯⎯⎯⎯⎯⎯⎯ Failed Tests 1 ⎯⎯⎯⎯⎯⎯⎯

 FAIL  test/aiBlockedContinue.test.ts > keeps one Continue control when a question follows blocked work
AssertionError: expected <div><button …(4)></button>
…(1)</div> to be null

[32m- Expected:[39m 
null

[31m+ Received:[39m 
FakeElement {
  "attrs": {},
  "checked": false,
  "childNodes": [
    FakeElement {
      "attrs": {
        "aria-expanded": "false",
        "aria-label": "이전 턴 펼치기/접기",
        "title": "이전 턴 펼치기/접기",
        "type": "button",
      },
      "checked": false,
      "childNodes": [],
      "classList": {
        "add": [Function add],
        "contains": [Function contains],
        "remove": [Function remove],
        "toggle": [Function toggle],
      },
      "className": "ai-turn-group-toggle",
      "dataset": {
        "testid": "ai-turn-group-toggle",
      },
      "disabled": false,
      "hidden": false,
      "inert": false,
      "innerHTML": "",
      "isContentEditable": false,
      "listeners": {
        "click": [
          [Function click],
        ],
      },
      "max": "",
      "min": "",
      "ownText": "▸ 이전 턴",
      "parentNode": [Circular],
      "scrollLeft": 0,
      "scrollTop": 0,
      "selectionEnd": 0,
      "selectionStart": 0,
      "style": {
        "getPropertyValue": [Function anonymous],
        "removeProperty": [Function anonymous],
        "setProperty": [Function anonymous],
      },
      "tagName": "BUTTON",
      "type": "",
      "value": "",
    },
    FakeElement {
      "attrs": {},
      "checked": false,
      "childNodes": [
        FakeElement {
          "attrs": {},
          "checked": false,
          "childNodes": [
            FakeElement {
              "attrs": {
                "aria-hidden": "true",
              },
              "checked": false,
              "childNodes": [],
              "classList": {
                "add": [Function add],
                "contains": [Function contains],
                "remove": [Function remove],
                "toggle": [Function toggle],
              },
              "className": "ai-command-prefix",
              "dataset": {},
              "disabled": false,
              "hidden": false,
              "inert": false,
              "innerHTML": "",
              "isContentEditable": false,
              "listeners": {},
              "max": "",
              "min": "",
              "ownText": "@>",
              "parentNode": [Circular],
              "scrollLeft": 0,
              "scrollTop": 0,
              "selectionEnd": 0,
              "selectionStart": 0,
              "style": {
                "getPropertyValue": [Function anonymous],
                "removeProperty": [Function anonymous],
                "setProperty": [Function anonymous],
              },
              "tagName": "SPAN",
              "type": "",
              "value": "",
            },
            FakeElement {
              "attrs": {},
              "checked": false,
              "childNodes": [
                [FakeElement],
              ],
              "classList": {
                "add": [Function add],
                "contains": [Function contains],
                "remove": [Function remove],
                "toggle": [Function toggle],
              },
              "className": "ai-command-row-body",
              "dataset": {
                "testid": "ai-command-row-assistant",
              },
              "disabled": false,
              "hidden": false,
              "inert": false,
              "innerHTML": "",
              "isContentEditable": false,
              "listeners": {},
              "max": "",
              "min": "",
              "ownText": "",
              "parentNode": [Circular],
              "scrollLeft": 0,
              "scrollTop": 0,
              "selectionEnd": 0,
              "selectionStart": 0,
              "style": {
                "getPropertyValue": [Function anonymous],
                "removeProperty": [Function anonymous],
                "setProperty": [Function anonymous],
              },
              "tagName": "DIV",
              "type": "",
              "value": "",
            },
          ],
          "classList": {
            "add": [Function add],
            "contains": [Function contains],
            "remove": [Function remove],
            "toggle": [Function toggle],
          },
          "className": "ai-command-row is-prior-turn",
          "dataset": {
            "role": "assistant",
            "testid": "ai-command-row",
          },
          "disabled": false,
          "hidden": false,
          "inert": false,
          "innerHTML": "",
          "isContentEditable": false,
          "listeners": {},
          "max": "",
          "min": "",
          "ownText": "",
          "parentNode": [Circular],
          "scrollLeft": 0,
          "scrollTop": 0,
          "selectionEnd": 0,
          "selectionStart": 0,
          "style": {
            "getPropertyValue": [Function anonymous],
            "removeProperty": [Function anonymous],
            "setProperty": [Function anonymous],
          },
          "tagName": "DIV",
          "type": "",
          "value": "",
        },
        FakeElement {
          "attrs": {},
          "checked": false,
          "childNodes": [
            FakeElement {
              "attrs": {
                "type": "button",
              },
              "checked": false,
              "childNodes": [],
              "classList": {
                "add": [Function add],
                "contains": [Function contains],
                "remove": [Function remove],
                "toggle": [Function toggle],
              },
              "className": "ai-assistant-action",
              "dataset": {
                "testid": "ai-continue-run",
              },
              "disabled": false,
              "hidden": false,
              "inert": false,
              "innerHTML": "",
              "isContentEditable": false,
              "listeners": {
                "click": [Array],
              },
              "max": "",
              "min": "",
              "ownText": "계속",
              "parentNode": [Circular],
              "scrollLeft": 0,
              "scrollTop": 0,
              "selectionEnd": 0,
              "selectionStart": 0,
              "style": {
                "getPropertyValue": [Function anonymous],
                "removeProperty": [Function anonymous],
                "setProperty": [Function anonymous],
              },
              "tagName": "BUTTON",
              "type": "",
              "value": "",
            },
          ],
          "classList": {
            "add": [Function add],
            "contains": [Function contains],
            "remove": [Function remove],
            "toggle": [Function toggle],
          },
          "className": "ai-retry-row is-prior-turn",
          "dataset": {},
          "disabled": false,
          "hidden": false,
          "inert": false,
          "innerHTML": "",
          "isContentEditable": false,
          "listeners": {},
          "max": "",
          "min": "",
          "ownText": "",
          "parentNode": [Circular],
          "scrollLeft": 0,
          "scrollTop": 0,
          "selectionEnd": 0,
          "selectionStart": 0,
          "style": {
            "getPropertyValue": [Function anonymous],
            "removeProperty": [Function anonymous],
            "setProperty": [Function anonymous],
          },
          "tagName": "DIV",
          "type": "",
          "value": "",
        },
      ],
      "classList": {
        "add": [Function add],
        "contains": [Function contains],
        "remove": [Function remove],
        "toggle": [Function toggle],
      },
      "className": "ai-turn-group-body",
      "dataset": {
        "testid": "ai-turn-group-body",
      },
      "disabled": false,
      "hidden": false,
      "inert": false,
      "innerHTML": "",
      "isContentEditable": false,
      "listeners": {},
      "max": "",
      "min": "",
      "ownText": "",
      "parentNode": [Circular],
      "scrollLeft": 0,
      "scrollTop": 0,
      "selectionEnd": 0,
      "selectionStart": 0,
      "style": {
        "getPropertyValue": [Function anonymous],
        "removeProperty": [Function anonymous],
        "setProperty": [Function anonymous],
      },
      "tagName": "DIV",
      "type": "",
      "value": "",
    },
  ],
  "classList": {
    "add": [Function add],
    "contains": [Function contains],
    "remove": [Function remove],
    "toggle": [Function toggle],
  },
  "className": "ai-turn-group is-prior-turn is-collapsed",
  "dataset": {
    "testid": "ai-turn-group",
  },
  "disabled": false,
  "hidden": false,
  "inert": false,
  "innerHTML": "",
  "isContentEditable": false,
  "listeners": {},
  "max": "",
  "min": "",
  "ownText": "",
  "parentNode": FakeElement {
    "attrs": {},
    "checked": false,
    "childNodes": [
      FakeElement {
        "attrs": {},
        "checked": false,
        "childNodes": [
          FakeElement {
            "attrs": {},
            "checked": false,
            "childNodes": [],
            "classList": {
              "add": [Function add],
              "contains": [Function contains],
              "remove": [Function remove],
              "toggle": [Function toggle],
            },
            "className": "ai-day-divider-label",
            "dataset": {},
            "disabled": false,
            "hidden": false,
            "inert": false,
            "innerHTML": "",
            "isContentEditable": false,
            "listeners": {},
            "max": "",
            "min": "",
            "ownText": "2026년 9월 7일 월",
            "parentNode": [Circular],
            "scrollLeft": 0,
            "scrollTop": 0,
            "selectionEnd": 0,
            "selectionStart": 0,
            "style": {
              "getPropertyValue": [Function anonymous],
              "removeProperty": [Function anonymous],
              "setProperty": [Function anonymous],
            },
            "tagName": "SPAN",
            "type": "",
            "value": "",
          },
        ],
        "classList": {
          "add": [Function add],
          "contains": [Function contains],
          "remove": [Function remove],
          "toggle": [Function toggle],
        },
        "className": "ai-day-divider",
        "dataset": {
          "dayKey": "2026-09-07",
          "testid": "ai-day-divider",
        },
        "disabled": false,
        "hidden": false,
        "inert": false,
        "innerHTML": "",
        "isContentEditable": false,
        "listeners": {},
        "max": "",
        "min": "",
        "ownText": "",
        "parentNode": [Circular],
        "scrollLeft": 0,
        "scrollTop": 0,
        "selectionEnd": 0,
        "selectionStart": 0,
        "style": {
          "getPropertyValue": [Function anonymous],
          "removeProperty": [Function anonymous],
          "setProperty": [Function anonymous],
        },
        "tagName": "DIV",
        "type": "",
        "value": "",
      },
      [Circular],
      FakeElement {
        "attrs": {},
        "checked": false,
        "childNodes": [
          FakeElement {
            "attrs": {
              "aria-hidden": "true",
            },
            "checked": false,
            "childNodes": [],
            "classList": {
              "add": [Function add],
              "contains": [Function contains],
              "remove": [Function remove],
              "toggle": [Function toggle],
            },
            "className": "ai-command-prefix",
            "dataset": {},
            "disabled": false,
            "hidden": false,
            "inert": false,
            "innerHTML": "",
            "isContentEditable": false,
            "listeners": {},
            "max": "",
            "min": "",
            "ownText": "@>",
            "parentNode": [Circular],
            "scrollLeft": 0,
            "scrollTop": 0,
            "selectionEnd": 0,
            "selectionStart": 0,
            "style": {
              "getPropertyValue": [Function anonymous],
              "removeProperty": [Function anonymous],
              "setProperty": [Function anonymous],
            },
            "tagName": "SPAN",
            "type": "",
            "value": "",
          },
          FakeElement {
            "attrs": {},
            "checked": false,
            "childNodes": [],
            "classList": {
              "add": [Function add],
              "contains": [Function contains],
              "remove": [Function remove],
              "toggle": [Function toggle],
            },
            "className": "ai-command-row-body",
            "dataset": {
              "testid": "ai-command-row-user",
            },
            "disabled": false,
            "hidden": false,
            "inert": false,
            "innerHTML": "",
            "isContentEditable": false,
            "listeners": {},
            "max": "",
            "min": "",
            "ownText": "What remains?",
            "parentNode": [Circular],
            "scrollLeft": 0,
            "scrollTop": 0,
            "selectionEnd": 0,
            "selectionStart": 0,
            "style": {
              "getPropertyValue": [Function anonymous],
              "removeProperty": [Function anonymous],
              "setProperty": [Function anonymous],
            },
            "tagName": "DIV",
            "type": "",
            "value": "",
          },
        ],
        "classList": {
          "add": [Function add],
          "contains": [Function contains],
          "remove": [Function remove],
          "toggle": [Function toggle],
        },
        "className": "ai-command-row",
        "dataset": {
          "role": "user",
          "testid": "ai-command-row",
        },
        "disabled": false,
        "hidden": false,
        "inert": false,
        "innerHTML": "",
        "isContentEditable": false,
        "listeners": {},
        "max": "",
        "min": "",
        "ownText": "",
        "parentNode": [Circular],
        "scrollLeft": 0,
        "scrollTop": 0,
        "selectionEnd": 0,
        "selectionStart": 0,
        "style": {
          "getPropertyValue": [Function anonymous],
          "removeProperty": [Function anonymous],
          "setProperty": [Function anonymous],
        },
        "tagName": "DIV",
        "type": "",
        "value": "",
      },
      FakeElement {
        "attrs": {},
        "checked": false,
        "childNodes": [
          FakeElement {
            "attrs": {
              "aria-hidden": "true",
            },
            "checked": false,
            "childNodes": [],
            "classList": {
              "add": [Function add],
              "contains": [Function contains],
              "remove": [Function remove],
              "toggle": [Function toggle],
            },
            "className": "ai-command-prefix",
            "dataset": {},
            "disabled": false,
            "hidden": false,
            "inert": false,
            "innerHTML": "",
            "isContentEditable": false,
            "listeners": {},
            "max": "",
            "min": "",
            "ownText": "@>",
            "parentNode": [Circular],
            "scrollLeft": 0,
            "scrollTop": 0,
            "selectionEnd": 0,
            "selectionStart": 0,
            "style": {
              "getPropertyValue": [Function anonymous],
              "removeProperty": [Function anonymous],
              "setProperty": [Function anonymous],
            },
            "tagName": "SPAN",
            "type": "",
            "value": "",
          },
          FakeElement {
            "attrs": {},
            "checked": false,
            "childNodes": [
              FakeElement {
                "attrs": [Object],
                "checked": false,
                "childNodes": [Array],
                "classList": [Object],
                "className": "md",
                "dataset": [Object],
                "disabled": false,
                "hidden": false,
                "inert": false,
                "innerHTML": "",
                "isContentEditable": false,
                "listeners": [Object],
                "max": "",
                "min": "",
                "ownText": "",
                "parentNode": [Circular],
                "scrollLeft": 0,
                "scrollTop": 0,
                "selectionEnd": 0,
                "selectionStart": 0,
                "style": [Object],
                "tagName": "DIV",
                "type": "",
                "value": "",
              },
            ],
            "classList": {
              "add": [Function add],
              "contains": [Function contains],
              "remove": [Function remove],
              "toggle": [Function toggle],
            },
            "className": "ai-command-row-body",
            "dataset": {
              "testid": "ai-command-row-assistant",
            },
            "disabled": false,
            "hidden": false,
            "inert": false,
            "innerHTML": "",
            "isContentEditable": false,
            "listeners": {},
            "max": "",
            "min": "",
            "ownText": "",
            "parentNode": [Circular],
            "scrollLeft": 0,
            "scrollTop": 0,
            "selectionEnd": 0,
            "selectionStart": 0,
            "style": {
              "getPropertyValue": [Function anonymous],
              "removeProperty": [Function anonymous],
              "setProperty": [Function anonymous],
            },
            "tagName": "DIV",
            "type": "",
            "value": "",
          },
        ],
        "classList": {
          "add": [Function add],
          "contains": [Function contains],
          "remove": [Function remove],
          "toggle": [Function toggle],
        },
        "className": "ai-command-row",
        "dataset": {
          "role": "assistant",
          "testid": "ai-command-row",
        },
        "disabled": false,
        "hidden": false,
        "inert": false,
        "innerHTML": "",
        "isContentEditable": false,
        "listeners": {},
        "max": "",
        "min": "",
        "ownText": "",
        "parentNode": [Circular],
        "scrollLeft": 0,
        "scrollTop": 0,
        "selectionEnd": 0,
        "selectionStart": 0,
        "style": {
          "getPropertyValue": [Function anonymous],
          "removeProperty": [Function anonymous],
          "setProperty": [Function anonymous],
        },
        "tagName": "DIV",
        "type": "",
        "value": "",
      },
    ],
    "classList": {
      "add": [Function add],
      "contains": [Function contains],
      "remove": [Function remove],
      "toggle": [Function toggle],
    },
    "className": "",
    "dataset": {},
    "disabled": false,
    "hidden": false,
    "inert": false,
    "innerHTML": "",
    "isContentEditable": false,
    "listeners": {},
    "max": "",
    "min": "",
    "ownText": "",
    "parentNode": null,
    "scrollLeft": 0,
    "scrollTop": undefined,
    "selectionEnd": 0,
    "selectionStart": 0,
    "style": {
      "getPropertyValue": [Function anonymous],
      "removeProperty": [Function anonymous],
      "setProperty": [Function anonymous],
    },
    "tagName": "DIV",
    "type": "",
    "value": "",
  },
  "scrollLeft": 0,
  "scrollTop": 0,
  "selectionEnd": 0,
  "selectionStart": 0,
  "style": {
    "getPropertyValue": [Function anonymous],
    "removeProperty": [Function anonymous],
    "setProperty": [Function anonymous],
  },
  "tagName": "DIV",
  "type": "",
  "value": "",
}

 ❯ test/aiBlockedContinue.test.ts:85:44
     83|   expect(f.log.querySelectorAll("[data-testid=ai-continue-run]")).toHa…
     84|   expect(f.log.querySelector("[data-testid=ai-continue-run]")).toBe(bu…
     85|   expect(button?.closest(".is-collapsed")).toBeNull();
       |                                            ^
     86|   expect(f.sendText).not.toHaveBeenCalled();
     87| });

⎯⎯⎯⎯⎯⎯⎯⎯⎯⎯⎯⎯⎯⎯⎯⎯⎯⎯⎯⎯⎯⎯⎯⎯[1/1]⎯


 Test Files  1 failed (1)
      Tests  1 failed | 3 passed (4)
   Start at  03:46:21
   Duration  35.88s (transform 20.01s, setup 0ms, collect 30.31s, tests 4.53s, environment 0ms, prepare 139ms)

