
> rpg-zzu@0.1.0 test
> node scripts/run-vitest.mjs run --configLoader bundle test/aiBlockedContinue.test.ts test/aiRunOutcome.test.ts test/aiRequiredOutcomes.test.ts test/aiMilestoneTurnAccounting.test.ts test/aiAssistantTurnCleanup.test.ts test/aiAssistantBridge.test.ts test/aiTurnAppliedAccounting.test.ts test/aiActivityLog.test.ts test/runRecap.test.ts --maxWorkers 1 --minWorkers 1


 RUN  v3.2.4 /home/main/z-project/rpg-zzu-ai-harness-p2-20260906

 ✓ test/aiRequiredOutcomes.test.ts (39 tests) 29762ms
   ✓ canonical requirements > keeps required skipped obligations when a replan tries to weaken them  1091ms
   ✓ canonical requirements > allows optional skipped work without labeling it verified  843ms
   ✓ canonical requirements > fails closed for malformed declarations null  1191ms
   ✓ canonical requirements > fails closed for malformed declarations %j  1027ms
   ✓ canonical requirements > fails closed for malformed declarations {"id":"size","title":"Size","criteria":[{"kind":"mapDimensions","target":{"mapId":"map_blank_start"},"width":99,"height":99}],"required":"false"}  498ms
   ✓ canonical requirements > fails closed for malformed declarations {"id":"size","title":"Size","criteria":[{"kind":"invented","passed":true}]}  624ms
   ✓ canonical requirements > fails closed for malformed declarations {"id":"size","title":"Size","criteria":null,"required":false}  1238ms
   ✓ canonical requirements > keeps a bare legacy scheduler plan unassessed  719ms
   ✓ canonical requirements > assesses existing explicit acceptance without requiring the new field  1290ms
   ✓ canonical requirements > retains an unlinked required obligation when replan drops links=false  892ms
   ✓ canonical requirements > retains an unlinked required obligation when replan drops links=true  1204ms
   ✓ canonical requirements > binds original text and scope at the host boundary despite fabricated source and withdrawal  702ms
   ✓ canonical requirements > retains only the original user utterance through replan with instruction override=false  761ms
   ✓ canonical requirements > retains only the original user utterance through replan with instruction override=true  954ms
   ✓ canonical requirements > withdraws only the named current requirement through the user-only API  725ms
   ✓ canonical requirements > keeps sibling obligations when the user withdraws just one  606ms
   ✓ canonical requirements > rejects model tool withdrawal even with fabricated user provenance  747ms
   ✓ canonical requirements > rejects stale goal withdrawal actions  1536ms
   ✓ canonical requirements > does not erase old obligations on a model resetsContext claim  990ms
   ✓ canonical requirements > archives an incomplete goal when the user explicitly starts a new goal  758ms
   ✓ exact scoped verdict authority > evaluates model evidence without tool-name credit  447ms
   ✓ exact scoped verdict authority > does not verify an unapplied draft from a passing scoped verdict  1047ms
   ✓ exact scoped verdict authority > retires scoped verdicts after applied content changes even if later undone  2296ms
   ✓ exact scoped verdict authority > rejects pre-declaration evidence after an external rebase  1368ms
   ✓ exact scoped verdict authority > credits a real scoped tool response through the session dispatcher  709ms
   ✓ question-safe continuation > preserves blocked work and counters for ask  530ms
   ✓ question-safe continuation > preserves blocked work and counters for question  370ms
   ✓ question-safe continuation > preserves repeated failure counters while answering a question  923ms
   ✓ question-safe continuation > does not reactivate from fabricated continuation source  604ms
   ✓ question-safe continuation > reactivates blocked work only with explicit user resume  711ms
   ✓ question-safe continuation > retains goal evidence and repair counters during ask  1000ms
 ✓ test/aiMilestoneTurnAccounting.test.ts (6 tests) 23096ms
   ✓ 마일스톤 턴 정산 > auto-completion distinguishes modification facts from missing placements: 방금 실제 플레이에서 황동 열쇠를 얻은 뒤 북쪽 출구가 "열었다"라는 대사만 하고 끝났어. 열쇠는 여전히 1개이고 엔딩이 나오지 않아. 이 문제를 고쳐 줘. 먼저 현재 두 맵과 출구/촌장/상자 이벤트의 실제 명령을 읽어라. 이미 만든 집, 길, 나무, 두 맵의 크기, 왕복 이동, 상자, 촌장과 안내 표지판 문구 「우물은 북쪽, 지하실은 동쪽」은 보존해야 해. 수정 범위는 북쪽 출구의 열쇠 1개 소비 및 엔딩 실행, 마을 이름을 "마을"로 바꾸는 것뿐이야. 참고로 화면은 "완료 기준 검증 완료 2/2, 맵 시각 리뷰 완료"인데 답변은 "모험 구성이 아직 미완성, 두 맵 시각 확인 누락"이라고 해. 앞의 초록 체크를 근거로 이미 완성됐다고 판단하지 말고 실제 데이터를 근거로 모순을 설명해. 끝난 뒤 두 맵을 실제 그림으로 확인하고 미검증은 미검증이라고 말해.  2952ms
   ✓ 마일스톤 턴 정산 > auto-completion distinguishes modification facts from missing placements: 기존 나무 10개는 보존하고 꽃 3개 추가해줘  1757ms
   ✓ 마일스톤 턴 정산 > auto-completion distinguishes modification facts from missing placements: 나무 10개 배치해줘  1735ms
   ✓ 마일스톤 턴 정산 > 한 항목이 실행 한도로 나뉘어도 앞선 성공과 미적용 제안을 이어서 완료한다  3595ms
   ✓ 마일스톤 턴 정산 > 마일스톤 쓰기는 자동 계속(false) 후에도 정산에 남는다  7074ms
   ✓ 마일스톤 턴 정산 > 마일스톤 쓰기는 자동 계속(true) 후에도 정산에 남는다  5981ms
 ✓ test/aiTurnAppliedAccounting.test.ts (15 tests) 8271ms
   ✓ 턴 표면의 이미 적용된 쓰기 정산 > displays placement warnings only for requested additions: 방금 실제 플레이에서 황동 열쇠를 얻은 뒤 북쪽 출구가 "열었다"라는 대사만 하고 끝났어. 열쇠는 여전히 1개이고 엔딩이 나오지 않아. 이 문제를 고쳐 줘. 먼저 현재 두 맵과 출구/촌장/상자 이벤트의 실제 명령을 읽어라. 이미 만든 집, 길, 나무, 두 맵의 크기, 왕복 이동, 상자, 촌장과 안내 표지판 문구 「우물은 북쪽, 지하실은 동쪽」은 보존해야 해. 수정 범위는 북쪽 출구의 열쇠 1개 소비 및 엔딩 실행, 마을 이름을 "마을"로 바꾸는 것뿐이야. 참고로 화면은 "완료 기준 검증 완료 2/2, 맵 시각 리뷰 완료"인데 답변은 "모험 구성이 아직 미완성, 두 맵 시각 확인 누락"이라고 해. 앞의 초록 체크를 근거로 이미 완성됐다고 판단하지 말고 실제 데이터를 근거로 모순을 설명해. 끝난 뒤 두 맵을 실제 그림으로 확인하고 미검증은 미검증이라고 말해.  991ms
   ✓ 턴 표면의 이미 적용된 쓰기 정산 > displays placement warnings only for requested additions: 기존 나무 10개는 보존하고 꽃 3개 추가해줘  585ms
   ✓ 턴 표면의 이미 적용된 쓰기 정산 > displays placement warnings only for requested additions: 나무 10개 배치해줘  502ms
   ✓ 턴 표면의 이미 적용된 쓰기 정산 > displays placement warnings only for requested additions: 이름을 바꿔줘
[컨텍스트] 현재 맵: 나무 10개 추가해줘 (map_blank_start)  356ms
   ✓ 턴 표면의 이미 적용된 쓰기 정산 > max-tool-calls 이후 원장만 남아도 변경 없음으로 기록하지 않는다  913ms
   ✓ 턴 표면의 이미 적용된 쓰기 정산 > token-budget 이후 원장만 남아도 변경 없음으로 기록하지 않는다  1061ms
   ✓ 턴 표면의 이미 적용된 쓰기 정산 > error 이후 원장만 남아도 변경 없음으로 기록하지 않는다  897ms
   ✓ 턴 표면의 이미 적용된 쓰기 정산 > 적용이 거부된 제안은 실제 변경으로 세지 않는다  507ms
   ✓ 턴 표면의 이미 적용된 쓰기 정산 > 원장과 종료 시 적용한 제안을 모두 세되 원장은 다시 적용하지 않는다  792ms
   ✓ 턴 표면의 이미 적용된 쓰기 정산 > 제안 호스트를 직접 호출해도 적용된 턴에는 변경 없음 알림을 만들지 않는다  532ms
 ✓ test/aiAssistantTurnCleanup.test.ts (14 tests) 8170ms
   ✓ assistant owner-turn presentation cleanup > retires visible planning on final without changing retained data  600ms
   ✓ assistant owner-turn presentation cleanup > retires visible planning on error without changing retained data  1541ms
   ✓ assistant owner-turn presentation cleanup > retires visible planning on aborted without changing retained data  663ms
   ✓ assistant owner-turn presentation cleanup > retires visible planning on throw without changing retained data  576ms
   ✓ assistant owner-turn presentation cleanup > retires visible planning on abort-throw without changing retained data  920ms
   ✓ assistant owner-turn presentation cleanup > clears the owner ghost on final when no region approval owns it  699ms
   ✓ assistant owner-turn presentation cleanup > clears the owner ghost on error when no region approval owns it  538ms
   ✓ assistant owner-turn presentation cleanup > clears the owner ghost on aborted when no region approval owns it  353ms
   ✓ assistant owner-turn presentation cleanup > clears the owner ghost on throw when no region approval owns it  356ms
   ✓ assistant owner-turn presentation cleanup > clears the owner ghost on abort-throw when no region approval owns it  358ms
   ✓ assistant owner-turn presentation cleanup > retires after an applied proposal without altering outcome accounting  378ms
   ✓ assistant owner-turn presentation cleanup > retires unseen automatic spec expansion before a follow-up turn can sync it  451ms
   ✓ assistant owner-turn presentation cleanup > an orphaned completion cannot retire its replacement turn's blueprint  474ms
 ✓ test/aiBlockedContinue.test.ts (4 tests) 5205ms
   ✓ offers the real Continue control when required work blocks without a budget stop  1358ms
   ✓ keeps one Continue control when a question follows blocked work  1657ms
   ✓ does not publish a Continue control when the blocked owner is retired  879ms
   ✓ publishes the resumed unfinished result instead of the preceding question outcome  1310ms
 ✓ test/aiActivityLog.test.ts (4 tests) 308ms
 ✓ test/aiRunOutcome.test.ts (437 tests) 193ms
 ✓ test/runRecap.test.ts (4 tests) 19ms
 ✓ test/aiAssistantBridge.test.ts (1 test) 21ms

 Test Files  9 passed (9)
      Tests  524 passed (524)
   Start at  03:47:45
   Duration  145.72s (transform 26.71s, setup 0ms, collect 60.93s, tests 75.04s, environment 19ms, prepare 2.78s)

