
> rpg-zzu@0.1.0 test
> node scripts/run-vitest.mjs run --configLoader bundle test/aiRunOutcome.test.ts -t preserves accepted persistence


 RUN  v3.2.4 /home/main/z-project/rpg-zzu-ai-harness-p2-outcome-20260906

 ❯ test/aiRunOutcome.test.ts (437 tests | 1 failed | 436 skipped) 41ms
   ↓ deriveRunOutcome > exposes the readonly normalized API when imported by a caller
   ↓ deriveRunOutcome > response-final / null > projects 'no-change' when pending=false applied=false persistence='none'
   ↓ deriveRunOutcome > response-final / null > projects 'no-change' when pending=false applied=false persistence='accepted'
   ↓ deriveRunOutcome > response-final / null > projects 'no-change' when pending=false applied=false persistence='verified-current'
   ↓ deriveRunOutcome > response-final / null > projects 'applied' when pending=false applied=true persistence='none'
   ↓ deriveRunOutcome > response-final / null > projects 'persisted' when pending=false applied=true persistence='accepted'
   ↓ deriveRunOutcome > response-final / null > projects 'persisted-verified' when pending=false applied=true persistence='verified-current'
   ↓ deriveRunOutcome > response-final / null > projects 'draft' when pending=true applied=false persistence='none'
   ↓ deriveRunOutcome > response-final / null > projects 'draft' when pending=true applied=false persistence='accepted'
   ↓ deriveRunOutcome > response-final / null > projects 'draft' when pending=true applied=false persistence='verified-current'
   ↓ deriveRunOutcome > response-final / null > projects 'draft' when pending=true applied=true persistence='none'
   ↓ deriveRunOutcome > response-final / null > projects 'draft' when pending=true applied=true persistence='accepted'
   ↓ deriveRunOutcome > response-final / null > projects 'draft' when pending=true applied=true persistence='verified-current'
   ↓ deriveRunOutcome > response-final / pending > projects 'no-change' when pending=false applied=false persistence='none'
   ↓ deriveRunOutcome > response-final / pending > projects 'no-change' when pending=false applied=false persistence='accepted'
   ↓ deriveRunOutcome > response-final / pending > projects 'no-change' when pending=false applied=false persistence='verified-current'
   ↓ deriveRunOutcome > response-final / pending > projects 'applied' when pending=false applied=true persistence='none'
   ↓ deriveRunOutcome > response-final / pending > projects 'persisted' when pending=false applied=true persistence='accepted'
   ↓ deriveRunOutcome > response-final / pending > projects 'persisted-verified' when pending=false applied=true persistence='verified-current'
   ↓ deriveRunOutcome > response-final / pending > projects 'draft' when pending=true applied=false persistence='none'
   ↓ deriveRunOutcome > response-final / pending > projects 'draft' when pending=true applied=false persistence='accepted'
   ↓ deriveRunOutcome > response-final / pending > projects 'draft' when pending=true applied=false persistence='verified-current'
   ↓ deriveRunOutcome > response-final / pending > projects 'draft' when pending=true applied=true persistence='none'
   ↓ deriveRunOutcome > response-final / pending > projects 'draft' when pending=true applied=true persistence='accepted'
   ↓ deriveRunOutcome > response-final / pending > projects 'draft' when pending=true applied=true persistence='verified-current'
   ↓ deriveRunOutcome > response-final / working > projects 'no-change' when pending=false applied=false persistence='none'
   ↓ deriveRunOutcome > response-final / working > projects 'no-change' when pending=false applied=false persistence='accepted'
   ↓ deriveRunOutcome > response-final / working > projects 'no-change' when pending=false applied=false persistence='verified-current'
   ↓ deriveRunOutcome > response-final / working > projects 'applied' when pending=false applied=true persistence='none'
   ↓ deriveRunOutcome > response-final / working > projects 'persisted' when pending=false applied=true persistence='accepted'
   ↓ deriveRunOutcome > response-final / working > projects 'persisted-verified' when pending=false applied=true persistence='verified-current'
   ↓ deriveRunOutcome > response-final / working > projects 'draft' when pending=true applied=false persistence='none'
   ↓ deriveRunOutcome > response-final / working > projects 'draft' when pending=true applied=false persistence='accepted'
   ↓ deriveRunOutcome > response-final / working > projects 'draft' when pending=true applied=false persistence='verified-current'
   ↓ deriveRunOutcome > response-final / working > projects 'draft' when pending=true applied=true persistence='none'
   ↓ deriveRunOutcome > response-final / working > projects 'draft' when pending=true applied=true persistence='accepted'
   ↓ deriveRunOutcome > response-final / working > projects 'draft' when pending=true applied=true persistence='verified-current'
   ↓ deriveRunOutcome > response-final / verifying > projects 'no-change' when pending=false applied=false persistence='none'
   ↓ deriveRunOutcome > response-final / verifying > projects 'no-change' when pending=false applied=false persistence='accepted'
   ↓ deriveRunOutcome > response-final / verifying > projects 'no-change' when pending=false applied=false persistence='verified-current'
   ↓ deriveRunOutcome > response-final / verifying > projects 'applied' when pending=false applied=true persistence='none'
   ↓ deriveRunOutcome > response-final / verifying > projects 'persisted' when pending=false applied=true persistence='accepted'
   ↓ deriveRunOutcome > response-final / verifying > projects 'persisted-verified' when pending=false applied=true persistence='verified-current'
   ↓ deriveRunOutcome > response-final / verifying > projects 'draft' when pending=true applied=false persistence='none'
   ↓ deriveRunOutcome > response-final / verifying > projects 'draft' when pending=true applied=false persistence='accepted'
   ↓ deriveRunOutcome > response-final / verifying > projects 'draft' when pending=true applied=false persistence='verified-current'
   ↓ deriveRunOutcome > response-final / verifying > projects 'draft' when pending=true applied=true persistence='none'
   ↓ deriveRunOutcome > response-final / verifying > projects 'draft' when pending=true applied=true persistence='accepted'
   ↓ deriveRunOutcome > response-final / verifying > projects 'draft' when pending=true applied=true persistence='verified-current'
   ↓ deriveRunOutcome > response-final / verified > projects 'no-change' when pending=false applied=false persistence='none'
   ↓ deriveRunOutcome > response-final / verified > projects 'no-change' when pending=false applied=false persistence='accepted'
   ↓ deriveRunOutcome > response-final / verified > projects 'no-change' when pending=false applied=false persistence='verified-current'
   ↓ deriveRunOutcome > response-final / verified > projects 'applied' when pending=false applied=true persistence='none'
   ↓ deriveRunOutcome > response-final / verified > projects 'persisted' when pending=false applied=true persistence='accepted'
   ↓ deriveRunOutcome > response-final / verified > projects 'persisted-verified' when pending=false applied=true persistence='verified-current'
   ↓ deriveRunOutcome > response-final / verified > projects 'draft' when pending=true applied=false persistence='none'
   ↓ deriveRunOutcome > response-final / verified > projects 'draft' when pending=true applied=false persistence='accepted'
   ↓ deriveRunOutcome > response-final / verified > projects 'draft' when pending=true applied=false persistence='verified-current'
   ↓ deriveRunOutcome > response-final / verified > projects 'draft' when pending=true applied=true persistence='none'
   ↓ deriveRunOutcome > response-final / verified > projects 'draft' when pending=true applied=true persistence='accepted'
   ↓ deriveRunOutcome > response-final / verified > projects 'draft' when pending=true applied=true persistence='verified-current'
   ↓ deriveRunOutcome > response-final / blocked > projects 'no-change' when pending=false applied=false persistence='none'
   ↓ deriveRunOutcome > response-final / blocked > projects 'no-change' when pending=false applied=false persistence='accepted'
   ↓ deriveRunOutcome > response-final / blocked > projects 'no-change' when pending=false applied=false persistence='verified-current'
   ↓ deriveRunOutcome > response-final / blocked > projects 'applied' when pending=false applied=true persistence='none'
   ↓ deriveRunOutcome > response-final / blocked > projects 'persisted' when pending=false applied=true persistence='accepted'
   ↓ deriveRunOutcome > response-final / blocked > projects 'persisted-verified' when pending=false applied=true persistence='verified-current'
   ↓ deriveRunOutcome > response-final / blocked > projects 'draft' when pending=true applied=false persistence='none'
   ↓ deriveRunOutcome > response-final / blocked > projects 'draft' when pending=true applied=false persistence='accepted'
   ↓ deriveRunOutcome > response-final / blocked > projects 'draft' when pending=true applied=false persistence='verified-current'
   ↓ deriveRunOutcome > response-final / blocked > projects 'draft' when pending=true applied=true persistence='none'
   ↓ deriveRunOutcome > response-final / blocked > projects 'draft' when pending=true applied=true persistence='accepted'
   ↓ deriveRunOutcome > response-final / blocked > projects 'draft' when pending=true applied=true persistence='verified-current'
   ↓ deriveRunOutcome > awaiting-user / null > projects 'no-change' when pending=false applied=false persistence='none'
   ↓ deriveRunOutcome > awaiting-user / null > projects 'no-change' when pending=false applied=false persistence='accepted'
   ↓ deriveRunOutcome > awaiting-user / null > projects 'no-change' when pending=false applied=false persistence='verified-current'
   ↓ deriveRunOutcome > awaiting-user / null > projects 'applied' when pending=false applied=true persistence='none'
   ↓ deriveRunOutcome > awaiting-user / null > projects 'persisted' when pending=false applied=true persistence='accepted'
   ↓ deriveRunOutcome > awaiting-user / null > projects 'persisted-verified' when pending=false applied=true persistence='verified-current'
   ↓ deriveRunOutcome > awaiting-user / null > projects 'draft' when pending=true applied=false persistence='none'
   ↓ deriveRunOutcome > awaiting-user / null > projects 'draft' when pending=true applied=false persistence='accepted'
   ↓ deriveRunOutcome > awaiting-user / null > projects 'draft' when pending=true applied=false persistence='verified-current'
   ↓ deriveRunOutcome > awaiting-user / null > projects 'draft' when pending=true applied=true persistence='none'
   ↓ deriveRunOutcome > awaiting-user / null > projects 'draft' when pending=true applied=true persistence='accepted'
   ↓ deriveRunOutcome > awaiting-user / null > projects 'draft' when pending=true applied=true persistence='verified-current'
   ↓ deriveRunOutcome > awaiting-user / pending > projects 'no-change' when pending=false applied=false persistence='none'
   ↓ deriveRunOutcome > awaiting-user / pending > projects 'no-change' when pending=false applied=false persistence='accepted'
   ↓ deriveRunOutcome > awaiting-user / pending > projects 'no-change' when pending=false applied=false persistence='verified-current'
   ↓ deriveRunOutcome > awaiting-user / pending > projects 'applied' when pending=false applied=true persistence='none'
   ↓ deriveRunOutcome > awaiting-user / pending > projects 'persisted' when pending=false applied=true persistence='accepted'
   ↓ deriveRunOutcome > awaiting-user / pending > projects 'persisted-verified' when pending=false applied=true persistence='verified-current'
   ↓ deriveRunOutcome > awaiting-user / pending > projects 'draft' when pending=true applied=false persistence='none'
   ↓ deriveRunOutcome > awaiting-user / pending > projects 'draft' when pending=true applied=false persistence='accepted'
   ↓ deriveRunOutcome > awaiting-user / pending > projects 'draft' when pending=true applied=false persistence='verified-current'
   ↓ deriveRunOutcome > awaiting-user / pending > projects 'draft' when pending=true applied=true persistence='none'
   ↓ deriveRunOutcome > awaiting-user / pending > projects 'draft' when pending=true applied=true persistence='accepted'
   ↓ deriveRunOutcome > awaiting-user / pending > projects 'draft' when pending=true applied=true persistence='verified-current'
   ↓ deriveRunOutcome > awaiting-user / working > projects 'no-change' when pending=false applied=false persistence='none'
   ↓ deriveRunOutcome > awaiting-user / working > projects 'no-change' when pending=false applied=false persistence='accepted'
   ↓ deriveRunOutcome > awaiting-user / working > projects 'no-change' when pending=false applied=false persistence='verified-current'
   ↓ deriveRunOutcome > awaiting-user / working > projects 'applied' when pending=false applied=true persistence='none'
   ↓ deriveRunOutcome > awaiting-user / working > projects 'persisted' when pending=false applied=true persistence='accepted'
   ↓ deriveRunOutcome > awaiting-user / working > projects 'persisted-verified' when pending=false applied=true persistence='verified-current'
   ↓ deriveRunOutcome > awaiting-user / working > projects 'draft' when pending=true applied=false persistence='none'
   ↓ deriveRunOutcome > awaiting-user / working > projects 'draft' when pending=true applied=false persistence='accepted'
   ↓ deriveRunOutcome > awaiting-user / working > projects 'draft' when pending=true applied=false persistence='verified-current'
   ↓ deriveRunOutcome > awaiting-user / working > projects 'draft' when pending=true applied=true persistence='none'
   ↓ deriveRunOutcome > awaiting-user / working > projects 'draft' when pending=true applied=true persistence='accepted'
   ↓ deriveRunOutcome > awaiting-user / working > projects 'draft' when pending=true applied=true persistence='verified-current'
   ↓ deriveRunOutcome > awaiting-user / verifying > projects 'no-change' when pending=false applied=false persistence='none'
   ↓ deriveRunOutcome > awaiting-user / verifying > projects 'no-change' when pending=false applied=false persistence='accepted'
   ↓ deriveRunOutcome > awaiting-user / verifying > projects 'no-change' when pending=false applied=false persistence='verified-current'
   ↓ deriveRunOutcome > awaiting-user / verifying > projects 'applied' when pending=false applied=true persistence='none'
   ↓ deriveRunOutcome > awaiting-user / verifying > projects 'persisted' when pending=false applied=true persistence='accepted'
   ↓ deriveRunOutcome > awaiting-user / verifying > projects 'persisted-verified' when pending=false applied=true persistence='verified-current'
   ↓ deriveRunOutcome > awaiting-user / verifying > projects 'draft' when pending=true applied=false persistence='none'
   ↓ deriveRunOutcome > awaiting-user / verifying > projects 'draft' when pending=true applied=false persistence='accepted'
   ↓ deriveRunOutcome > awaiting-user / verifying > projects 'draft' when pending=true applied=false persistence='verified-current'
   ↓ deriveRunOutcome > awaiting-user / verifying > projects 'draft' when pending=true applied=true persistence='none'
   ↓ deriveRunOutcome > awaiting-user / verifying > projects 'draft' when pending=true applied=true persistence='accepted'
   ↓ deriveRunOutcome > awaiting-user / verifying > projects 'draft' when pending=true applied=true persistence='verified-current'
   ↓ deriveRunOutcome > awaiting-user / verified > projects 'no-change' when pending=false applied=false persistence='none'
   ↓ deriveRunOutcome > awaiting-user / verified > projects 'no-change' when pending=false applied=false persistence='accepted'
   ↓ deriveRunOutcome > awaiting-user / verified > projects 'no-change' when pending=false applied=false persistence='verified-current'
   ↓ deriveRunOutcome > awaiting-user / verified > projects 'applied' when pending=false applied=true persistence='none'
   ↓ deriveRunOutcome > awaiting-user / verified > projects 'persisted' when pending=false applied=true persistence='accepted'
   ↓ deriveRunOutcome > awaiting-user / verified > projects 'persisted-verified' when pending=false applied=true persistence='verified-current'
   ↓ deriveRunOutcome > awaiting-user / verified > projects 'draft' when pending=true applied=false persistence='none'
   ↓ deriveRunOutcome > awaiting-user / verified > projects 'draft' when pending=true applied=false persistence='accepted'
   ↓ deriveRunOutcome > awaiting-user / verified > projects 'draft' when pending=true applied=false persistence='verified-current'
   ↓ deriveRunOutcome > awaiting-user / verified > projects 'draft' when pending=true applied=true persistence='none'
   ↓ deriveRunOutcome > awaiting-user / verified > projects 'draft' when pending=true applied=true persistence='accepted'
   ↓ deriveRunOutcome > awaiting-user / verified > projects 'draft' when pending=true applied=true persistence='verified-current'
   ↓ deriveRunOutcome > awaiting-user / blocked > projects 'no-change' when pending=false applied=false persistence='none'
   ↓ deriveRunOutcome > awaiting-user / blocked > projects 'no-change' when pending=false applied=false persistence='accepted'
   ↓ deriveRunOutcome > awaiting-user / blocked > projects 'no-change' when pending=false applied=false persistence='verified-current'
   ↓ deriveRunOutcome > awaiting-user / blocked > projects 'applied' when pending=false applied=true persistence='none'
   ↓ deriveRunOutcome > awaiting-user / blocked > projects 'persisted' when pending=false applied=true persistence='accepted'
   ↓ deriveRunOutcome > awaiting-user / blocked > projects 'persisted-verified' when pending=false applied=true persistence='verified-current'
   ↓ deriveRunOutcome > awaiting-user / blocked > projects 'draft' when pending=true applied=false persistence='none'
   ↓ deriveRunOutcome > awaiting-user / blocked > projects 'draft' when pending=true applied=false persistence='accepted'
   ↓ deriveRunOutcome > awaiting-user / blocked > projects 'draft' when pending=true applied=false persistence='verified-current'
   ↓ deriveRunOutcome > awaiting-user / blocked > projects 'draft' when pending=true applied=true persistence='none'
   ↓ deriveRunOutcome > awaiting-user / blocked > projects 'draft' when pending=true applied=true persistence='accepted'
   ↓ deriveRunOutcome > awaiting-user / blocked > projects 'draft' when pending=true applied=true persistence='verified-current'
   ↓ deriveRunOutcome > blocked / null > projects 'no-change' when pending=false applied=false persistence='none'
   ↓ deriveRunOutcome > blocked / null > projects 'no-change' when pending=false applied=false persistence='accepted'
   ↓ deriveRunOutcome > blocked / null > projects 'no-change' when pending=false applied=false persistence='verified-current'
   ↓ deriveRunOutcome > blocked / null > projects 'applied' when pending=false applied=true persistence='none'
   ↓ deriveRunOutcome > blocked / null > projects 'persisted' when pending=false applied=true persistence='accepted'
   ↓ deriveRunOutcome > blocked / null > projects 'persisted-verified' when pending=false applied=true persistence='verified-current'
   ↓ deriveRunOutcome > blocked / null > projects 'draft' when pending=true applied=false persistence='none'
   ↓ deriveRunOutcome > blocked / null > projects 'draft' when pending=true applied=false persistence='accepted'
   ↓ deriveRunOutcome > blocked / null > projects 'draft' when pending=true applied=false persistence='verified-current'
   ↓ deriveRunOutcome > blocked / null > projects 'draft' when pending=true applied=true persistence='none'
   ↓ deriveRunOutcome > blocked / null > projects 'draft' when pending=true applied=true persistence='accepted'
   ↓ deriveRunOutcome > blocked / null > projects 'draft' when pending=true applied=true persistence='verified-current'
   ↓ deriveRunOutcome > blocked / pending > projects 'no-change' when pending=false applied=false persistence='none'
   ↓ deriveRunOutcome > blocked / pending > projects 'no-change' when pending=false applied=false persistence='accepted'
   ↓ deriveRunOutcome > blocked / pending > projects 'no-change' when pending=false applied=false persistence='verified-current'
   ↓ deriveRunOutcome > blocked / pending > projects 'applied' when pending=false applied=true persistence='none'
   ↓ deriveRunOutcome > blocked / pending > projects 'persisted' when pending=false applied=true persistence='accepted'
   ↓ deriveRunOutcome > blocked / pending > projects 'persisted-verified' when pending=false applied=true persistence='verified-current'
   ↓ deriveRunOutcome > blocked / pending > projects 'draft' when pending=true applied=false persistence='none'
   ↓ deriveRunOutcome > blocked / pending > projects 'draft' when pending=true applied=false persistence='accepted'
   ↓ deriveRunOutcome > blocked / pending > projects 'draft' when pending=true applied=false persistence='verified-current'
   ↓ deriveRunOutcome > blocked / pending > projects 'draft' when pending=true applied=true persistence='none'
   ↓ deriveRunOutcome > blocked / pending > projects 'draft' when pending=true applied=true persistence='accepted'
   ↓ deriveRunOutcome > blocked / pending > projects 'draft' when pending=true applied=true persistence='verified-current'
   ↓ deriveRunOutcome > blocked / working > projects 'no-change' when pending=false applied=false persistence='none'
   ↓ deriveRunOutcome > blocked / working > projects 'no-change' when pending=false applied=false persistence='accepted'
   ↓ deriveRunOutcome > blocked / working > projects 'no-change' when pending=false applied=false persistence='verified-current'
   ↓ deriveRunOutcome > blocked / working > projects 'applied' when pending=false applied=true persistence='none'
   ↓ deriveRunOutcome > blocked / working > projects 'persisted' when pending=false applied=true persistence='accepted'
   ↓ deriveRunOutcome > blocked / working > projects 'persisted-verified' when pending=false applied=true persistence='verified-current'
   ↓ deriveRunOutcome > blocked / working > projects 'draft' when pending=true applied=false persistence='none'
   ↓ deriveRunOutcome > blocked / working > projects 'draft' when pending=true applied=false persistence='accepted'
   ↓ deriveRunOutcome > blocked / working > projects 'draft' when pending=true applied=false persistence='verified-current'
   ↓ deriveRunOutcome > blocked / working > projects 'draft' when pending=true applied=true persistence='none'
   ↓ deriveRunOutcome > blocked / working > projects 'draft' when pending=true applied=true persistence='accepted'
   ↓ deriveRunOutcome > blocked / working > projects 'draft' when pending=true applied=true persistence='verified-current'
   ↓ deriveRunOutcome > blocked / verifying > projects 'no-change' when pending=false applied=false persistence='none'
   ↓ deriveRunOutcome > blocked / verifying > projects 'no-change' when pending=false applied=false persistence='accepted'
   ↓ deriveRunOutcome > blocked / verifying > projects 'no-change' when pending=false applied=false persistence='verified-current'
   ↓ deriveRunOutcome > blocked / verifying > projects 'applied' when pending=false applied=true persistence='none'
   ↓ deriveRunOutcome > blocked / verifying > projects 'persisted' when pending=false applied=true persistence='accepted'
   ↓ deriveRunOutcome > blocked / verifying > projects 'persisted-verified' when pending=false applied=true persistence='verified-current'
   ↓ deriveRunOutcome > blocked / verifying > projects 'draft' when pending=true applied=false persistence='none'
   ↓ deriveRunOutcome > blocked / verifying > projects 'draft' when pending=true applied=false persistence='accepted'
   ↓ deriveRunOutcome > blocked / verifying > projects 'draft' when pending=true applied=false persistence='verified-current'
   ↓ deriveRunOutcome > blocked / verifying > projects 'draft' when pending=true applied=true persistence='none'
   ↓ deriveRunOutcome > blocked / verifying > projects 'draft' when pending=true applied=true persistence='accepted'
   ↓ deriveRunOutcome > blocked / verifying > projects 'draft' when pending=true applied=true persistence='verified-current'
   ↓ deriveRunOutcome > blocked / verified > projects 'no-change' when pending=false applied=false persistence='none'
   ↓ deriveRunOutcome > blocked / verified > projects 'no-change' when pending=false applied=false persistence='accepted'
   ↓ deriveRunOutcome > blocked / verified > projects 'no-change' when pending=false applied=false persistence='verified-current'
   ↓ deriveRunOutcome > blocked / verified > projects 'applied' when pending=false applied=true persistence='none'
   ↓ deriveRunOutcome > blocked / verified > projects 'persisted' when pending=false applied=true persistence='accepted'
   ↓ deriveRunOutcome > blocked / verified > projects 'persisted-verified' when pending=false applied=true persistence='verified-current'
   ↓ deriveRunOutcome > blocked / verified > projects 'draft' when pending=true applied=false persistence='none'
   ↓ deriveRunOutcome > blocked / verified > projects 'draft' when pending=true applied=false persistence='accepted'
   ↓ deriveRunOutcome > blocked / verified > projects 'draft' when pending=true applied=false persistence='verified-current'
   ↓ deriveRunOutcome > blocked / verified > projects 'draft' when pending=true applied=true persistence='none'
   ↓ deriveRunOutcome > blocked / verified > projects 'draft' when pending=true applied=true persistence='accepted'
   ↓ deriveRunOutcome > blocked / verified > projects 'draft' when pending=true applied=true persistence='verified-current'
   ↓ deriveRunOutcome > blocked / blocked > projects 'no-change' when pending=false applied=false persistence='none'
   ↓ deriveRunOutcome > blocked / blocked > projects 'no-change' when pending=false applied=false persistence='accepted'
   ↓ deriveRunOutcome > blocked / blocked > projects 'no-change' when pending=false applied=false persistence='verified-current'
   ↓ deriveRunOutcome > blocked / blocked > projects 'applied' when pending=false applied=true persistence='none'
   ↓ deriveRunOutcome > blocked / blocked > projects 'persisted' when pending=false applied=true persistence='accepted'
   ↓ deriveRunOutcome > blocked / blocked > projects 'persisted-verified' when pending=false applied=true persistence='verified-current'
   ↓ deriveRunOutcome > blocked / blocked > projects 'draft' when pending=true applied=false persistence='none'
   ↓ deriveRunOutcome > blocked / blocked > projects 'draft' when pending=true applied=false persistence='accepted'
   ↓ deriveRunOutcome > blocked / blocked > projects 'draft' when pending=true applied=false persistence='verified-current'
   ↓ deriveRunOutcome > blocked / blocked > projects 'draft' when pending=true applied=true persistence='none'
   ↓ deriveRunOutcome > blocked / blocked > projects 'draft' when pending=true applied=true persistence='accepted'
   ↓ deriveRunOutcome > blocked / blocked > projects 'draft' when pending=true applied=true persistence='verified-current'
   ↓ deriveRunOutcome > cancelled / null > projects 'no-change' when pending=false applied=false persistence='none'
   ↓ deriveRunOutcome > cancelled / null > projects 'no-change' when pending=false applied=false persistence='accepted'
   ↓ deriveRunOutcome > cancelled / null > projects 'no-change' when pending=false applied=false persistence='verified-current'
   ↓ deriveRunOutcome > cancelled / null > projects 'applied' when pending=false applied=true persistence='none'
   ↓ deriveRunOutcome > cancelled / null > projects 'persisted' when pending=false applied=true persistence='accepted'
   ↓ deriveRunOutcome > cancelled / null > projects 'persisted-verified' when pending=false applied=true persistence='verified-current'
   ↓ deriveRunOutcome > cancelled / null > projects 'draft' when pending=true applied=false persistence='none'
   ↓ deriveRunOutcome > cancelled / null > projects 'draft' when pending=true applied=false persistence='accepted'
   ↓ deriveRunOutcome > cancelled / null > projects 'draft' when pending=true applied=false persistence='verified-current'
   ↓ deriveRunOutcome > cancelled / null > projects 'draft' when pending=true applied=true persistence='none'
   ↓ deriveRunOutcome > cancelled / null > projects 'draft' when pending=true applied=true persistence='accepted'
   ↓ deriveRunOutcome > cancelled / null > projects 'draft' when pending=true applied=true persistence='verified-current'
   ↓ deriveRunOutcome > cancelled / pending > projects 'no-change' when pending=false applied=false persistence='none'
   ↓ deriveRunOutcome > cancelled / pending > projects 'no-change' when pending=false applied=false persistence='accepted'
   ↓ deriveRunOutcome > cancelled / pending > projects 'no-change' when pending=false applied=false persistence='verified-current'
   ↓ deriveRunOutcome > cancelled / pending > projects 'applied' when pending=false applied=true persistence='none'
   ↓ deriveRunOutcome > cancelled / pending > projects 'persisted' when pending=false applied=true persistence='accepted'
   ↓ deriveRunOutcome > cancelled / pending > projects 'persisted-verified' when pending=false applied=true persistence='verified-current'
   ↓ deriveRunOutcome > cancelled / pending > projects 'draft' when pending=true applied=false persistence='none'
   ↓ deriveRunOutcome > cancelled / pending > projects 'draft' when pending=true applied=false persistence='accepted'
   ↓ deriveRunOutcome > cancelled / pending > projects 'draft' when pending=true applied=false persistence='verified-current'
   ↓ deriveRunOutcome > cancelled / pending > projects 'draft' when pending=true applied=true persistence='none'
   ↓ deriveRunOutcome > cancelled / pending > projects 'draft' when pending=true applied=true persistence='accepted'
   ↓ deriveRunOutcome > cancelled / pending > projects 'draft' when pending=true applied=true persistence='verified-current'
   ↓ deriveRunOutcome > cancelled / working > projects 'no-change' when pending=false applied=false persistence='none'
   ↓ deriveRunOutcome > cancelled / working > projects 'no-change' when pending=false applied=false persistence='accepted'
   ↓ deriveRunOutcome > cancelled / working > projects 'no-change' when pending=false applied=false persistence='verified-current'
   ↓ deriveRunOutcome > cancelled / working > projects 'applied' when pending=false applied=true persistence='none'
   ↓ deriveRunOutcome > cancelled / working > projects 'persisted' when pending=false applied=true persistence='accepted'
   ↓ deriveRunOutcome > cancelled / working > projects 'persisted-verified' when pending=false applied=true persistence='verified-current'
   ↓ deriveRunOutcome > cancelled / working > projects 'draft' when pending=true applied=false persistence='none'
   ↓ deriveRunOutcome > cancelled / working > projects 'draft' when pending=true applied=false persistence='accepted'
   ↓ deriveRunOutcome > cancelled / working > projects 'draft' when pending=true applied=false persistence='verified-current'
   ↓ deriveRunOutcome > cancelled / working > projects 'draft' when pending=true applied=true persistence='none'
   ↓ deriveRunOutcome > cancelled / working > projects 'draft' when pending=true applied=true persistence='accepted'
   ↓ deriveRunOutcome > cancelled / working > projects 'draft' when pending=true applied=true persistence='verified-current'
   ↓ deriveRunOutcome > cancelled / verifying > projects 'no-change' when pending=false applied=false persistence='none'
   ↓ deriveRunOutcome > cancelled / verifying > projects 'no-change' when pending=false applied=false persistence='accepted'
   ↓ deriveRunOutcome > cancelled / verifying > projects 'no-change' when pending=false applied=false persistence='verified-current'
   ↓ deriveRunOutcome > cancelled / verifying > projects 'applied' when pending=false applied=true persistence='none'
   ↓ deriveRunOutcome > cancelled / verifying > projects 'persisted' when pending=false applied=true persistence='accepted'
   ↓ deriveRunOutcome > cancelled / verifying > projects 'persisted-verified' when pending=false applied=true persistence='verified-current'
   ↓ deriveRunOutcome > cancelled / verifying > projects 'draft' when pending=true applied=false persistence='none'
   ↓ deriveRunOutcome > cancelled / verifying > projects 'draft' when pending=true applied=false persistence='accepted'
   ↓ deriveRunOutcome > cancelled / verifying > projects 'draft' when pending=true applied=false persistence='verified-current'
   ↓ deriveRunOutcome > cancelled / verifying > projects 'draft' when pending=true applied=true persistence='none'
   ↓ deriveRunOutcome > cancelled / verifying > projects 'draft' when pending=true applied=true persistence='accepted'
   ↓ deriveRunOutcome > cancelled / verifying > projects 'draft' when pending=true applied=true persistence='verified-current'
   ↓ deriveRunOutcome > cancelled / verified > projects 'no-change' when pending=false applied=false persistence='none'
   ↓ deriveRunOutcome > cancelled / verified > projects 'no-change' when pending=false applied=false persistence='accepted'
   ↓ deriveRunOutcome > cancelled / verified > projects 'no-change' when pending=false applied=false persistence='verified-current'
   ↓ deriveRunOutcome > cancelled / verified > projects 'applied' when pending=false applied=true persistence='none'
   ↓ deriveRunOutcome > cancelled / verified > projects 'persisted' when pending=false applied=true persistence='accepted'
   ↓ deriveRunOutcome > cancelled / verified > projects 'persisted-verified' when pending=false applied=true persistence='verified-current'
   ↓ deriveRunOutcome > cancelled / verified > projects 'draft' when pending=true applied=false persistence='none'
   ↓ deriveRunOutcome > cancelled / verified > projects 'draft' when pending=true applied=false persistence='accepted'
   ↓ deriveRunOutcome > cancelled / verified > projects 'draft' when pending=true applied=false persistence='verified-current'
   ↓ deriveRunOutcome > cancelled / verified > projects 'draft' when pending=true applied=true persistence='none'
   ↓ deriveRunOutcome > cancelled / verified > projects 'draft' when pending=true applied=true persistence='accepted'
   ↓ deriveRunOutcome > cancelled / verified > projects 'draft' when pending=true applied=true persistence='verified-current'
   ↓ deriveRunOutcome > cancelled / blocked > projects 'no-change' when pending=false applied=false persistence='none'
   ↓ deriveRunOutcome > cancelled / blocked > projects 'no-change' when pending=false applied=false persistence='accepted'
   ↓ deriveRunOutcome > cancelled / blocked > projects 'no-change' when pending=false applied=false persistence='verified-current'
   ↓ deriveRunOutcome > cancelled / blocked > projects 'applied' when pending=false applied=true persistence='none'
   ↓ deriveRunOutcome > cancelled / blocked > projects 'persisted' when pending=false applied=true persistence='accepted'
   ↓ deriveRunOutcome > cancelled / blocked > projects 'persisted-verified' when pending=false applied=true persistence='verified-current'
   ↓ deriveRunOutcome > cancelled / blocked > projects 'draft' when pending=true applied=false persistence='none'
   ↓ deriveRunOutcome > cancelled / blocked > projects 'draft' when pending=true applied=false persistence='accepted'
   ↓ deriveRunOutcome > cancelled / blocked > projects 'draft' when pending=true applied=false persistence='verified-current'
   ↓ deriveRunOutcome > cancelled / blocked > projects 'draft' when pending=true applied=true persistence='none'
   ↓ deriveRunOutcome > cancelled / blocked > projects 'draft' when pending=true applied=true persistence='accepted'
   ↓ deriveRunOutcome > cancelled / blocked > projects 'draft' when pending=true applied=true persistence='verified-current'
   ↓ deriveRunOutcome > budget-exhausted / null > projects 'no-change' when pending=false applied=false persistence='none'
   ↓ deriveRunOutcome > budget-exhausted / null > projects 'no-change' when pending=false applied=false persistence='accepted'
   ↓ deriveRunOutcome > budget-exhausted / null > projects 'no-change' when pending=false applied=false persistence='verified-current'
   ↓ deriveRunOutcome > budget-exhausted / null > projects 'applied' when pending=false applied=true persistence='none'
   ↓ deriveRunOutcome > budget-exhausted / null > projects 'persisted' when pending=false applied=true persistence='accepted'
   ↓ deriveRunOutcome > budget-exhausted / null > projects 'persisted-verified' when pending=false applied=true persistence='verified-current'
   ↓ deriveRunOutcome > budget-exhausted / null > projects 'draft' when pending=true applied=false persistence='none'
   ↓ deriveRunOutcome > budget-exhausted / null > projects 'draft' when pending=true applied=false persistence='accepted'
   ↓ deriveRunOutcome > budget-exhausted / null > projects 'draft' when pending=true applied=false persistence='verified-current'
   ↓ deriveRunOutcome > budget-exhausted / null > projects 'draft' when pending=true applied=true persistence='none'
   ↓ deriveRunOutcome > budget-exhausted / null > projects 'draft' when pending=true applied=true persistence='accepted'
   ↓ deriveRunOutcome > budget-exhausted / null > projects 'draft' when pending=true applied=true persistence='verified-current'
   ↓ deriveRunOutcome > budget-exhausted / pending > projects 'no-change' when pending=false applied=false persistence='none'
   ↓ deriveRunOutcome > budget-exhausted / pending > projects 'no-change' when pending=false applied=false persistence='accepted'
   ↓ deriveRunOutcome > budget-exhausted / pending > projects 'no-change' when pending=false applied=false persistence='verified-current'
   ↓ deriveRunOutcome > budget-exhausted / pending > projects 'applied' when pending=false applied=true persistence='none'
   ↓ deriveRunOutcome > budget-exhausted / pending > projects 'persisted' when pending=false applied=true persistence='accepted'
   ↓ deriveRunOutcome > budget-exhausted / pending > projects 'persisted-verified' when pending=false applied=true persistence='verified-current'
   ↓ deriveRunOutcome > budget-exhausted / pending > projects 'draft' when pending=true applied=false persistence='none'
   ↓ deriveRunOutcome > budget-exhausted / pending > projects 'draft' when pending=true applied=false persistence='accepted'
   ↓ deriveRunOutcome > budget-exhausted / pending > projects 'draft' when pending=true applied=false persistence='verified-current'
   ↓ deriveRunOutcome > budget-exhausted / pending > projects 'draft' when pending=true applied=true persistence='none'
   ↓ deriveRunOutcome > budget-exhausted / pending > projects 'draft' when pending=true applied=true persistence='accepted'
   ↓ deriveRunOutcome > budget-exhausted / pending > projects 'draft' when pending=true applied=true persistence='verified-current'
   ↓ deriveRunOutcome > budget-exhausted / working > projects 'no-change' when pending=false applied=false persistence='none'
   ↓ deriveRunOutcome > budget-exhausted / working > projects 'no-change' when pending=false applied=false persistence='accepted'
   ↓ deriveRunOutcome > budget-exhausted / working > projects 'no-change' when pending=false applied=false persistence='verified-current'
   ↓ deriveRunOutcome > budget-exhausted / working > projects 'applied' when pending=false applied=true persistence='none'
   ↓ deriveRunOutcome > budget-exhausted / working > projects 'persisted' when pending=false applied=true persistence='accepted'
   ↓ deriveRunOutcome > budget-exhausted / working > projects 'persisted-verified' when pending=false applied=true persistence='verified-current'
   ↓ deriveRunOutcome > budget-exhausted / working > projects 'draft' when pending=true applied=false persistence='none'
   ↓ deriveRunOutcome > budget-exhausted / working > projects 'draft' when pending=true applied=false persistence='accepted'
   ↓ deriveRunOutcome > budget-exhausted / working > projects 'draft' when pending=true applied=false persistence='verified-current'
   ↓ deriveRunOutcome > budget-exhausted / working > projects 'draft' when pending=true applied=true persistence='none'
   ↓ deriveRunOutcome > budget-exhausted / working > projects 'draft' when pending=true applied=true persistence='accepted'
   ↓ deriveRunOutcome > budget-exhausted / working > projects 'draft' when pending=true applied=true persistence='verified-current'
   ↓ deriveRunOutcome > budget-exhausted / verifying > projects 'no-change' when pending=false applied=false persistence='none'
   ↓ deriveRunOutcome > budget-exhausted / verifying > projects 'no-change' when pending=false applied=false persistence='accepted'
   ↓ deriveRunOutcome > budget-exhausted / verifying > projects 'no-change' when pending=false applied=false persistence='verified-current'
   ↓ deriveRunOutcome > budget-exhausted / verifying > projects 'applied' when pending=false applied=true persistence='none'
   ↓ deriveRunOutcome > budget-exhausted / verifying > projects 'persisted' when pending=false applied=true persistence='accepted'
   ↓ deriveRunOutcome > budget-exhausted / verifying > projects 'persisted-verified' when pending=false applied=true persistence='verified-current'
   ↓ deriveRunOutcome > budget-exhausted / verifying > projects 'draft' when pending=true applied=false persistence='none'
   ↓ deriveRunOutcome > budget-exhausted / verifying > projects 'draft' when pending=true applied=false persistence='accepted'
   ↓ deriveRunOutcome > budget-exhausted / verifying > projects 'draft' when pending=true applied=false persistence='verified-current'
   ↓ deriveRunOutcome > budget-exhausted / verifying > projects 'draft' when pending=true applied=true persistence='none'
   ↓ deriveRunOutcome > budget-exhausted / verifying > projects 'draft' when pending=true applied=true persistence='accepted'
   ↓ deriveRunOutcome > budget-exhausted / verifying > projects 'draft' when pending=true applied=true persistence='verified-current'
   ↓ deriveRunOutcome > budget-exhausted / verified > projects 'no-change' when pending=false applied=false persistence='none'
   ↓ deriveRunOutcome > budget-exhausted / verified > projects 'no-change' when pending=false applied=false persistence='accepted'
   ↓ deriveRunOutcome > budget-exhausted / verified > projects 'no-change' when pending=false applied=false persistence='verified-current'
   ↓ deriveRunOutcome > budget-exhausted / verified > projects 'applied' when pending=false applied=true persistence='none'
   ↓ deriveRunOutcome > budget-exhausted / verified > projects 'persisted' when pending=false applied=true persistence='accepted'
   ↓ deriveRunOutcome > budget-exhausted / verified > projects 'persisted-verified' when pending=false applied=true persistence='verified-current'
   ↓ deriveRunOutcome > budget-exhausted / verified > projects 'draft' when pending=true applied=false persistence='none'
   ↓ deriveRunOutcome > budget-exhausted / verified > projects 'draft' when pending=true applied=false persistence='accepted'
   ↓ deriveRunOutcome > budget-exhausted / verified > projects 'draft' when pending=true applied=false persistence='verified-current'
   ↓ deriveRunOutcome > budget-exhausted / verified > projects 'draft' when pending=true applied=true persistence='none'
   ↓ deriveRunOutcome > budget-exhausted / verified > projects 'draft' when pending=true applied=true persistence='accepted'
   ↓ deriveRunOutcome > budget-exhausted / verified > projects 'draft' when pending=true applied=true persistence='verified-current'
   ↓ deriveRunOutcome > budget-exhausted / blocked > projects 'no-change' when pending=false applied=false persistence='none'
   ↓ deriveRunOutcome > budget-exhausted / blocked > projects 'no-change' when pending=false applied=false persistence='accepted'
   ↓ deriveRunOutcome > budget-exhausted / blocked > projects 'no-change' when pending=false applied=false persistence='verified-current'
   ↓ deriveRunOutcome > budget-exhausted / blocked > projects 'applied' when pending=false applied=true persistence='none'
   ↓ deriveRunOutcome > budget-exhausted / blocked > projects 'persisted' when pending=false applied=true persistence='accepted'
   ↓ deriveRunOutcome > budget-exhausted / blocked > projects 'persisted-verified' when pending=false applied=true persistence='verified-current'
   ↓ deriveRunOutcome > budget-exhausted / blocked > projects 'draft' when pending=true applied=false persistence='none'
   ↓ deriveRunOutcome > budget-exhausted / blocked > projects 'draft' when pending=true applied=false persistence='accepted'
   ↓ deriveRunOutcome > budget-exhausted / blocked > projects 'draft' when pending=true applied=false persistence='verified-current'
   ↓ deriveRunOutcome > budget-exhausted / blocked > projects 'draft' when pending=true applied=true persistence='none'
   ↓ deriveRunOutcome > budget-exhausted / blocked > projects 'draft' when pending=true applied=true persistence='accepted'
   ↓ deriveRunOutcome > budget-exhausted / blocked > projects 'draft' when pending=true applied=true persistence='verified-current'
   ↓ deriveRunOutcome > failed / null > projects 'no-change' when pending=false applied=false persistence='none'
   ↓ deriveRunOutcome > failed / null > projects 'no-change' when pending=false applied=false persistence='accepted'
   ↓ deriveRunOutcome > failed / null > projects 'no-change' when pending=false applied=false persistence='verified-current'
   ↓ deriveRunOutcome > failed / null > projects 'applied' when pending=false applied=true persistence='none'
   ↓ deriveRunOutcome > failed / null > projects 'persisted' when pending=false applied=true persistence='accepted'
   ↓ deriveRunOutcome > failed / null > projects 'persisted-verified' when pending=false applied=true persistence='verified-current'
   ↓ deriveRunOutcome > failed / null > projects 'draft' when pending=true applied=false persistence='none'
   ↓ deriveRunOutcome > failed / null > projects 'draft' when pending=true applied=false persistence='accepted'
   ↓ deriveRunOutcome > failed / null > projects 'draft' when pending=true applied=false persistence='verified-current'
   ↓ deriveRunOutcome > failed / null > projects 'draft' when pending=true applied=true persistence='none'
   ↓ deriveRunOutcome > failed / null > projects 'draft' when pending=true applied=true persistence='accepted'
   ↓ deriveRunOutcome > failed / null > projects 'draft' when pending=true applied=true persistence='verified-current'
   ↓ deriveRunOutcome > failed / pending > projects 'no-change' when pending=false applied=false persistence='none'
   ↓ deriveRunOutcome > failed / pending > projects 'no-change' when pending=false applied=false persistence='accepted'
   ↓ deriveRunOutcome > failed / pending > projects 'no-change' when pending=false applied=false persistence='verified-current'
   ↓ deriveRunOutcome > failed / pending > projects 'applied' when pending=false applied=true persistence='none'
   ↓ deriveRunOutcome > failed / pending > projects 'persisted' when pending=false applied=true persistence='accepted'
   ↓ deriveRunOutcome > failed / pending > projects 'persisted-verified' when pending=false applied=true persistence='verified-current'
   ↓ deriveRunOutcome > failed / pending > projects 'draft' when pending=true applied=false persistence='none'
   ↓ deriveRunOutcome > failed / pending > projects 'draft' when pending=true applied=false persistence='accepted'
   ↓ deriveRunOutcome > failed / pending > projects 'draft' when pending=true applied=false persistence='verified-current'
   ↓ deriveRunOutcome > failed / pending > projects 'draft' when pending=true applied=true persistence='none'
   ↓ deriveRunOutcome > failed / pending > projects 'draft' when pending=true applied=true persistence='accepted'
   ↓ deriveRunOutcome > failed / pending > projects 'draft' when pending=true applied=true persistence='verified-current'
   ↓ deriveRunOutcome > failed / working > projects 'no-change' when pending=false applied=false persistence='none'
   ↓ deriveRunOutcome > failed / working > projects 'no-change' when pending=false applied=false persistence='accepted'
   ↓ deriveRunOutcome > failed / working > projects 'no-change' when pending=false applied=false persistence='verified-current'
   ↓ deriveRunOutcome > failed / working > projects 'applied' when pending=false applied=true persistence='none'
   ↓ deriveRunOutcome > failed / working > projects 'persisted' when pending=false applied=true persistence='accepted'
   ↓ deriveRunOutcome > failed / working > projects 'persisted-verified' when pending=false applied=true persistence='verified-current'
   ↓ deriveRunOutcome > failed / working > projects 'draft' when pending=true applied=false persistence='none'
   ↓ deriveRunOutcome > failed / working > projects 'draft' when pending=true applied=false persistence='accepted'
   ↓ deriveRunOutcome > failed / working > projects 'draft' when pending=true applied=false persistence='verified-current'
   ↓ deriveRunOutcome > failed / working > projects 'draft' when pending=true applied=true persistence='none'
   ↓ deriveRunOutcome > failed / working > projects 'draft' when pending=true applied=true persistence='accepted'
   ↓ deriveRunOutcome > failed / working > projects 'draft' when pending=true applied=true persistence='verified-current'
   ↓ deriveRunOutcome > failed / verifying > projects 'no-change' when pending=false applied=false persistence='none'
   ↓ deriveRunOutcome > failed / verifying > projects 'no-change' when pending=false applied=false persistence='accepted'
   ↓ deriveRunOutcome > failed / verifying > projects 'no-change' when pending=false applied=false persistence='verified-current'
   ↓ deriveRunOutcome > failed / verifying > projects 'applied' when pending=false applied=true persistence='none'
   ↓ deriveRunOutcome > failed / verifying > projects 'persisted' when pending=false applied=true persistence='accepted'
   ↓ deriveRunOutcome > failed / verifying > projects 'persisted-verified' when pending=false applied=true persistence='verified-current'
   ↓ deriveRunOutcome > failed / verifying > projects 'draft' when pending=true applied=false persistence='none'
   ↓ deriveRunOutcome > failed / verifying > projects 'draft' when pending=true applied=false persistence='accepted'
   ↓ deriveRunOutcome > failed / verifying > projects 'draft' when pending=true applied=false persistence='verified-current'
   ↓ deriveRunOutcome > failed / verifying > projects 'draft' when pending=true applied=true persistence='none'
   ↓ deriveRunOutcome > failed / verifying > projects 'draft' when pending=true applied=true persistence='accepted'
   ↓ deriveRunOutcome > failed / verifying > projects 'draft' when pending=true applied=true persistence='verified-current'
   ↓ deriveRunOutcome > failed / verified > projects 'no-change' when pending=false applied=false persistence='none'
   ↓ deriveRunOutcome > failed / verified > projects 'no-change' when pending=false applied=false persistence='accepted'
   ↓ deriveRunOutcome > failed / verified > projects 'no-change' when pending=false applied=false persistence='verified-current'
   ↓ deriveRunOutcome > failed / verified > projects 'applied' when pending=false applied=true persistence='none'
   ↓ deriveRunOutcome > failed / verified > projects 'persisted' when pending=false applied=true persistence='accepted'
   ↓ deriveRunOutcome > failed / verified > projects 'persisted-verified' when pending=false applied=true persistence='verified-current'
   ↓ deriveRunOutcome > failed / verified > projects 'draft' when pending=true applied=false persistence='none'
   ↓ deriveRunOutcome > failed / verified > projects 'draft' when pending=true applied=false persistence='accepted'
   ↓ deriveRunOutcome > failed / verified > projects 'draft' when pending=true applied=false persistence='verified-current'
   ↓ deriveRunOutcome > failed / verified > projects 'draft' when pending=true applied=true persistence='none'
   ↓ deriveRunOutcome > failed / verified > projects 'draft' when pending=true applied=true persistence='accepted'
   ↓ deriveRunOutcome > failed / verified > projects 'draft' when pending=true applied=true persistence='verified-current'
   ↓ deriveRunOutcome > failed / blocked > projects 'no-change' when pending=false applied=false persistence='none'
   ↓ deriveRunOutcome > failed / blocked > projects 'no-change' when pending=false applied=false persistence='accepted'
   ↓ deriveRunOutcome > failed / blocked > projects 'no-change' when pending=false applied=false persistence='verified-current'
   ↓ deriveRunOutcome > failed / blocked > projects 'applied' when pending=false applied=true persistence='none'
   ↓ deriveRunOutcome > failed / blocked > projects 'persisted' when pending=false applied=true persistence='accepted'
   ↓ deriveRunOutcome > failed / blocked > projects 'persisted-verified' when pending=false applied=true persistence='verified-current'
   ↓ deriveRunOutcome > failed / blocked > projects 'draft' when pending=true applied=false persistence='none'
   ↓ deriveRunOutcome > failed / blocked > projects 'draft' when pending=true applied=false persistence='accepted'
   ↓ deriveRunOutcome > failed / blocked > projects 'draft' when pending=true applied=false persistence='verified-current'
   ↓ deriveRunOutcome > failed / blocked > projects 'draft' when pending=true applied=true persistence='none'
   ↓ deriveRunOutcome > failed / blocked > projects 'draft' when pending=true applied=true persistence='accepted'
   ↓ deriveRunOutcome > failed / blocked > projects 'draft' when pending=true applied=true persistence='verified-current'
   × deriveRunOutcome > preserves accepted persistence when the owner cannot supply a current passing proof 31ms
     → expected { execution: 'response-final', …(2) } to deeply equal { execution: 'response-final', …(2) }
   ↓ deriveRunOutcome > leaves caller facts unchanged when a pending draft wins over applied work
   ↓ deriveRunOutcome > returns an immutable value when projecting normalized facts
   ↓ deriveRunOutcome > does not borrow old delivery or assessment when a new query follows verified applied work

⎯⎯⎯⎯⎯⎯⎯ Failed Tests 1 ⎯⎯⎯⎯⎯⎯⎯

 FAIL  test/aiRunOutcome.test.ts > deriveRunOutcome > preserves accepted persistence when the owner cannot supply a current passing proof
AssertionError: expected { execution: 'response-final', …(2) } to deeply equal { execution: 'response-final', …(2) }

[32m- Expected[39m
[31m+ Received[39m

[2m  {[22m
[32m-   "delivery": "persisted",[39m
[31m+   "delivery": "no-change",[39m
[2m    "execution": "response-final",[22m
[32m-   "goal": "incomplete",[39m
[31m+   "goal": "unassessed",[39m
[2m  }[22m

 ❯ test/aiRunOutcome.test.ts:87:21
     85|     const outcome = deriveRunOutcome(facts);
     86|     // Then
     87|     expect(outcome).toEqual({ execution: "response-final", goal: "inco…
       |                     ^
     88|   });
     89| 

⎯⎯⎯⎯⎯⎯⎯⎯⎯⎯⎯⎯⎯⎯⎯⎯⎯⎯⎯⎯⎯⎯⎯⎯[1/1]⎯


 Test Files  1 failed (1)
      Tests  1 failed | 436 skipped (437)
   Start at  01:23:20
   Duration  1.88s (transform 183ms, setup 0ms, collect 232ms, tests 41ms, environment 0ms, prepare 391ms)

