output/evidence/ai-harness/p2/outcome-matrix-red-final/commit-log-failure.png: OK
output/evidence/ai-harness/p2/outcome-matrix-red-final/ordinary-apply.png: OK
output/evidence/ai-harness/p2/p1-extracted/05-latest-revision-verified.png: OK
output/evidence/ai-harness/p2/verified-outcome-matrix/actions.json: OK
output/evidence/ai-harness/p2/required-skip-red-02/server.log: OK
output/evidence/ai-harness/p2/p1-original/actions.json: OK
output/evidence/ai-harness/p2/p1-original/04-live-edit-preserved.png: OK
output/evidence/ai-harness/p2/outcome-matrix-red-01/cancelled-applied-before-abort.png: OK
output/evidence/ai-harness/p2/outcome-matrix-red-01/cancelled-applied.png: OK
output/evidence/ai-harness/p2/outcome-matrix-red-final/rejected-apply.png: OK
output/evidence/ai-harness/p2/verified-proof-failure/command.log: OK
output/evidence/ai-harness/p2/outcome-matrix-red-02/ordinary-apply.png: OK
output/evidence/ai-harness/p2/p1-green-final/actions.json: OK
output/evidence/ai-harness/p2/p1-extracted/04-live-edit-preserved.png: OK
output/evidence/ai-harness/p2/verified-outcome-matrix/legacy-unassessed.png: OK
output/evidence/ai-harness/p2/verified-outcome-matrix/cancelled-applied.png: OK
output/evidence/ai-harness/p2/outcome-matrix-red-final/query-no-change.png: OK
output/evidence/ai-harness/p2/verified-required-skip/command.txt: OK
output/evidence/ai-harness/p2/verified-required-skip/server.log: OK
output/evidence/ai-harness/p2/outcome-matrix-red-02/awaiting-user.png: OK
output/evidence/ai-harness/p2/verified-required-skip/user-withdrawal.png: OK
output/evidence/ai-harness/p2/required-skip-red-final/server.log: OK
output/evidence/ai-harness/p2/verified-outcome-matrix/cancelled-applied-before-abort.png: OK
output/evidence/ai-harness/p2/p1-original/command.log: OK
output/evidence/ai-harness/p2/outcome-matrix-red-final/legacy-unassessed.png: OK
output/evidence/ai-harness/p2/outcome-matrix-red-01/awaiting-user.png: OK
output/evidence/ai-harness/p2/required-skip-red-final/optional-skip.png: OK
output/evidence/ai-harness/p2/outcome-matrix-red-01/server.log: OK
output/evidence/ai-harness/p2/outcome-matrix-red-02/failure.png: OK
output/evidence/ai-harness/p2/outcome-matrix-red-02/legacy-assessed.png: OK
output/evidence/ai-harness/p2/verified-required-skip/command.log: OK
output/evidence/ai-harness/p2/required-skip-red-final/failure.png: OK
output/evidence/ai-harness/p2/required-skip-red-final/user-withdrawal.png: OK
output/evidence/ai-harness/p2/outcome-matrix-red-02/00-before.png: OK
output/evidence/ai-harness/p2/p1-original/00-before.png: OK
output/evidence/ai-harness/p2/required-skip-red-01/00-before.png: OK
output/evidence/ai-harness/p2/required-skip-red-02/00-before.png: OK
output/evidence/ai-harness/p2/outcome-matrix-red-01/rejected-apply.png: OK
output/evidence/ai-harness/p2/verified-outcome-matrix/exit-code.txt: OK
output/evidence/ai-harness/p2/verified-required-skip/exit-code.txt: OK
output/evidence/ai-harness/p2/p1-original/02-proof-failed.png: OK
output/evidence/ai-harness/p2/verified-proof-failure/04-live-edit-preserved.png: OK
output/evidence/ai-harness/p2/outcome-matrix-red-final/awaiting-user.png: OK
output/evidence/ai-harness/p2/verified-outcome-matrix/failure.png: OK
output/evidence/ai-harness/p2/verified-outcome-matrix/legacy-assessed.png: OK
output/evidence/ai-harness/p2/outcome-matrix-red-01/failure.png: OK
output/evidence/ai-harness/p2/outcome-matrix-red-final/actions.json: OK
output/evidence/ai-harness/p2/required-skip-red-02/optional-skip.png: OK
output/evidence/ai-harness/p2/outcome-matrix-red-01/actions.json: OK
output/evidence/ai-harness/p2/p1-green-final/04-live-edit-preserved.png: OK
output/evidence/ai-harness/p2/verified-required-skip/00-before.png: OK
output/evidence/ai-harness/p2/required-skip-red-01/server.log: OK
output/evidence/ai-harness/p2/outcome-matrix-red-01/query-no-change.png: OK
output/evidence/ai-harness/p2/outcome-matrix-red-final/cancelled-applied.png: OK
output/evidence/ai-harness/p2/verified-proof-failure/server.log: OK
output/evidence/ai-harness/p2/required-skip-red-01/command.log: OK
output/evidence/ai-harness/p2/outcome-matrix-red-02/actions.json: OK
output/evidence/ai-harness/p2/p1-original/03-same-revision-retry.png: OK
output/evidence/ai-harness/p2/verified-proof-failure/03-same-revision-retry.png: OK
output/evidence/ai-harness/p2/outcome-matrix-red-02/budget-exhausted.png: OK
output/evidence/ai-harness/p2/p1-extracted/02-proof-failed.png: OK
output/evidence/ai-harness/p2/p1-extracted/server.log: OK
output/evidence/ai-harness/p2/outcome-matrix-red-02/query-no-change.png: OK
output/evidence/ai-harness/p2/outcome-matrix-red-final/failure.png: OK
output/evidence/ai-harness/p2/outcome-matrix-red-final/legacy-assessed.png: OK
output/evidence/ai-harness/p2/outcome-matrix-red-02/cancelled-applied-before-abort.png: OK
output/evidence/ai-harness/p2/outcome-matrix-red-02/rejected-apply.png: OK
output/evidence/ai-harness/p2/verified-outcome-matrix/budget-exhausted.png: OK
output/evidence/ai-harness/p2/required-skip-red-final/replan-preserves-required.png: OK
output/evidence/ai-harness/p2/p1-original/05-latest-revision-verified.png: OK
output/evidence/ai-harness/p2/required-skip-red-01/actions.json: OK
output/evidence/ai-harness/p2/required-skip-red-final/actions.json: OK
output/evidence/ai-harness/p2/outcome-matrix-red-01/00-before.png: OK
output/evidence/ai-harness/p2/outcome-matrix-red-final/00-before.png: OK
output/evidence/ai-harness/p2/p1-extracted/00-before.png: OK
output/evidence/ai-harness/p2/p1-green-final/00-before.png: OK
output/evidence/ai-harness/p2/verified-outcome-matrix/00-before.png: OK
output/evidence/ai-harness/p2/verified-proof-failure/00-before.png: OK
output/evidence/ai-harness/p2/verified-proof-failure/exit-code.txt: OK
output/evidence/ai-harness/p2/verified-outcome-matrix/awaiting-user.png: OK
output/evidence/ai-harness/p2/outcome-matrix-red-02/commit-log-failure.png: OK
output/evidence/ai-harness/p2/required-skip-red-01/failure.png: OK
output/evidence/ai-harness/p2/required-skip-red-final/command.log: OK
output/evidence/ai-harness/p2/required-skip-red-final/required-skip.png: OK
output/evidence/ai-harness/p2/verified-proof-failure/actions.json: OK
output/evidence/ai-harness/p2/p1-green-final/03-same-revision-retry.png: OK
output/evidence/ai-harness/p2/verified-required-skip/actions.json: OK
output/evidence/ai-harness/p2/outcome-matrix-red-final/cancelled-applied-before-abort.png: OK
output/evidence/ai-harness/p2/required-skip-red-02/replan-preserves-required.png: OK
output/evidence/ai-harness/p2/outcome-matrix-red-final/command.log: OK
output/evidence/ai-harness/p2/p1-original/01-accepted-read-pending.png: OK
output/evidence/ai-harness/p2/verified-required-skip/replan-preserves-required.png: OK
output/evidence/ai-harness/p2/verified-required-skip/failure.png: OK
output/evidence/ai-harness/p2/outcome-matrix-red-final/failed-proof.png: OK
output/evidence/ai-harness/p2/outcome-matrix-red-01/ordinary-apply.png: OK
output/evidence/ai-harness/p2/outcome-matrix-red-02/cancelled-applied.png: OK
output/evidence/ai-harness/p2/verified-proof-failure/command.txt: OK
output/evidence/ai-harness/p2/p1-extracted/03-same-revision-retry.png: OK
output/evidence/ai-harness/p2/outcome-matrix-red-01/commit-log-failure.png: OK
output/evidence/ai-harness/p2/p1-green-final/command.log: OK
output/evidence/ai-harness/p2/verified-proof-failure/02-proof-failed.png: OK
output/evidence/ai-harness/p2/outcome-matrix-red-02/command.log: OK
output/evidence/ai-harness/p2/p1-green-final/02-proof-failed.png: OK
output/evidence/ai-harness/p2/p1-extracted/command.log: OK
output/evidence/ai-harness/p2/verified-outcome-matrix/command.txt: OK
output/evidence/ai-harness/p2/p1-original/server.log: OK
output/evidence/ai-harness/p2/p1-extracted/01-accepted-read-pending.png: OK
output/evidence/ai-harness/p2/required-skip-red-02/command.log: OK
output/evidence/ai-harness/p2/outcome-matrix-red-01/command.log: OK
output/evidence/ai-harness/p2/verified-outcome-matrix/command.log: OK
output/evidence/ai-harness/p2/p1-green-final/server.log: OK
output/evidence/ai-harness/p2/outcome-matrix-red-final/budget-exhausted.png: OK
output/evidence/ai-harness/p2/verified-outcome-matrix/commit-log-failure.png: OK
output/evidence/ai-harness/p2/verified-outcome-matrix/failed-proof.png: OK
output/evidence/ai-harness/p2/verified-outcome-matrix/ordinary-apply.png: OK
output/evidence/ai-harness/p2/verified-outcome-matrix/rejected-apply.png: OK
output/evidence/ai-harness/p2/outcome-matrix-red-final/server.log: OK
output/evidence/ai-harness/p2/verified-proof-failure/01-accepted-read-pending.png: OK
output/evidence/ai-harness/p2/outcome-matrix-red-02/server.log: OK
output/evidence/ai-harness/p2/verified-outcome-matrix/server.log: OK
output/evidence/ai-harness/p2/required-skip-red-final/00-before.png: OK
output/evidence/ai-harness/p2/required-skip-red-02/failure.png: OK
output/evidence/ai-harness/p2/required-skip-red-02/user-withdrawal.png: OK
output/evidence/ai-harness/p2/outcome-matrix-red-01/recovery-cleanup.json: OK
output/evidence/ai-harness/p2/required-skip-red-02/actions.json: OK
output/evidence/ai-harness/p2/p1-green-final/05-latest-revision-verified.png: OK
output/evidence/ai-harness/p2/verified-required-skip/required-skip.png: OK
output/evidence/ai-harness/p2/verified-proof-failure/05-latest-revision-verified.png: OK
output/evidence/ai-harness/p2/p1-extracted/actions.json: OK
output/evidence/ai-harness/p2/required-skip-red-02/required-skip.png: OK
output/evidence/ai-harness/p2/p1-green-final/01-accepted-read-pending.png: OK
output/evidence/ai-harness/p2/verified-outcome-matrix/query-no-change.png: OK
output/evidence/ai-harness/p2/verified-required-skip/optional-skip.png: OK
output/evidence/ai-harness/p2/outcome-matrix-red-02/failed-proof.png: OK
