output/evidence/ai-harness/p2/user-action-proof-failure/02-proof-failed.png: OK
output/evidence/ai-harness/p2/user-action-outcome-matrix/ordinary-apply.png: OK
output/evidence/ai-harness/p2/blocked-ask-resume-red-01/replan-preserves-required.png: OK
output/evidence/ai-harness/p2/user-action-proof-failure/03-same-revision-retry.png: OK
output/evidence/ai-harness/p2/user-action-outcome-matrix/rejected-apply.png: OK
output/evidence/ai-harness/p2/user-action-outcome-matrix/command.txt: OK
output/evidence/ai-harness/p2/blocked-ask-resume-red-02/user-withdrawal.png: OK
output/evidence/ai-harness/p2/user-action-outcome-matrix/legacy-unassessed.png: OK
output/evidence/ai-harness/p2/user-action-required-skip/blocked-question-settled.png: OK
output/evidence/ai-harness/p2/user-action-required-skip/failure.png: OK
output/evidence/ai-harness/p2/user-action-proof-failure/actions.json: OK
output/evidence/ai-harness/p2/user-action-outcome-matrix/server.log: OK
output/evidence/ai-harness/p2/user-action-required-skip/user-withdrawal.png: OK
output/evidence/ai-harness/p2/blocked-ask-resume-red-02/blocked-ask-resume.png: OK
output/evidence/ai-harness/p2/blocked-ask-resume-red-02/blocked-question-in-flight.png: OK
output/evidence/ai-harness/p2/blocked-ask-resume-red-01/exit-code.txt: OK
output/evidence/ai-harness/p2/blocked-ask-resume-red-02/exit-code.txt: OK
output/evidence/ai-harness/p2/user-action-outcome-matrix/exit-code.txt: OK
output/evidence/ai-harness/p2/user-action-required-skip/exit-code.txt: OK
output/evidence/ai-harness/p2/user-action-required-skip/optional-skip.png: OK
output/evidence/ai-harness/p2/user-action-required-skip/blocked-question-in-flight.png: OK
output/evidence/ai-harness/p2/user-action-outcome-matrix/commit-log-failure.png: OK
output/evidence/ai-harness/p2/user-action-outcome-matrix/failed-proof.png: OK
output/evidence/ai-harness/p2/user-action-proof-failure/command.log: OK
output/evidence/ai-harness/p2/user-action-outcome-matrix/awaiting-user.png: OK
output/evidence/ai-harness/p2/blocked-ask-resume-red-02/optional-skip.png: OK
output/evidence/ai-harness/p2/user-action-required-skip/command.txt: OK
output/evidence/ai-harness/p2/blocked-ask-resume-red-02/server.log: OK
output/evidence/ai-harness/p2/user-action-required-skip/server.log: OK
output/evidence/ai-harness/p2/user-action-outcome-matrix/query-no-change.png: OK
output/evidence/ai-harness/p2/user-action-required-skip/blocked-ask-resume.png: OK
output/evidence/ai-harness/p2/blocked-ask-resume-red-02/00-before.png: OK
output/evidence/ai-harness/p2/user-action-required-skip/00-before.png: OK
output/evidence/ai-harness/p2/user-action-required-skip/required-skip.png: OK
output/evidence/ai-harness/p2/user-action-required-skip/command.log: OK
output/evidence/ai-harness/p2/user-action-proof-failure/01-accepted-read-pending.png: OK
output/evidence/ai-harness/p2/user-action-proof-failure/04-live-edit-preserved.png: OK
output/evidence/ai-harness/p2/blocked-ask-resume-red-01/actions.json: OK
output/evidence/ai-harness/p2/blocked-ask-resume-red-02/actions.json: OK
output/evidence/ai-harness/p2/user-action-outcome-matrix/actions.json: OK
output/evidence/ai-harness/p2/user-action-outcome-matrix/budget-exhausted.png: OK
output/evidence/ai-harness/p2/user-action-proof-failure/server.log: OK
output/evidence/ai-harness/p2/blocked-ask-resume-red-01/00-before.png: OK
output/evidence/ai-harness/p2/user-action-outcome-matrix/00-before.png: OK
output/evidence/ai-harness/p2/user-action-proof-failure/exit-code.txt: OK
output/evidence/ai-harness/p2/user-action-proof-failure/00-before.png: OK
output/evidence/ai-harness/p2/user-action-proof-failure/05-latest-revision-verified.png: OK
output/evidence/ai-harness/p2/blocked-ask-resume-red-01/required-skip.png: OK
output/evidence/ai-harness/p2/user-action-outcome-matrix/command.log: OK
output/evidence/ai-harness/p2/blocked-ask-resume-red-01/optional-skip.png: OK
output/evidence/ai-harness/p2/blocked-ask-resume-red-01/command.txt: OK
output/evidence/ai-harness/p2/user-action-required-skip/actions.json: OK
output/evidence/ai-harness/p2/user-action-outcome-matrix/failure.png: OK
output/evidence/ai-harness/p2/user-action-outcome-matrix/legacy-assessed.png: OK
output/evidence/ai-harness/p2/blocked-ask-resume-red-02/blocked-question-settled.png: OK
output/evidence/ai-harness/p2/blocked-ask-resume-red-02/failure.png: OK
output/evidence/ai-harness/p2/user-action-required-skip/replan-preserves-required.png: OK
output/evidence/ai-harness/p2/user-action-proof-failure/command.txt: OK
output/evidence/ai-harness/p2/blocked-ask-resume-red-01/blocked-ask-resume.png: OK
output/evidence/ai-harness/p2/blocked-ask-resume-red-01/failure.png: OK
output/evidence/ai-harness/p2/blocked-ask-resume-red-01/user-withdrawal.png: OK
output/evidence/ai-harness/p2/user-action-outcome-matrix/cancelled-applied.png: OK
output/evidence/ai-harness/p2/blocked-ask-resume-red-02/replan-preserves-required.png: OK
output/evidence/ai-harness/p2/blocked-ask-resume-red-02/command.log: OK
output/evidence/ai-harness/p2/blocked-ask-resume-red-01/command.log: OK
output/evidence/ai-harness/p2/blocked-ask-resume-red-02/command.txt: OK
output/evidence/ai-harness/p2/blocked-ask-resume-red-01/server.log: OK
output/evidence/ai-harness/p2/user-action-outcome-matrix/cancelled-applied-before-abort.png: OK
output/evidence/ai-harness/p2/blocked-ask-resume-red-02/required-skip.png: OK
