
> rpg-zzu@0.1.0 test
> node scripts/run-vitest.mjs run --configLoader bundle test/assistantAcceptanceCost.test.ts test/aiRequiredQuestionDispatch.test.ts test/aiRequiredOutcomes.test.ts test/assistantVerificationEvidence.test.ts test/workItemOutcome.test.ts test/assistantAcceptance.test.ts test/assistantAcceptanceSession.test.ts test/assistantAcceptanceRequestBaseline.test.ts --maxWorkers 2 --minWorkers 1


 RUN  v3.2.4 /home/main/z-project/rpg-zzu-ai-harness-p2-20260906

 ✓ test/assistantAcceptanceSession.test.ts (12 tests) 7796ms
   ✓ acceptance controls actual session termination > does not schedule run-end persistence proof for a completed plan with unmet acceptance  476ms
   ✓ acceptance controls actual session termination > does not turn a review without an explicit passing verdict into completion  722ms
   ✓ acceptance controls actual session termination > withdraws an earlier pass when a later explicit review fails  801ms
   ✓ acceptance controls actual session termination > continues then blocks insufficient dimensions and quantity even after skip completes the plan  483ms
   ✓ acceptance controls actual session termination > retains original denominator when skip and set_work_plan try to shrink promises  610ms
   ✓ acceptance controls actual session termination > invalidates an attributed image review after a subsequent real map write  843ms
   ✓ applied acceptance lifecycle through real tools > repairs exact dimensions after plan completion and invalidates on applied undo  2034ms
   ✓ applied acceptance lifecycle through real tools > blocks and retains the ledger when aborted while the next model response is held  453ms
   ✓ applied acceptance lifecycle through real tools > never credits a review authored in the same response as the image request  573ms
   ✓ applied acceptance lifecycle through real tools > requires visible contract repair for a spatial plan missing criteria  445ms
 ✓ test/aiRequiredOutcomes.test.ts (39 tests) 15546ms
   ✓ canonical requirements > keeps required skipped obligations when a replan tries to weaken them  577ms
   ✓ canonical requirements > allows optional skipped work without labeling it verified  400ms
   ✓ canonical requirements > fails closed for malformed declarations null  453ms
   ✓ canonical requirements > fails closed for malformed declarations %j  524ms
   ✓ canonical requirements > fails closed for malformed declarations {"id":"size","title":"Size","criteria":[{"kind":"mapDimensions","target":{"mapId":"map_blank_start"},"width":99,"height":99}],"required":"false"}  464ms
   ✓ canonical requirements > fails closed for malformed declarations {"id":"size","title":"Size","criteria":[{"kind":"invented","passed":true}]}  479ms
   ✓ canonical requirements > fails closed for malformed declarations {"id":"size","title":"Size","criteria":null,"required":false}  492ms
   ✓ canonical requirements > assesses existing explicit acceptance without requiring the new field  417ms
   ✓ canonical requirements > retains an unlinked required obligation when replan drops links=false  401ms
   ✓ canonical requirements > retains an unlinked required obligation when replan drops links=true  443ms
   ✓ canonical requirements > binds original text and scope at the host boundary despite fabricated source and withdrawal  405ms
   ✓ canonical requirements > retains only the original user utterance through replan with instruction override=false  608ms
   ✓ canonical requirements > retains only the original user utterance through replan with instruction override=true  552ms
   ✓ canonical requirements > withdraws only the named current requirement through the user-only API  492ms
   ✓ canonical requirements > keeps sibling obligations when the user withdraws just one  399ms
   ✓ canonical requirements > rejects model tool withdrawal even with fabricated user provenance  416ms
   ✓ canonical requirements > rejects stale goal withdrawal actions  522ms
   ✓ canonical requirements > does not erase old obligations on a model resetsContext claim  542ms
   ✓ canonical requirements > archives an incomplete goal when the user explicitly starts a new goal  467ms
   ✓ exact scoped verdict authority > does not verify an unapplied draft from a passing scoped verdict  412ms
   ✓ exact scoped verdict authority > retires scoped verdicts after applied content changes even if later undone  931ms
   ✓ exact scoped verdict authority > rejects pre-declaration evidence after an external rebase  931ms
   ✓ exact scoped verdict authority > credits a real scoped tool response through the session dispatcher  456ms
   ✓ question-safe continuation > preserves blocked work and counters for ask  316ms
   ✓ question-safe continuation > preserves repeated failure counters while answering a question  720ms
   ✓ question-safe continuation > reactivates blocked work only with explicit user resume  328ms
   ✓ question-safe continuation > retains goal evidence and repair counters during ask  396ms
 ✓ test/assistantAcceptanceRequestBaseline.test.ts (6 tests) 13139ms
   ✓ per-request acceptance baselines > preserves a map created in A while B changes another map  2652ms
   ✓ per-request acceptance baselines > does not credit A's change toward a newly accepted B change promise  1646ms
   ✓ per-request acceptance baselines > late adoption cannot baseline away B's earlier write (applied=false)  2151ms
   ✓ per-request acceptance baselines > late adoption cannot baseline away B's earlier write (applied=true)  2394ms
   ✓ per-request acceptance baselines > retains B's pre-write baseline across budget-driven synthetic continuation  2186ms
   ✓ per-request acceptance baselines > retains B's baseline when a manual continuation repairs and replans after application  2106ms
 ✓ test/assistantVerificationEvidence.test.ts (20 tests) 9002ms
   ✓ 필수 검증의 실행 성공과 통과는 별도 계약 > run_lint ok:true 실패는 명시·자동 완료 근거가 되지 않고 최종 응답에 남는다  694ms
   ✓ 필수 검증의 실행 성공과 통과는 별도 계약 > check_reachability ok:true 실패는 명시·자동 완료 근거가 되지 않고 최종 응답에 남는다  510ms
   ✓ 필수 검증의 실행 성공과 통과는 별도 계약 > verify_quest ok:true 실패는 명시·자동 완료 근거가 되지 않고 최종 응답에 남는다  541ms
   ✓ 필수 검증의 실행 성공과 통과는 별도 계약 > play_walkthrough ok:true 실패는 명시·자동 완료 근거가 되지 않고 최종 응답에 남는다  474ms
   ✓ 필수 검증의 실행 성공과 통과는 별도 계약 > run_scene_test ok:true 실패는 명시·자동 완료 근거가 되지 않고 최종 응답에 남는다  625ms
   ✓ 필수 검증의 실행 성공과 통과는 별도 계약 > evaluate_game_quality ok:true 실패는 명시·자동 완료 근거가 되지 않고 최종 응답에 남는다  482ms
   ✓ 필수 검증의 실행 성공과 통과는 별도 계약 > 같은 검사 재실패는 앞선 성공을 제거하고, 이후 실제 재통과는 복구한다  585ms
   ✓ 필수 검증의 실행 성공과 통과는 별도 계약 > 쓰기 이후에는 이전 검증 성공으로 완료할 수 없고 다시 검사해야 한다  518ms
   ✓ 필수 검증의 실행 성공과 통과는 별도 계약 > 재검사 없는 쓰기는 최종 보고에서도 검증 통과로 남지 않는다  502ms
   ✓ 필수 검증의 실행 성공과 통과는 별도 계약 > 실행되지 않은 잘못된 인자는 고친 호출로 복구할 수 있다  472ms
   ✓ 필수 검증의 실행 성공과 통과는 별도 계약 > warning-only lint는 통과하며 거부된 쓰기는 성공 근거를 무효화하지 않는다  539ms
   ✓ 필수 검증의 실행 성공과 통과는 별도 계약 > 레이어의 선재 lint 오류는 자문을 유지하면서 최종 응답에 보고한다  333ms
   ✓ 필수 검증의 실행 성공과 통과는 별도 계약 > 레이어 자동 통과는 재검증 의무를 만들지 않고 명시 검사만 유지한다 (explicit=false)  738ms
   ✓ 필수 검증의 실행 성공과 통과는 별도 계약 > 레이어 자동 통과는 재검증 의무를 만들지 않고 명시 검사만 유지한다 (explicit=true)  960ms
   ✓ 필수 검증의 실행 성공과 통과는 별도 계약 > 다음 항목은 자기 대상의 검증으로 완료하며 이전 항목의 stale 검사는 최종 보고에 보존한다  584ms
   ✓ 필수 검증의 실행 성공과 통과는 별도 계약 > 실패한 walkthrough 실행은 레이어의 성공 시나리오로 기록하지 않는다  321ms
 ✓ test/aiRequiredQuestionDispatch.test.ts (4 tests) 2975ms
   ✓ question dispatch preserves blocked goal ownership > ask preserves blocked state when tools attempt mutation=false  769ms
   ✓ question dispatch preserves blocked goal ownership > ask preserves blocked state when tools attempt mutation=true  646ms
   ✓ question dispatch preserves blocked goal ownership > question preserves blocked state when tools attempt mutation=false  774ms
   ✓ question dispatch preserves blocked goal ownership > question preserves blocked state when tools attempt mutation=true  784ms
 ✓ test/assistantAcceptance.test.ts (23 tests) 2014ms
 ✓ test/workItemOutcome.test.ts (14 tests) 2076ms
   ✓ 산출물 게이트 — create_map 직후 상태 판별 > create_map 직후의 맵은 미저작으로 본다  327ms
   ✓ 산출물 게이트 — create_map 직후 상태 판별 > 이벤트가 있으면 저작된 것으로 본다  300ms
 ✓ test/assistantAcceptanceCost.test.ts (6 tests) 2901ms
   ✓ bounded canonical project comparisons > compares shared project content once for same-content  356ms
   ✓ bounded canonical project comparisons > compares shared project content once for changed-content  355ms
   ✓ bounded canonical project comparisons > preserves late-adoption freshness when content changed=false  921ms
   ✓ bounded canonical project comparisons > preserves late-adoption freshness when content changed=true  826ms

 Test Files  8 passed (8)
      Tests  124 passed (124)
   Start at  02:16:46
   Duration  50.13s (transform 9.62s, setup 0ms, collect 33.97s, tests 55.45s, environment 2ms, prepare 665ms)

