
> rpg-zzu@0.1.0 test
> node scripts/run-vitest.mjs run --configLoader bundle test/aiRequiredQuestionDispatch.test.ts test/aiRequiredOutcomes.test.ts test/assistantVerificationEvidence.test.ts test/workItemOutcome.test.ts test/assistantAcceptance.test.ts test/assistantAcceptanceSession.test.ts test/assistantAcceptanceRequestBaseline.test.ts --maxWorkers 2 --minWorkers 1


 RUN  v3.2.4 /home/main/z-project/rpg-zzu-ai-harness-p2-20260906

 ✓ test/assistantAcceptanceRequestBaseline.test.ts (6 tests) 21951ms
   ✓ per-request acceptance baselines > preserves a map created in A while B changes another map  4623ms
   ✓ per-request acceptance baselines > does not credit A's change toward a newly accepted B change promise  3111ms
   ✓ per-request acceptance baselines > late adoption cannot baseline away B's earlier write (applied=false)  2906ms
   ✓ per-request acceptance baselines > late adoption cannot baseline away B's earlier write (applied=true)  3322ms
   ✓ per-request acceptance baselines > retains B's pre-write baseline across budget-driven synthetic continuation  4204ms
   ✓ per-request acceptance baselines > retains B's baseline when a manual continuation repairs and replans after application  3783ms
 ✓ test/aiRequiredOutcomes.test.ts (37 tests) 32975ms
   ✓ canonical requirements > keeps required skipped obligations when a replan tries to weaken them  1505ms
   ✓ canonical requirements > allows optional skipped work without labeling it verified  1107ms
   ✓ canonical requirements > fails closed for malformed declarations null  971ms
   ✓ canonical requirements > fails closed for malformed declarations %j  821ms
   ✓ canonical requirements > fails closed for malformed declarations {"id":"size","title":"Size","criteria":[{"kind":"mapDimensions","target":{"mapId":"map_blank_start"},"width":99,"height":99}],"required":"false"}  759ms
   ✓ canonical requirements > fails closed for malformed declarations {"id":"size","title":"Size","criteria":[{"kind":"invented","passed":true}]}  898ms
   ✓ canonical requirements > fails closed for malformed declarations {"id":"size","title":"Size","criteria":null,"required":false}  893ms
   ✓ canonical requirements > keeps a bare legacy scheduler plan unassessed  563ms
   ✓ canonical requirements > assesses existing explicit acceptance without requiring the new field  860ms
   ✓ canonical requirements > retains an unlinked required obligation when replan drops links=false  664ms
   ✓ canonical requirements > retains an unlinked required obligation when replan drops links=true  490ms
   ✓ canonical requirements > binds original text and scope at the host boundary despite fabricated source and withdrawal  654ms
   ✓ canonical requirements > withdraws only the named current requirement through the user-only API  651ms
   ✓ canonical requirements > keeps sibling obligations when the user withdraws just one  898ms
   ✓ canonical requirements > rejects model tool withdrawal even with fabricated user provenance  605ms
   ✓ canonical requirements > rejects stale goal withdrawal actions  387ms
   ✓ canonical requirements > does not erase old obligations on a model resetsContext claim  655ms
   ✓ canonical requirements > archives an incomplete goal when the user explicitly starts a new goal  492ms
   ✓ exact scoped verdict authority > evaluates explicit evidence without tool-name credit  352ms
   ✓ exact scoped verdict authority > evaluates wrong-target evidence without tool-name credit  307ms
   ✓ exact scoped verdict authority > evaluates stale evidence without tool-name credit  349ms
   ✓ exact scoped verdict authority > evaluates advisory evidence without tool-name credit  424ms
   ✓ exact scoped verdict authority > evaluates advisory-after-stale evidence without tool-name credit  492ms
   ✓ exact scoped verdict authority > evaluates advisory-after-explicit evidence without tool-name credit  421ms
   ✓ exact scoped verdict authority > evaluates negative evidence without tool-name credit  405ms
   ✓ exact scoped verdict authority > evaluates model evidence without tool-name credit  524ms
   ✓ exact scoped verdict authority > does not verify an unapplied draft from a passing scoped verdict  894ms
   ✓ exact scoped verdict authority > retires scoped verdicts after applied content changes even if later undone  3544ms
   ✓ exact scoped verdict authority > rejects pre-declaration evidence after an external rebase  4002ms
   ✓ exact scoped verdict authority > credits a real scoped tool response through the session dispatcher  3215ms
   ✓ question-safe continuation > preserves blocked work and counters for ask  365ms
   ✓ question-safe continuation > preserves blocked work and counters for question  672ms
   ✓ question-safe continuation > preserves repeated failure counters while answering a question  1219ms
   ✓ question-safe continuation > does not reactivate from fabricated continuation source  615ms
   ✓ question-safe continuation > reactivates blocked work only with explicit user resume  487ms
   ✓ question-safe continuation > retains goal evidence and repair counters during ask  808ms
 ✓ test/assistantVerificationEvidence.test.ts (20 tests) 16027ms
   ✓ 필수 검증의 실행 성공과 통과는 별도 계약 > run_lint ok:true 실패는 명시·자동 완료 근거가 되지 않고 최종 응답에 남는다  1063ms
   ✓ 필수 검증의 실행 성공과 통과는 별도 계약 > check_reachability ok:true 실패는 명시·자동 완료 근거가 되지 않고 최종 응답에 남는다  674ms
   ✓ 필수 검증의 실행 성공과 통과는 별도 계약 > verify_quest ok:true 실패는 명시·자동 완료 근거가 되지 않고 최종 응답에 남는다  682ms
   ✓ 필수 검증의 실행 성공과 통과는 별도 계약 > play_walkthrough ok:true 실패는 명시·자동 완료 근거가 되지 않고 최종 응답에 남는다  1053ms
   ✓ 필수 검증의 실행 성공과 통과는 별도 계약 > run_scene_test ok:true 실패는 명시·자동 완료 근거가 되지 않고 최종 응답에 남는다  859ms
   ✓ 필수 검증의 실행 성공과 통과는 별도 계약 > evaluate_game_quality ok:true 실패는 명시·자동 완료 근거가 되지 않고 최종 응답에 남는다  790ms
   ✓ 필수 검증의 실행 성공과 통과는 별도 계약 > run_lint 실제 실행 결과도 ok:true를 유지한다  307ms
   ✓ 필수 검증의 실행 성공과 통과는 별도 계약 > 같은 검사 재실패는 앞선 성공을 제거하고, 이후 실제 재통과는 복구한다  955ms
   ✓ 필수 검증의 실행 성공과 통과는 별도 계약 > 쓰기 이후에는 이전 검증 성공으로 완료할 수 없고 다시 검사해야 한다  867ms
   ✓ 필수 검증의 실행 성공과 통과는 별도 계약 > 재검사 없는 쓰기는 최종 보고에서도 검증 통과로 남지 않는다  628ms
   ✓ 필수 검증의 실행 성공과 통과는 별도 계약 > 실행되지 않은 잘못된 인자는 고친 호출로 복구할 수 있다  676ms
   ✓ 필수 검증의 실행 성공과 통과는 별도 계약 > warning-only lint는 통과하며 거부된 쓰기는 성공 근거를 무효화하지 않는다  707ms
   ✓ 필수 검증의 실행 성공과 통과는 별도 계약 > 레이어의 선재 lint 오류는 자문을 유지하면서 최종 응답에 보고한다  732ms
   ✓ 필수 검증의 실행 성공과 통과는 별도 계약 > 레이어 자동 통과는 재검증 의무를 만들지 않고 명시 검사만 유지한다 (explicit=false)  2367ms
   ✓ 필수 검증의 실행 성공과 통과는 별도 계약 > 레이어 자동 통과는 재검증 의무를 만들지 않고 명시 검사만 유지한다 (explicit=true)  1965ms
   ✓ 필수 검증의 실행 성공과 통과는 별도 계약 > 다음 항목은 자기 대상의 검증으로 완료하며 이전 항목의 stale 검사는 최종 보고에 보존한다  1095ms
   ✓ 필수 검증의 실행 성공과 통과는 별도 계약 > 실패한 walkthrough 실행은 레이어의 성공 시나리오로 기록하지 않는다  603ms
 ✓ test/aiRequiredQuestionDispatch.test.ts (4 tests) 4222ms
   ✓ question dispatch preserves blocked goal ownership > ask preserves blocked state when tools attempt mutation=false  1115ms
   ✓ question dispatch preserves blocked goal ownership > ask preserves blocked state when tools attempt mutation=true  1086ms
   ✓ question dispatch preserves blocked goal ownership > question preserves blocked state when tools attempt mutation=false  981ms
   ✓ question dispatch preserves blocked goal ownership > question preserves blocked state when tools attempt mutation=true  1038ms
 ✓ test/assistantAcceptanceSession.test.ts (12 tests) 12475ms
   ✓ session acceptance ownership > exposes the session-owned acceptance snapshot independently of WorkPlan  353ms
   ✓ acceptance controls actual session termination > does not schedule run-end persistence proof for a completed plan with unmet acceptance  899ms
   ✓ acceptance controls actual session termination > does not turn a review without an explicit passing verdict into completion  1375ms
   ✓ acceptance controls actual session termination > withdraws an earlier pass when a later explicit review fails  1423ms
   ✓ acceptance controls actual session termination > continues then blocks insufficient dimensions and quantity even after skip completes the plan  842ms
   ✓ acceptance controls actual session termination > retains original denominator when skip and set_work_plan try to shrink promises  989ms
   ✓ acceptance controls actual session termination > invalidates an attributed image review after a subsequent real map write  1556ms
   ✓ applied acceptance lifecycle through real tools > repairs exact dimensions after plan completion and invalidates on applied undo  2758ms
   ✓ applied acceptance lifecycle through real tools > blocks and retains the ledger when aborted while the next model response is held  534ms
   ✓ applied acceptance lifecycle through real tools > never credits a review authored in the same response as the image request  980ms
   ✓ applied acceptance lifecycle through real tools > requires visible contract repair for a spatial plan missing criteria  575ms
 ✓ test/workItemOutcome.test.ts (14 tests) 2907ms
   ✓ 산출물 게이트 — create_map 직후 상태 판별 > create_map 직후의 맵은 미저작으로 본다  572ms
   ✓ 산출물 게이트 — create_map 직후 상태 판별 > upper 타일이 한 칸이라도 있으면 저작된 것으로 본다  381ms
   ✓ 산출물 게이트 — create_map 직후 상태 판별 > 이벤트가 있으면 저작된 것으로 본다  340ms
   ✓ WorkPlan 완료 게이트 회귀 — 만들고 안 채운 맵 > 맵을 채우면 같은 항목이 자동 완료된다  316ms
 ✓ test/assistantAcceptance.test.ts (23 tests) 2101ms
   ✓ acceptance evaluator > keeps a malformed item visible and permits repair only before criteria become valid  314ms

 Test Files  7 passed (7)
      Tests  116 passed (116)
   Start at  02:04:52
   Duration  81.19s (transform 14.18s, setup 0ms, collect 53.10s, tests 92.66s, environment 2ms, prepare 1.04s)

