
> rpg-zzu@0.1.0 test
> node scripts/run-vitest.mjs run --configLoader bundle test/aiRequiredOutcomes.test.ts test/assistantVerificationEvidence.test.ts test/workItemOutcome.test.ts test/assistantAcceptance.test.ts test/assistantAcceptanceSession.test.ts test/assistantAcceptanceRequestBaseline.test.ts --maxWorkers 2 --minWorkers 1


 RUN  v3.2.4 /home/main/z-project/rpg-zzu-ai-harness-p2-20260906

 ✓ test/assistantVerificationEvidence.test.ts (20 tests) 17048ms
   ✓ 필수 검증의 실행 성공과 통과는 별도 계약 > run_lint ok:true 실패는 명시·자동 완료 근거가 되지 않고 최종 응답에 남는다  1532ms
   ✓ 필수 검증의 실행 성공과 통과는 별도 계약 > check_reachability ok:true 실패는 명시·자동 완료 근거가 되지 않고 최종 응답에 남는다  976ms
   ✓ 필수 검증의 실행 성공과 통과는 별도 계약 > verify_quest ok:true 실패는 명시·자동 완료 근거가 되지 않고 최종 응답에 남는다  957ms
   ✓ 필수 검증의 실행 성공과 통과는 별도 계약 > play_walkthrough ok:true 실패는 명시·자동 완료 근거가 되지 않고 최종 응답에 남는다  1174ms
   ✓ 필수 검증의 실행 성공과 통과는 별도 계약 > run_scene_test ok:true 실패는 명시·자동 완료 근거가 되지 않고 최종 응답에 남는다  767ms
   ✓ 필수 검증의 실행 성공과 통과는 별도 계약 > evaluate_game_quality ok:true 실패는 명시·자동 완료 근거가 되지 않고 최종 응답에 남는다  524ms
   ✓ 필수 검증의 실행 성공과 통과는 별도 계약 > 같은 검사 재실패는 앞선 성공을 제거하고, 이후 실제 재통과는 복구한다  1153ms
   ✓ 필수 검증의 실행 성공과 통과는 별도 계약 > 쓰기 이후에는 이전 검증 성공으로 완료할 수 없고 다시 검사해야 한다  778ms
   ✓ 필수 검증의 실행 성공과 통과는 별도 계약 > 재검사 없는 쓰기는 최종 보고에서도 검증 통과로 남지 않는다  890ms
   ✓ 필수 검증의 실행 성공과 통과는 별도 계약 > 실행되지 않은 잘못된 인자는 고친 호출로 복구할 수 있다  1280ms
   ✓ 필수 검증의 실행 성공과 통과는 별도 계약 > warning-only lint는 통과하며 거부된 쓰기는 성공 근거를 무효화하지 않는다  1265ms
   ✓ 필수 검증의 실행 성공과 통과는 별도 계약 > 레이어의 선재 lint 오류는 자문을 유지하면서 최종 응답에 보고한다  569ms
   ✓ 필수 검증의 실행 성공과 통과는 별도 계약 > 레이어 자동 통과는 재검증 의무를 만들지 않고 명시 검사만 유지한다 (explicit=false)  1706ms
   ✓ 필수 검증의 실행 성공과 통과는 별도 계약 > 레이어 자동 통과는 재검증 의무를 만들지 않고 명시 검사만 유지한다 (explicit=true)  1235ms
   ✓ 필수 검증의 실행 성공과 통과는 별도 계약 > 다음 항목은 자기 대상의 검증으로 완료하며 이전 항목의 stale 검사는 최종 보고에 보존한다  1261ms
   ✓ 필수 검증의 실행 성공과 통과는 별도 계약 > 실패한 walkthrough 실행은 레이어의 성공 시나리오로 기록하지 않는다  708ms
 ❯ test/aiRequiredOutcomes.test.ts (26 tests | 1 failed) 19323ms
   ✓ canonical requirements > keeps required skipped obligations when a replan tries to weaken them  1450ms
   ✓ canonical requirements > allows optional skipped work without labeling it verified  573ms
   ✓ canonical requirements > fails closed for malformed declarations null  860ms
   ✓ canonical requirements > fails closed for malformed declarations %j  619ms
   ✓ canonical requirements > fails closed for malformed declarations {"id":"size","title":"Size","criteria":[{"kind":"mapDimensions","target":{"mapId":"map_blank_start"},"width":99,"height":99}],"required":"false"}  568ms
   ✓ canonical requirements > fails closed for malformed declarations {"id":"size","title":"Size","criteria":[{"kind":"invented","passed":true}]}  508ms
   ✓ canonical requirements > preserves requirements and item links through the planner parser 1ms
   ✓ canonical requirements > keeps a bare legacy scheduler plan unassessed  416ms
   ✓ canonical requirements > assesses existing explicit acceptance without requiring the new field  704ms
   ✓ canonical requirements > binds original text and scope at the host boundary despite fabricated source and withdrawal  1115ms
   ✓ canonical requirements > withdraws only the named current requirement through the user-only API  615ms
   ✓ canonical requirements > rejects stale goal withdrawal actions  590ms
   ✓ canonical requirements > does not erase old obligations on a model resetsContext claim  636ms
   ✓ canonical requirements > archives an incomplete goal when the user explicitly starts a new goal  1120ms
   ✓ exact scoped verdict authority > evaluates explicit evidence without tool-name credit  508ms
   ✓ exact scoped verdict authority > evaluates wrong-target evidence without tool-name credit  383ms
   ✓ exact scoped verdict authority > evaluates stale evidence without tool-name credit  787ms
   ✓ exact scoped verdict authority > evaluates advisory evidence without tool-name credit  564ms
   ✓ exact scoped verdict authority > evaluates advisory-after-stale evidence without tool-name credit  487ms
   ✓ exact scoped verdict authority > evaluates negative evidence without tool-name credit  920ms
   ✓ exact scoped verdict authority > evaluates model evidence without tool-name credit  602ms
   ✓ exact scoped verdict authority > credits a real scoped tool response through the session dispatcher  2851ms
   ✓ question-safe continuation > preserves blocked work and counters for ask  522ms
   × question-safe continuation > preserves blocked work and counters for question 521ms
     → expected [ { type: 'work_plan', …(1) } ] to deeply equal []
   ✓ question-safe continuation > reactivates blocked work only with explicit user resume  481ms
   ✓ question-safe continuation > retains goal evidence and repair counters during ask  898ms
 ✓ test/assistantAcceptance.test.ts (23 tests) 3001ms
   ✓ acceptance evaluator > keeps a malformed item visible and permits repair only before criteria become valid  546ms
   ✓ image-reviewed evidence > requires delivered coverage followed by attributed review and invalidates after undo  320ms
 ✓ test/assistantAcceptanceSession.test.ts (12 tests) 12939ms
   ✓ session acceptance ownership > exposes the session-owned acceptance snapshot independently of WorkPlan  600ms
   ✓ acceptance controls actual session termination > does not schedule run-end persistence proof for a completed plan with unmet acceptance  818ms
   ✓ acceptance controls actual session termination > does not turn a review without an explicit passing verdict into completion  1115ms
   ✓ acceptance controls actual session termination > withdraws an earlier pass when a later explicit review fails  1482ms
   ✓ acceptance controls actual session termination > continues then blocks insufficient dimensions and quantity even after skip completes the plan  737ms
   ✓ acceptance controls actual session termination > retains original denominator when skip and set_work_plan try to shrink promises  976ms
   ✓ acceptance controls actual session termination > invalidates an attributed image review after a subsequent real map write  1859ms
   ✓ applied acceptance lifecycle through real tools > repairs exact dimensions after plan completion and invalidates on applied undo  2970ms
   ✓ applied acceptance lifecycle through real tools > blocks and retains the ledger when aborted while the next model response is held  626ms
   ✓ applied acceptance lifecycle through real tools > never credits a review authored in the same response as the image request  842ms
   ✓ applied acceptance lifecycle through real tools > requires visible contract repair for a spatial plan missing criteria  558ms
   ✓ applied acceptance lifecycle through real tools > keeps legacy nonspatial and read-only requests free of fabricated map promises  354ms
 ✓ test/assistantAcceptanceRequestBaseline.test.ts (6 tests) 25514ms
   ✓ per-request acceptance baselines > preserves a map created in A while B changes another map  6007ms
   ✓ per-request acceptance baselines > does not credit A's change toward a newly accepted B change promise  3863ms
   ✓ per-request acceptance baselines > late adoption cannot baseline away B's earlier write (applied=false)  3241ms
   ✓ per-request acceptance baselines > late adoption cannot baseline away B's earlier write (applied=true)  4309ms
   ✓ per-request acceptance baselines > retains B's pre-write baseline across budget-driven synthetic continuation  3163ms
   ✓ per-request acceptance baselines > retains B's baseline when a manual continuation repairs and replans after application  4919ms
 ✓ test/workItemOutcome.test.ts (14 tests) 3576ms
   ✓ 산출물 게이트 — create_map 직후 상태 판별 > create_map 직후의 맵은 미저작으로 본다  785ms
   ✓ 산출물 게이트 — create_map 직후 상태 판별 > upper 타일이 한 칸이라도 있으면 저작된 것으로 본다  359ms
   ✓ 산출물 게이트 — create_map 직후 상태 판별 > 이 항목이 만들지 않은 맵은 비어 있어도 검사하지 않는다  611ms
   ✓ 산출물 게이트 — create_map 직후 상태 판별 > 만든 맵이 비어 있으면 사유에 맵 이름과 다음 행동이 담긴다  400ms
   ✓ WorkPlan 완료 게이트 회귀 — 만들고 안 채운 맵 > 맵을 채우면 같은 항목이 자동 완료된다  376ms

⎯⎯⎯⎯⎯⎯⎯ Failed Tests 1 ⎯⎯⎯⎯⎯⎯⎯

 FAIL  test/aiRequiredOutcomes.test.ts > question-safe continuation > preserves blocked work and counters for question
AssertionError: expected [ { type: 'work_plan', …(1) } ] to deeply equal []

[32m- Expected[39m
[31m+ Received[39m

[32m- [][39m
[31m+ [[39m
[31m+   {[39m
[31m+     "plan": {[39m
[31m+       "createdAt": "2026-09-06T16:33:13.772Z",[39m
[31m+       "currentItemId": "edit",[39m
[31m+       "currentLayerIndex": 0,[39m
[31m+       "goal": "Map contract",[39m
[31m+       "id": "wp_mtq16c6k",[39m
[31m+       "layers": [[39m
[31m+         {[39m
[31m+           "id": "L1",[39m
[31m+           "items": [[39m
[31m+             {[39m
[31m+               "doneWhen": undefined,[39m
[31m+               "id": "edit",[39m
[31m+               "instruction": "Inspect map",[39m
[31m+               "note": "모델이 완료를 선언하지 않았고 하네스 완료 조건(산출물 검사)도 충족되지 않았습니다.",[39m
[31m+               "requirementIds": [[39m
[31m+                 "size",[39m
[31m+               ],[39m
[31m+               "requiresAnyWrite": undefined,[39m
[31m+               "status": "blocked",[39m
[31m+               "successTools": undefined,[39m
[31m+               "title": "Edit",[39m
[31m+             },[39m
[31m+           ],[39m
[31m+           "title": "Edit",[39m
[31m+         },[39m
[31m+       ],[39m
[31m+       "plannerNote": undefined,[39m
[31m+       "targetMapId": undefined,[39m
[31m+     },[39m
[31m+     "type": "work_plan",[39m
[31m+   },[39m
[31m+ ][39m

 ❯ test/aiRequiredOutcomes.test.ts:166:66
    164|     await f.run([], mode === "ask" ? { composerMode: "ask" } : {}, "Wh…
    165|     // Then the question leaves scheduling and retry state intact.
    166|     expect(f.events.filter(event => event.type === "work_plan")).toEqu…
       |                                                                  ^
    167|     expect(f.session.getWorkPlan()?.layers[0]?.items[0]?.status).toBe(…
    168|     expect([...f.session["ralphAttemptsByItemId"]]).toEqual(attempts);

⎯⎯⎯⎯⎯⎯⎯⎯⎯⎯⎯⎯⎯⎯⎯⎯⎯⎯⎯⎯⎯⎯⎯⎯[1/1]⎯


 Test Files  1 failed | 5 passed (6)
      Tests  1 failed | 100 passed (101)
   Start at  01:32:30
   Duration  93.00s (transform 18.97s, setup 0ms, collect 64.97s, tests 81.40s, environment 2ms, prepare 1.92s)

