commit c8fa4e965396cb53bc2f453a02c7752b64c4a0e3
bound ui-final-outcome-matrix src/ai/assistantSession.ts 4219b0a4e7bc9f5d570d9ef3f62a5249c763d26da3e02e7b990a401a82efaba1
bound ui-final-outcome-matrix src/ai/workPlan.ts f471aa410b6bbf00edd65d2cb98c909e3006e6d54a406d9166651fb4a69d454f
bound ui-final-outcome-matrix src/ai/assistantAcceptanceLedger.ts a4fdf4a5535116df492499e3b890da65268e6098973150baade1aa0a2d78abd4
bound ui-final-outcome-matrix src/project/store.ts 8d8bea0ae98fb42b4e3c1e9f0eaa71bba6176eb84475832d15395384415312b9
bound ui-final-outcome-matrix src/editor/panels/aiTurnRunner.ts b07b77dadf16ed7fe6781f95179ec97145c9c07aac4dca193c60710d9c741ad5
bound ui-final-outcome-matrix src/editor/aiAssistantBridge.ts 221260ab53900ea000f3f1cf99487ef47b041dd2a0b549f908ed20eb309a85f7
bound ui-final-outcome-matrix src/ai/activityLog.ts 3d27d741243093428fde5798ef38a83fd5b755893abd7edffc4dd91bd92bc323
bound ui-final-outcome-matrix src/ai/runRecap.ts 66b59b0c4b4205955b278bc500b08676b559048714cb2a821366d6130fd2e3ae
bound ui-final-outcome-matrix scripts/qa/ai-harness-contracts.mjs a4f89eade69c9ab9c7d167f40924561ab487a070b2da2e9868957439919be569
bound ui-final-outcome-matrix scripts/qa/ai-harness-browser.mjs ddce9bf11db3e242af86e80ccd56958339ab8b4e7aa4e1b664ccf123566c3c83
bound ui-final-outcome-matrix scripts/qa/ai-harness-proof-failure.mjs 0e2fcc85ce1d867f24c355a13999b3ab8865623e60d40630426a5d6a06c03507
bound ui-final-outcome-matrix scripts/qa/ai-harness-cleanup.mjs cca421282dda00bfb1773268c8378e00c71ab44d1aff3c42d0056ca6d5f5fa07
bound ui-final-outcome-matrix scripts/qa/ai-harness-p2.mjs 81c7b57d1cecb3c3cdc18db4e3f46aaa82ae2358af24e7c2a9b76d384cc52326
bound ui-final-outcome-matrix scripts/qa/ai-harness-p2-scenarios.mjs c20959243619beca413d44e3005f46c0b3a9f2229a860bbec7d3358cefa4ce3a
bound ui-final-outcome-matrix scripts/qa/ai-harness-p2-observe.mjs 56b650dd393b9713f895144f6cbbfda687941ec60f2a34bd895a78f2260596a6
bound ui-final-outcome-matrix scripts/qa/ai-harness-p2-resume.mjs 4005732b9686bb61600250ef978625dc5f3d571f0250be134b3e51813c90693f
bound ui-final-outcome-matrix DESIGN.md 985e22561d0dcb150e51cd07aca0db5c8223755c7ccd9afb527fbd40d4bc7e63
bound ui-final-outcome-matrix src/editor/panels/aiChatPanel.ts 003066d14d6a8cffb16ca25d21ae5a2f793dad6fc7a15d04a543659023821751
bound ui-final-outcome-matrix src/editor/panels/aiChatRenderers.ts 1863b02bbe10ef5aa2c8d2b41b93d10851c27a51c6ea3da8370dd7be6d0b7d80
bound ui-final-outcome-matrix src/editor/panels/aiStickyChecklist.ts b8ddb2ffa39545b4f1b0ec2013b26e18a39e22ed1c4db3fb936f5c153ac9a980
bound ui-final-outcome-matrix src/styles/database/assistant-sticky-checklist.css 71c707dc664b34fd47ef2eb9c30b711571d2bdc7653138f78e2704ece60762c4
bound ui-final-outcome-matrix src/styles/database/tabs-b-assistant-panel/19-assistant-cards.css ffb8ff6e90611a6a2e4abb26d15f9341722cb2dd00d942a0e37f48a3cd8925dd
bound ui-final-outcome-matrix test/aiOutcomePresentation.test.ts 4173d0ab90082be9d04fa7dece5b5533f4756d2bac0543be91d40970e13bac79
bound ui-final-outcome-matrix test/aiAutonomousRunSurface.test.ts 871161dafbbb45ac425136d1093e2aacedbbbf504339be78bebe229e776a4a82
bound ui-final-outcome-matrix test/aiContinueUserAction.test.ts 1fabd13e45b3fc028c471a91ad13ea6f748078d6cf680f40720f6a1886a7b2b7
bound ui-final-outcome-matrix test/aiOutcomeBrowserEvidence.mjs aeb3fd4f566a3a9dc6c135a971220a858f2a1cc8373cf7502ac5d95de0ab4dae
measurements ui-final-outcome-matrix 36 checks 148 cleanup {"absentBeforeRun":true,"pageListenersAndTimersClosed":true,"browserClosed":true,"serverClosed":true,"cacheRemoved":true,"portReleased":true,"remote":{"projectId":"qa-ai-surface-6722a1f8-91c8-43e6-8bf2-6b8319a7ee00","kind":"deleted-and-absence-verified","commitIds":["72c8e8a1-459b-4868-9220-90b32f694aa7","b9e373e2-e238-4c35-a01f-448446e1a545","9f357063-9ca9-4d7e-bc3d-8910495babc0","ed473332-d52f-4439-99f9-2f77eb5f353b","e1075695-a2fb-494d-a10e-0a5c40d99536","6837bb85-f352-4c75-b3b3-a85f086fd5dc","8f96b1c5-4e3e-43e3-bd73-998bc57fdba0","c048e267-2714-4b6f-b964-618eb9f5aa84","c0534f56-b0d5-4e18-9bb6-445c5b17a203","974ef590-f728-44b8-a9e2-db482cfb7234"]},"remoteDeletedAndAbsent":true,"reusedListener":false,"activeRoutes":0}
bound ui-final-required-skip src/ai/assistantSession.ts 4219b0a4e7bc9f5d570d9ef3f62a5249c763d26da3e02e7b990a401a82efaba1
bound ui-final-required-skip src/ai/workPlan.ts f471aa410b6bbf00edd65d2cb98c909e3006e6d54a406d9166651fb4a69d454f
bound ui-final-required-skip src/ai/assistantAcceptanceLedger.ts a4fdf4a5535116df492499e3b890da65268e6098973150baade1aa0a2d78abd4
bound ui-final-required-skip src/project/store.ts 8d8bea0ae98fb42b4e3c1e9f0eaa71bba6176eb84475832d15395384415312b9
bound ui-final-required-skip src/editor/panels/aiTurnRunner.ts b07b77dadf16ed7fe6781f95179ec97145c9c07aac4dca193c60710d9c741ad5
bound ui-final-required-skip src/editor/aiAssistantBridge.ts 221260ab53900ea000f3f1cf99487ef47b041dd2a0b549f908ed20eb309a85f7
bound ui-final-required-skip src/ai/activityLog.ts 3d27d741243093428fde5798ef38a83fd5b755893abd7edffc4dd91bd92bc323
bound ui-final-required-skip src/ai/runRecap.ts 66b59b0c4b4205955b278bc500b08676b559048714cb2a821366d6130fd2e3ae
bound ui-final-required-skip scripts/qa/ai-harness-contracts.mjs a4f89eade69c9ab9c7d167f40924561ab487a070b2da2e9868957439919be569
bound ui-final-required-skip scripts/qa/ai-harness-browser.mjs ddce9bf11db3e242af86e80ccd56958339ab8b4e7aa4e1b664ccf123566c3c83
bound ui-final-required-skip scripts/qa/ai-harness-proof-failure.mjs 0e2fcc85ce1d867f24c355a13999b3ab8865623e60d40630426a5d6a06c03507
bound ui-final-required-skip scripts/qa/ai-harness-cleanup.mjs cca421282dda00bfb1773268c8378e00c71ab44d1aff3c42d0056ca6d5f5fa07
bound ui-final-required-skip scripts/qa/ai-harness-p2.mjs 81c7b57d1cecb3c3cdc18db4e3f46aaa82ae2358af24e7c2a9b76d384cc52326
bound ui-final-required-skip scripts/qa/ai-harness-p2-scenarios.mjs c20959243619beca413d44e3005f46c0b3a9f2229a860bbec7d3358cefa4ce3a
bound ui-final-required-skip scripts/qa/ai-harness-p2-observe.mjs 56b650dd393b9713f895144f6cbbfda687941ec60f2a34bd895a78f2260596a6
bound ui-final-required-skip scripts/qa/ai-harness-p2-resume.mjs 4005732b9686bb61600250ef978625dc5f3d571f0250be134b3e51813c90693f
bound ui-final-required-skip DESIGN.md 985e22561d0dcb150e51cd07aca0db5c8223755c7ccd9afb527fbd40d4bc7e63
bound ui-final-required-skip src/editor/panels/aiChatPanel.ts 003066d14d6a8cffb16ca25d21ae5a2f793dad6fc7a15d04a543659023821751
bound ui-final-required-skip src/editor/panels/aiChatRenderers.ts 1863b02bbe10ef5aa2c8d2b41b93d10851c27a51c6ea3da8370dd7be6d0b7d80
bound ui-final-required-skip src/editor/panels/aiStickyChecklist.ts b8ddb2ffa39545b4f1b0ec2013b26e18a39e22ed1c4db3fb936f5c153ac9a980
bound ui-final-required-skip src/styles/database/assistant-sticky-checklist.css 71c707dc664b34fd47ef2eb9c30b711571d2bdc7653138f78e2704ece60762c4
bound ui-final-required-skip src/styles/database/tabs-b-assistant-panel/19-assistant-cards.css ffb8ff6e90611a6a2e4abb26d15f9341722cb2dd00d942a0e37f48a3cd8925dd
bound ui-final-required-skip test/aiOutcomePresentation.test.ts 4173d0ab90082be9d04fa7dece5b5533f4756d2bac0543be91d40970e13bac79
bound ui-final-required-skip test/aiAutonomousRunSurface.test.ts 871161dafbbb45ac425136d1093e2aacedbbbf504339be78bebe229e776a4a82
bound ui-final-required-skip test/aiContinueUserAction.test.ts 1fabd13e45b3fc028c471a91ad13ea6f748078d6cf680f40720f6a1886a7b2b7
bound ui-final-required-skip test/aiOutcomeBrowserEvidence.mjs aeb3fd4f566a3a9dc6c135a971220a858f2a1cc8373cf7502ac5d95de0ab4dae
measurements ui-final-required-skip 33 checks 107 cleanup {"absentBeforeRun":true,"pageListenersAndTimersClosed":true,"browserClosed":true,"serverClosed":true,"cacheRemoved":true,"portReleased":true,"remote":{"projectId":"qa-ai-surface-4a5dcf3b-a94b-4452-8922-b25101fc96d7","kind":"deleted-and-absence-verified","commitIds":["4914e636-c7e0-4443-a83d-50b664b20156"]},"remoteDeletedAndAbsent":true,"reusedListener":false,"activeRoutes":0}
configured-secret scan passed; no values printed
