
> rpg-zzu@0.1.0 test
> node scripts/run-vitest.mjs run --configLoader bundle test/aiOutcomePresentation.test.ts test/aiContinueUserAction.test.ts test/aiStickyChecklist.test.ts test/aiAutonomousRunSurface.test.ts test/aiWorkPlanTerminalFocus.test.ts test/aiRetryWorkPlanLifecycle.test.ts --maxWorkers 1 --minWorkers 1


 RUN  v3.2.4 /home/main/z-project/rpg-zzu-ai-harness-p2-20260906

 ✓ test/aiWorkPlanTerminalFocus.test.ts (7 tests) 9968ms
   ✓ terminal work-plan focus ownership > returns removed ai-plan-book focus to the stable composer  1292ms
   ✓ terminal work-plan focus ownership > returns removed ai-plan-book-close focus to the stable composer  1996ms
   ✓ terminal work-plan focus ownership > returns removed ai-plan-book-open focus to the stable composer  1663ms
   ✓ terminal work-plan focus ownership > restores composer focus on an aborted terminal result  1646ms
   ✓ terminal work-plan focus ownership > does not steal focus from an unrelated control while removing an open book  1422ms
   ✓ terminal work-plan focus ownership > preserves the error dialog's focus when it supersedes the focused book  851ms
   ✓ terminal work-plan focus ownership > keeps manual close notification distinct from terminal programmatic close  1097ms
 ✓ test/aiRetryWorkPlanLifecycle.test.ts (7 tests) 9099ms
   ✓ manual retry work-plan ownership > reopens live checklist on actual retry and removes it at 'final' ('chat'/'do', completed=undefined)  2131ms
   ✓ manual retry work-plan ownership > reopens live checklist on actual retry and removes it at 'final' ('auto'/'do', completed=undefined)  1715ms
   ✓ manual retry work-plan ownership > reopens live checklist on actual retry and removes it at 'final' ('auto'/'plan', completed=undefined)  928ms
   ✓ manual retry work-plan ownership > reopens live checklist on actual retry and removes it at 'error' ('chat'/'ask', completed=undefined)  1339ms
   ✓ manual retry work-plan ownership > reopens live checklist on actual retry and removes it at 'aborted' ('chat'/'do', completed=undefined)  782ms
   ✓ manual retry work-plan ownership > reopens live checklist on actual retry and removes it at 'throw' ('chat'/'do', completed=undefined)  1196ms
   ✓ manual retry work-plan ownership > reopens live checklist on actual retry and removes it at 'final' ('chat'/'do', completed=true)  1004ms
 ✓ test/aiStickyChecklist.test.ts (13 tests) 7056ms
   ✓ renders acceptance outside chat and retains verified evidence after the turn  1615ms
   ✓ preserves disclosure and focused navigation while backend status and evidence change  507ms
   ✓ preserves a manual expansion through tight viewport changes and clears on disposal  399ms
   ✓ navigates through the actual map and camera event seam  350ms
   ✓ ignores late acceptance events after the real new-chat boundary  858ms
   ✓ refreshes backend acceptance on a store mutation without manufacturing verification  853ms
   ✓ retains the backend blocked snapshot when the actual abort button ends a held turn  1588ms
 ✓ test/aiOutcomePresentation.test.ts (93 tests) 2486ms
   ✓ withdraws the exact real requirement only on user activation, retaining source and failed evidence  1172ms
   ✓ keeps rejected and busy actions from changing the canonical obligation  611ms
   ✓ does not offer a user action for legacy read-only callers  557ms
 ✓ test/aiContinueUserAction.test.ts (1 test) 2099ms
   ✓ the real Continue control updates both the panel send mode and composer presentation after Ask  2097ms
 ✓ test/aiAutonomousRunSurface.test.ts (12 tests) 5407ms
   ✓ 할 일 목록 표면 (작업 계획 체크리스트) > does not promote quick-reply presets but retains their transcript text  818ms
   ✓ 할 일 목록 표면 (작업 계획 체크리스트) > (a) emitWorkPlan 이벤트로 체크리스트가 렌더된다 — 항목별 진행 + 현재 레이어 표시  596ms
   ✓ 할 일 목록 표면 (작업 계획 체크리스트) > tool_started 이벤트는 진행 중 항목의 활동 줄만 갈아 끼운다(체크리스트 재렌더 없음)  822ms
   ✓ 할 일 목록 표면 (작업 계획 체크리스트) > 완료 계획은 표면에서 걷히고 계획 없는 턴도 목록을 만들지 않는다  479ms
   ✓ 할 일 목록 표면 (작업 계획 체크리스트) > 런 중 중단하면 목록과 활동 표면이 함께 걷힌다  502ms
   ✓ 할 일 목록 표면 (작업 계획 체크리스트) > 목록의 「중지」 버튼은 진행 중 턴을 중단한다  493ms
   ✓ 할 일 목록 표면 (작업 계획 체크리스트) > agentMode chat 에서도 할 일 목록은 뜨되 예산 없이 뜨고, 세션에 autonomous 플래그가 전달되지 않는다  327ms

 Test Files  6 passed (6)
      Tests  133 passed (133)
   Start at  06:01:10
   Duration  194.18s (transform 85.15s, setup 0ms, collect 145.49s, tests 36.11s, environment 4.36s, prepare 1.74s)

