
> rpg-zzu@0.1.0 test
> node scripts/run-vitest.mjs run --configLoader bundle test/aiContinueUserAction.test.ts --maxWorkers 1 --minWorkers 1


 RUN  v3.2.4 /home/main/z-project/rpg-zzu-ai-harness-p2-20260906

 ❯ test/aiContinueUserAction.test.ts (1 test | 1 failed) 4712ms
   × the real Continue control updates both the panel send mode and composer presentation after Ask 4709ms
     → expected 'do' to be 'ask' // Object.is equality

⎯⎯⎯⎯⎯⎯⎯ Failed Tests 1 ⎯⎯⎯⎯⎯⎯⎯

 FAIL  test/aiContinueUserAction.test.ts > the real Continue control updates both the panel send mode and composer presentation after Ask
AssertionError: expected 'do' to be 'ask' // Object.is equality

Expected: [32m"ask"[39m
Received: [31m"do"[39m

 ❯ test/aiContinueUserAction.test.ts:65:49
     63|   if (!surface) throw new Error("Missing actual Panel run surface");
     64|   await bounded(surface.sendText("계속"));
     65|   expect(send.mock.lastCall?.[3]?.composerMode).toBe("ask");
       |                                                 ^
     66|   expect(node("ai-composer-mode").dataset.mode).toBe("ask");
     67|   const resumed = terminalSignal(); node("ai-continue-run").click(); a…

⎯⎯⎯⎯⎯⎯⎯⎯⎯⎯⎯⎯⎯⎯⎯⎯⎯⎯⎯⎯⎯⎯⎯⎯[1/1]⎯


 Test Files  1 failed (1)
      Tests  1 failed (1)
   Start at  05:57:42
   Duration  111.94s (transform 72.37s, setup 0ms, collect 103.48s, tests 4.71s, environment 1.36s, prepare 516ms)

