
> rpg-zzu@0.1.0 test
> node scripts/run-vitest.mjs run --configLoader bundle test/aiSelectionChipScope.test.ts


 RUN  v3.2.4 /home/main/.herdr/worktrees/rpg-zzu/worktree-clear-field-e552-ai-seven-selection

 ❯ test/aiSelectionChipScope.test.ts (5 tests | 2 failed) 1535ms
   ✓ 선택 칩 해제와 턴 스코프 > × 로 해제한 뒤 보내면 세션 스코프가 null 이고 영역 실행부를 타지 않는다  603ms
   ✓ 선택 칩 해제와 턴 스코프 > 칩이 살아 있으면 영역 실행부로 간다(대조군) 211ms
   ✓ 대기 상태에서도 선택 칩은 보인다 > 선택 칩이 붙으면 칩 호스트에 has-selection-scope 가 서고, 해제하면 내려간다  365ms
   × 대기 상태에서도 선택 칩은 보인다 > idle 패널에서 has-selection-scope 칩 호스트의 사용 display 는 none 이 아니다 137ms
     → expected 'block' to be 'none' // Object.is equality
   × 컴포저 힌트는 숨을 때 자리를 비운다 > 입력 포커스가 없을 때 힌트의 사용 display 는 none 이다(visibility:hidden 은 156px 를 먹었다) 137ms
     → ENOENT: no such file or directory, open '/home/main/.herdr/worktrees/rpg-zzu/worktree-clear-field-e552-ai-seven-selection/src/styles/database/tabs-b-assistant-panel/14-assistant-ux-repair.css'

⎯⎯⎯⎯⎯⎯⎯ Failed Tests 2 ⎯⎯⎯⎯⎯⎯⎯

 FAIL  test/aiSelectionChipScope.test.ts > 대기 상태에서도 선택 칩은 보인다 > idle 패널에서 has-selection-scope 칩 호스트의 사용 display 는 none 이 아니다
AssertionError: expected 'block' to be 'none' // Object.is equality

Expected: [32m"none"[39m
Received: [31m"block"[39m

 ❯ test/aiSelectionChipScope.test.ts:133:54
    131|       panel.append(plain, scoped);
    132|       doc.body.append(panel);
    133|       expect(window.getComputedStyle(plain).display).toBe("none");
       |                                                      ^
    134|       expect(window.getComputedStyle(scoped).display).not.toBe("none");
    135|     } finally {

⎯⎯⎯⎯⎯⎯⎯⎯⎯⎯⎯⎯⎯⎯⎯⎯⎯⎯⎯⎯⎯⎯⎯⎯[1/2]⎯

 FAIL  test/aiSelectionChipScope.test.ts > 컴포저 힌트는 숨을 때 자리를 비운다 > 입력 포커스가 없을 때 힌트의 사용 display 는 none 이다(visibility:hidden 은 156px 를 먹었다)
Error: ENOENT: no such file or directory, open '/home/main/.herdr/worktrees/rpg-zzu/worktree-clear-field-e552-ai-seven-selection/src/styles/database/tabs-b-assistant-panel/14-assistant-ux-repair.css'
 ❯ test/aiSelectionChipScope.test.ts:143:17
    141| describe("컴포저 힌트는 숨을 때 자리를 비운다", () => {
    142|   it("입력 포커스가 없을 때 힌트의 사용 display 는 none 이다(visibility:hidden 은 156px …
    143|     const css = readFileSync(resolve("src/styles/database/tabs-b-assis…
       |                 ^
    144|     const window = new Window();
    145|     try {

⎯⎯⎯⎯⎯⎯⎯⎯⎯⎯⎯⎯⎯⎯⎯⎯⎯⎯⎯⎯⎯⎯⎯⎯[2/2]⎯


 Test Files  1 failed (1)
      Tests  2 failed | 3 passed (5)
   Start at  00:24:28
   Duration  29.61s (transform 19.76s, setup 0ms, collect 27.26s, tests 1.53s, environment 0ms, prepare 213ms)
