
> rpg-zzu@0.1.0 test
> node scripts/run-vitest.mjs run --configLoader bundle test/aiSelectionChipScope.test.ts test/aiComposerInputUx.test.ts test/aiComposerDeck.test.ts test/aiChatPanelComposerMode.test.ts --maxWorkers=1


 RUN  v3.2.4 /home/main/.herdr/worktrees/rpg-zzu/worktree-clear-field-e552-ai-seven-selection

 ✓ test/aiSelectionChipScope.test.ts (5 tests) 6468ms
   ✓ 선택 칩 해제와 턴 스코프 > × 로 해제한 뒤 보내면 세션 스코프가 null 이고 영역 실행부를 타지 않는다  2415ms
   ✓ 선택 칩 해제와 턴 스코프 > 칩이 살아 있으면 영역 실행부로 간다(대조군)  844ms
   ✓ 대기 상태에서도 선택 칩은 보인다 > 선택 칩이 붙으면 칩 호스트에 has-selection-scope 가 서고, 해제하면 내려간다  1068ms
   ✓ 대기 상태에서도 선택 칩은 보인다 > idle: the map pin is visible, selection hides only sibling chips, and clearing restores the map pin  866ms
   ✓ composer keyboard help does not occupy the action row > keeps help on the input title and the shipped action row intact before focus, during focus, and after blur  559ms
 ✓ test/aiChatPanelComposerMode.test.ts (4 tests) 2846ms
   ✓ 컴포저 모드 → 세션 옵션 > ask 칩을 고르고 전송하면 sendUserMessage 옵션에 composerMode 가 실린다  824ms
   ✓ 컴포저 모드 → 세션 옵션 > plan 칩을 고르고 전송하면 sendUserMessage 옵션에 composerMode 가 실린다  653ms
   ✓ 컴포저 모드 → 세션 옵션 > 기본(지시) 모드는 composerMode:"do" 로 실린다  687ms
   ✓ 컴포저 모드 → 세션 옵션 > 계획 모드는 agentMode 가 chat 이어도 work_plan 이벤트로 계획 체크리스트를 그린다  681ms
 ✓ test/aiComposerInputUx.test.ts (5 tests) 1496ms
   ✓ E1 전송 버튼은 보낼 게 있을 때만 준비된 상태 > 빈 입력이면 미준비, 글자가 들어오면 준비, 지우면 다시 미준비  389ms
   ✓ E1 전송 버튼은 보낼 게 있을 때만 준비된 상태 > 공백만 입력한 경우도 보낼 게 없다고 본다  306ms
   ✓ E1 전송 버튼은 보낼 게 있을 때만 준비된 상태 > 왜 보낼 수 없는지 title 로 알려준다  320ms
   ✓ E3 힌트는 포커스 중에만 > 포커스 전에는 액션 행에 포커스 표시가 없고, 포커스하면 붙고 blur 하면 떨어진다  323ms
 ✓ test/aiComposerDeck.test.ts (7 tests) 46ms

 Test Files  4 passed (4)
      Tests  21 passed (21)
   Start at  00:57:35
   Duration  126.66s (transform 71.75s, setup 0ms, collect 110.22s, tests 10.86s, environment 586ms, prepare 742ms)
