
> rpg-zzu@0.1.0 test
> node scripts/run-vitest.mjs run --configLoader bundle test/aiSelectionChipScope.test.ts


 RUN  v3.2.4 /home/main/.herdr/worktrees/rpg-zzu/worktree-clear-field-e552-ai-seven-selection

 ❯ test/aiSelectionChipScope.test.ts (5 tests | 1 failed) 6591ms
   ✓ 선택 칩 해제와 턴 스코프 > × 로 해제한 뒤 보내면 세션 스코프가 null 이고 영역 실행부를 타지 않는다  1997ms
   ✓ 선택 칩 해제와 턴 스코프 > 칩이 살아 있으면 영역 실행부로 간다(대조군)  680ms
   ✓ 대기 상태에서도 선택 칩은 보인다 > 선택 칩이 붙으면 칩 호스트에 has-selection-scope 가 서고, 해제하면 내려간다  410ms
   ✓ 대기 상태에서도 선택 칩은 보인다 > idle: the map pin is visible, selection hides only sibling chips, and clearing restores the map pin  1946ms
   × composer keyboard help does not occupy the action row > keeps help on the input title and the shipped action row intact before focus, during focus, and after blur 637ms
     → expected '' to be 'nowrap' // Object.is equality

⎯⎯⎯⎯⎯⎯⎯ Failed Tests 1 ⎯⎯⎯⎯⎯⎯⎯

 FAIL  test/aiSelectionChipScope.test.ts > composer keyboard help does not occupy the action row > keeps help on the input title and the shipped action row intact before focus, during focus, and after blur
AssertionError: expected '' to be 'nowrap' // Object.is equality

[32m- Expected[39m
[31m+ Received[39m

[32m- nowrap[39m

 ❯ assertRow test/aiSelectionChipScope.test.ts:202:50
    200|       expect(getComputedStyle(actions).display).toBe("flex");
    201|       expect(getComputedStyle(actions).minHeight).toBe("36px");
    202|       expect(getComputedStyle(actions).flexWrap).toBe("nowrap");
       |                                                  ^
    203|       expect(actions.contains(control(panel, "ai-send"))).toBe(true);
    204|       expect(getComputedStyle(control(panel, "ai-send")).display).not.…
 ❯ test/aiSelectionChipScope.test.ts:207:5

⎯⎯⎯⎯⎯⎯⎯⎯⎯⎯⎯⎯⎯⎯⎯⎯⎯⎯⎯⎯⎯⎯⎯⎯[1/1]⎯


 Test Files  1 failed (1)
      Tests  1 failed | 4 passed (5)
   Start at  00:31:01
   Duration  43.86s (transform 23.55s, setup 0ms, collect 35.24s, tests 6.59s, environment 499ms, prepare 265ms)
