
> rpg-zzu@0.1.0 test
> node scripts/run-vitest.mjs run --configLoader bundle test/aiSelectionChipScope.test.ts test/aiComposerInputUx.test.ts test/aiComposerDeck.test.ts test/aiChatPanelComposerMode.test.ts


 RUN  v3.2.4 /home/main/.herdr/worktrees/rpg-zzu/worktree-clear-field-e552-ai-seven-selection

 ✓ test/aiComposerDeck.test.ts (7 tests) 92ms
 ✓ test/aiComposerInputUx.test.ts (5 tests) 2572ms
   ✓ E1 전송 버튼은 보낼 게 있을 때만 준비된 상태 > 빈 입력이면 미준비, 글자가 들어오면 준비, 지우면 다시 미준비  594ms
   ✓ E1 전송 버튼은 보낼 게 있을 때만 준비된 상태 > 미준비 상태여도 초점·클릭은 살린다 — 진짜 disabled 로 만들지 않는다  340ms
   ✓ E1 전송 버튼은 보낼 게 있을 때만 준비된 상태 > 공백만 입력한 경우도 보낼 게 없다고 본다  311ms
   ✓ E1 전송 버튼은 보낼 게 있을 때만 준비된 상태 > 왜 보낼 수 없는지 title 로 알려준다  478ms
   ✓ E3 힌트는 포커스 중에만 > 포커스 전에는 액션 행에 포커스 표시가 없고, 포커스하면 붙고 blur 하면 떨어진다  846ms
 ✓ test/aiChatPanelComposerMode.test.ts (4 tests) 9076ms
   ✓ 컴포저 모드 → 세션 옵션 > ask 칩을 고르고 전송하면 sendUserMessage 옵션에 composerMode 가 실린다  1901ms
   ✓ 컴포저 모드 → 세션 옵션 > plan 칩을 고르고 전송하면 sendUserMessage 옵션에 composerMode 가 실린다  3341ms
   ✓ 컴포저 모드 → 세션 옵션 > 기본(지시) 모드는 composerMode:"do" 로 실린다  1892ms
   ✓ 컴포저 모드 → 세션 옵션 > 계획 모드는 agentMode 가 chat 이어도 work_plan 이벤트로 계획 체크리스트를 그린다  1939ms
 ❯ test/aiSelectionChipScope.test.ts (5 tests | 1 failed) 32023ms
   ✓ 선택 칩 해제와 턴 스코프 > × 로 해제한 뒤 보내면 세션 스코프가 null 이고 영역 실행부를 타지 않는다  6272ms
   ✓ 선택 칩 해제와 턴 스코프 > 칩이 살아 있으면 영역 실행부로 간다(대조군)  1575ms
   ✓ 대기 상태에서도 선택 칩은 보인다 > 선택 칩이 붙으면 칩 호스트에 has-selection-scope 가 서고, 해제하면 내려간다  2503ms
   × 대기 상태에서도 선택 칩은 보인다 > idle: the map pin is visible, selection hides only sibling chips, and clearing restores the map pin 16730ms
     → Test timed out in 15000ms.
If this is a long-running test, pass a timeout value as the last argument or configure it globally with "testTimeout".
   ✓ composer keyboard help does not occupy the action row > keeps help on the input title and the shipped action row intact before focus, during focus, and after blur  2510ms

⎯⎯⎯⎯⎯⎯⎯ Failed Tests 1 ⎯⎯⎯⎯⎯⎯⎯

 FAIL  test/aiSelectionChipScope.test.ts > 대기 상태에서도 선택 칩은 보인다 > idle: the map pin is visible, selection hides only sibling chips, and clearing restores the map pin
Error: Test timed out in 15000ms.
If this is a long-running test, pass a timeout value as the last argument or configure it globally with "testTimeout".
 ❯ test/aiSelectionChipScope.test.ts:154:3
    152|   });
    153|
    154|   it("idle: the map pin is visible, selection hides only sibling chips…
       |   ^
    155|     const panel = renderPanel();
    156|     const host = control(panel, "ai-context-chips");

⎯⎯⎯⎯⎯⎯⎯⎯⎯⎯⎯⎯⎯⎯⎯⎯⎯⎯⎯⎯⎯⎯⎯⎯[1/1]⎯


 Test Files  1 failed | 3 passed (4)
      Tests  1 failed | 20 passed (21)
   Start at  00:53:00
   Duration  167.14s (transform 164.94s, setup 0ms, collect 367.88s, tests 43.76s, environment 519ms, prepare 2.04s)
