--- src/styles/database/tabs-b-assistant-panel/12-assistant-temperature.css
+++ src/styles/database/tabs-b-assistant-panel/12-assistant-temperature.css
@@ -13,7 +13,7 @@
 .ai-chat-panel.is-assistant-idle .ai-context-chips.has-selection-scope {
   display: flex;
   /* 대기 중엔 스코프가 가장 중요한 맥락이다 — 가로 스크롤 줄의 맨 앞에 두어 × 까지 온전히 보이게 한다. */
-  order: -1;
+  order: 0;
 }

 .ai-chat-panel.is-assistant-idle .ai-context-chips.has-selection-scope .ai-context-chip:not(.ai-selection-chip) {


> rpg-zzu@0.1.0 test
> node scripts/run-vitest.mjs run --configLoader bundle test/aiSelectionChipScope.test.ts


 RUN  v3.2.4 /home/main/.herdr/worktrees/rpg-zzu/worktree-clear-field-e552-ai-seven-selection

 ❯ test/aiSelectionChipScope.test.ts (5 tests | 1 failed) 5060ms
   ✓ 선택 칩 해제와 턴 스코프 > × 로 해제한 뒤 보내면 세션 스코프가 null 이고 영역 실행부를 타지 않는다  1506ms
   ✓ 선택 칩 해제와 턴 스코프 > 칩이 살아 있으면 영역 실행부로 간다(대조군)  1120ms
   ✓ 대기 상태에서도 선택 칩은 보인다 > 선택 칩이 붙으면 칩 호스트에 has-selection-scope 가 서고, 해제하면 내려간다  432ms
   × 대기 상태에서도 선택 칩은 보인다 > idle: the map pin is visible, selection hides only sibling chips, and clearing restores the map pin 848ms
     → expected '0' to be '-1' // Object.is equality
   ✓ composer keyboard help does not occupy the action row > keeps help on the input title and the shipped action row intact before focus, during focus, and after blur  845ms

⎯⎯⎯⎯⎯⎯⎯ Failed Tests 1 ⎯⎯⎯⎯⎯⎯⎯

 FAIL  test/aiSelectionChipScope.test.ts > 대기 상태에서도 선택 칩은 보인다 > idle: the map pin is visible, selection hides only sibling chips, and clearing restores the map pin
AssertionError: expected '0' to be '-1' // Object.is equality

Expected: [32m"-1"[39m
Received: [31m"0"[39m

 ❯ test/aiSelectionChipScope.test.ts:176:42
    174|     expect(panel.classList.contains("is-assistant-idle")).toBe(true);
    175|     expect(getComputedStyle(host).display).toBe("flex");
    176|     expect(getComputedStyle(host).order).toBe("-1");
       |                                          ^
    177|     expect(getComputedStyle(mapChip()).display).toBe("none");
    178|     expect(getComputedStyle(control(panel, "ai-selection-chip")).displ…

⎯⎯⎯⎯⎯⎯⎯⎯⎯⎯⎯⎯⎯⎯⎯⎯⎯⎯⎯⎯⎯⎯⎯⎯[1/1]⎯


 Test Files  1 failed (1)
      Tests  1 failed | 4 passed (5)
   Start at  01:02:10
   Duration  53.75s (transform 32.26s, setup 0ms, collect 45.56s, tests 5.06s, environment 1.17s, prepare 604ms)
