--- src/editor/panels/aiComposer.ts
+++ src/editor/panels/aiComposer.ts
@@ -359,6 +359,7 @@

   // 키 힌트는 행에 두지 않는다(실측 160×15 상시 점유). 입력창 title 로 옮겼다.
   options.input.setAttribute("title", "Enter 보내기 · Shift+Enter 줄바꿈");
+  actions.append(el("span", { class: "ai-composer-hint", text: options.input.title }));

   const composer = el("div", {
     class: "ai-composer",


> rpg-zzu@0.1.0 test
> node scripts/run-vitest.mjs run --configLoader bundle test/aiSelectionChipScope.test.ts


 RUN  v3.2.4 /home/main/.herdr/worktrees/rpg-zzu/worktree-clear-field-e552-ai-seven-selection

 ❯ test/aiSelectionChipScope.test.ts (5 tests | 1 failed) 4602ms
   ✓ 선택 칩 해제와 턴 스코프 > × 로 해제한 뒤 보내면 세션 스코프가 null 이고 영역 실행부를 타지 않는다  1475ms
   ✓ 선택 칩 해제와 턴 스코프 > 칩이 살아 있으면 영역 실행부로 간다(대조군)  500ms
   ✓ 대기 상태에서도 선택 칩은 보인다 > 선택 칩이 붙으면 칩 호스트에 has-selection-scope 가 서고, 해제하면 내려간다  571ms
   ✓ 대기 상태에서도 선택 칩은 보인다 > idle: the map pin is visible, selection hides only sibling chips, and clearing restores the map pin  1066ms
   × composer keyboard help does not occupy the action row > keeps help on the input title and the shipped action row intact before focus, during focus, and after blur 472ms
     → expected <span class="ai-composer-hint"></span> to be null

⎯⎯⎯⎯⎯⎯⎯ Failed Tests 1 ⎯⎯⎯⎯⎯⎯⎯

 FAIL  test/aiSelectionChipScope.test.ts > composer keyboard help does not occupy the action row > keeps help on the input title and the shipped action row intact before focus, during focus, and after blur
AssertionError: expected <span class="ai-composer-hint"></span> to be null

[32m- Expected:[39m
null

[31m+ Received:[39m
<span
  class="ai-composer-hint"
>
  Enter 보내기 · Shift+Enter 줄바꿈
</span>

 ❯ assertRow test/aiSelectionChipScope.test.ts:203:56
    201|     const assertRow = () => {
    202|       expect(input.title).toBe(help);
    203|       expect(panel.querySelector(".ai-composer-hint")).toBeNull();
       |                                                        ^
    204|       expect(actions.textContent).not.toContain(help);
    205|       expect(getComputedStyle(actions).display).toBe("flex");
 ❯ test/aiSelectionChipScope.test.ts:215:5

⎯⎯⎯⎯⎯⎯⎯⎯⎯⎯⎯⎯⎯⎯⎯⎯⎯⎯⎯⎯⎯⎯⎯⎯[1/1]⎯


 Test Files  1 failed (1)
      Tests  1 failed | 4 passed (5)
   Start at  01:06:48
   Duration  59.23s (transform 36.00s, setup 0ms, collect 51.64s, tests 4.60s, environment 636ms, prepare 479ms)
