--- src/editor/panels/aiComposer.ts
+++ src/editor/panels/aiComposer.ts
@@ -379,7 +379,7 @@
     ],
   });

-  const onInputFocus = (): void => actions.classList.add("is-input-focused");
+  const onInputFocus = (): void => actions.classList.remove("is-input-focused");
   const onInputBlur = (): void => actions.classList.remove("is-input-focused");
   options.input.addEventListener("focus", onInputFocus);
   options.input.addEventListener("blur", onInputBlur);


> rpg-zzu@0.1.0 test
> node scripts/run-vitest.mjs run --configLoader bundle test/aiSelectionChipScope.test.ts


 RUN  v3.2.4 /home/main/.herdr/worktrees/rpg-zzu/worktree-clear-field-e552-ai-seven-selection

 ❯ test/aiSelectionChipScope.test.ts (5 tests | 1 failed) 4965ms
   ✓ 선택 칩 해제와 턴 스코프 > × 로 해제한 뒤 보내면 세션 스코프가 null 이고 영역 실행부를 타지 않는다  2135ms
   ✓ 선택 칩 해제와 턴 스코프 > 칩이 살아 있으면 영역 실행부로 간다(대조군)  500ms
   ✓ 대기 상태에서도 선택 칩은 보인다 > 선택 칩이 붙으면 칩 호스트에 has-selection-scope 가 서고, 해제하면 내려간다  635ms
   ✓ 대기 상태에서도 선택 칩은 보인다 > idle: the map pin is visible, selection hides only sibling chips, and clearing restores the map pin  867ms
   × composer keyboard help does not occupy the action row > keeps help on the input title and the shipped action row intact before focus, during focus, and after blur 432ms
     → expected false to be true // Object.is equality

⎯⎯⎯⎯⎯⎯⎯ Failed Tests 1 ⎯⎯⎯⎯⎯⎯⎯

 FAIL  test/aiSelectionChipScope.test.ts > composer keyboard help does not occupy the action row > keeps help on the input title and the shipped action row intact before focus, during focus, and after blur
AssertionError: expected false to be true // Object.is equality

[32m- Expected[39m
[31m+ Received[39m

[32m- true[39m
[31m+ false[39m

 ❯ test/aiSelectionChipScope.test.ts:218:60
    216|     input.focus();
    217|     expect(document.activeElement).toBe(input);
    218|     expect(actions.classList.contains("is-input-focused")).toBe(true);
       |                                                            ^
    219|     assertRow();
    220|     input.blur();

⎯⎯⎯⎯⎯⎯⎯⎯⎯⎯⎯⎯⎯⎯⎯⎯⎯⎯⎯⎯⎯⎯⎯⎯[1/1]⎯


 Test Files  1 failed (1)
      Tests  1 failed | 4 passed (5)
   Start at  01:11:58
   Duration  51.57s (transform 30.95s, setup 0ms, collect 43.82s, tests 4.97s, environment 618ms, prepare 323ms)
