--- src/editor/panels/aiComposer.ts
+++ src/editor/panels/aiComposer.ts
@@ -352,7 +352,7 @@
       }),
       el("div", {
         class: "ai-composer-actions-trail",
-        children: [options.statusGroup, modelChip, options.sendButton, options.abortButton],
+        children: [options.statusGroup, modelChip, options.abortButton],
       }),
     ],
   });


> rpg-zzu@0.1.0 test
> node scripts/run-vitest.mjs run --configLoader bundle test/aiSelectionChipScope.test.ts


 RUN  v3.2.4 /home/main/.herdr/worktrees/rpg-zzu/worktree-clear-field-e552-ai-seven-selection

 ❯ test/aiSelectionChipScope.test.ts (5 tests | 3 failed) 3960ms
   × 선택 칩 해제와 턴 스코프 > × 로 해제한 뒤 보내면 세션 스코프가 null 이고 영역 실행부를 타지 않는다 884ms
     → Missing control: ai-send
   × 선택 칩 해제와 턴 스코프 > 칩이 살아 있으면 영역 실행부로 간다(대조군) 873ms
     → Missing control: ai-send
   ✓ 대기 상태에서도 선택 칩은 보인다 > 선택 칩이 붙으면 칩 호스트에 has-selection-scope 가 서고, 해제하면 내려간다  428ms
   ✓ 대기 상태에서도 선택 칩은 보인다 > idle: the map pin is visible, selection hides only sibling chips, and clearing restores the map pin  794ms
   × composer keyboard help does not occupy the action row > keeps help on the input title and the shipped action row intact before focus, during focus, and after blur 448ms
     → Missing control: ai-send

⎯⎯⎯⎯⎯⎯⎯ Failed Tests 3 ⎯⎯⎯⎯⎯⎯⎯

 FAIL  test/aiSelectionChipScope.test.ts > 선택 칩 해제와 턴 스코프 > × 로 해제한 뒤 보내면 세션 스코프가 null 이고 영역 실행부를 타지 않는다
Error: Missing control: ai-send
 ❯ control test/aiSelectionChipScope.test.ts:61:20
     59| function control<T extends HTMLElement = HTMLElement>(panel: HTMLEleme…
     60|   const node = panel.querySelector<T>(`[data-testid="${id}"]`);
     61|   if (!node) throw new Error(`Missing control: ${id}`);
       |                    ^
     62|   return node;
     63| }
 ❯ sendAndFinish test/aiSelectionChipScope.test.ts:86:5
 ❯ test/aiSelectionChipScope.test.ts:112:11

⎯⎯⎯⎯⎯⎯⎯⎯⎯⎯⎯⎯⎯⎯⎯⎯⎯⎯⎯⎯⎯⎯⎯⎯[1/3]⎯

 FAIL  test/aiSelectionChipScope.test.ts > 선택 칩 해제와 턴 스코프 > 칩이 살아 있으면 영역 실행부로 간다(대조군)
Error: Missing control: ai-send
 ❯ control test/aiSelectionChipScope.test.ts:61:20
     59| function control<T extends HTMLElement = HTMLElement>(panel: HTMLEleme…
     60|   const node = panel.querySelector<T>(`[data-testid="${id}"]`);
     61|   if (!node) throw new Error(`Missing control: ${id}`);
       |                    ^
     62|   return node;
     63| }
 ❯ sendAndFinish test/aiSelectionChipScope.test.ts:86:5
 ❯ test/aiSelectionChipScope.test.ts:138:11

⎯⎯⎯⎯⎯⎯⎯⎯⎯⎯⎯⎯⎯⎯⎯⎯⎯⎯⎯⎯⎯⎯⎯⎯[2/3]⎯

 FAIL  test/aiSelectionChipScope.test.ts > composer keyboard help does not occupy the action row > keeps help on the input title and the shipped action row intact before focus, during focus, and after blur
Error: Missing control: ai-send
 ❯ control test/aiSelectionChipScope.test.ts:61:20
     59| function control<T extends HTMLElement = HTMLElement>(panel: HTMLEleme…
     60|   const node = panel.querySelector<T>(`[data-testid="${id}"]`);
     61|   if (!node) throw new Error(`Missing control: ${id}`);
       |                    ^
     62|   return node;
     63| }
 ❯ assertRow test/aiSelectionChipScope.test.ts:211:31
 ❯ test/aiSelectionChipScope.test.ts:215:5

⎯⎯⎯⎯⎯⎯⎯⎯⎯⎯⎯⎯⎯⎯⎯⎯⎯⎯⎯⎯⎯⎯⎯⎯[3/3]⎯


 Test Files  1 failed (1)
      Tests  3 failed | 2 passed (5)
   Start at  01:13:41
   Duration  45.60s (transform 29.14s, setup 0ms, collect 39.88s, tests 3.96s, environment 469ms, prepare 260ms)
