--- src/styles/database/tabs-b-assistant-panel/12-assistant-temperature.css
+++ src/styles/database/tabs-b-assistant-panel/12-assistant-temperature.css
@@ -11,7 +11,7 @@

 /* 선택 스코프 칩은 대기 중에도 보인다 — 스코프가 붙는지 보여야 × 로 끌 수 있다. 맵 칩은 그대로 숨긴다. */
 .ai-chat-panel.is-assistant-idle .ai-context-chips.has-selection-scope {
-  display: flex;
+  display: none;
   /* 대기 중엔 스코프가 가장 중요한 맥락이다 — 가로 스크롤 줄의 맨 앞에 두어 × 까지 온전히 보이게 한다. */
   order: -1;
 }


> rpg-zzu@0.1.0 test
> node scripts/run-vitest.mjs run --configLoader bundle test/aiSelectionChipScope.test.ts


 RUN  v3.2.4 /home/main/.herdr/worktrees/rpg-zzu/worktree-clear-field-e552-ai-seven-selection

 ❯ test/aiSelectionChipScope.test.ts (5 tests | 1 failed) 8183ms
   ✓ 선택 칩 해제와 턴 스코프 > × 로 해제한 뒤 보내면 세션 스코프가 null 이고 영역 실행부를 타지 않는다  3012ms
   ✓ 선택 칩 해제와 턴 스코프 > 칩이 살아 있으면 영역 실행부로 간다(대조군)  1368ms
   ✓ 대기 상태에서도 선택 칩은 보인다 > 선택 칩이 붙으면 칩 호스트에 has-selection-scope 가 서고, 해제하면 내려간다  1228ms
   × 대기 상태에서도 선택 칩은 보인다 > idle: the map pin is visible, selection hides only sibling chips, and clearing restores the map pin 909ms
     → expected 'none' to be 'flex' // Object.is equality
   ✓ composer keyboard help does not occupy the action row > keeps help on the input title and the shipped action row intact before focus, during focus, and after blur  1146ms

⎯⎯⎯⎯⎯⎯⎯ Failed Tests 1 ⎯⎯⎯⎯⎯⎯⎯

 FAIL  test/aiSelectionChipScope.test.ts > 대기 상태에서도 선택 칩은 보인다 > idle: the map pin is visible, selection hides only sibling chips, and clearing restores the map pin
AssertionError: expected 'none' to be 'flex' // Object.is equality

Expected: [32m"flex"[39m
Received: [31m"none"[39m

 ❯ test/aiSelectionChipScope.test.ts:175:44
    173|     editorState.set({ selection: { mapId, x: 1, y: 1, width: 3, height…
    174|     expect(panel.classList.contains("is-assistant-idle")).toBe(true);
    175|     expect(getComputedStyle(host).display).toBe("flex");
       |                                            ^
    176|     expect(getComputedStyle(host).order).toBe("-1");
    177|     expect(getComputedStyle(mapChip()).display).toBe("none");

⎯⎯⎯⎯⎯⎯⎯⎯⎯⎯⎯⎯⎯⎯⎯⎯⎯⎯⎯⎯⎯⎯⎯⎯[1/1]⎯


 Test Files  1 failed (1)
      Tests  1 failed | 4 passed (5)
   Start at  01:00:57
   Duration  68.93s (transform 39.89s, setup 0ms, collect 56.82s, tests 8.18s, environment 758ms, prepare 821ms)
