--- src/styles/database/tabs-b-assistant-panel/12-assistant-temperature.css
+++ src/styles/database/tabs-b-assistant-panel/12-assistant-temperature.css
@@ -16,7 +16,7 @@
   order: -1;
 }

-.ai-chat-panel.is-assistant-idle .ai-context-chips.has-selection-scope .ai-context-chip:not(.ai-selection-chip) {
+.ai-chat-panel.is-assistant-idle .ai-context-chips.has-selection-scope .ai-context-chip {
   display: none;
 }



> rpg-zzu@0.1.0 test
> node scripts/run-vitest.mjs run --configLoader bundle test/aiSelectionChipScope.test.ts


 RUN  v3.2.4 /home/main/.herdr/worktrees/rpg-zzu/worktree-clear-field-e552-ai-seven-selection

 ❯ test/aiSelectionChipScope.test.ts (5 tests | 1 failed) 6604ms
   ✓ 선택 칩 해제와 턴 스코프 > × 로 해제한 뒤 보내면 세션 스코프가 null 이고 영역 실행부를 타지 않는다  2600ms
   ✓ 선택 칩 해제와 턴 스코프 > 칩이 살아 있으면 영역 실행부로 간다(대조군)  924ms
   ✓ 대기 상태에서도 선택 칩은 보인다 > 선택 칩이 붙으면 칩 호스트에 has-selection-scope 가 서고, 해제하면 내려간다  744ms
   × 대기 상태에서도 선택 칩은 보인다 > idle: the map pin is visible, selection hides only sibling chips, and clearing restores the map pin 524ms
     → expected 'none' to be 'inline-flex' // Object.is equality
   ✓ composer keyboard help does not occupy the action row > keeps help on the input title and the shipped action row intact before focus, during focus, and after blur  1116ms

⎯⎯⎯⎯⎯⎯⎯ Failed Tests 1 ⎯⎯⎯⎯⎯⎯⎯

 FAIL  test/aiSelectionChipScope.test.ts > 대기 상태에서도 선택 칩은 보인다 > idle: the map pin is visible, selection hides only sibling chips, and clearing restores the map pin
AssertionError: expected 'none' to be 'inline-flex' // Object.is equality

Expected: [32m"inline-flex"[39m
Received: [31m"none"[39m

 ❯ test/aiSelectionChipScope.test.ts:178:75
    176|     expect(getComputedStyle(host).order).toBe("-1");
    177|     expect(getComputedStyle(mapChip()).display).toBe("none");
    178|     expect(getComputedStyle(control(panel, "ai-selection-chip")).displ…
       |                                                                           ^
    179|     const clear = control<HTMLButtonElement>(panel, "ai-selection-chip…
    180|     expect(getComputedStyle(clear).display).toBe("inline-flex");

⎯⎯⎯⎯⎯⎯⎯⎯⎯⎯⎯⎯⎯⎯⎯⎯⎯⎯⎯⎯⎯⎯⎯⎯[1/1]⎯


 Test Files  1 failed (1)
      Tests  1 failed | 4 passed (5)
   Start at  01:03:59
   Duration  50.86s (transform 29.81s, setup 0ms, collect 41.15s, tests 6.60s, environment 552ms, prepare 283ms)
