--- src/styles/database/tabs-b-assistant-panel/18-assistant-deck.css
+++ src/styles/database/tabs-b-assistant-panel/18-assistant-deck.css
@@ -902,7 +902,7 @@

 :is(.ai-deck, .ai-studio-composer) .ai-composer-actions {
   gap: 8px;
-  min-height: 36px;
+  min-height: 56px;
   padding: 0 2px;
 }



> rpg-zzu@0.1.0 test
> node scripts/run-vitest.mjs run --configLoader bundle test/aiSelectionChipScope.test.ts


 RUN  v3.2.4 /home/main/.herdr/worktrees/rpg-zzu/worktree-clear-field-e552-ai-seven-selection

 ❯ test/aiSelectionChipScope.test.ts (5 tests | 1 failed) 6597ms
   ✓ 선택 칩 해제와 턴 스코프 > × 로 해제한 뒤 보내면 세션 스코프가 null 이고 영역 실행부를 타지 않는다  2175ms
   ✓ 선택 칩 해제와 턴 스코프 > 칩이 살아 있으면 영역 실행부로 간다(대조군)  925ms
   ✓ 대기 상태에서도 선택 칩은 보인다 > 선택 칩이 붙으면 칩 호스트에 has-selection-scope 가 서고, 해제하면 내려간다  943ms
   ✓ 대기 상태에서도 선택 칩은 보인다 > idle: the map pin is visible, selection hides only sibling chips, and clearing restores the map pin  1312ms
   × composer keyboard help does not occupy the action row > keeps help on the input title and the shipped action row intact before focus, during focus, and after blur 689ms
     → expected '56px' to be '36px' // Object.is equality

⎯⎯⎯⎯⎯⎯⎯ Failed Tests 1 ⎯⎯⎯⎯⎯⎯⎯

 FAIL  test/aiSelectionChipScope.test.ts > composer keyboard help does not occupy the action row > keeps help on the input title and the shipped action row intact before focus, during focus, and after blur
AssertionError: expected '56px' to be '36px' // Object.is equality

Expected: [32m"[7m3[27m6px"[39m
Received: [31m"[7m5[27m6px"[39m

 ❯ assertRow test/aiSelectionChipScope.test.ts:206:51
    204|       expect(actions.textContent).not.toContain(help);
    205|       expect(getComputedStyle(actions).display).toBe("flex");
    206|       expect(getComputedStyle(actions).minHeight).toBe("36px");
       |                                                   ^
    207|       // happy-dom omits unset initial values; test the authored nowra…
    208|       const lead = actions.querySelector<HTMLElement>(".ai-composer-ac…
 ❯ test/aiSelectionChipScope.test.ts:215:5

⎯⎯⎯⎯⎯⎯⎯⎯⎯⎯⎯⎯⎯⎯⎯⎯⎯⎯⎯⎯⎯⎯⎯⎯[1/1]⎯


 Test Files  1 failed (1)
      Tests  1 failed | 4 passed (5)
   Start at  01:09:51
   Duration  57.27s (transform 33.81s, setup 0ms, collect 47.44s, tests 6.60s, environment 735ms, prepare 322ms)
