--- src/styles/database/assistant-composer.css
+++ src/styles/database/assistant-composer.css
@@ -157,7 +157,7 @@
 /* ── 액션 행: 항상 존재하는 고정 한 줄. 여기서 줄바꿈이 생기면 바 높이가 튄다. ── */
 .ai-composer-actions {
   align-items: center;
-  display: flex;
+  display: block;
   gap: 8px;
   justify-content: space-between;
   min-height: 28px;


> rpg-zzu@0.1.0 test
> node scripts/run-vitest.mjs run --configLoader bundle test/aiSelectionChipScope.test.ts


 RUN  v3.2.4 /home/main/.herdr/worktrees/rpg-zzu/worktree-clear-field-e552-ai-seven-selection

 ❯ test/aiSelectionChipScope.test.ts (5 tests | 1 failed) 5288ms
   ✓ 선택 칩 해제와 턴 스코프 > × 로 해제한 뒤 보내면 세션 스코프가 null 이고 영역 실행부를 타지 않는다  1693ms
   ✓ 선택 칩 해제와 턴 스코프 > 칩이 살아 있으면 영역 실행부로 간다(대조군)  547ms
   ✓ 대기 상태에서도 선택 칩은 보인다 > 선택 칩이 붙으면 칩 호스트에 has-selection-scope 가 서고, 해제하면 내려간다  1136ms
   ✓ 대기 상태에서도 선택 칩은 보인다 > idle: the map pin is visible, selection hides only sibling chips, and clearing restores the map pin  1150ms
   × composer keyboard help does not occupy the action row > keeps help on the input title and the shipped action row intact before focus, during focus, and after blur 269ms
     → expected 'block' to be 'flex' // Object.is equality

⎯⎯⎯⎯⎯⎯⎯ Failed Tests 1 ⎯⎯⎯⎯⎯⎯⎯

 FAIL  test/aiSelectionChipScope.test.ts > composer keyboard help does not occupy the action row > keeps help on the input title and the shipped action row intact before focus, during focus, and after blur
AssertionError: expected 'block' to be 'flex' // Object.is equality

Expected: [32m"flex"[39m
Received: [31m"block"[39m

 ❯ assertRow test/aiSelectionChipScope.test.ts:205:49
    203|       expect(panel.querySelector(".ai-composer-hint")).toBeNull();
    204|       expect(actions.textContent).not.toContain(help);
    205|       expect(getComputedStyle(actions).display).toBe("flex");
       |                                                 ^
    206|       expect(getComputedStyle(actions).minHeight).toBe("36px");
    207|       // happy-dom omits unset initial values; test the authored nowra…
 ❯ test/aiSelectionChipScope.test.ts:215:5

⎯⎯⎯⎯⎯⎯⎯⎯⎯⎯⎯⎯⎯⎯⎯⎯⎯⎯⎯⎯⎯⎯⎯⎯[1/1]⎯


 Test Files  1 failed (1)
      Tests  1 failed | 4 passed (5)
   Start at  01:08:43
   Duration  65.99s (transform 40.27s, setup 0ms, collect 57.05s, tests 5.29s, environment 1.13s, prepare 737ms)
