--- src/styles/database/assistant-composer.css
+++ src/styles/database/assistant-composer.css
@@ -171,7 +171,7 @@
   min-width: 0;
   overflow-x: auto;
   scrollbar-width: none;
-  white-space: nowrap;
+  white-space: normal;
 }

 .ai-composer-actions-lead::-webkit-scrollbar {


> rpg-zzu@0.1.0 test
> node scripts/run-vitest.mjs run --configLoader bundle test/aiSelectionChipScope.test.ts


 RUN  v3.2.4 /home/main/.herdr/worktrees/rpg-zzu/worktree-clear-field-e552-ai-seven-selection

 ❯ test/aiSelectionChipScope.test.ts (5 tests | 1 failed) 8385ms
   ✓ 선택 칩 해제와 턴 스코프 > × 로 해제한 뒤 보내면 세션 스코프가 null 이고 영역 실행부를 타지 않는다  3196ms
   ✓ 선택 칩 해제와 턴 스코프 > 칩이 살아 있으면 영역 실행부로 간다(대조군)  976ms
   ✓ 대기 상태에서도 선택 칩은 보인다 > 선택 칩이 붙으면 칩 호스트에 has-selection-scope 가 서고, 해제하면 내려간다  1263ms
   ✓ 대기 상태에서도 선택 칩은 보인다 > idle: the map pin is visible, selection hides only sibling chips, and clearing restores the map pin  1618ms
   × composer keyboard help does not occupy the action row > keeps help on the input title and the shipped action row intact before focus, during focus, and after blur 785ms
     → expected 'normal' to be 'nowrap' // Object.is equality

⎯⎯⎯⎯⎯⎯⎯ Failed Tests 1 ⎯⎯⎯⎯⎯⎯⎯

 FAIL  test/aiSelectionChipScope.test.ts > composer keyboard help does not occupy the action row > keeps help on the input title and the shipped action row intact before focus, during focus, and after blur
AssertionError: expected 'normal' to be 'nowrap' // Object.is equality

Expected: [32m"no[7mwrap[27m"[39m
Received: [31m"no[7mrmal[27m"[39m

 ❯ assertRow test/aiSelectionChipScope.test.ts:210:49
    208|       const lead = actions.querySelector<HTMLElement>(".ai-composer-ac…
    209|       if (!lead) throw new Error("Missing composer action lead");
    210|       expect(getComputedStyle(lead).whiteSpace).toBe("nowrap");
       |                                                 ^
    211|       expect(actions.contains(control(panel, "ai-send"))).toBe(true);
    212|       expect(getComputedStyle(control(panel, "ai-send")).display).not.…
 ❯ test/aiSelectionChipScope.test.ts:215:5

⎯⎯⎯⎯⎯⎯⎯⎯⎯⎯⎯⎯⎯⎯⎯⎯⎯⎯⎯⎯⎯⎯⎯⎯[1/1]⎯


 Test Files  1 failed (1)
      Tests  1 failed | 4 passed (5)
   Start at  01:10:51
   Duration  64.04s (transform 37.36s, setup 0ms, collect 52.87s, tests 8.39s, environment 703ms, prepare 391ms)
