--- src/styles/database/tabs-b-assistant-panel/12-assistant-temperature.css
+++ src/styles/database/tabs-b-assistant-panel/12-assistant-temperature.css
@@ -5,6 +5,7 @@
 }

 /* 유휴에서도 컨텍스트 핀(현재 맵)은 보인다 — 데크(2026-09-03). 상태 그룹은 레일이 대신한다. */
+.ai-chat-panel.is-assistant-idle .ai-context-chips,
 .ai-chat-panel.is-assistant-idle .ai-status-group {
   display: none;
 }


> rpg-zzu@0.1.0 test
> node scripts/run-vitest.mjs run --configLoader bundle test/aiSelectionChipScope.test.ts


 RUN  v3.2.4 /home/main/.herdr/worktrees/rpg-zzu/worktree-clear-field-e552-ai-seven-selection

 ❯ test/aiSelectionChipScope.test.ts (5 tests | 1 failed) 5886ms
   ✓ 선택 칩 해제와 턴 스코프 > × 로 해제한 뒤 보내면 세션 스코프가 null 이고 영역 실행부를 타지 않는다  2816ms
   ✓ 선택 칩 해제와 턴 스코프 > 칩이 살아 있으면 영역 실행부로 간다(대조군)  729ms
   ✓ 대기 상태에서도 선택 칩은 보인다 > 선택 칩이 붙으면 칩 호스트에 has-selection-scope 가 서고, 해제하면 내려간다  1011ms
   × 대기 상태에서도 선택 칩은 보인다 > idle: the map pin is visible, selection hides only sibling chips, and clearing restores the map pin 339ms
     → expected 'none' to be 'flex' // Object.is equality
   ✓ composer keyboard help does not occupy the action row > keeps help on the input title and the shipped action row intact before focus, during focus, and after blur  577ms

⎯⎯⎯⎯⎯⎯⎯ Failed Tests 1 ⎯⎯⎯⎯⎯⎯⎯

 FAIL  test/aiSelectionChipScope.test.ts > 대기 상태에서도 선택 칩은 보인다 > idle: the map pin is visible, selection hides only sibling chips, and clearing restores the map pin
AssertionError: expected 'none' to be 'flex' // Object.is equality

Expected: [32m"flex"[39m
Received: [31m"none"[39m

 ❯ test/aiSelectionChipScope.test.ts:170:44
    168|     };
    169|     expect(panel.classList.contains("is-assistant-idle")).toBe(true);
    170|     expect(getComputedStyle(host).display).toBe("flex");
       |                                            ^
    171|     expect(getComputedStyle(mapChip()).display).toBe("inline-flex");
    172|

⎯⎯⎯⎯⎯⎯⎯⎯⎯⎯⎯⎯⎯⎯⎯⎯⎯⎯⎯⎯⎯⎯⎯⎯[1/1]⎯


 Test Files  1 failed (1)
      Tests  1 failed | 4 passed (5)
   Start at  00:59:56
   Duration  58.96s (transform 35.53s, setup 0ms, collect 50.51s, tests 5.89s, environment 595ms, prepare 534ms)
