--- src/editor/panels/aiComposer.ts
+++ src/editor/panels/aiComposer.ts
@@ -359,6 +359,7 @@

   // 키 힌트는 행에 두지 않는다(실측 160×15 상시 점유). 입력창 title 로 옮겼다.
   options.input.setAttribute("title", "Enter 보내기 · Shift+Enter 줄바꿈");
+  actions.append(el("span", { text: options.input.title }));

   const composer = el("div", {
     class: "ai-composer",


> rpg-zzu@0.1.0 test
> node scripts/run-vitest.mjs run --configLoader bundle test/aiSelectionChipScope.test.ts


 RUN  v3.2.4 /home/main/.herdr/worktrees/rpg-zzu/worktree-clear-field-e552-ai-seven-selection

 ❯ test/aiSelectionChipScope.test.ts (5 tests | 1 failed) 4546ms
   ✓ 선택 칩 해제와 턴 스코프 > × 로 해제한 뒤 보내면 세션 스코프가 null 이고 영역 실행부를 타지 않는다  1698ms
   ✓ 선택 칩 해제와 턴 스코프 > 칩이 살아 있으면 영역 실행부로 간다(대조군)  501ms
   ✓ 대기 상태에서도 선택 칩은 보인다 > 선택 칩이 붙으면 칩 호스트에 has-selection-scope 가 서고, 해제하면 내려간다  506ms
   ✓ 대기 상태에서도 선택 칩은 보인다 > idle: the map pin is visible, selection hides only sibling chips, and clearing restores the map pin  1032ms
   × composer keyboard help does not occupy the action row > keeps help on the input title and the shipped action row intact before focus, during focus, and after blur 491ms
     → expected '지시질문계획확인균형자율최대끔낮음보통높음되돌리기빈 맵Enter 보내기…' not to contain 'Enter 보내기 · Shift+Enter 줄바꿈'

⎯⎯⎯⎯⎯⎯⎯ Failed Tests 1 ⎯⎯⎯⎯⎯⎯⎯

 FAIL  test/aiSelectionChipScope.test.ts > composer keyboard help does not occupy the action row > keeps help on the input title and the shipped action row intact before focus, during focus, and after blur
AssertionError: expected '지시질문계획확인균형자율최대끔낮음보통높음되돌리기빈 맵Enter 보내기…' not to contain 'Enter 보내기 · Shift+Enter 줄바꿈'

Expected: [32m"Enter 보내기 · Shift+Enter 줄바꿈"[39m
Received: [31m"[7m지시질문계획확인균형자율최대끔낮음보통높음되돌리기빈 맵[27mEnter 보내기 · Shift+Enter 줄바꿈"[39m

 ❯ assertRow test/aiSelectionChipScope.test.ts:204:39
    202|       expect(input.title).toBe(help);
    203|       expect(panel.querySelector(".ai-composer-hint")).toBeNull();
    204|       expect(actions.textContent).not.toContain(help);
       |                                       ^
    205|       expect(getComputedStyle(actions).display).toBe("flex");
    206|       expect(getComputedStyle(actions).minHeight).toBe("36px");
 ❯ test/aiSelectionChipScope.test.ts:215:5

⎯⎯⎯⎯⎯⎯⎯⎯⎯⎯⎯⎯⎯⎯⎯⎯⎯⎯⎯⎯⎯⎯⎯⎯[1/1]⎯


 Test Files  1 failed (1)
      Tests  1 failed | 4 passed (5)
   Start at  01:07:50
   Duration  50.22s (transform 30.34s, setup 0ms, collect 42.98s, tests 4.55s, environment 512ms, prepare 243ms)
