
> rpg-zzu@0.1.0 test
> node scripts/run-vitest.mjs run --configLoader bundle test/aiImageJob.test.ts test/imageGenerationClient.test.ts test/generatedPictureAsset.test.ts


 RUN  v3.2.4 /home/main/z-project/rpg-zzu-aiq-image-silver

 ✓ test/imageGenerationClient.test.ts (9 tests) 117ms
 ✓ test/generatedPictureAsset.test.ts (4 tests) 1205ms
   ✓ insertGeneratedPictureAsset > dataUrl 그림을 uploaded picture 로 넣고 id 를 돌려준다  481ms
 ✓ test/aiImageJob.test.ts (16 tests) 233358ms
   ✓ isolated real session import graph > has no runtime editor/store/persistence boot edges  7723ms
   ✓ real image-family execution > keeps a held provider result bound to the captured project, ID, and two title fields  27398ms
   ✓ real image-family execution > retries real flattening and completed output through canonical persisted checkpoints without repeating the paid operation  27651ms
   ✓ real image-family execution > does not accept invalid image bytes as successful generation and retains them for inspection  9896ms
   ✓ real image-family execution > retains processed artwork if project snapshot persistence fails  17178ms
   ✓ real image-family execution > replays a ledger response after worker interruption without changing the paid request or resource ID  15036ms
   ✓ real image-family execution > keeps title slot 'titleScreen.backgroundResourceId' 'system' separate from the shared title resource  10993ms
   ✓ real image-family execution > keeps title slot 'titleScreen.titleGraphic.resourceId' 'system' separate from the shared title resource  9490ms
   ✓ real image-family execution > keeps title slot undefined 'title-layer' separate from the shared title resource  10616ms
   ✓ real image-family execution > returns a reviewed show-picture command proposal without generating a saved-project patch  5822ms
   ✓ real image-family execution > returns a reviewed change-face command proposal without generating a saved-project patch  7442ms
   ✓ real image-family execution > returns a reviewed actor-faceset command proposal without generating a saved-project patch  4903ms
   ✓ real image-family execution > returns a reviewed parallax command proposal without generating a saved-project patch  4503ms
   ✓ real image-family execution > rejects changed target content, command path order, project identity and resource IDs after canonical persistence  30428ms
   ✓ real image-family execution > rejects malformed payload/project/checkpoint and missing destinations before paid work  14861ms
   ✓ real image-family execution > has no transitive store, panel, editor boot, or PWA imports  2099ms

 Test Files  3 passed (3)
      Tests  29 passed (29)
   Start at  21:06:04
   Duration  256.75s (transform 17.08s, setup 0ms, collect 46.57s, tests 234.68s, environment 1ms, prepare 1.76s)
