
> rpg-zzu@0.1.0 test
> node scripts/run-vitest.mjs run --configLoader bundle test/aiImageJob.test.ts test/imageGenerationClient.test.ts test/generatedPictureAsset.test.ts


 RUN  v3.2.4 /home/main/z-project/rpg-zzu-aiq-image-silver

 ✓ test/imageGenerationClient.test.ts (9 tests) 59ms
 ✓ test/generatedPictureAsset.test.ts (4 tests) 244ms
 ✓ test/aiImageJob.test.ts (15 tests) 111908ms
   ✓ isolated real session import graph > has no runtime editor/store/persistence boot edges  3815ms
   ✓ real image-family execution > keeps a held provider result bound to the captured project, ID, and two title fields  13036ms
   ✓ real image-family execution > retries real flattening after canvas failure without repeating the paid operation  10133ms
   ✓ real image-family execution > does not accept invalid image bytes as successful generation and retains them for inspection  6045ms
   ✓ real image-family execution > retains processed artwork if project snapshot persistence fails  14313ms
   ✓ real image-family execution > replays a ledger response after worker interruption without changing the paid request or resource ID  10695ms
   ✓ real image-family execution > keeps title slot 'titleScreen.backgroundResourceId' 'system' separate from the shared title resource  8824ms
   ✓ real image-family execution > keeps title slot 'titleScreen.titleGraphic.resourceId' 'system' separate from the shared title resource  7595ms
   ✓ real image-family execution > keeps title slot undefined 'title-layer' separate from the shared title resource  5986ms
   ✓ real image-family execution > returns a reviewed show-picture command proposal without generating a saved-project patch  3693ms
   ✓ real image-family execution > returns a reviewed change-face command proposal without generating a saved-project patch  4406ms
   ✓ real image-family execution > returns a reviewed actor-faceset command proposal without generating a saved-project patch  3639ms
   ✓ real image-family execution > returns a reviewed parallax command proposal without generating a saved-project patch  4140ms
   ✓ real image-family execution > rejects malformed payload/project/checkpoint and missing destinations before paid work  9282ms
   ✓ real image-family execution > has no transitive store, panel, editor boot, or PWA imports  1561ms

 Test Files  3 passed (3)
      Tests  28 passed (28)
   Start at  20:44:50
   Duration  119.25s (transform 6.20s, setup 0ms, collect 14.01s, tests 112.21s, environment 3ms, prepare 703ms)
