
> rpg-zzu@0.1.0 test
> node scripts/run-vitest.mjs run --configLoader bundle test/devPlayerBundles.test.ts


 RUN  v3.2.4 /home/main/.herdr/worktrees/rpg-zzu/worktree-silver-stone-6077-export-delivery-6077

 ❯ test/devPlayerBundles.test.ts (1 test | 1 failed) 92ms
   × shares an in-flight build, invalidates on source changes and never serves stale output after failure 88ms
     → expected [ 'test', 'test' ] to deeply equal [ 'production', 'production' ]

⎯⎯⎯⎯⎯⎯⎯ Failed Tests 1 ⎯⎯⎯⎯⎯⎯⎯

 FAIL  test/devPlayerBundles.test.ts > shares an in-flight build, invalidates on source changes and never serves stale output after failure
AssertionError: expected [ 'test', 'test' ] to deeply equal [ 'production', 'production' ]

[32m- Expected[39m
[31m+ Received[39m

[2m  [[22m
[32m-   "production",[39m
[32m-   "production",[39m
[31m+   "test",[39m
[31m+   "test",[39m
[2m  ][22m

 ❯ test/devPlayerBundles.test.ts:64:26
     62|     expect(await second).toEqual({ status: 200, body: '{"content":"fir…
     63|     expect(build).toHaveBeenCalledTimes(2);
     64|     expect(environments).toEqual(["production", "production"]);
       |                          ^
     65|     expect(writeManifest).toHaveBeenCalledTimes(1);
     66|     await request("/standalone-player/standalone.js");

⎯⎯⎯⎯⎯⎯⎯⎯⎯⎯⎯⎯⎯⎯⎯⎯⎯⎯⎯⎯⎯⎯⎯⎯[1/1]⎯


 Test Files  1 failed (1)
      Tests  1 failed (1)
   Start at  18:09:06
   Duration  1.96s (transform 356ms, setup 0ms, collect 345ms, tests 92ms, environment 0ms, prepare 293ms)
