RUN  v3.2.4 /home/main/z-project/rpg-zzu-village-design-db

 ✓ test/regionSelectionPastePreview.test.ts (12 tests) 51388ms
   ✓ 북여넣기 미리보기 모드 > 복사 후 enterPastePreview → confirmPastePreview로 실제 붙여넣기  14966ms
   ✓ 북여넣기 미리보기 모드 > cancelPastePreview로 미리보기 취소 — 맵 변화 없음  2257ms
   ✓ 북여넣기 미리보기 모드 > 클립보드 없이 enterPastePreview → false + 안내 토스트  1931ms
   ✓ 북여넣기 미리보기 모드 > movePastePreview로 위치 갱신  2216ms
   ✓ 북여넣기 미리보기 모드 > movePastePreview가 맵 경계를 벗어나지 않게 클램프  1912ms
   ✓ clearSelection / clearSelectionRegion > clearSelection이 selection과 pastePreview를 모두 해제  2072ms
   ✓ clearSelection / clearSelectionRegion > clearSelectionRegion이 선택 영역을 빈 칸으로  2041ms
   ✓ clearSelection / clearSelectionRegion > clearSelectionRegion 토스트에 '지우기' 포함  1599ms
   ✓ copySelection 피드백 개선 > 복사 토스트에 크기 정보 포함  1761ms
   ✓ renderSelectionActionChips — 복사/붙여넣기/지우기/해제 버튼 > AI 작업이 첫 버튼이고, 크기 텍스트는 바에 없다  9863ms
   ✓ renderSelectionActionChips — 복사/붙여넣기/지우기/해제 버튼 > 클립보드가 있으면 붙여넣기 버튼이 나타난다  5298ms
   ✓ renderSelectionActionChips — 복사/붙여넣기/지우기/해제 버튼 > 클립보드가 없으면 붙여넣기 버튼이 없다  5463ms
 ✓ test/databaseOverviewTab.test.ts (8 tests) 43059ms
   ✓ database overview tab shell > summarizes the authored game across world, story, cast, systems, and readiness  8581ms
   ✓ database overview tab shell > renders stat chips for all 9 collections with counts from the project data  5327ms
   ✓ database overview tab shell > empty project renders chips with 0 counts without crashing  4417ms
   ✓ database overview tab shell > default open tab after modal open is the stored last tab, NOT overview unless stored  5110ms
   ✓ database overview tab shell > persists across hard reload: stored 'overview' lands on the overview tab  6948ms
   ✓ database overview tab shell > setDatabaseActiveTab('overview') + renderDatabasePanel renders the overview tab  3827ms
   ✓ database overview tab shell > stat chips are buttons that switch to the matching tab (G006)  4105ms
   ✓ database overview tab shell > databaseTabLabel resolves the overview label for the AI footer  4735ms
 ✓ test/databaseOverviewDashboard.test.ts (11 tests) 88772ms
   ✓ database overview dashboard > renders stat chips immediately with counts from the project data  42832ms
   ✓ database overview dashboard > lazy compute: charts container is empty before idle callback, populated after flush  4173ms
   ✓ database overview dashboard > curve chart renders two non-empty SVG paths with gridlines and Lv1..Lv50 labels  4447ms
   ✓ database overview dashboard > scatter chart draws one circle per enemy with a <title> tooltip and boss styling  4398ms
   ✓ database overview dashboard > renders issue cards matching the detector output with jump buttons  4310ms
   ✓ database overview dashboard > jump button switches to the target tab via switchDatabaseActiveTab (G006)  4351ms
   ✓ database overview dashboard > attack-stagnation jump opens the classes tab, not skills  5288ms
   ✓ database overview dashboard > curve section shows a visible HP/attack legend  6991ms
   ✓ database overview dashboard > AI 분석 button dispatches the modal's database-ai-toggle click (aria-expanded)  4123ms
   ✓ database overview dashboard > clean project shows empty-state cards instead of blank canvases  4211ms
   ✓ database overview dashboard > empty project renders empty states without NaN paths  3641ms
 ✓ test/databaseActions.test.ts (13 tests) 21307ms
   ✓ Database actions > blocks deleting a skill while actors, classes, enemies, items, or equipment reference it  746ms
   ✓ Database actions > exports expanded actor data and blocks deleting learned skills  1240ms
   ✓ Database actions > creates and normalizes RM2K3-style database records beyond actors  3756ms
   ✓ Database actions > persists BM88 class options, animation, curves, rates, commands, and learned skills  582ms
   ✓ Database actions > blocks deleting records referenced by expanded database and event command fields  2350ms
   ✓ Database actions > creates, edits, duplicates, deletes, and exports every database collection  9272ms
   ✓ Database actions > renames switch and variable ranges without changing stable ids  431ms
   ✓ Database actions > grows switch and variable ranges beyond the legacy 1000-slot boundary  613ms
   ✓ Database actions > bulk-renames a switch range with exactly one undo snapshot  1447ms

 Test Files  4 passed (4)
      Tests  44 passed (44)
   Start at  17:58:43
   Duration  125.98s (transform 39.23s, setup 0ms, collect 15.21s, tests 204.53s, environment 1ms, prepare 1.54s)
