
> rpg-zzu@0.1.0 test
> node scripts/run-vitest.mjs run --configLoader bundle test/villageHouseProtection.test.ts --maxWorkers=2


 RUN  v3.2.4 /home/main/z-project/rpg-zzu-house-protection-p2

 ❯ test/villageHouseProtection.test.ts (9 tests | 9 failed) 4959ms
   × village metadata exclusion > preflights direct snow cells, including empty protected cells and autotile neighbors 297ms
     → expected [ 'lowerTiles[103]', …(38) ] to deeply equal []
   × village metadata exclusion > preflights direct road cells, including empty protected cells and autotile neighbors 284ms
     → expected [ 'lowerTiles[206]', …(2) ] to deeply equal []
   × village metadata exclusion > preflights direct deck cells, including empty protected cells and autotile neighbors 255ms
     → expected [ 'lowerTiles[103]', …(39) ] to deeply equal []
   × village metadata exclusion > preflights direct flowers cells, including empty protected cells and autotile neighbors 265ms
     → expected [ 'upperTiles[103]', …(9) ] to deeply equal []
   × village metadata exclusion > preflights direct plaza-fence cells, including empty protected cells and autotile neighbors 301ms
     → expected [ 'upperTiles[153]', …(6) ] to deeply equal []
   × village metadata exclusion > preflights direct market-props cells, including empty protected cells and autotile neighbors 240ms
     → expected [ 'upperTiles[103]', …(2) ] to deeply equal []
   × village metadata exclusion > preflights direct stone-toppings cells, including empty protected cells and autotile neighbors 188ms
     → expected [ 'upperTiles[256]', …(2) ] to deeply equal []
   × village metadata exclusion > landscapes outside existing house and human placement geometry, not their empty cells 264ms
     → expected [ 'lowerTiles[101]', …(109) ] to deeply equal []
   × village metadata exclusion > skips a previously selected house candidate and preserves all old region IDs 2860ms
     → expected [ { mapId: 'map_existing', …(8) } ] to deeply equal [ { mapId: 'map_existing', …(8) } ]

⎯⎯⎯⎯⎯⎯⎯ Failed Tests 9 ⎯⎯⎯⎯⎯⎯⎯

 FAIL  test/villageHouseProtection.test.ts > village metadata exclusion > preflights direct snow cells, including empty protected cells and autotile neighbors
AssertionError: expected [ 'lowerTiles[103]', …(38) ] to deeply equal []

- Expected
+ Received

- []
+ [
+   "lowerTiles[103]",
+   "lowerTiles[104]",
+   "lowerTiles[105]",
+   "lowerTiles[106]",
+   "lowerTiles[153]",
+   "lowerTiles[154]",
+   "lowerTiles[155]",
+   "lowerTiles[156]",
+   "lowerTiles[203]",
+   "lowerTiles[204]",
+   "lowerTiles[205]",
+   "lowerTiles[253]",
+   "lowerTiles[254]",
+   "lowerTiles[255]",
+   "lowerTiles[256]",
+   "lowerTiles[303]",
+   "lowerTiles[304]",
+   "lowerTiles[305]",
+   "lowerTiles[306]",
+   "lowerTiles[103]",
+   "lowerTiles[153]",
+   "lowerTiles[104]",
+   "lowerTiles[154]",
+   "lowerTiles[105]",
+   "lowerTiles[155]",
+   "lowerTiles[106]",
+   "lowerTiles[156]",
+   "lowerTiles[203]",
+   "lowerTiles[204]",
+   "lowerTiles[205]",
+   "lowerTiles[206]",
+   "lowerTiles[253]",
+   "lowerTiles[254]",
+   "lowerTiles[255]",
+   "lowerTiles[256]",
+   "lowerTiles[303]",
+   "lowerTiles[304]",
+   "lowerTiles[305]",
+   "lowerTiles[306]",
+ ]

 ❯ test/villageHouseProtection.test.ts:56:22
     54|       else if (stage === "market-props") placeMarketDeckProps(map, are…
     55|       else placeStoneToppings(map, { x: 3, y: 3, w: 4, h: 4 }, [], 7);
     56|       expect(writes).toEqual([]);
       |                      ^
     57|       expect(captureHouseProtection(project)).toEqual(before);
     58|       if (stage !== "stone-toppings") expect(map.lowerTiles.some((t, i…

⎯⎯⎯⎯⎯⎯⎯⎯⎯⎯⎯⎯⎯⎯⎯⎯⎯⎯⎯⎯⎯⎯⎯⎯[1/9]⎯

 FAIL  test/villageHouseProtection.test.ts > village metadata exclusion > preflights direct road cells, including empty protected cells and autotile neighbors
AssertionError: expected [ 'lowerTiles[206]', …(2) ] to deeply equal []

- Expected
+ Received

- []
+ [
+   "lowerTiles[206]",
+   "upperTiles[206]",
+   "lowerTiles[206]",
+ ]

 ❯ test/villageHouseProtection.test.ts:56:22
     54|       else if (stage === "market-props") placeMarketDeckProps(map, are…
     55|       else placeStoneToppings(map, { x: 3, y: 3, w: 4, h: 4 }, [], 7);
     56|       expect(writes).toEqual([]);
       |                      ^
     57|       expect(captureHouseProtection(project)).toEqual(before);
     58|       if (stage !== "stone-toppings") expect(map.lowerTiles.some((t, i…

⎯⎯⎯⎯⎯⎯⎯⎯⎯⎯⎯⎯⎯⎯⎯⎯⎯⎯⎯⎯⎯⎯⎯⎯[2/9]⎯

 FAIL  test/villageHouseProtection.test.ts > village metadata exclusion > preflights direct deck cells, including empty protected cells and autotile neighbors
AssertionError: expected [ 'lowerTiles[103]', …(39) ] to deeply equal []

- Expected
+ Received

- []
+ [
+   "lowerTiles[103]",
+   "upperTiles[103]",
+   "lowerTiles[104]",
+   "upperTiles[104]",
+   "lowerTiles[105]",
+   "upperTiles[105]",
+   "lowerTiles[106]",
+   "upperTiles[106]",
+   "lowerTiles[153]",
+   "upperTiles[153]",
+   "lowerTiles[154]",
+   "upperTiles[154]",
+   "lowerTiles[155]",
+   "upperTiles[155]",
+   "lowerTiles[156]",
+   "upperTiles[156]",
+   "lowerTiles[203]",
+   "upperTiles[203]",
+   "lowerTiles[204]",
+   "upperTiles[204]",
+   "lowerTiles[205]",
+   "upperTiles[205]",
+   "lowerTiles[206]",
+   "upperTiles[206]",
+   "lowerTiles[253]",
+   "upperTiles[253]",
+   "lowerTiles[254]",
+   "upperTiles[254]",
+   "lowerTiles[255]",
+   "upperTiles[255]",
+   "lowerTiles[256]",
+   "upperTiles[256]",
+   "lowerTiles[303]",
+   "upperTiles[303]",
+   "lowerTiles[304]",
+   "upperTiles[304]",
+   "lowerTiles[305]",
+   "upperTiles[305]",
+   "lowerTiles[306]",
+   "upperTiles[306]",
+ ]

 ❯ test/villageHouseProtection.test.ts:56:22
     54|       else if (stage === "market-props") placeMarketDeckProps(map, are…
     55|       else placeStoneToppings(map, { x: 3, y: 3, w: 4, h: 4 }, [], 7);
     56|       expect(writes).toEqual([]);
       |                      ^
     57|       expect(captureHouseProtection(project)).toEqual(before);
     58|       if (stage !== "stone-toppings") expect(map.lowerTiles.some((t, i…

⎯⎯⎯⎯⎯⎯⎯⎯⎯⎯⎯⎯⎯⎯⎯⎯⎯⎯⎯⎯⎯⎯⎯⎯[3/9]⎯

 FAIL  test/villageHouseProtection.test.ts > village metadata exclusion > preflights direct flowers cells, including empty protected cells and autotile neighbors
AssertionError: expected [ 'upperTiles[103]', …(9) ] to deeply equal []

- Expected
+ Received

- []
+ [
+   "upperTiles[103]",
+   "upperTiles[155]",
+   "upperTiles[156]",
+   "upperTiles[203]",
+   "upperTiles[204]",
+   "upperTiles[206]",
+   "upperTiles[253]",
+   "upperTiles[254]",
+   "upperTiles[255]",
+   "upperTiles[256]",
+ ]

 ❯ test/villageHouseProtection.test.ts:56:22
     54|       else if (stage === "market-props") placeMarketDeckProps(map, are…
     55|       else placeStoneToppings(map, { x: 3, y: 3, w: 4, h: 4 }, [], 7);
     56|       expect(writes).toEqual([]);
       |                      ^
     57|       expect(captureHouseProtection(project)).toEqual(before);
     58|       if (stage !== "stone-toppings") expect(map.lowerTiles.some((t, i…

⎯⎯⎯⎯⎯⎯⎯⎯⎯⎯⎯⎯⎯⎯⎯⎯⎯⎯⎯⎯⎯⎯⎯⎯[4/9]⎯

 FAIL  test/villageHouseProtection.test.ts > village metadata exclusion > preflights direct plaza-fence cells, including empty protected cells and autotile neighbors
AssertionError: expected [ 'upperTiles[153]', …(6) ] to deeply equal []

- Expected
+ Received

- []
+ [
+   "upperTiles[153]",
+   "upperTiles[154]",
+   "upperTiles[155]",
+   "upperTiles[156]",
+   "upperTiles[203]",
+   "upperTiles[253]",
+   "upperTiles[303]",
+ ]

 ❯ test/villageHouseProtection.test.ts:56:22
     54|       else if (stage === "market-props") placeMarketDeckProps(map, are…
     55|       else placeStoneToppings(map, { x: 3, y: 3, w: 4, h: 4 }, [], 7);
     56|       expect(writes).toEqual([]);
       |                      ^
     57|       expect(captureHouseProtection(project)).toEqual(before);
     58|       if (stage !== "stone-toppings") expect(map.lowerTiles.some((t, i…

⎯⎯⎯⎯⎯⎯⎯⎯⎯⎯⎯⎯⎯⎯⎯⎯⎯⎯⎯⎯⎯⎯⎯⎯[5/9]⎯

 FAIL  test/villageHouseProtection.test.ts > village metadata exclusion > preflights direct market-props cells, including empty protected cells and autotile neighbors
AssertionError: expected [ 'upperTiles[103]', …(2) ] to deeply equal []

- Expected
+ Received

- []
+ [
+   "upperTiles[103]",
+   "upperTiles[104]",
+   "upperTiles[255]",
+ ]

 ❯ test/villageHouseProtection.test.ts:56:22
     54|       else if (stage === "market-props") placeMarketDeckProps(map, are…
     55|       else placeStoneToppings(map, { x: 3, y: 3, w: 4, h: 4 }, [], 7);
     56|       expect(writes).toEqual([]);
       |                      ^
     57|       expect(captureHouseProtection(project)).toEqual(before);
     58|       if (stage !== "stone-toppings") expect(map.lowerTiles.some((t, i…

⎯⎯⎯⎯⎯⎯⎯⎯⎯⎯⎯⎯⎯⎯⎯⎯⎯⎯⎯⎯⎯⎯⎯⎯[6/9]⎯

 FAIL  test/villageHouseProtection.test.ts > village metadata exclusion > preflights direct stone-toppings cells, including empty protected cells and autotile neighbors
AssertionError: expected [ 'upperTiles[256]', …(2) ] to deeply equal []

- Expected
+ Received

- []
+ [
+   "upperTiles[256]",
+   "upperTiles[305]",
+   "upperTiles[156]",
+ ]

 ❯ test/villageHouseProtection.test.ts:56:22
     54|       else if (stage === "market-props") placeMarketDeckProps(map, are…
     55|       else placeStoneToppings(map, { x: 3, y: 3, w: 4, h: 4 }, [], 7);
     56|       expect(writes).toEqual([]);
       |                      ^
     57|       expect(captureHouseProtection(project)).toEqual(before);
     58|       if (stage !== "stone-toppings") expect(map.lowerTiles.some((t, i…

⎯⎯⎯⎯⎯⎯⎯⎯⎯⎯⎯⎯⎯⎯⎯⎯⎯⎯⎯⎯⎯⎯⎯⎯[7/9]⎯

 FAIL  test/villageHouseProtection.test.ts > village metadata exclusion > landscapes outside existing house and human placement geometry, not their empty cells
AssertionError: expected [ 'lowerTiles[101]', …(109) ] to deeply equal []

- Expected
+ Received

- []
+ [
+   "lowerTiles[101]",
+   "lowerTiles[102]",
+   "lowerTiles[103]",
+   "lowerTiles[104]",
+   "lowerTiles[105]",
+   "lowerTiles[106]",
+   "lowerTiles[201]",
+   "lowerTiles[202]",
+   "lowerTiles[203]",
+   "lowerTiles[204]",
+   "lowerTiles[205]",
+   "lowerTiles[206]",
+   "lowerTiles[301]",
+   "lowerTiles[302]",
+   "lowerTiles[303]",
+   "lowerTiles[304]",
+   "lowerTiles[305]",
+   "lowerTiles[306]",
+   "lowerTiles[401]",
+   "lowerTiles[402]",
+   "lowerTiles[403]",
+   "lowerTiles[404]",
+   "lowerTiles[405]",
+   "lowerTiles[406]",
+   "lowerTiles[403]",
+   "lowerTiles[404]",
+   "upperTiles[402]",
+   "upperTiles[502]",
+   "upperTiles[405]",
+   "upperTiles[505]",
+   "lowerTiles[109]",
+   "lowerTiles[110]",
+   "lowerTiles[111]",
+   "lowerTiles[112]",
+   "lowerTiles[113]",
+   "lowerTiles[114]",
+   "lowerTiles[115]",
+   "lowerTiles[116]",
+   "lowerTiles[117]",
+   "lowerTiles[209]",
+   "lowerTiles[210]",
+   "lowerTiles[211]",
+   "lowerTiles[212]",
+   "lowerTiles[213]",
+   "lowerTiles[214]",
+   "lowerTiles[215]",
+   "lowerTiles[216]",
+   "lowerTiles[217]",
+   "lowerTiles[309]",
+   "lowerTiles[310]",
+   "lowerTiles[311]",
+   "lowerTiles[312]",
+   "lowerTiles[313]",
+   "lowerTiles[314]",
+   "lowerTiles[315]",
+   "lowerTiles[316]",
+   "lowerTiles[317]",
+   "lowerTiles[409]",
+   "lowerTiles[410]",
+   "lowerTiles[411]",
+   "lowerTiles[412]",
+   "lowerTiles[413]",
+   "lowerTiles[414]",
+   "lowerTiles[415]",
+   "lowerTiles[416]",
+   "lowerTiles[417]",
+   "lowerTiles[509]",
+   "lowerTiles[510]",
+   "lowerTiles[511]",
+   "lowerTiles[512]",
+   "lowerTiles[513]",
+   "lowerTiles[514]",
+   "lowerTiles[515]",
+   "lowerTiles[516]",
+   "lowerTiles[517]",
+   "lowerTiles[119]",
+   "lowerTiles[120]",
+   "lowerTiles[121]",
+   "lowerTiles[122]",
+   "lowerTiles[123]",
+   "lowerTiles[124]",
+   "lowerTiles[125]",
+   "lowerTiles[219]",
+   "lowerTiles[220]",
+   "lowerTiles[221]",
+   "lowerTiles[222]",
+   "lowerTiles[223]",
+   "lowerTiles[224]",
+   "lowerTiles[225]",
+   "lowerTiles[319]",
+   "lowerTiles[320]",
+   "lowerTiles[321]",
+   "lowerTiles[322]",
+   "lowerTiles[323]",
+   "lowerTiles[324]",
+   "lowerTiles[325]",
+   "lowerTiles[419]",
+   "lowerTiles[420]",
+   "lowerTiles[421]",
+   "lowerTiles[422]",
+   "lowerTiles[423]",
+   "lowerTiles[424]",
+   "lowerTiles[425]",
+   "lowerTiles[519]",
+   "lowerTiles[520]",
+   "lowerTiles[521]",
+   "lowerTiles[522]",
+   "lowerTiles[523]",
+   "lowerTiles[524]",
+   "lowerTiles[525]",
+ ]

 ❯ test/villageHouseProtection.test.ts:74:20
     72|       plaza: { rect: { x: 45, y: 45, w: 10, h: 8 }, centerX: 50, cente…
     73|     expect(placed).toBeGreaterThan(0);
     74|     expect(writes).toEqual([]);
       |                    ^
     75|     expect(captureHouseProtection(project)).toEqual(before);
     76|   });

⎯⎯⎯⎯⎯⎯⎯⎯⎯⎯⎯⎯⎯⎯⎯⎯⎯⎯⎯⎯⎯⎯⎯⎯[8/9]⎯

 FAIL  test/villageHouseProtection.test.ts > village metadata exclusion > skips a previously selected house candidate and preserves all old region IDs
AssertionError: expected [ { mapId: 'map_existing', …(8) } ] to deeply equal [ { mapId: 'map_existing', …(8) } ]

- Expected
+ Received

@@ -2,772 +2,772 @@
    {
      "cells": [
        {
          "lower": 240,
          "lowerStack": [],
-         "upper": -1,
+         "upper": 354,
          "upperStack": undefined,
          "x": 3,
          "y": 33,
        },
        {
-         "lower": 240,
+         "lower": 374,
          "lowerStack": undefined,
          "upper": -1,
          "upperStack": [
            199,
            200,
          ],
          "x": 4,
          "y": 33,
        },
        {
-         "lower": 240,
+         "lower": 374,
          "lowerStack": undefined,
          "upper": -1,
          "upperStack": undefined,
          "x": 5,
          "y": 33,
        },
        {
-         "lower": 240,
+         "lower": 374,
          "lowerStack": undefined,
          "upper": -1,
          "upperStack": undefined,
          "x": 6,
          "y": 33,
        },
        {
-         "lower": 240,
+         "lower": 374,
          "lowerStack": undefined,
          "upper": -1,
          "upperStack": undefined,
          "x": 7,
          "y": 33,
        },
        {
-         "lower": 240,
+         "lower": 374,
          "lowerStack": undefined,
          "upper": -1,
          "upperStack": undefined,
          "x": 8,
          "y": 33,
        },
        {
-         "lower": 240,
+         "lower": 374,
          "lowerStack": undefined,
          "upper": -1,
          "upperStack": undefined,
          "x": 9,
          "y": 33,
        },
        {
          "lower": 240,
          "lowerStack": undefined,
-         "upper": -1,
+         "upper": 355,
          "upperStack": undefined,
          "x": 10,
          "y": 33,
        },
        {
-         "lower": 240,
+         "lower": 376,
          "lowerStack": undefined,
          "upper": -1,
          "upperStack": undefined,
          "x": 3,
          "y": 34,
        },
        {
-         "lower": 240,
+         "lower": 404,
          "lowerStack": undefined,
          "upper": -1,
          "upperStack": undefined,
          "x": 4,
          "y": 34,
        },
        {
-         "lower": 240,
+         "lower": 404,
          "lowerStack": undefined,
          "upper": -1,
          "upperStack": undefined,
          "x": 5,
          "y": 34,
        },
        {
-         "lower": 240,
+         "lower": 404,
          "lowerStack": undefined,
          "upper": -1,
          "upperStack": undefined,
          "x": 6,
          "y": 34,
        },
        {
-         "lower": 240,
+         "lower": 404,
          "lowerStack": undefined,
          "upper": -1,
          "upperStack": undefined,
          "x": 7,
          "y": 34,
        },
        {
-         "lower": 240,
+         "lower": 404,
          "lowerStack": undefined,
          "upper": -1,
          "upperStack": undefined,
          "x": 8,
          "y": 34,
        },
        {
-         "lower": 240,
+         "lower": 404,
          "lowerStack": undefined,
          "upper": -1,
          "upperStack": undefined,
          "x": 9,
          "y": 34,
        },
        {
-         "lower": 240,
+         "lower": 377,
          "lowerStack": undefined,
          "upper": -1,
          "upperStack": undefined,
          "x": 10,
          "y": 34,
        },
        {
-         "lower": 240,
+         "lower": 376,
          "lowerStack": undefined,
          "upper": -1,
          "upperStack": undefined,
          "x": 3,
          "y": 35,
        },
        {
-         "lower": 240,
+         "lower": 404,
          "lowerStack": undefined,
          "upper": -1,
          "upperStack": undefined,
          "x": 4,
          "y": 35,
        },
        {
-         "lower": 240,
+         "lower": 404,
          "lowerStack": undefined,
          "upper": -1,
          "upperStack": undefined,
          "x": 5,
          "y": 35,
        },
        {
-         "lower": 240,
+         "lower": 404,
          "lowerStack": undefined,
          "upper": -1,
          "upperStack": undefined,
          "x": 6,
          "y": 35,
        },
        {
-         "lower": 240,
+         "lower": 404,
          "lowerStack": undefined,
          "upper": -1,
          "upperStack": undefined,
          "x": 7,
          "y": 35,
        },
        {
-         "lower": 240,
+         "lower": 404,
          "lowerStack": undefined,
          "upper": -1,
          "upperStack": undefined,
          "x": 8,
          "y": 35,
        },
        {
-         "lower": 240,
+         "lower": 404,
          "lowerStack": undefined,
          "upper": -1,
          "upperStack": undefined,
          "x": 9,
          "y": 35,
        },
        {
-         "lower": 240,
+         "lower": 377,
          "lowerStack": undefined,
          "upper": -1,
          "upperStack": undefined,
          "x": 10,
          "y": 35,
        },
        {
-         "lower": 240,
+         "lower": 376,
          "lowerStack": undefined,
          "upper": -1,
          "upperStack": undefined,
          "x": 3,
          "y": 36,
        },
        {
-         "lower": 240,
+         "lower": 404,
          "lowerStack": undefined,
          "upper": -1,
          "upperStack": undefined,
          "x": 4,
          "y": 36,
        },
        {
-         "lower": 240,
+         "lower": 404,
          "lowerStack": undefined,
          "upper": -1,
          "upperStack": undefined,
          "x": 5,
          "y": 36,
        },
        {
-         "lower": 240,
+         "lower": 404,
          "lowerStack": undefined,
          "upper": -1,
          "upperStack": undefined,
          "x": 6,
          "y": 36,
        },
        {
-         "lower": 240,
+         "lower": 404,
          "lowerStack": undefined,
          "upper": -1,
          "upperStack": undefined,
          "x": 7,
          "y": 36,
        },
        {
-         "lower": 240,
+         "lower": 404,
          "lowerStack": undefined,
          "upper": -1,
          "upperStack": undefined,
          "x": 8,
          "y": 36,
        },
        {
-         "lower": 240,
+         "lower": 404,
          "lowerStack": undefined,
          "upper": -1,
          "upperStack": undefined,
          "x": 9,
          "y": 36,
        },
        {
-         "lower": 240,
+         "lower": 377,
          "lowerStack": undefined,
          "upper": -1,
          "upperStack": undefined,
          "x": 10,
          "y": 36,
        },
        {
-         "lower": 240,
+         "lower": 405,
          "lowerStack": undefined,
-         "upper": -1,
+         "upper": 384,
          "upperStack": undefined,
          "x": 3,
          "y": 37,
        },
        {
-         "lower": 240,
+         "lower": 405,
          "lowerStack": undefined,
          "upper": -1,
          "upperStack": undefined,
          "x": 4,
          "y": 37,
        },
        {
-         "lower": 240,
+         "lower": 405,
          "lowerStack": undefined,
          "upper": -1,
          "upperStack": undefined,
          "x": 5,
          "y": 37,
        },
        {
-         "lower": 240,
+         "lower": 405,
          "lowerStack": undefined,
          "upper": -1,
          "upperStack": undefined,
          "x": 6,
          "y": 37,
        },
        {
-         "lower": 240,
+         "lower": 405,
          "lowerStack": undefined,
          "upper": -1,
          "upperStack": undefined,
          "x": 7,
          "y": 37,
        },
        {
-         "lower": 240,
+         "lower": 405,
          "lowerStack": undefined,
          "upper": -1,
          "upperStack": undefined,
          "x": 8,
          "y": 37,
        },
        {
-         "lower": 240,
+         "lower": 405,
          "lowerStack": undefined,
          "upper": -1,
          "upperStack": undefined,
          "x": 9,
          "y": 37,
        },
        {
-         "lower": 240,
+         "lower": 405,
          "lowerStack": undefined,
-         "upper": -1,
+         "upper": 385,
          "upperStack": undefined,
          "x": 10,
          "y": 37,
        },
        {
-         "lower": 240,
+         "lower": 12,
          "lowerStack": undefined,
          "upper": -1,
          "upperStack": undefined,
          "x": 3,
          "y": 38,
        },
        {
-         "lower": 240,
+         "lower": 13,
          "lowerStack": undefined,
          "upper": -1,
          "upperStack": undefined,
          "x": 4,
          "y": 38,
        },
        {
-         "lower": 240,
+         "lower": 13,
          "lowerStack": undefined,
-         "upper": -1,
+         "upper": 208,
          "upperStack": undefined,
          "x": 5,
          "y": 38,
        },
        {
-         "lower": 240,
+         "lower": 13,
          "lowerStack": undefined,
          "upper": -1,
          "upperStack": undefined,
          "x": 6,
          "y": 38,
        },
        {
-         "lower": 240,
+         "lower": 13,
          "lowerStack": undefined,
-         "upper": -1,
+         "upper": 209,
          "upperStack": undefined,
          "x": 7,
          "y": 38,
        },
        {
-         "lower": 240,
+         "lower": 13,
          "lowerStack": undefined,
          "upper": -1,
          "upperStack": undefined,
          "x": 8,
          "y": 38,
        },
        {
-         "lower": 240,
+         "lower": 13,
          "lowerStack": undefined,
          "upper": -1,
          "upperStack": undefined,
          "x": 9,
          "y": 38,
        },
        {
-         "lower": 240,
+         "lower": 14,
          "lowerStack": undefined,
          "upper": -1,
          "upperStack": undefined,
          "x": 10,
          "y": 38,
        },
        {
-         "lower": 240,
+         "lower": 42,
          "lowerStack": undefined,
          "upper": -1,
          "upperStack": undefined,
          "x": 3,
          "y": 39,
        },
        {
-         "lower": 240,
+         "lower": 43,
          "lowerStack": undefined,
-         "upper": -1,
+         "upper": 85,
          "upperStack": undefined,
          "x": 4,
          "y": 39,
        },
        {
-         "lower": 240,
+         "lower": 43,
          "lowerStack": undefined,
          "upper": -1,
          "upperStack": undefined,
          "x": 5,
          "y": 39,
        },
        {
-         "lower": 240,
+         "lower": 43,
          "lowerStack": undefined,
          "upper": -1,
          "upperStack": undefined,
          "x": 6,
          "y": 39,
        },
        {
-         "lower": 240,
+         "lower": 43,
          "lowerStack": undefined,
          "upper": -1,
          "upperStack": undefined,
          "x": 7,
          "y": 39,
        },
        {
-         "lower": 240,
+         "lower": 43,
          "lowerStack": undefined,
          "upper": -1,
          "upperStack": undefined,
          "x": 8,
          "y": 39,
        },
        {
-         "lower": 240,
+         "lower": 43,
          "lowerStack": undefined,
          "upper": -1,
          "upperStack": undefined,
          "x": 9,
          "y": 39,
        },
        {
-         "lower": 240,
+         "lower": 44,
          "lowerStack": undefined,
          "upper": -1,
          "upperStack": undefined,
          "x": 10,
          "y": 39,
        },
        {
-         "lower": 240,
+         "lower": 42,
          "lowerStack": undefined,
          "upper": -1,
          "upperStack": undefined,
          "x": 3,
          "y": 40,
        },
        {
-         "lower": 240,
+         "lower": 43,
          "lowerStack": undefined,
          "upper": -1,
          "upperStack": undefined,
          "x": 4,
          "y": 40,
        },
        {
-         "lower": 240,
+         "lower": 43,
          "lowerStack": undefined,
          "upper": -1,
          "upperStack": undefined,
          "x": 5,
          "y": 40,
        },
        {
-         "lower": 240,
+         "lower": 43,
          "lowerStack": undefined,
          "upper": -1,
          "upperStack": undefined,
          "x": 6,
          "y": 40,
        },
        {
-         "lower": 240,
+         "lower": 43,
          "lowerStack": undefined,
          "upper": -1,
          "upperStack": undefined,
          "x": 7,
          "y": 40,
        },
        {
-         "lower": 240,
+         "lower": 43,
          "lowerStack": undefined,
          "upper": -1,
          "upperStack": undefined,
          "x": 8,
          "y": 40,
        },
        {
-         "lower": 240,
+         "lower": 43,
          "lowerStack": undefined,
          "upper": -1,
          "upperStack": undefined,
          "x": 9,
          "y": 40,
        },
        {
-         "lower": 240,
+         "lower": 44,
          "lowerStack": undefined,
          "upper": -1,
          "upperStack": undefined,
          "x": 10,
          "y": 40,
        },
        {
-         "lower": 240,
+         "lower": 42,
          "lowerStack": undefined,
          "upper": -1,
          "upperStack": undefined,
          "x": 3,
          "y": 41,
        },
        {
-         "lower": 240,
+         "lower": 43,
          "lowerStack": undefined,
-         "upper": -1,
+         "upper": 85,
          "upperStack": undefined,
          "x": 4,
          "y": 41,
        },
        {
-         "lower": 240,
+         "lower": 43,
          "lowerStack": undefined,
          "upper": -1,
          "upperStack": undefined,
          "x": 5,
          "y": 41,
        },
        {
-         "lower": 240,
+         "lower": 43,
          "lowerStack": undefined,
          "upper": -1,
          "upperStack": undefined,
          "x": 6,
          "y": 41,
        },
        {
-         "lower": 240,
+         "lower": 43,
          "lowerStack": undefined,
          "upper": -1,
          "upperStack": undefined,
          "x": 7,
          "y": 41,
        },
        {
-         "lower": 240,
+         "lower": 43,
          "lowerStack": undefined,
          "upper": -1,
          "upperStack": undefined,
          "x": 8,
          "y": 41,
        },
        {
-         "lower": 240,
+         "lower": 43,
          "lowerStack": undefined,
          "upper": -1,
          "upperStack": undefined,
          "x": 9,
          "y": 41,
        },
        {
-         "lower": 240,
+         "lower": 44,
          "lowerStack": undefined,
          "upper": -1,
          "upperStack": undefined,
          "x": 10,
          "y": 41,
        },
        {
-         "lower": 240,
+         "lower": 42,
          "lowerStack": undefined,
          "upper": -1,
          "upperStack": undefined,
          "x": 3,
          "y": 42,
        },
        {
-         "lower": 240,
+         "lower": 43,
          "lowerStack": undefined,
          "upper": -1,
          "upperStack": undefined,
          "x": 4,
          "y": 42,
        },
        {
-         "lower": 240,
+         "lower": 43,
          "lowerStack": undefined,
          "upper": -1,
          "upperStack": undefined,
          "x": 5,
          "y": 42,
        },
        {
-         "lower": 240,
+         "lower": 43,
          "lowerStack": undefined,
          "upper": -1,
          "upperStack": undefined,
          "x": 6,
          "y": 42,
        },
        {
-         "lower": 240,
+         "lower": 43,
          "lowerStack": undefined,
          "upper": -1,
          "upperStack": undefined,
          "x": 7,
          "y": 42,
        },
        {
-         "lower": 240,
+         "lower": 43,
          "lowerStack": undefined,
          "upper": -1,
          "upperStack": undefined,
          "x": 8,
          "y": 42,
        },
        {
-         "lower": 240,
+         "lower": 43,
          "lowerStack": undefined,
          "upper": -1,
          "upperStack": undefined,
          "x": 9,
          "y": 42,
        },
        {
-         "lower": 240,
+         "lower": 44,
          "lowerStack": undefined,
          "upper": -1,
          "upperStack": undefined,
          "x": 10,
          "y": 42,
        },
        {
-         "lower": 240,
+         "lower": 42,
          "lowerStack": undefined,
          "upper": -1,
          "upperStack": undefined,
          "x": 3,
          "y": 43,
        },
        {
-         "lower": 240,
+         "lower": 43,
          "lowerStack": undefined,
-         "upper": -1,
+         "upper": 85,
          "upperStack": undefined,
          "x": 4,
          "y": 43,
        },
        {
-         "lower": 240,
+         "lower": 43,
          "lowerStack": undefined,
          "upper": -1,
          "upperStack": undefined,
          "x": 5,
          "y": 43,
        },
        {
-         "lower": 240,
+         "lower": 116,
          "lowerStack": undefined,
          "upper": -1,
          "upperStack": undefined,
          "x": 6,
          "y": 43,
        },
        {
-         "lower": 240,
+         "lower": 43,
          "lowerStack": undefined,
          "upper": -1,
          "upperStack": undefined,
          "x": 7,
          "y": 43,
        },
        {
-         "lower": 240,
+         "lower": 43,
          "lowerStack": undefined,
          "upper": -1,
          "upperStack": undefined,
          "x": 8,
          "y": 43,
        },
        {
-         "lower": 240,
+         "lower": 43,
          "lowerStack": undefined,
          "upper": -1,
          "upperStack": undefined,
          "x": 9,
          "y": 43,
        },
        {
-         "lower": 240,
+         "lower": 44,
          "lowerStack": undefined,
          "upper": -1,
          "upperStack": undefined,
          "x": 10,
          "y": 43,
        },
        {
-         "lower": 240,
+         "lower": 72,
          "lowerStack": undefined,
          "upper": -1,
          "upperStack": undefined,
          "x": 3,
          "y": 44,
        },
        {
-         "lower": 240,
+         "lower": 73,
          "lowerStack": undefined,
          "upper": -1,
          "upperStack": undefined,
          "x": 4,
          "y": 44,
        },
        {
-         "lower": 240,
+         "lower": 73,
          "lowerStack": undefined,
          "upper": -1,
          "upperStack": undefined,
          "x": 5,
          "y": 44,
        },
        {
-         "lower": 240,
+         "lower": 146,
          "lowerStack": undefined,
          "upper": -1,
          "upperStack": undefined,
          "x": 6,
          "y": 44,
        },
        {
-         "lower": 240,
+         "lower": 73,
          "lowerStack": undefined,
          "upper": -1,
          "upperStack": undefined,
          "x": 7,
          "y": 44,
        },
        {
-         "lower": 240,
+         "lower": 73,
          "lowerStack": undefined,
          "upper": -1,
          "upperStack": undefined,
          "x": 8,
          "y": 44,
        },
        {
-         "lower": 240,
+         "lower": 73,
          "lowerStack": undefined,
          "upper": -1,
          "upperStack": undefined,
          "x": 9,
          "y": 44,
        },
        {
-         "lower": 240,
+         "lower": 74,
          "lowerStack": undefined,
          "upper": -1,
          "upperStack": undefined,
          "x": 10,
          "y": 44,

 ❯ test/villageHouseProtection.test.ts:89:79
     87|     const result = buildVillageDomain(project, { mapId: map.id, houses…
     88|     expect(result.data).toMatchObject({ housesBuilt: 4, doorsConnected…
     89|     expect(captureHouseProtection(project).filter(h => h.id === select…
       |                                                                               ^
     90|     expect(map.layoutPlan!.regions).toEqual(expect.arrayContaining(old…
     91|     expect(new Set(map.layoutPlan!.regions.map(r => r.id)).size).toBe(…

⎯⎯⎯⎯⎯⎯⎯⎯⎯⎯⎯⎯⎯⎯⎯⎯⎯⎯⎯⎯⎯⎯⎯⎯[9/9]⎯


 Test Files  1 failed (1)
      Tests  9 failed (9)
   Start at  09:32:30
   Duration  19.40s (transform 9.81s, setup 0ms, collect 13.93s, tests 4.96s, environment 0ms, prepare 101ms)
