
> rpg-zzu@0.1.0 test
> node scripts/run-vitest.mjs run --configLoader bundle test/houseProtectionLifecycle.test.ts test/villageHouseProtection.test.ts --maxWorkers=2


 RUN  v3.2.4 /home/main/z-project/rpg-zzu-house-protection-p2

 ✓ test/villageHouseProtection.test.ts (9 tests) 7654ms
   ✓ village metadata exclusion > preflights direct snow cells, including empty protected cells and autotile neighbors  572ms
   ✓ village metadata exclusion > preflights direct road cells, including empty protected cells and autotile neighbors  459ms
   ✓ village metadata exclusion > preflights direct deck cells, including empty protected cells and autotile neighbors  331ms
   ✓ village metadata exclusion > preflights direct flowers cells, including empty protected cells and autotile neighbors  318ms
   ✓ village metadata exclusion > preflights direct stone-toppings cells, including empty protected cells and autotile neighbors  392ms
   ✓ village metadata exclusion > landscapes outside existing house and human placement geometry, not their empty cells  452ms
   ✓ village metadata exclusion > skips a previously selected house candidate and preserves all old region IDs  4547ms
 ✓ test/houseProtectionLifecycle.test.ts (7 tests) 32274ms
   ✓ village early completion lifecycle > registers finished houses before roads and preserves the same snapshots through every real stage  3410ms
   ✓ village early completion lifecycle > rejects the whole tool immediately after real roads stage corruption, before door restoration  416ms
   ✓ village early completion lifecycle > rejects the whole tool immediately after real terrain stage corruption, before door restoration  304ms
   ✓ village early completion lifecycle > rejects the whole tool immediately after real decor stage corruption, before door restoration  2262ms
   ✓ village early completion lifecycle > rejects the whole tool immediately after real landscape stage corruption, before door restoration  24077ms
   ✓ village early completion lifecycle > rejects the whole tool immediately after real scrub stage corruption, before door restoration  1555ms

 Test Files  2 passed (2)
      Tests  16 passed (16)
   Start at  09:37:47
   Duration  48.36s (transform 14.62s, setup 0ms, collect 31.01s, tests 39.93s, environment 1ms, prepare 198ms)
