
> rpg-zzu@0.1.0 test
> node scripts/run-vitest.mjs run --configLoader bundle test/houseProtectionFill.test.ts test/houseProtectionForest.test.ts test/houseProtectionLifecycle.test.ts test/villageHouseProtection.test.ts --maxWorkers=2


 RUN  v3.2.4 /home/main/z-project/rpg-zzu-house-protection-p2

 ✓ test/villageHouseProtection.test.ts (9 tests) 8178ms
   ✓ village metadata exclusion > preflights direct snow cells, including empty protected cells and autotile neighbors  398ms
   ✓ village metadata exclusion > preflights direct road cells, including empty protected cells and autotile neighbors  614ms
   ✓ village metadata exclusion > preflights direct deck cells, including empty protected cells and autotile neighbors  412ms
   ✓ village metadata exclusion > preflights direct flowers cells, including empty protected cells and autotile neighbors  331ms
   ✓ village metadata exclusion > preflights direct plaza-fence cells, including empty protected cells and autotile neighbors  327ms
   ✓ village metadata exclusion > preflights direct market-props cells, including empty protected cells and autotile neighbors  407ms
   ✓ village metadata exclusion > preflights direct stone-toppings cells, including empty protected cells and autotile neighbors  572ms
   ✓ village metadata exclusion > landscapes outside existing house and human placement geometry, not their empty cells  644ms
   ✓ village metadata exclusion > skips a previously selected house candidate and preserves all old region IDs  4460ms
 ✓ test/houseProtectionFill.test.ts (20 tests) 6936ms
   ✓ fill_region completed-house protection > accepts permitted ground while preserving both house layers and stacks: {"material":"물","layer":"lower"}  1118ms
   ✓ fill_region completed-house protection > accepts permitted ground while preserving both house layers and stacks: {"material":"물","layer":"lower","clearUpper":false}  437ms
   ✓ fill_region completed-house protection > accepts permitted ground while preserving both house layers and stacks: {"material":"모래","layer":"lower"}  302ms
   ✓ fill_region completed-house protection > accepts permitted ground while preserving both house layers and stacks: {"material":"물","layer":"upper"}  321ms
   ✓ fill_region completed-house protection > accepts permitted ground while preserving both house layers and stacks: {"material":"모래","layer":"upper","clearUpper":true}  319ms
   ✓ fill_region completed-house protection > preserves reloaded human placement bounds without claiming a north ridge  822ms
   ✓ fill_region completed-house protection > accepts 물 around a real authored, saved and reloaded roof-deck house  1111ms
   ✓ fill_region completed-house protection > accepts 모래 around a real authored, saved and reloaded roof-deck house  1293ms
 ✓ test/houseProtectionForest.test.ts (16 tests) 6236ms
   ✓ forest placement and final transaction guard > skips an ungrouped tree-base candidate whose repair canopy would enter a house  719ms
   ✓ forest placement and final transaction guard > preserves ridge, empty/passable cells, deck attachment, human stamps and stacks in real impassable composition  408ms
   ✓ forest placement and final transaction guard > commits dense forest through place_props after save/load, keeping the unchanged final guard  2250ms
   ✓ forest placement and final transaction guard > commits impassable forest through place_props after save/load, keeping the unchanged final guard  980ms
 ✓ test/houseProtectionLifecycle.test.ts (17 tests) 38602ms
   ✓ village early completion lifecycle > registers finished houses before roads and preserves the same snapshots through every real stage  2722ms
   ✓ village early completion lifecycle > rejects the whole tool immediately after real terrain stage corruption, before door restoration  319ms
   ✓ village early completion lifecycle > rejects the whole tool immediately after real fences stage corruption, before door restoration  349ms
   ✓ village early completion lifecycle > rejects the whole tool immediately after real decor stage corruption, before door restoration  2332ms
   ✓ village early completion lifecycle > rejects the whole tool immediately after real landscape stage corruption, before door restoration  463ms
   ✓ village early completion lifecycle > rejects the whole tool immediately after real scrub stage corruption, before door restoration  2155ms
   ✓ integrated village production surface > seals 'blue-stone'/'rooftop-deck' on 50 snow map, reloads and accepts useful fill/forest outside  4190ms
   ✓ integrated village production surface > seals 'bright-plaster'/'l' on 50 snow map, reloads and accepts useful fill/forest outside  3214ms
   ✓ integrated village production surface > seals 'amber-wood'/'annex' on 50 snow map, reloads and accepts useful fill/forest outside  4590ms
   ✓ integrated village production surface > seals 'slate-wood'/'rect-2f' on 50 snow map, reloads and accepts useful fill/forest outside  3847ms
   ✓ integrated village production surface > seals 'timber-hall'/'rect-large' on 50 snow map, reloads and accepts useful fill/forest outside  4334ms
   ✓ integrated village production surface > seals 'aframe-stone'/'aframe-mid' on 50 snow map, reloads and accepts useful fill/forest outside  2767ms
   ✓ integrated village production surface > seals 'blue-stone'/'rooftop-deck' on 100 snow map, reloads and accepts useful fill/forest outside  2305ms
   ✓ integrated village production surface > discards a real failed-look attempt without leaving project-wide house seals  1301ms
   ✓ existing target finishing boundary > keeps the accepted start outside new candidates so facade start restoration cannot reopen a sealed house  3286ms

 Test Files  4 passed (4)
      Tests  62 passed (62)
   Start at  10:06:32
   Duration  59.94s (transform 19.09s, setup 0ms, collect 45.69s, tests 59.95s, environment 2ms, prepare 1.47s)
