
> rpg-zzu@0.1.0 test
> node scripts/run-vitest.mjs run --configLoader bundle test/fillRegionPreservesContent.test.ts test/constructionToolsV3.test.ts test/rmTypeExpanderV3.test.ts test/constructionContracts.test.ts test/constructionHarness.test.ts test/materialHintFillable.test.ts test/constructionOutcome.test.ts test/constructionActivityOutcome.test.ts test/forestDensity.test.ts test/forestDensityPriority.test.ts test/forestFloorMix.test.ts test/forestTrunkLayers.test.ts test/narrowForestRepro.test.ts test/densePackingPlacement.test.ts test/placementStructure.test.ts test/placementScoring.test.ts test/placementSurface.test.ts test/clusterRulePlacement.test.ts test/placePropsZeroPlacement.test.ts test/forestWrites.test.ts --maxWorkers=2


 RUN  v3.2.4 /home/main/z-project/rpg-zzu-house-protection-p2

 ❯ test/clusterRulePlacement.test.ts (8 tests | 5 failed) 5011ms
   × hard cluster rule placement > paint_tiles가 침엽수 하단(290) 단독 칠하기를 상단(260) 동반 배치로 보정한다 1292ms
     → expected -1 to be 260 // Object.is equality
   ✓ hard cluster rule placement > paint_tiles가 y=0에서 침엽수 하단(290) 배치를 거부해 반쪽 타일을 남기지 않는다  1090ms
   ✓ hard cluster rule placement > 동반 타일 위치의 상위 레이어에 다른 오브젝트가 있으면 배치를 거부한다  532ms
   × hard cluster rule placement > 동반 타일 위치에 같은 타일이 이미 있으면 재배치를 허용한다(멱등) 495ms
     → expected -1 to be 290 // Object.is equality
   × hard cluster rule placement > paint_tiles가 활엽수 하단 좌측(292)에서 2x2 전체를 원자 배치한다 364ms
     → expected -1 to be 262 // Object.is equality
   × hard cluster rule placement > scatter_object가 침엽수를 1x2 원자 풋프린트로 배치하고 summary에 동반 타일을 표시한다 529ms
     → expected +0 to be 3 // Object.is equality
   × hard cluster rule placement > scatter_object가 활엽수를 source_rect 기반 2x2 원자 풋프린트로 배치한다 408ms
     → expected -1 to be 292 // Object.is equality
   ✓ hard cluster rule placement > scatter_object가 9x9 물 아틀라스를 81칸 원자 풋프린트로 배치한다 298ms
 ✓ test/constructionToolsV3.test.ts (26 tests) 20067ms
   ✓ build_wall / build_roof (공정 1·3단계) > 미합의 벽 어휘는 soft-confirm으로 시공되고 vocabSoftConfirm 을 붙인다  621ms
   ✓ build_wall / build_roof (공정 1·3단계) > 승인된 9분할 벽을 rect에 시공하고(lower 홈) data.wallRegion을 반환한다  958ms
   ✓ build_wall / build_roof (공정 1·3단계) > 벽 없이 build_roof는 거부되고('먼저 build_wall'), 벽을 지으면 자동 감지로 벽 위에 얹는다  1096ms
   ✓ incremental primitives versus recorded completed houses > 'build_wall' remains incremental without metadata and rejects the same recorded-house write  1185ms
   ✓ incremental primitives versus recorded completed houses > 'build_roof' remains incremental without metadata and rejects the same recorded-house write  1102ms
   ✓ incremental primitives versus recorded completed houses > 'place_door' remains incremental without metadata and rejects the same recorded-house write  1009ms
   ✓ incremental primitives versus recorded completed houses > 'place_window' remains incremental without metadata and rejects the same recorded-house write  1632ms
   ✓ missing 어휘 실패 시 유사 그룹 후보 제시 > build_wall을 존재하지 않는 material로 호출하면 비슷한 라벨 후보를 에러 메시지에 담는다  339ms
   ✓ missing 어휘 실패 시 유사 그룹 후보 제시 > material "돌벽" 은 석벽/목골 라벨 매칭으로 시공된다(그룹 id 불필요)  719ms
   ✓ place_door / place_window (공정 2단계 — 벽 셀에만) > 벽 셀이 아니면 거부하고, 벽 셀에는 어휘 layerHome대로 설치한다  1760ms
   ✓ lay_path / place_props (공정 4·5단계) > 8-이웃 variantMap 오토타일 정의가 없으면 거부한다(승인 시 오토타일 정의 필요)  604ms
   ✓ lay_path / place_props (공정 4·5단계) > 승인 어휘 + 8-이웃 variantMap이면 결정론(seed)으로 길을 깔고 외곽/inner corner를 재계산한다  1770ms
   ✓ lay_path / place_props (공정 4·5단계) > place_props: 미합의 소품도 soft-confirm으로 배치되고, 승인 그룹도 동일 엔진으로 배치된다  678ms
   ✓ fill_region / tile_erase (면 채우기·부분 보호) > fill_region: 10×8 rect를 물 오토타일로 채우면 80칸 전부 물이고 통행 불가, 경계 quarter가 정합된다  331ms
   ✓ fill_region / tile_erase (면 채우기·부분 보호) > fill_region shape=circle: 9×9 박스 안 원만 채우고 모서리는 비운다(원형 호수)  569ms
   ✓ fill_region / tile_erase (면 채우기·부분 보호) > place_props: 물 위에는 나무를 올리지 않는다  999ms
   ✓ fill_region / tile_erase (면 채우기·부분 보호) > fill_region: transfer 목적지가 통행 불가가 될 때 해당 칸만 제외하고 warning으로 통과한다  485ms
   ✓ fill_region / tile_erase (면 채우기·부분 보호) > tile_erase: 기본 바닥이 통행을 막을 때만 transfer 목적지 셀을 제외한다  353ms
   ✓ fill_region / tile_erase (면 채우기·부분 보호) > tile_erase: 지운 하위 칸은 빈 칸이 아니라 맵의 기본 바닥이다 — 바닥에 구멍을 남기지 않는다  746ms
   ✓ fill_region / tile_erase (면 채우기·부분 보호) > tile_erase: 기본 바닥은 rect 밖 최빈값 — 실내 바닥 맵은 잔디가 아니라 그 바닥으로 되돌린다  601ms
   ✓ tile_erase kind=market (시장 데크만 선택 철거) > kind=market: bbox가 집을 덮어도 집 타일은 그대로, 시장 데크만 지우고 lower는 잔디로 되돌린다  1202ms
   ✓ tile_erase kind=market (시장 데크만 선택 철거) > kind 생략(레거시)은 AABB 전체를 정리한다 — 집 타일도 상위는 EMPTY·하위는 기본 바닥  401ms
   ✓ 잔디 채우기 (grass-autotile) > fill_region이 잔디 그룹으로 사각형을 채운다  735ms
 ❯ test/forestDensity.test.ts (25 tests | 2 failed) 38709ms
   ✓ forest density is structured-only > 사용자 문장이 아니라 enum 인자만 읽는다 8ms
   ✓ forest density is structured-only > 기본값은 dense — 도구 인자를 생략한 군락 시공의 fallback 6ms
   ✓ forest density is structured-only > 수종은 해석된 그룹 id·정확 라벨로만 가른다 1ms
   ✓ forestPlacementPlan > 옛 캡(면적/28, 최대 10그루)을 넘어 면적에 비례해 그루 수를 낸다 1ms
   ✓ forestPlacementPlan > dense·impassable 은 선형 packer(packing dense)로, 낮은 밀도는 자연 산포로 나간다 1ms
   ✓ forestPlacementPlan > share 로 침엽수·활엽수 패스가 커버리지를 나눠 갖는다 12ms
   ✓ outside-enterable forest cells > 바깥 한 겹이 solid 덤불로 닫힌 4×4 영역은 진입 가능한 칸이 0이다  1232ms
   × plant_tree_clusters > 기본(dense)이 선언한 커버리지에 닿고 그 지대를 실제로 막는다 1853ms
     → 영역의 30% 가 아직 걸어서 통과된다: expected 0.3003472222222222 to be less than 0.3
   ✓ plant_tree_clusters > 기본(dense)의 빈틈은 등간격 격자가 아니라 seeded 청색잡음으로 흩어진다  3464ms
   ✓ plant_tree_clusters > 기본(dense)이 100×100 에서도 선형 시간에 끝난다  1585ms
   ✓ plant_tree_clusters > impassable 은 영역을 실제로 지나갈 수 없게 만든다  964ms
   ✓ plant_tree_clusters > 커버리지 실측을 요약에 적어 사용자가 밀도를 확인할 수 있다  625ms
   ✓ place_props density — 모델이 실제로 닿는 라이브 툴 > 침엽수 density=dense 가 count 없이도 숲을 만든다  648ms
   × place_props density — 모델이 실제로 닿는 라이브 툴 > 활엽수 density=dense 가 count 없이도 숲을 만든다 476ms
     → expected 0.3003472222222222 to be less than 0.3
   ✓ place_props density — 모델이 실제로 닿는 라이브 툴 > 침엽수 density=sparse 가 선언 커버리지와 실측 허용 오차 안에 든다  2886ms
   ✓ place_props density — 모델이 실제로 닿는 라이브 툴 > 침엽수 density=normal 가 선언 커버리지와 실측 허용 오차 안에 든다  6155ms
   ✓ place_props density — 모델이 실제로 닿는 라이브 툴 > 침엽수 density=dense 가 선언 커버리지와 실측 허용 오차 안에 든다 279ms
   ✓ place_props density — 모델이 실제로 닿는 라이브 툴 > 침엽수 density=impassable 가 선언 커버리지와 실측 허용 오차 안에 든다  333ms
   ✓ place_props density — 모델이 실제로 닿는 라이브 툴 > 활엽수 density=sparse 가 선언 커버리지와 실측 허용 오차 안에 든다  557ms
   ✓ place_props density — 모델이 실제로 닿는 라이브 툴 > 활엽수 density=normal 가 선언 커버리지와 실측 허용 오차 안에 든다  3537ms
   ✓ place_props density — 모델이 실제로 닿는 라이브 툴 > 활엽수 density=dense 가 선언 커버리지와 실측 허용 오차 안에 든다  897ms
   ✓ place_props density — 모델이 실제로 닿는 라이브 툴 > 활엽수 density=impassable 가 선언 커버리지와 실측 허용 오차 안에 든다  1124ms
   ✓ place_props density — 모델이 실제로 닿는 라이브 툴 > density 는 나무 재료 전용이고 count 는 여전히 직접 줄 수 있다  1064ms
   ✓ author_village — 모델이 실제로 지나는 마을 파사드 > 「울창한 숲 마을」의 숲 밴드가 두껍고 거의 통행 불가다  6192ms
   ✓ author_village — 모델이 실제로 지나는 마을 파사드 > 테마 문장만으로는 밀도를 올리지 않는다 — forestDensity enum이 필요하다  4790ms
 ✓ test/densePackingPlacement.test.ts (6 tests) 5707ms
   ✓ packing: dense > 자연 산포는 지나갈 길을 남기고 dense 는 거의 다 막는다  2078ms
   ✓ packing: dense > 요약이 남은 통행 칸을 실측해서 말한다 — 완전 봉쇄를 단정하지 않는다  789ms
   ✓ packing: dense > dense 는 모델이 같이 보낸 minGap 을 무시한다  1158ms
   ✓ packing: dense > packing 을 주지 않으면 기존 산포 결과가 그대로다  823ms
   ✓ packing: dense > place_props 의 단일 타일 경로도 dense 를 지켜 영역을 봉쇄한다  527ms
   ✓ packing: dense > 잘못된 packing 값은 거부한다  306ms
 ✓ test/fillRegionPreservesContent.test.ts (10 tests) 5837ms
   ✓ fill_region — 남의 것을 지우지 않는다 > lower 채움은 상위 레이어 소품(나무)을 그대로 둔다  531ms
   ✓ fill_region — 남의 것을 지우지 않는다 > clearUpper:true 를 명시하면 상위를 비우고 요약에 그 수를 적는다  385ms
   ✓ fill_region — 남의 것을 지우지 않는다 > 통행 불가 재료(물)는 기본으로 상위 소품을 비운다 — 물 위 소품은 배치 검증 error  467ms
   ✓ fill_region — 남의 것을 지우지 않는다 > 물이라도 clearUpper:false 를 명시하면 상위 소품을 남긴다  802ms
   ✓ fill_region — 남의 것을 지우지 않는다 > 벽·건물 구조 타일 칸은 건너뛰고 「구조물」 경고를 남긴다  557ms
   ✓ fill_region — 남의 것을 지우지 않는다 > 통행 불가 재료(물)는 이벤트 칸을 건너뛰고 경고한다  561ms
   ✓ fill_region — 남의 것을 지우지 않는다 > 통행 가능 재료(모래)는 이벤트 칸도 채운다 — 과보호하지 않는다  777ms
   ✓ fill_region — 남의 것을 지우지 않는다 > 시작 위치 주변을 물로 채우면 밖으로 나가는 통로를 남기고 경고한다  842ms
   ✓ fill_region — 남의 것을 지우지 않는다 > 시작 위치 옆 이벤트 칸은 출구로 치지 않는다 — 다른 방향으로 통로를 낸다  366ms
   ✓ fill_region — 남의 것을 지우지 않는다 > 벽 틈 메움으로 요청 rect 밖 칸이 늘면 요약에 그 수를 밝힌다  524ms
 ✓ test/forestFloorMix.test.ts (3 tests) 3954ms
   ✓ forest floor mix > dense 합성: 짙은 수풀이 드물게 깔리고 수관·밑동·덤불이 살아남는다  1734ms
   ✓ forest floor mix > tone 칠하기: 1×1 풀(키큰 풀·잔디 변형)을 lower에 쓰지 않는다  1245ms
   ✓ forest floor mix > impassable 합성: 물웅덩이가 밑동·덤불을 덮지 않는다  968ms
 ✓ test/placePropsZeroPlacement.test.ts (2 tests) 3430ms
   ✓ place_props zero placement > fails with an actionable message when the region leaves no room  2491ms
   ✓ place_props zero placement > still succeeds on an open region and reports partial placement as success  935ms
 ✓ test/narrowForestRepro.test.ts (2 tests) 3881ms
   ✓ narrow dense forest > 5x15 영역에서도 dense 커버리지·통행 계약을 지킨다  2370ms
   ✓ narrow dense forest > 가장자리는 속보다 덤불이 듬성듬성하다  1509ms
 ✓ test/forestTrunkLayers.test.ts (2 tests) 1856ms
   ✓ forest composition trunk layers > dense 합성: 수관은 upper, 밑동은 lower — upper 고아 밑동 없음  1072ms
   ✓ forest composition trunk layers > impassable 합성: 밑동은 lower — gap-closure 덤불이 밑동을 upper 로 밀지 않음  779ms
 ✓ test/rmTypeExpanderV3.test.ts (6 tests) 953ms
   ✓ expandWall (RM-TYPE 전개기) > 9분할 4×4 전개: 모서리 4/변/center가 파츠 정의대로 매핑되고 벽은 lower로 간다  509ms
 ✓ test/forestWrites.test.ts (7 tests) 565ms
 ✓ test/materialHintFillable.test.ts (2 tests) 786ms
   ✓ 면 채우기 재료 힌트 > fill_region 실패 문구는 실패한 라벨을 다시 추천하지 않고 채울 수 있는 재료를 든다  533ms
 ✓ test/constructionOutcome.test.ts (11 tests) 38ms
 ✓ test/constructionContracts.test.ts (24 tests) 32ms
 ✓ test/placementSurface.test.ts (16 tests) 70ms
 ✓ test/placementStructure.test.ts (5 tests) 62ms
 ✓ test/placementScoring.test.ts (4 tests) 20ms
 ✓ test/forestDensityPriority.test.ts (4 tests) 18ms
 ✓ test/constructionHarness.test.ts (1 test) 20ms
 ✓ test/constructionActivityOutcome.test.ts (1 test) 22ms

⎯⎯⎯⎯⎯⎯⎯ Failed Tests 7 ⎯⎯⎯⎯⎯⎯⎯

 FAIL  test/clusterRulePlacement.test.ts > hard cluster rule placement > paint_tiles가 침엽수 하단(290) 단독 칠하기를 상단(260) 동반 배치로 보정한다
AssertionError: expected -1 to be 260 // Object.is equality

- Expected
+ Received

- 260
+ -1

 ❯ test/clusterRulePlacement.test.ts:62:51
     60|     const painted = currentMap(ctx, map.id);
     61|     expect(result.summary).toContain("동반");
     62|     expect(painted.upperTiles[at(painted, 5, 4)]).toBe(260);
       |                                                   ^
     63|     expect(painted.upperTiles[at(painted, 5, 5)]).toBe(290);
     64|   });

⎯⎯⎯⎯⎯⎯⎯⎯⎯⎯⎯⎯⎯⎯⎯⎯⎯⎯⎯⎯⎯⎯⎯⎯[1/7]⎯

 FAIL  test/clusterRulePlacement.test.ts > hard cluster rule placement > 동반 타일 위치에 같은 타일이 이미 있으면 재배치를 허용한다(멱등)
AssertionError: expected -1 to be 290 // Object.is equality

- Expected
+ Received

- 290
+ -1

 ❯ test/clusterRulePlacement.test.ts:118:51
    116|     const painted = currentMap(ctx, map.id);
    117|     expect(painted.upperTiles[at(painted, 5, 4)]).toBe(260);
    118|     expect(painted.upperTiles[at(painted, 5, 5)]).toBe(290);
       |                                                   ^
    119|   });
    120|

⎯⎯⎯⎯⎯⎯⎯⎯⎯⎯⎯⎯⎯⎯⎯⎯⎯⎯⎯⎯⎯⎯⎯⎯[2/7]⎯

 FAIL  test/clusterRulePlacement.test.ts > hard cluster rule placement > paint_tiles가 활엽수 하단 좌측(292)에서 2x2 전체를 원자 배치한다
AssertionError: expected -1 to be 262 // Object.is equality

- Expected
+ Received

- 262
+ -1

 ❯ test/clusterRulePlacement.test.ts:134:51
    132|     expectOk(result);
    133|     const painted = currentMap(ctx, map.id);
    134|     expect(painted.upperTiles[at(painted, 4, 3)]).toBe(262);
       |                                                   ^
    135|     expect(painted.upperTiles[at(painted, 5, 3)]).toBe(263);
    136|     expect(painted.upperTiles[at(painted, 4, 4)]).toBe(292);

⎯⎯⎯⎯⎯⎯⎯⎯⎯⎯⎯⎯⎯⎯⎯⎯⎯⎯⎯⎯⎯⎯⎯⎯[3/7]⎯

 FAIL  test/clusterRulePlacement.test.ts > hard cluster rule placement > scatter_object가 침엽수를 1x2 원자 풋프린트로 배치하고 summary에 동반 타일을 표시한다
AssertionError: expected +0 to be 3 // Object.is equality

- Expected
+ Received

- 3
+ 0

 ❯ test/clusterRulePlacement.test.ts:156:42
    154|     const scattered = currentMap(ctx, map.id);
    155|     expect(result.summary).toContain("클러스터 동반");
    156|     expect(countConiferPairs(scattered)).toBe(3);
       |                                          ^
    157|   });
    158|

⎯⎯⎯⎯⎯⎯⎯⎯⎯⎯⎯⎯⎯⎯⎯⎯⎯⎯⎯⎯⎯⎯⎯⎯[4/7]⎯

 FAIL  test/clusterRulePlacement.test.ts > hard cluster rule placement > scatter_object가 활엽수를 source_rect 기반 2x2 원자 풋프린트로 배치한다
AssertionError: expected -1 to be 292 // Object.is equality

- Expected
+ Received

- 292
+ -1

 ❯ test/clusterRulePlacement.test.ts:177:55
    175|     expect(scattered.upperTiles[at(scattered, 3, 3)]).toBe(262);
    176|     expect(scattered.upperTiles[at(scattered, 4, 3)]).toBe(263);
    177|     expect(scattered.upperTiles[at(scattered, 3, 4)]).toBe(292);
       |                                                       ^
    178|     expect(scattered.upperTiles[at(scattered, 4, 4)]).toBe(293);
    179|   });

⎯⎯⎯⎯⎯⎯⎯⎯⎯⎯⎯⎯⎯⎯⎯⎯⎯⎯⎯⎯⎯⎯⎯⎯[5/7]⎯

 FAIL  test/forestDensity.test.ts > plant_tree_clusters > 기본(dense)이 선언한 커버리지에 닿고 그 지대를 실제로 막는다
AssertionError: 영역의 30% 가 아직 걸어서 통과된다: expected 0.3003472222222222 to be less than 0.3
 ❯ test/forestDensity.test.ts:227:8
    225|     // 통행성 실측(실측 19.8%): 옛 판은 72.6% 가 걸어서 통과됐다.
    226|     expect(densePassable, `영역의 ${Math.round(densePassable * 100)}% 가 아…
    227|       .toBeLessThan(0.3);
       |        ^
    228|     // 숲이지 벽이 아니다 — 빈틈이 조금은 남아야 한다.
    229|     expect(densePassable).toBeGreaterThan(0);

⎯⎯⎯⎯⎯⎯⎯⎯⎯⎯⎯⎯⎯⎯⎯⎯⎯⎯⎯⎯⎯⎯⎯⎯[6/7]⎯

 FAIL  test/forestDensity.test.ts > place_props density — 모델이 실제로 닿는 라이브 툴 > 활엽수 density=dense 가 count 없이도 숲을 만든다
AssertionError: expected 0.3003472222222222 to be less than 0.3
 ❯ test/forestDensity.test.ts:298:47
    296|
    297|     expect(treeCoverage(map, AREA)).toBeGreaterThanOrEqual(forestCover…
    298|     expect(passableRatio(project, map, AREA)).toBeLessThan(0.3);
       |                                               ^
    299|     expect((result.data as { packing?: string }).packing).toBe("dense"…
    300|   });

⎯⎯⎯⎯⎯⎯⎯⎯⎯⎯⎯⎯⎯⎯⎯⎯⎯⎯⎯⎯⎯⎯⎯⎯[7/7]⎯


 Test Files  2 failed | 18 passed (20)
      Tests  7 failed | 158 passed (165)
   Start at  09:52:33
   Duration  125.36s (transform 24.42s, setup 0ms, collect 133.02s, tests 91.04s, environment 35ms, prepare 7.00s)
