
> rpg-zzu@0.1.0 test
> node scripts/run-vitest.mjs run --configLoader bundle test/houseProtectionLifecycle.test.ts -t accepted start --maxWorkers=2


 RUN  v3.2.4 /home/main/z-project/rpg-zzu-house-protection-p2

 ❯ test/houseProtectionLifecycle.test.ts (17 tests | 1 failed | 16 skipped) 6074ms
   ↓ village early completion lifecycle > registers finished houses before roads and preserves the same snapshots through every real stage
   ↓ village early completion lifecycle > rejects the whole tool immediately after real roads stage corruption, before door restoration
   ↓ village early completion lifecycle > rejects the whole tool immediately after real terrain stage corruption, before door restoration
   ↓ village early completion lifecycle > rejects the whole tool immediately after real fences stage corruption, before door restoration
   ↓ village early completion lifecycle > rejects the whole tool immediately after real decor stage corruption, before door restoration
   ↓ village early completion lifecycle > rejects the whole tool immediately after real landscape stage corruption, before door restoration
   ↓ village early completion lifecycle > rejects the whole tool immediately after real scrub stage corruption, before door restoration
   ↓ integrated village production surface > seals 'blue-stone'/'rooftop-deck' on 50 snow map, reloads and accepts useful fill/forest outside
   ↓ integrated village production surface > seals 'bright-plaster'/'l' on 50 snow map, reloads and accepts useful fill/forest outside
   ↓ integrated village production surface > seals 'amber-wood'/'annex' on 50 snow map, reloads and accepts useful fill/forest outside
   ↓ integrated village production surface > seals 'slate-wood'/'rect-2f' on 50 snow map, reloads and accepts useful fill/forest outside
   ↓ integrated village production surface > seals 'timber-hall'/'rect-large' on 50 snow map, reloads and accepts useful fill/forest outside
   ↓ integrated village production surface > seals 'aframe-stone'/'aframe-mid' on 50 snow map, reloads and accepts useful fill/forest outside
   ↓ integrated village production surface > seals 'blue-stone'/'rooftop-deck' on 100 snow map, reloads and accepts useful fill/forest outside
   ↓ integrated village production surface > discards a real failed-look attempt without leaving project-wide house seals
   ↓ integrated village production surface > rejects corruption inside the real road attempt before its retry can restore the house
   × existing target finishing boundary > keeps the accepted start outside new candidates so facade start restoration cannot reopen a sealed house 6067ms
     → expected [ …(4) ] to deeply equal [ …(4) ]

⎯⎯⎯⎯⎯⎯⎯ Failed Tests 1 ⎯⎯⎯⎯⎯⎯⎯

 FAIL  test/houseProtectionLifecycle.test.ts > existing target finishing boundary > keeps the accepted start outside new candidates so facade start restoration cannot reopen a sealed house
AssertionError: expected [ …(4) ] to deeply equal [ …(4) ]

- Expected
+ Received

@@ -728,11 +728,11 @@
          "upperStack": undefined,
          "x": 5,
          "y": 44,
        },
        {
-         "lower": 146,
+         "lower": 240,
          "lowerStack": undefined,
          "upper": -1,
          "upperStack": undefined,
          "x": 6,
          "y": 44,

 ❯ test/houseProtectionLifecycle.test.ts:224:49
    222|       houseCount: 4, countPolicy: "exact", seed: 7, interior: false });
    223|     expect(result.ok, JSON.stringify(result.issues)).toBe(true);
    224|     expect(captureHouseProtection(ctx.project)).toEqual(sealed);
       |                                                 ^
    225|     expect(sealed.flatMap(h => h.cells).some(c => c.x === first.doorAt…
    226|   }, 90_000);

⎯⎯⎯⎯⎯⎯⎯⎯⎯⎯⎯⎯⎯⎯⎯⎯⎯⎯⎯⎯⎯⎯⎯⎯[1/1]⎯


 Test Files  1 failed (1)
      Tests  1 failed | 16 skipped (17)
   Start at  09:58:12
   Duration  27.29s (transform 14.64s, setup 0ms, collect 20.45s, tests 6.07s, environment 0ms, prepare 154ms)
