monitor_id=mon_RTX30QQ3AAES7XVP
{"type":"line","id":"authoring-1416976","description":"task11 scoped validation","line":""}
{"type":"line","id":"authoring-1416976","description":"task11 scoped validation","line":" RUN  v3.2.4 /home/main/z-project/rpg-zzu-tile-to-world/.omo/worktrees/spatial-preview-continuation-fix"}
{"type":"line","id":"authoring-1416976","description":"task11 scoped validation","line":""}
{"type":"line","id":"authoring-1416976","description":"task11 scoped validation","line":" ✓ test/spatialAuthoringContinuation.test.ts > permits a second draft preview when the user continues after a compile preview 1642ms"}
{"type":"line","id":"authoring-1416976","description":"task11 scoped validation","line":" ✓ test/spatialAuthoringContinuation.test.ts > permits a second draft preview when the user continues after a delete preview 1565ms"}
{"type":"line","id":"authoring-1416976","description":"task11 scoped validation","line":" ✓ test/spatialAuthoringContinuation.test.ts > accepts the whole proposal with one undo when a compile preview is continued 3290ms"}
{"type":"line","id":"authoring-1416976","description":"task11 scoped validation","line":" ✓ test/spatialAuthoringContinuation.test.ts > accepts the whole proposal with one undo when a delete preview is continued 3784ms"}
{"type":"line","id":"authoring-1416976","description":"task11 scoped validation","line":" ✓ test/spatialAuthoringContinuation.test.ts > preserves the clone and prior edits when a design-clone preview is edited repeatedly 2273ms"}
{"type":"line","id":"authoring-1416976","description":"task11 scoped validation","line":""}
{"type":"line","id":"authoring-1416976","description":"task11 scoped validation","line":" Test Files  1 passed (1)"}
{"type":"line","id":"authoring-1416976","description":"task11 scoped validation","line":"      Tests  5 passed (5)"}
{"type":"line","id":"authoring-1416976","description":"task11 scoped validation","line":"   Start at  00:20:58"}
{"type":"line","id":"authoring-1416976","description":"task11 scoped validation","line":"   Duration  18.82s (transform 3.92s, setup 0ms, collect 5.52s, tests 12.56s, environment 250ms, prepare 105ms)"}
{"type":"line","id":"authoring-1416976","description":"task11 scoped validation","line":""}
{"type":"line","id":"authoring-1416976","description":"task11 scoped validation","line":"JSON report written to /home/main/z-project/rpg-zzu-tile-to-world/.omo/worktrees/spatial-preview-continuation-fix/output/evidence/tile-to-world/task-11/continuation/green-positive.json"}
{"type":"summary","id":"authoring-1416976","description":"task11 scoped validation","summary":"watcher completed (exit code 0)"}

 RUN  v3.2.4 /home/main/z-project/rpg-zzu-tile-to-world/.omo/worktrees/spatial-preview-continuation-fix

 ✓ test/spatialAuthoringContinuation.test.ts > permits a second draft preview when the user continues after a compile preview 1642ms
 ✓ test/spatialAuthoringContinuation.test.ts > permits a second draft preview when the user continues after a delete preview 1565ms
 ✓ test/spatialAuthoringContinuation.test.ts > accepts the whole proposal with one undo when a compile preview is continued 3290ms
 ✓ test/spatialAuthoringContinuation.test.ts > accepts the whole proposal with one undo when a delete preview is continued 3784ms
 ✓ test/spatialAuthoringContinuation.test.ts > preserves the clone and prior edits when a design-clone preview is edited repeatedly 2273ms

 Test Files  1 passed (1)
      Tests  5 passed (5)
   Start at  00:20:58
   Duration  18.82s (transform 3.92s, setup 0ms, collect 5.52s, tests 12.56s, environment 250ms, prepare 105ms)

JSON report written to /home/main/z-project/rpg-zzu-tile-to-world/.omo/worktrees/spatial-preview-continuation-fix/output/evidence/tile-to-world/task-11/continuation/green-positive.json

monitor_exit={"backend":"pipe-fallback","exitCode":0,"signal":null,"cancelled":false,"timedOut":false}
