
> rpg-zzu@0.1.0 test
> node scripts/run-vitest.mjs run --configLoader bundle test/lifeRecovery.test.ts test/p0Makers.test.ts


 RUN  v3.2.4 /home/main/z-project/rpg-zzu-life-full-p2

 ✓ test/p0Makers.test.ts (8 tests) 1370ms
   ✓ P0 timed makers > uses a monotonic absolute game-minute clock across a season/day boundary  627ms
 ❯ test/lifeRecovery.test.ts (53 tests | 1 failed) 6590ms
   ✓ life transaction evidence > freezes spent inputs, promised outputs, duration and calendar when starting  608ms
   ✓ life transaction evidence > pays the original promise when the definition changes during a new job 265ms
   ✓ life transaction evidence > retains current-definition payout for legacy jobs without a contract 245ms
   ✓ life transaction evidence > rejects malformed new contracts at the existing save validation seam 1ms
   ✓ life transaction evidence > exposes a bounded recovery-state validator at the save boundary 11ms
   ✓ bounded recovery ownership > moves three items source to claim to inventory exactly once and never rewinds sequence 246ms
   ✓ bounded recovery ownership > keeps independent source kinds distinct even when source IDs match  497ms
   ✓ bounded recovery ownership > rejects full destination inventory without paying or consuming any claim field 215ms
   ✓ bounded recovery ownership > rolls back all payout side effects when collection metadata is invalid  306ms
   ✓ bounded recovery ownership > keeps unknown item evidence until an explicit receipt after the item returns 100ms
   ✓ bounded recovery ownership > rejects invalid source count 0 without loss 103ms
   ✓ bounded recovery ownership > rejects invalid source count -1 without loss 95ms
   ✓ bounded recovery ownership > rejects invalid source count 1.5 without loss 75ms
   ✓ bounded recovery ownership > rejects invalid source count NaN without loss 52ms
   ✓ bounded recovery ownership > rejects invalid source count Infinity without loss 55ms
   ✓ bounded recovery ownership > rejects invalid source count 9007199254740992 without loss 66ms
   ✓ bounded recovery ownership > accepts claim 4096 then refuses claim 4097 without removing its owner or sequence  747ms
   ✓ bounded recovery ownership > splits large proven quantities into capped claims without losing a unit 137ms
   ✓ bounded recovery ownership > rejects a multi-claim split in advance when only one slot remains  661ms
   ✓ bounded recovery ownership > splits 65 distinct items into 64 plus 1 and preserves unknown source JSON 100ms
   ✓ bounded recovery ownership > rejects sequence exhaustion without deleting the source 75ms
   ✓ bounded recovery ownership > never refunds completed bundle tombstones 78ms
   ✓ bounded recovery ownership > does not treat inherited record names as owned sources or claims 99ms
   ✓ recovery save boundary schema > accepts exactly 4096 claims and rejects excess without trimming input 122ms
   ✓ recovery save boundary schema > rejects unsafe sequence 0 2ms
   ✓ recovery save boundary schema > rejects unsafe sequence -1 4ms
   ✓ recovery save boundary schema > rejects unsafe sequence 1.5 0ms
   ✓ recovery save boundary schema > rejects unsafe sequence NaN 0ms
   ✓ recovery save boundary schema > rejects unsafe sequence Infinity 0ms
   ✓ recovery save boundary schema > rejects unsafe sequence 9007199254740992 0ms
   ✓ recovery save boundary schema > rejects invalid stored count 0 6ms
   ✓ recovery save boundary schema > rejects invalid stored count -1 0ms
   ✓ recovery save boundary schema > rejects invalid stored count 1.5 0ms
   ✓ recovery save boundary schema > rejects invalid stored count NaN 0ms
   ✓ recovery save boundary schema > rejects invalid stored count Infinity 0ms
   ✓ recovery save boundary schema > rejects invalid stored count 10000000 0ms
   ✓ recovery save boundary schema > rejects duplicate IDs, stale sequence, mismatched keys, duplicate items and excessive distinct items 1ms
   ✓ recovery save boundary schema > measures exact UTF-8 raw JSON bytes, including quotes and multibyte characters 10ms
   ✓ recovery save boundary schema > accepts exactly 8 MiB total and rejects one extra byte without normalizing input  558ms
   ✓ recovery save boundary schema > rejects non-JSON evidence including cycles, sparse arrays, NaN, undefined and accessors 3ms
   ✓ maker contract ownership and resume > cancels at minute 39 to the frozen input or output, not the edited definition 67ms
   ✓ maker contract ownership and resume > cancels at minute 40 to the frozen input or output, not the edited definition 69ms
   ✓ maker contract ownership and resume > retains unproven legacy jobs verbatim without guessing a refund 45ms
   ✓ maker contract ownership and resume > keeps a new contract detached from authored arrays and through the actual save/apply seam 66ms
   ✓ maker contract ownership and resume > uses the changed definition only for the next job 55ms
   ✓ maker contract ownership and resume > preserves a ready maker and its contract on overflow or missing promised item 87ms
   ✓ adversarial source conversion > rejects malformed maker evidence rather than refunding a different valid side 42ms
   ✓ adversarial source conversion > validates a large JSON array without overflowing the call stack 68ms
   ✓ adversarial source conversion > preserves spatial raw evidence without guessing a historic construction cost 59ms
   ✓ adversarial source conversion > rejects raw JSON above 64 KiB before removing the source 46ms
   ✓ adversarial source conversion > rejects total recovery overflow without removing the owner or advancing sequence 195ms
   ✓ adversarial source conversion > rejects malformed persisted claims before any inventory payout 141ms
   × accepts JSON-serializable shared values but rejects accessor and symbol array evidence 57ms
     → expected false to be true // Object.is equality

⎯⎯⎯⎯⎯⎯⎯ Failed Tests 1 ⎯⎯⎯⎯⎯⎯⎯

 FAIL  test/lifeRecovery.test.ts > accepts JSON-serializable shared values but rejects accessor and symbol array evidence
AssertionError: expected false to be true // Object.is equality

[32m- Expected[39m
[31m+ Received[39m

[32m- true[39m
[31m+ false[39m

 ❯ test/lifeRecovery.test.ts:375:65
    373| it("accepts JSON-serializable shared values but rejects accessor and s…
    374|   const shared = { value: 3 };
    375|   expect(isLifeRecoveryJson({ first: shared, second: shared })).toBe(t…
       |                                                                 ^
    376|   const array = [1];
    377|   Object.defineProperty(array, "0", { get() { throw new Error("must no…

⎯⎯⎯⎯⎯⎯⎯⎯⎯⎯⎯⎯⎯⎯⎯⎯⎯⎯⎯⎯⎯⎯⎯⎯[1/1]⎯


 Test Files  1 failed | 1 passed (2)
      Tests  1 failed | 60 passed (61)
   Start at  08:08:02
   Duration  25.64s (transform 13.00s, setup 0ms, collect 33.65s, tests 7.96s, environment 1ms, prepare 847ms)


EXIT=1
