
> rpg-zzu@0.1.0 test
> node scripts/run-vitest.mjs run --configLoader bundle test/lifeRecovery.test.ts test/p0Makers.test.ts


 RUN  v3.2.4 /home/main/z-project/rpg-zzu-life-full-p2

 ✓ test/p0Makers.test.ts (8 tests) 1501ms
   ✓ P0 timed makers > uses a monotonic absolute game-minute clock across a season/day boundary  341ms
 ❯ test/lifeRecovery.test.ts (54 tests | 1 failed) 4124ms
   ✓ life transaction evidence > freezes spent inputs, promised outputs, duration and calendar when starting  327ms
   ✓ life transaction evidence > pays the original promise when the definition changes during a new job 178ms
   ✓ life transaction evidence > retains current-definition payout for legacy jobs without a contract 199ms
   ✓ life transaction evidence > rejects malformed new contracts at the existing save validation seam 1ms
   ✓ life transaction evidence > exposes a bounded recovery-state validator at the save boundary 0ms
   ✓ bounded recovery ownership > moves three items source to claim to inventory exactly once and never rewinds sequence 146ms
   ✓ bounded recovery ownership > keeps independent source kinds distinct even when source IDs match 168ms
   ✓ bounded recovery ownership > rejects full destination inventory without paying or consuming any claim field 180ms
   ✓ bounded recovery ownership > rolls back all payout side effects when collection metadata is invalid 126ms
   ✓ bounded recovery ownership > keeps unknown item evidence until an explicit receipt after the item returns 85ms
   ✓ bounded recovery ownership > rejects invalid source count 0 without loss 83ms
   ✓ bounded recovery ownership > rejects invalid source count -1 without loss 83ms
   ✓ bounded recovery ownership > rejects invalid source count 1.5 without loss 37ms
   ✓ bounded recovery ownership > rejects invalid source count NaN without loss 42ms
   ✓ bounded recovery ownership > rejects invalid source count Infinity without loss 59ms
   ✓ bounded recovery ownership > rejects invalid source count 9007199254740992 without loss 44ms
   ✓ bounded recovery ownership > accepts claim 4096 then refuses claim 4097 without removing its owner or sequence  428ms
   ✓ bounded recovery ownership > splits large proven quantities into capped claims without losing a unit 132ms
   ✓ bounded recovery ownership > rejects a multi-claim split in advance when only one slot remains 273ms
   ✓ bounded recovery ownership > splits 65 distinct items into 64 plus 1 and preserves unknown source JSON 68ms
   ✓ bounded recovery ownership > rejects sequence exhaustion without deleting the source 84ms
   ✓ bounded recovery ownership > never refunds completed bundle tombstones 82ms
   ✓ bounded recovery ownership > does not treat inherited record names as owned sources or claims 58ms
   ✓ recovery save boundary schema > accepts exactly 4096 claims and rejects excess without trimming input 71ms
   ✓ recovery save boundary schema > rejects unsafe sequence 0 0ms
   ✓ recovery save boundary schema > rejects unsafe sequence -1 2ms
   ✓ recovery save boundary schema > rejects unsafe sequence 1.5 0ms
   ✓ recovery save boundary schema > rejects unsafe sequence NaN 0ms
   ✓ recovery save boundary schema > rejects unsafe sequence Infinity 0ms
   ✓ recovery save boundary schema > rejects unsafe sequence 9007199254740992 0ms
   ✓ recovery save boundary schema > rejects invalid stored count 0 0ms
   ✓ recovery save boundary schema > rejects invalid stored count -1 0ms
   ✓ recovery save boundary schema > rejects invalid stored count 1.5 0ms
   ✓ recovery save boundary schema > rejects invalid stored count NaN 0ms
   ✓ recovery save boundary schema > rejects invalid stored count Infinity 0ms
   ✓ recovery save boundary schema > rejects invalid stored count 10000000 0ms
   ✓ recovery save boundary schema > rejects duplicate IDs, stale sequence, mismatched keys, duplicate items and excessive distinct items 1ms
   ✓ recovery save boundary schema > measures exact UTF-8 raw JSON bytes, including quotes and multibyte characters 1ms
   ✓ recovery save boundary schema > accepts exactly 8 MiB total and rejects one extra byte without normalizing input 196ms
   ✓ recovery save boundary schema > rejects non-JSON evidence including cycles, sparse arrays, NaN, undefined and accessors 3ms
   ✓ maker contract ownership and resume > cancels at minute 39 to the frozen input or output, not the edited definition 38ms
   ✓ maker contract ownership and resume > cancels at minute 40 to the frozen input or output, not the edited definition 50ms
   × maker contract ownership and resume > preserves legacy cancellation unresolved when current inputs changed after the job began 91ms
     → expected { id: 'recovery:1', …(4) } to match object { items: [], unresolved: { …(1) } }
(4 matching properties omitted from actual)
   ✓ maker contract ownership and resume > retains unproven legacy jobs verbatim without guessing a refund 62ms
   ✓ maker contract ownership and resume > keeps a new contract detached from authored arrays and through the actual save/apply seam 90ms
   ✓ maker contract ownership and resume > uses the changed definition only for the next job 41ms
   ✓ maker contract ownership and resume > preserves a ready maker and its contract on overflow or missing promised item 52ms
   ✓ adversarial source conversion > rejects malformed maker evidence rather than refunding a different valid side 48ms
   ✓ adversarial source conversion > validates a large JSON array without overflowing the call stack 191ms
   ✓ adversarial source conversion > preserves spatial raw evidence without guessing a historic construction cost 43ms
   ✓ adversarial source conversion > rejects raw JSON above 64 KiB before removing the source 40ms
   ✓ adversarial source conversion > rejects total recovery overflow without removing the owner or advancing sequence 133ms
   ✓ adversarial source conversion > rejects malformed persisted claims before any inventory payout 46ms
   ✓ accepts JSON-serializable shared values but rejects accessor and symbol array evidence 1ms

⎯⎯⎯⎯⎯⎯⎯ Failed Tests 1 ⎯⎯⎯⎯⎯⎯⎯

 FAIL  test/lifeRecovery.test.ts > maker contract ownership and resume > preserves legacy cancellation unresolved when current inputs changed after the job began
AssertionError: expected { id: 'recovery:1', …(4) } to match object { items: [], unresolved: { …(1) } }
(4 matching properties omitted from actual)

[32m- Expected[39m
[31m+ Received[39m

[2m  {[22m
[32m-   "items": [],[39m
[32m-   "unresolved": {[39m
[32m-     "record": {[39m
[32m-       "instanceId": "old",[39m
[32m-       "makerId": "maker",[39m
[32m-       "readyAtMinute": 40,[39m
[32m-       "startedAtMinute": 10,[39m
[32m-       "status": "processing",[39m
[31m+   "items": [[39m
[31m+     {[39m
[31m+       "count": 7,[39m
[31m+       "itemId": "raw",[39m
[2m      },[22m
[32m-   },[39m
[31m+   ],[39m
[2m  }[22m

 ❯ test/lifeRecovery.test.ts:281:56
    279|     expect(moveLifeRecoverySource(project, session, { sourceKind: "mak…
    280|     expect(session.makerInstances).toEqual({});
    281|     expect(session.lifeRecovery?.claims["recovery:1"]).toMatchObject({…
       |                                                        ^
    282|     expect(session.inventory).toEqual({});
    283|     const beforeReceipt = structuredClone(session);

⎯⎯⎯⎯⎯⎯⎯⎯⎯⎯⎯⎯⎯⎯⎯⎯⎯⎯⎯⎯⎯⎯⎯⎯[1/1]⎯


 Test Files  1 failed | 1 passed (2)
      Tests  1 failed | 61 passed (62)
   Start at  08:32:04
   Duration  13.37s (transform 6.88s, setup 0ms, collect 15.27s, tests 5.62s, environment 1ms, prepare 764ms)


EXIT=1
