
> rpg-zzu@0.1.0 test
> node scripts/run-vitest.mjs run --configLoader bundle test/lifeSaveConsumers.test.ts --maxWorkers=1 --no-file-parallelism --silent=false


 RUN  v3.2.4 /home/main/z-project/rpg-zzu-life-full-save-consumers-final

stdout | test/lifeSaveConsumers.test.ts > remaining actual Save5 consumers (task40) > playtest-driver3.cjs removes only owned manual families
{"file":"playtest-driver3.cjs","cleanup":"for (let i = 1; i <= 3; i++) localStorage.removeItem(\"oprn:save-slot:\" + i);","remainingOwned":["oprn:save-slot:v5:1","oprn:save-slot:v5:2","oprn:save-slot:v5:3"],"preserved":true}

stdout | test/lifeSaveConsumers.test.ts > remaining actual Save5 consumers (task40) > playtest-driver4.cjs removes only owned manual families
{"file":"playtest-driver4.cjs","cleanup":"for (let i = 1; i <= 3; i++) localStorage.removeItem(\"oprn:save-slot:\" + i);","remainingOwned":["oprn:save-slot:v5:1","oprn:save-slot:v5:2","oprn:save-slot:v5:3"],"preserved":true}

stdout | test/lifeSaveConsumers.test.ts > remaining actual Save5 consumers (task40) > playtest-driver5.cjs removes only owned manual families
{"file":"playtest-driver5.cjs","cleanup":"for (let i = 1; i <= 3; i++) localStorage.removeItem(\"oprn:save-slot:\" + i);","remainingOwned":["oprn:save-slot:v5:1","oprn:save-slot:v5:2","oprn:save-slot:v5:3"],"preserved":true}

stdout | test/lifeSaveConsumers.test.ts > remaining actual Save5 consumers (task40) > playtest-driver6.cjs removes only owned manual families
{"file":"playtest-driver6.cjs","cleanup":"for (let i = 1; i <= 3; i++) localStorage.removeItem(\"oprn:save-slot:\" + i);","remainingOwned":["oprn:save-slot:v5:1","oprn:save-slot:v5:2","oprn:save-slot:v5:3"],"preserved":true}

stdout | test/lifeSaveConsumers.test.ts > remaining actual Save5 consumers (task40) > capture-fullscreen-scale.cjs removes only owned manual families
{"file":"capture-fullscreen-scale.cjs","cleanup":"for (let i = 1; i <= 3; i++) localStorage.removeItem(\"oprn:save-slot:\" + i);","remainingOwned":["oprn:save-slot:v5:1","oprn:save-slot:v5:2","oprn:save-slot:v5:3"],"preserved":true}

stdout | test/lifeSaveConsumers.test.ts > remaining actual Save5 consumers (task40) > playtest-driver4.cjs > observes the real default writer without legacy bytes
{"file":"playtest-driver4.cjs","observer":"() => !!localStorage.getItem(\"oprn:save-slot:1\")","observed":false,"key":"oprn:save-slot:v5:1","schemaVersion":5}

stdout | test/lifeSaveConsumers.test.ts > remaining actual Save5 consumers (task40) > playtest-driver4.cjs > mutates the exact current owner preferred by the reader, preserving legacy and other namespaces
{"file":"playtest-driver4.cjs","mutation":"([m, px, py, sw]) => {\n      const raw = JSON.parse(localStorage.getItem(\"oprn:save-slot:1\"));\n      const sess = raw.session ?? raw.snapshot?.session ?? raw;\n      sess.currentMapId = m; sess.x = px; sess.y = py;\n      for (const [k, v] of Object.entries(sw)) sess.switches[k] = v;\n      localStorage.setItem(\"oprn:save-slot:1\", JSON.stringify(raw));\n    }","currentPosition":["map_blank_start",10,8],"legacyPreserved":false}

stdout | test/lifeSaveConsumers.test.ts > remaining actual Save5 consumers (task40) > playtest-driver6.cjs > observes the real default writer without legacy bytes
{"file":"playtest-driver6.cjs","observer":"() => !!localStorage.getItem(\"oprn:save-slot:1\")","observed":false,"key":"oprn:save-slot:v5:1","schemaVersion":5}

stdout | test/lifeSaveConsumers.test.ts > remaining actual Save5 consumers (task40) > playtest-driver6.cjs > mutates the exact current owner preferred by the reader, preserving legacy and other namespaces
{"file":"playtest-driver6.cjs","mutation":"([mm, px, py]) => {\n      const raw = JSON.parse(localStorage.getItem(\"oprn:save-slot:1\"));\n      raw.session.currentMapId = mm; raw.session.x = px; raw.session.y = py;\n      localStorage.setItem(\"oprn:save-slot:1\", JSON.stringify(raw));\n    }","currentPosition":["map_blank_start",10,8],"legacyPreserved":false}

 ❯ test/lifeSaveConsumers.test.ts (46 tests | 31 failed) 4774ms
   ✓ tracked Save5 QA consumers > observes real current writer bytes without relying on a legacy key  306ms
   ✓ tracked Save5 QA consumers > does not report legacy or another namespace's current save as the default save 93ms
   ✓ tracked Save5 QA consumers > rejects malformed current bytes "" even with legacy progress 137ms
   ✓ tracked Save5 QA consumers > rejects malformed current bytes "{broken" even with legacy progress 127ms
   ✓ tracked Save5 QA consumers > rejects malformed current bytes "null" even with legacy progress 113ms
   ✓ tracked Save5 QA consumers > rejects malformed current bytes "[]" even with legacy progress 141ms
   ✓ tracked Save5 QA consumers > rejects malformed current bytes "{\"schemaVersion\":5}" even with legacy progress 104ms
   ✓ tracked Save5 QA consumers > rejects non-current schema 4 on actual writer payload 77ms
   ✓ tracked Save5 QA consumers > rejects non-current schema 6 on actual writer payload 155ms
   ✓ tracked Save5 QA consumers > rejects non-current schema 999 on actual writer payload 181ms
   ✓ tracked Save5 QA consumers > rejects non-current schema "5" on actual writer payload 169ms
   ✓ tracked Save5 QA consumers > validates the session schema rather than accepting a version-only object 74ms
   ✓ tracked Save5 QA consumers > verify-gate-transfer.cjs clears both manual families only 112ms
   ✓ tracked Save5 QA consumers > capture-uiux-evidence.cjs clears both manual families only 81ms
   ✓ tracked Save5 QA consumers > playtest-driver2.cjs clears both manual families only 91ms
   × remaining actual Save5 consumers (task40) > playtest-driver3.cjs removes only owned manual families 128ms
     → expected [ …(6) ] to deeply equal [ null, null, null, null, null, null ]
   × remaining actual Save5 consumers (task40) > playtest-driver4.cjs removes only owned manual families 85ms
     → expected [ …(6) ] to deeply equal [ null, null, null, null, null, null ]
   × remaining actual Save5 consumers (task40) > playtest-driver5.cjs removes only owned manual families 84ms
     → expected [ …(6) ] to deeply equal [ null, null, null, null, null, null ]
   × remaining actual Save5 consumers (task40) > playtest-driver6.cjs removes only owned manual families 86ms
     → expected [ …(6) ] to deeply equal [ null, null, null, null, null, null ]
   × remaining actual Save5 consumers (task40) > capture-fullscreen-scale.cjs removes only owned manual families 68ms
     → expected [ …(6) ] to deeply equal [ null, null, null, null, null, null ]
   × remaining actual Save5 consumers (task40) > playtest-driver4.cjs > observes the real default writer without legacy bytes 105ms
     → expected false to be true // Object.is equality
   × remaining actual Save5 consumers (task40) > playtest-driver4.cjs > mutates the exact current owner preferred by the reader, preserving legacy and other namespaces 99ms
     → expected { switches: { …(20) }, …(60) } to match object { Object (currentMapId, x, ...) }
(119 matching properties omitted from actual)
   × remaining actual Save5 consumers (task40) > playtest-driver4.cjs > rejects invalid current bytes "" without mutation or legacy fallback 81ms
     → expected true to be false // Object.is equality
   × remaining actual Save5 consumers (task40) > playtest-driver4.cjs > rejects invalid current bytes "{broken" without mutation or legacy fallback 75ms
     → expected true to be false // Object.is equality
   × remaining actual Save5 consumers (task40) > playtest-driver4.cjs > rejects invalid current bytes "null" without mutation or legacy fallback 88ms
     → expected true to be false // Object.is equality
   × remaining actual Save5 consumers (task40) > playtest-driver4.cjs > rejects invalid current bytes "[]" without mutation or legacy fallback 83ms
     → expected true to be false // Object.is equality
   × remaining actual Save5 consumers (task40) > playtest-driver4.cjs > rejects invalid current bytes "{\"schemaVersion\":5}" without mutation or legacy fallback 66ms
     → expected true to be false // Object.is equality
   × remaining actual Save5 consumers (task40) > playtest-driver4.cjs > rejects invalid current bytes 4 without mutation or legacy fallback 71ms
     → expected true to be false // Object.is equality
   × remaining actual Save5 consumers (task40) > playtest-driver4.cjs > rejects invalid current bytes 6 without mutation or legacy fallback 85ms
     → expected true to be false // Object.is equality
   × remaining actual Save5 consumers (task40) > playtest-driver4.cjs > rejects invalid current bytes 999 without mutation or legacy fallback 82ms
     → expected true to be false // Object.is equality
   × remaining actual Save5 consumers (task40) > playtest-driver4.cjs > rejects invalid current bytes "5" without mutation or legacy fallback 111ms
     → expected true to be false // Object.is equality
   × remaining actual Save5 consumers (task40) > playtest-driver4.cjs > rejects invalid current bytes "invalid-session" without mutation or legacy fallback 139ms
     → expected true to be false // Object.is equality
   × remaining actual Save5 consumers (task40) > playtest-driver4.cjs > does not observe or mutate legacy-only or other namespace saves 48ms
     → expected true to be false // Object.is equality
   × remaining actual Save5 consumers (task40) > playtest-driver6.cjs > observes the real default writer without legacy bytes 71ms
     → expected false to be true // Object.is equality
   × remaining actual Save5 consumers (task40) > playtest-driver6.cjs > mutates the exact current owner preferred by the reader, preserving legacy and other namespaces 126ms
     → expected { switches: { …(20) }, …(60) } to match object { Object (currentMapId, x, ...) }
(119 matching properties omitted from actual)
   × remaining actual Save5 consumers (task40) > playtest-driver6.cjs > rejects invalid current bytes "" without mutation or legacy fallback 83ms
     → expected true to be false // Object.is equality
   × remaining actual Save5 consumers (task40) > playtest-driver6.cjs > rejects invalid current bytes "{broken" without mutation or legacy fallback 99ms
     → expected true to be false // Object.is equality
   × remaining actual Save5 consumers (task40) > playtest-driver6.cjs > rejects invalid current bytes "null" without mutation or legacy fallback 95ms
     → expected true to be false // Object.is equality
   × remaining actual Save5 consumers (task40) > playtest-driver6.cjs > rejects invalid current bytes "[]" without mutation or legacy fallback 97ms
     → expected true to be false // Object.is equality
   × remaining actual Save5 consumers (task40) > playtest-driver6.cjs > rejects invalid current bytes "{\"schemaVersion\":5}" without mutation or legacy fallback 187ms
     → expected true to be false // Object.is equality
   × remaining actual Save5 consumers (task40) > playtest-driver6.cjs > rejects invalid current bytes 4 without mutation or legacy fallback 85ms
     → expected true to be false // Object.is equality
   × remaining actual Save5 consumers (task40) > playtest-driver6.cjs > rejects invalid current bytes 6 without mutation or legacy fallback 78ms
     → expected true to be false // Object.is equality
   × remaining actual Save5 consumers (task40) > playtest-driver6.cjs > rejects invalid current bytes 999 without mutation or legacy fallback 95ms
     → expected true to be false // Object.is equality
   × remaining actual Save5 consumers (task40) > playtest-driver6.cjs > rejects invalid current bytes "5" without mutation or legacy fallback 85ms
     → expected true to be false // Object.is equality
   × remaining actual Save5 consumers (task40) > playtest-driver6.cjs > rejects invalid current bytes "invalid-session" without mutation or legacy fallback 70ms
     → expected true to be false // Object.is equality
   × remaining actual Save5 consumers (task40) > playtest-driver6.cjs > does not observe or mutate legacy-only or other namespace saves 54ms
     → expected true to be false // Object.is equality

⎯⎯⎯⎯⎯⎯ Failed Tests 31 ⎯⎯⎯⎯⎯⎯⎯

 FAIL  test/lifeSaveConsumers.test.ts > remaining actual Save5 consumers (task40) > playtest-driver3.cjs removes only owned manual families
 FAIL  test/lifeSaveConsumers.test.ts > remaining actual Save5 consumers (task40) > playtest-driver4.cjs removes only owned manual families
 FAIL  test/lifeSaveConsumers.test.ts > remaining actual Save5 consumers (task40) > playtest-driver5.cjs removes only owned manual families
 FAIL  test/lifeSaveConsumers.test.ts > remaining actual Save5 consumers (task40) > playtest-driver6.cjs removes only owned manual families
 FAIL  test/lifeSaveConsumers.test.ts > remaining actual Save5 consumers (task40) > capture-fullscreen-scale.cjs removes only owned manual families
AssertionError: expected [ …(6) ] to deeply equal [ null, null, null, null, null, null ]

[32m- Expected[39m
[31m+ Received[39m

[2m  [[22m
[32m-   null,[39m
[32m-   null,[39m
[32m-   null,[39m
[31m+   "{\"schemaVersion\":5,\"projectTitle\":\"새 프로젝트\",\"savedAt\":\"2026-09-06T07:29:42.186Z\",\"mapName\":\"빈 맵\",\"partyLevel\":1,\"playTimeSeconds\":0,\"session\":{\"switches\":{\"sw_0001\":false,\"sw_0002\":false,\"sw_0003\":false,\"sw_0004\":false,\"sw_0005\":false,\"sw_0006\":false,\"sw_0007\":false,\"sw_0008\":false,\"sw_0009\":false,\"sw_0010\":false,\"sw_0011\":false,\"sw_0012\":false,\"sw_0013\":false,\"sw_0014\":false,\"sw_0015\":false,\"sw_0016\":false,\"sw_0017\":false,\"sw_0018\":false,\"sw_0019\":false,\"sw_0020\":false},\"selfSwitches\":{},\"variables\":{\"var_0001\":0,\"var_0002\":0,\"var_0003\":0,\"var_0004\":0,\"var_0005\":0,\"var_0006\":0,\"var_0007\":0,\"var_0008\":0,\"var_0009\":0,\"var_0010\":0,\"var_0011\":0,\"var_0012\":0,\"var_0013\":0,\"var_0014\":0,\"var_0015\":0,\"var_0016\":0,\"var_0017\":0,\"var_0018\":0,\"var_0019\":0,\"var_0020\":0},\"timers\":{},\"gold\":0,\"inventory\":{},\"itemUseCharges\":{},\"killedFieldSpawns\":{},\"partyActorIds\":[\"actor_hero\"],\"shippingQueue\":{},\"shippingHistory\":[],\"bundleContributions\":{},\"completedBundleIds\":[],\"bundleRewardAppliedIds\":[],\"unlockedRegionIds\":[],\"unlockedRecipeIds\":[],\"makerInstances\":{},\"monsterInstances\":{},\"monsterParty\":[],\"monsterBox\":[],\"actorSkillIds\":{},\"actorSkillPp\":{},\"actorExperience\":{\"actor_hero\":0},\"actorLevels\":{\"actor_hero\":1,\"actor_guardian\":1,\"actor_mage\":1,\"actor_scout\":1,\"actor_cleric\":1,\"actor_ranger\":1},\"actorVitals\":{\"actor_hero\":{\"hp\":514,\"mp\":43,\"maxHp\":514,\"maxMp\":43}},\"eventLocations\":{},\"erasedEventIds\":[],\"removedEventIds\":{},\"spawnedEvents\":{},\"camera\":{\"mode\":\"follow\",\"target\":{\"kind\":\"player\"}},\"lighting\":{\"ambient\":0,\"sources\":[]},\"npcTravelStates\":{},\"npcActivities\":{},\"npcScheduleStates\":{},\"lifeSkills\":{},\"farmPlots\":{},\"friendship\":{},\"relationships\":{},\"dailyGifts\":{},\"dailyTalks\":{},\"monsterCareDaily\":{},\"chests\":{},\"placeables\":{},\"followers\":[],\"followerTrail\":[],\"currentMapId\":\"map_blank_start\",\"x\":10,\"y\":8,\"mapOverrides\":{},\"flags\":{},\"audio\":{},\"pictures\":{},\"actorEquipment\":{\"actor_hero\":{\"weapon\":\"equip_sword\",\"shield\":\"equip_oak_shield\",\"armor\":\"equip_leather_armor\",\"helmet\":\"equip_traveler_hat\",\"accessory\":\"equip_focus_charm\"},\"actor_guardian\":{\"weapon\":\"equip_sword\",\"shield\":\"equip_oak_shield\",\"armor\":\"equip_leather_armor\",\"helmet\":\"equip_traveler_hat\",\"accessory\":\"equip_focus_charm\"},\"actor_mage\":{\"weapon\":\"equip_mage_staff\",\"armor\":\"equip_mystic_robe\",\"helmet\":\"equip_traveler_hat\",\"accessory\":\"equip_focus_charm\"},\"actor_scout\":{\"weapon\":\"equip_scout_dagger\",\"armor\":\"equip_leather_armor\",\"helmet\":\"equip_traveler_hat\",\"accessory\":\"equip_focus_charm\"},\"actor_cleric\":{\"weapon\":\"equip_mage_staff\",\"shield\":\"equip_oak_shield\",\"armor\":\"equip_mystic_robe\",\"helmet\":\"equip_traveler_hat\",\"accessory\":\"equip_focus_charm\"},\"actor_ranger\":{\"weapon\":\"equip_scout_dagger\",\"armor\":\"equip_leather_armor\",\"helmet\":\"equip_traveler_hat\",\"accessory\":\"equip_focus_charm\"}},\"actorRows\":{\"actor_hero\":\"front\"},\"actorNames\":{},\"actorCharacterResourceIds\":{},\"classOverrides\":{},\"actorParamBonuses\":{},\"actorStateIds\":{},\"playTimeSeconds\":0,\"rng\":{\"seed\":205,\"streams\":{\"encounter\":{\"seed\":4011933617,\"state\":4011933617},\"battle\":{\"seed\":1411303366,\"state\":1411303366},\"movement\":{\"seed\":493816161,\"state\":493816161},\"fishing\":{\"seed\":3384362050,\"state\":3384362050},\"misc\":{\"seed\":2849200972,\"state\":2849200972}}}}}",[39m
[2m    null,[22m
[31m+   "{\"schemaVersion\":5,\"projectTitle\":\"새 프로젝트\",\"savedAt\":\"2026-09-06T07:29:42.186Z\",\"mapName\":\"빈 맵\",\"partyLevel\":1,\"playTimeSeconds\":0,\"session\":{\"switches\":{\"sw_0001\":false,\"sw_0002\":false,\"sw_0003\":false,\"sw_0004\":false,\"sw_0005\":false,\"sw_0006\":false,\"sw_0007\":false,\"sw_0008\":false,\"sw_0009\":false,\"sw_0010\":false,\"sw_0011\":false,\"sw_0012\":false,\"sw_0013\":false,\"sw_0014\":false,\"sw_0015\":false,\"sw_0016\":false,\"sw_0017\":false,\"sw_0018\":false,\"sw_0019\":false,\"sw_0020\":false},\"selfSwitches\":{},\"variables\":{\"var_0001\":0,\"var_0002\":0,\"var_0003\":0,\"var_0004\":0,\"var_0005\":0,\"var_0006\":0,\"var_0007\":0,\"var_0008\":0,\"var_0009\":0,\"var_0010\":0,\"var_0011\":0,\"var_0012\":0,\"var_0013\":0,\"var_0014\":0,\"var_0015\":0,\"var_0016\":0,\"var_0017\":0,\"var_0018\":0,\"var_0019\":0,\"var_0020\":0},\"timers\":{},\"gold\":0,\"inventory\":{},\"itemUseCharges\":{},\"killedFieldSpawns\":{},\"partyActorIds\":[\"actor_hero\"],\"shippingQueue\":{},\"shippingHistory\":[],\"bundleContributions\":{},\"completedBundleIds\":[],\"bundleRewardAppliedIds\":[],\"unlockedRegionIds\":[],\"unlockedRecipeIds\":[],\"makerInstances\":{},\"monsterInstances\":{},\"monsterParty\":[],\"monsterBox\":[],\"actorSkillIds\":{},\"actorSkillPp\":{},\"actorExperience\":{\"actor_hero\":0},\"actorLevels\":{\"actor_hero\":1,\"actor_guardian\":1,\"actor_mage\":1,\"actor_scout\":1,\"actor_cleric\":1,\"actor_ranger\":1},\"actorVitals\":{\"actor_hero\":{\"hp\":514,\"mp\":43,\"maxHp\":514,\"maxMp\":43}},\"eventLocations\":{},\"erasedEventIds\":[],\"removedEventIds\":{},\"spawnedEvents\":{},\"camera\":{\"mode\":\"follow\",\"target\":{\"kind\":\"player\"}},\"lighting\":{\"ambient\":0,\"sources\":[]},\"npcTravelStates\":{},\"npcActivities\":{},\"npcScheduleStates\":{},\"lifeSkills\":{},\"farmPlots\":{},\"friendship\":{},\"relationships\":{},\"dailyGifts\":{},\"dailyTalks\":{},\"monsterCareDaily\":{},\"chests\":{},\"placeables\":{},\"followers\":[],\"followerTrail\":[],\"currentMapId\":\"map_blank_start\",\"x\":10,\"y\":8,\"mapOverrides\":{},\"flags\":{},\"audio\":{},\"pictures\":{},\"actorEquipment\":{\"actor_hero\":{\"weapon\":\"equip_sword\",\"shield\":\"equip_oak_shield\",\"armor\":\"equip_leather_armor\",\"helmet\":\"equip_traveler_hat\",\"accessory\":\"equip_focus_charm\"},\"actor_guardian\":{\"weapon\":\"equip_sword\",\"shield\":\"equip_oak_shield\",\"armor\":\"equip_leather_armor\",\"helmet\":\"equip_traveler_hat\",\"accessory\":\"equip_focus_charm\"},\"actor_mage\":{\"weapon\":\"equip_mage_staff\",\"armor\":\"equip_mystic_robe\",\"helmet\":\"equip_traveler_hat\",\"accessory\":\"equip_focus_charm\"},\"actor_scout\":{\"weapon\":\"equip_scout_dagger\",\"armor\":\"equip_leather_armor\",\"helmet\":\"equip_traveler_hat\",\"accessory\":\"equip_focus_charm\"},\"actor_cleric\":{\"weapon\":\"equip_mage_staff\",\"shield\":\"equip_oak_shield\",\"armor\":\"equip_mystic_robe\",\"helmet\":\"equip_traveler_hat\",\"accessory\":\"equip_focus_charm\"},\"actor_ranger\":{\"weapon\":\"equip_scout_dagger\",\"armor\":\"equip_leather_armor\",\"helmet\":\"equip_traveler_hat\",\"accessory\":\"equip_focus_charm\"}},\"actorRows\":{\"actor_hero\":\"front\"},\"actorNames\":{},\"actorCharacterResourceIds\":{},\"classOverrides\":{},\"actorParamBonuses\":{},\"actorStateIds\":{},\"playTimeSeconds\":0,\"rng\":{\"seed\":205,\"streams\":{\"encounter\":{\"seed\":4011933617,\"state\":4011933617},\"battle\":{\"seed\":1411303366,\"state\":1411303366},\"movement\":{\"seed\":493816161,\"state\":493816161},\"fishing\":{\"seed\":3384362050,\"state\":3384362050},\"misc\":{\"seed\":2849200972,\"state\":2849200972}}}}}",[39m
[2m    null,[22m
[31m+   "{\"schemaVersion\":5,\"projectTitle\":\"새 프로젝트\",\"savedAt\":\"2026-09-06T07:29:42.186Z\",\"mapName\":\"빈 맵\",\"partyLevel\":1,\"playTimeSeconds\":0,\"session\":{\"switches\":{\"sw_0001\":false,\"sw_0002\":false,\"sw_0003\":false,\"sw_0004\":false,\"sw_0005\":false,\"sw_0006\":false,\"sw_0007\":false,\"sw_0008\":false,\"sw_0009\":false,\"sw_0010\":false,\"sw_0011\":false,\"sw_0012\":false,\"sw_0013\":false,\"sw_0014\":false,\"sw_0015\":false,\"sw_0016\":false,\"sw_0017\":false,\"sw_0018\":false,\"sw_0019\":false,\"sw_0020\":false},\"selfSwitches\":{},\"variables\":{\"var_0001\":0,\"var_0002\":0,\"var_0003\":0,\"var_0004\":0,\"var_0005\":0,\"var_0006\":0,\"var_0007\":0,\"var_0008\":0,\"var_0009\":0,\"var_0010\":0,\"var_0011\":0,\"var_0012\":0,\"var_0013\":0,\"var_0014\":0,\"var_0015\":0,\"var_0016\":0,\"var_0017\":0,\"var_0018\":0,\"var_0019\":0,\"var_0020\":0},\"timers\":{},\"gold\":0,\"inventory\":{},\"itemUseCharges\":{},\"killedFieldSpawns\":{},\"partyActorIds\":[\"actor_hero\"],\"shippingQueue\":{},\"shippingHistory\":[],\"bundleContributions\":{},\"completedBundleIds\":[],\"bundleRewardAppliedIds\":[],\"unlockedRegionIds\":[],\"unlockedRecipeIds\":[],\"makerInstances\":{},\"monsterInstances\":{},\"monsterParty\":[],\"monsterBox\":[],\"actorSkillIds\":{},\"actorSkillPp\":{},\"actorExperience\":{\"actor_hero\":0},\"actorLevels\":{\"actor_hero\":1,\"actor_guardian\":1,\"actor_mage\":1,\"actor_scout\":1,\"actor_cleric\":1,\"actor_ranger\":1},\"actorVitals\":{\"actor_hero\":{\"hp\":514,\"mp\":43,\"maxHp\":514,\"maxMp\":43}},\"eventLocations\":{},\"erasedEventIds\":[],\"removedEventIds\":{},\"spawnedEvents\":{},\"camera\":{\"mode\":\"follow\",\"target\":{\"kind\":\"player\"}},\"lighting\":{\"ambient\":0,\"sources\":[]},\"npcTravelStates\":{},\"npcActivities\":{},\"npcScheduleStates\":{},\"lifeSkills\":{},\"farmPlots\":{},\"friendship\":{},\"relationships\":{},\"dailyGifts\":{},\"dailyTalks\":{},\"monsterCareDaily\":{},\"chests\":{},\"placeables\":{},\"followers\":[],\"followerTrail\":[],\"currentMapId\":\"map_blank_start\",\"x\":10,\"y\":8,\"mapOverrides\":{},\"flags\":{},\"audio\":{},\"pictures\":{},\"actorEquipment\":{\"actor_hero\":{\"weapon\":\"equip_sword\",\"shield\":\"equip_oak_shield\",\"armor\":\"equip_leather_armor\",\"helmet\":\"equip_traveler_hat\",\"accessory\":\"equip_focus_charm\"},\"actor_guardian\":{\"weapon\":\"equip_sword\",\"shield\":\"equip_oak_shield\",\"armor\":\"equip_leather_armor\",\"helmet\":\"equip_traveler_hat\",\"accessory\":\"equip_focus_charm\"},\"actor_mage\":{\"weapon\":\"equip_mage_staff\",\"armor\":\"equip_mystic_robe\",\"helmet\":\"equip_traveler_hat\",\"accessory\":\"equip_focus_charm\"},\"actor_scout\":{\"weapon\":\"equip_scout_dagger\",\"armor\":\"equip_leather_armor\",\"helmet\":\"equip_traveler_hat\",\"accessory\":\"equip_focus_charm\"},\"actor_cleric\":{\"weapon\":\"equip_mage_staff\",\"shield\":\"equip_oak_shield\",\"armor\":\"equip_mystic_robe\",\"helmet\":\"equip_traveler_hat\",\"accessory\":\"equip_focus_charm\"},\"actor_ranger\":{\"weapon\":\"equip_scout_dagger\",\"armor\":\"equip_leather_armor\",\"helmet\":\"equip_traveler_hat\",\"accessory\":\"equip_focus_charm\"}},\"actorRows\":{\"actor_hero\":\"front\"},\"actorNames\":{},\"actorCharacterResourceIds\":{},\"classOverrides\":{},\"actorParamBonuses\":{},\"actorStateIds\":{},\"playTimeSeconds\":0,\"rng\":{\"seed\":205,\"streams\":{\"encounter\":{\"seed\":4011933617,\"state\":4011933617},\"battle\":{\"seed\":1411303366,\"state\":1411303366},\"movement\":{\"seed\":493816161,\"state\":493816161},\"fishing\":{\"seed\":3384362050,\"state\":3384362050},\"misc\":{\"seed\":2849200972,\"state\":2849200972}}}}}",[39m
[2m    null,[22m
[2m  ][22m

 ❯ test/lifeSaveConsumers.test.ts:187:54
    185|     vm.runInNewContext(cleanup, { localStorage: storage });
    186|     console.log(JSON.stringify({ file, cleanup, remainingOwned: owned.…
    187|     expect(owned.map((key) => storage.getItem(key))).toEqual(owned.map…
       |                                                      ^
    188|     for (const key of other) expect(storage.getItem(key)).toBe(raw);
    189|   });

⎯⎯⎯⎯⎯⎯⎯⎯⎯⎯⎯⎯⎯⎯⎯⎯⎯⎯⎯⎯⎯⎯⎯[1/31]⎯

 FAIL  test/lifeSaveConsumers.test.ts > remaining actual Save5 consumers (task40) > playtest-driver4.cjs > observes the real default writer without legacy bytes
 FAIL  test/lifeSaveConsumers.test.ts > remaining actual Save5 consumers (task40) > playtest-driver6.cjs > observes the real default writer without legacy bytes
AssertionError: expected false to be true // Object.is equality

[32m- Expected[39m
[31m+ Received[39m

[32m- true[39m
[31m+ false[39m

 ❯ test/lifeSaveConsumers.test.ts:197:24
    195|       const observed = await runCurrent(file, storage);
    196|       console.log(JSON.stringify({ file, observer: currentCallback(fil…
    197|       expect(observed).toBe(true);
       |                        ^
    198|     });
    199| 

⎯⎯⎯⎯⎯⎯⎯⎯⎯⎯⎯⎯⎯⎯⎯⎯⎯⎯⎯⎯⎯⎯⎯[2/31]⎯

 FAIL  test/lifeSaveConsumers.test.ts > remaining actual Save5 consumers (task40) > playtest-driver4.cjs > mutates the exact current owner preferred by the reader, preserving legacy and other namespaces
 FAIL  test/lifeSaveConsumers.test.ts > remaining actual Save5 consumers (task40) > playtest-driver6.cjs > mutates the exact current owner preferred by the reader, preserving legacy and other namespaces
AssertionError: expected { switches: { …(20) }, …(60) } to match object { Object (currentMapId, x, ...) }
(119 matching properties omitted from actual)

[32m- Expected[39m
[31m+ Received[39m

[2m  {[22m
[32m-   "currentMapId": "map_warp",[39m
[32m-   "x": 7,[39m
[32m-   "y": 9,[39m
[31m+   "currentMapId": "map_blank_start",[39m
[31m+   "x": 10,[39m
[31m+   "y": 8,[39m
[2m  }[22m

 ❯ test/lifeSaveConsumers.test.ts:213:31


⎯⎯⎯⎯⎯⎯⎯⎯⎯⎯⎯⎯⎯⎯⎯⎯⎯⎯⎯⎯⎯⎯⎯[3/31]⎯

 FAIL  test/lifeSaveConsumers.test.ts > remaining actual Save5 consumers (task40) > playtest-driver4.cjs > rejects invalid current bytes "" without mutation or legacy fallback
 FAIL  test/lifeSaveConsumers.test.ts > remaining actual Save5 consumers (task40) > playtest-driver4.cjs > rejects invalid current bytes "{broken" without mutation or legacy fallback
 FAIL  test/lifeSaveConsumers.test.ts > remaining actual Save5 consumers (task40) > playtest-driver4.cjs > rejects invalid current bytes "null" without mutation or legacy fallback
 FAIL  test/lifeSaveConsumers.test.ts > remaining actual Save5 consumers (task40) > playtest-driver4.cjs > rejects invalid current bytes "[]" without mutation or legacy fallback
 FAIL  test/lifeSaveConsumers.test.ts > remaining actual Save5 consumers (task40) > playtest-driver4.cjs > rejects invalid current bytes "{\"schemaVersion\":5}" without mutation or legacy fallback
 FAIL  test/lifeSaveConsumers.test.ts > remaining actual Save5 consumers (task40) > playtest-driver4.cjs > rejects invalid current bytes 4 without mutation or legacy fallback
 FAIL  test/lifeSaveConsumers.test.ts > remaining actual Save5 consumers (task40) > playtest-driver4.cjs > rejects invalid current bytes 6 without mutation or legacy fallback
 FAIL  test/lifeSaveConsumers.test.ts > remaining actual Save5 consumers (task40) > playtest-driver4.cjs > rejects invalid current bytes 999 without mutation or legacy fallback
 FAIL  test/lifeSaveConsumers.test.ts > remaining actual Save5 consumers (task40) > playtest-driver4.cjs > rejects invalid current bytes "5" without mutation or legacy fallback
 FAIL  test/lifeSaveConsumers.test.ts > remaining actual Save5 consumers (task40) > playtest-driver4.cjs > rejects invalid current bytes "invalid-session" without mutation or legacy fallback
 FAIL  test/lifeSaveConsumers.test.ts > remaining actual Save5 consumers (task40) > playtest-driver6.cjs > rejects invalid current bytes "{broken" without mutation or legacy fallback
 FAIL  test/lifeSaveConsumers.test.ts > remaining actual Save5 consumers (task40) > playtest-driver6.cjs > rejects invalid current bytes "null" without mutation or legacy fallback
 FAIL  test/lifeSaveConsumers.test.ts > remaining actual Save5 consumers (task40) > playtest-driver6.cjs > rejects invalid current bytes "[]" without mutation or legacy fallback
 FAIL  test/lifeSaveConsumers.test.ts > remaining actual Save5 consumers (task40) > playtest-driver6.cjs > rejects invalid current bytes "{\"schemaVersion\":5}" without mutation or legacy fallback
 FAIL  test/lifeSaveConsumers.test.ts > remaining actual Save5 consumers (task40) > playtest-driver6.cjs > rejects invalid current bytes 4 without mutation or legacy fallback
 FAIL  test/lifeSaveConsumers.test.ts > remaining actual Save5 consumers (task40) > playtest-driver6.cjs > rejects invalid current bytes 6 without mutation or legacy fallback
 FAIL  test/lifeSaveConsumers.test.ts > remaining actual Save5 consumers (task40) > playtest-driver6.cjs > rejects invalid current bytes 999 without mutation or legacy fallback
 FAIL  test/lifeSaveConsumers.test.ts > remaining actual Save5 consumers (task40) > playtest-driver6.cjs > rejects invalid current bytes "5" without mutation or legacy fallback
 FAIL  test/lifeSaveConsumers.test.ts > remaining actual Save5 consumers (task40) > playtest-driver6.cjs > rejects invalid current bytes "invalid-session" without mutation or legacy fallback
AssertionError: expected true to be false // Object.is equality

[32m- Expected[39m
[31m+ Received[39m

[32m- false[39m
[31m+ true[39m

 ❯ test/lifeSaveConsumers.test.ts:230:47
    228|       storage.setItem(key, bytes);
    229|       storage.setItem("oprn:save-slot:1", raw);
    230|       expect(await runCurrent(file, storage)).toBe(false);
       |                                               ^
    231|       await expect(runCurrent(file, storage, true)).rejects.toThrow();
    232|       expect(storage.getItem(key)).toBe(bytes);

⎯⎯⎯⎯⎯⎯⎯⎯⎯⎯⎯⎯⎯⎯⎯⎯⎯⎯⎯⎯⎯⎯⎯[4/31]⎯

 FAIL  test/lifeSaveConsumers.test.ts > remaining actual Save5 consumers (task40) > playtest-driver4.cjs > does not observe or mutate legacy-only or other namespace saves
 FAIL  test/lifeSaveConsumers.test.ts > remaining actual Save5 consumers (task40) > playtest-driver6.cjs > does not observe or mutate legacy-only or other namespace saves
AssertionError: expected true to be false // Object.is equality

[32m- Expected[39m
[31m+ Received[39m

[32m- false[39m
[31m+ true[39m

 ❯ test/lifeSaveConsumers.test.ts:244:47
    242|       saves.setSaveSlotStorageNamespace(null);
    243|       storage.setItem("oprn:save-slot:1", raw);
    244|       expect(await runCurrent(file, storage)).toBe(false);
       |                                               ^
    245|       await expect(runCurrent(file, storage, true)).rejects.toThrow();
    246|       expect(storage.getItem(saves.saveSlotKey(1))).toBeNull();

⎯⎯⎯⎯⎯⎯⎯⎯⎯⎯⎯⎯⎯⎯⎯⎯⎯⎯⎯⎯⎯⎯⎯[5/31]⎯

 FAIL  test/lifeSaveConsumers.test.ts > remaining actual Save5 consumers (task40) > playtest-driver6.cjs > rejects invalid current bytes "" without mutation or legacy fallback
AssertionError: expected true to be false // Object.is equality

[32m- Expected[39m
[31m+ Received[39m

[32m- false[39m
[31m+ true[39m

 ❯ test/lifeSaveConsumers.test.ts:230:47
    228|       storage.setItem(key, bytes);
    229|       storage.setItem("oprn:save-slot:1", raw);
    230|       expect(await runCurrent(file, storage)).toBe(false);
       |                                               ^
    231|       await expect(runCurrent(file, storage, true)).rejects.toThrow();
    232|       expect(storage.getItem(key)).toBe(bytes);

⎯⎯⎯⎯⎯⎯⎯⎯⎯⎯⎯⎯⎯⎯⎯⎯⎯⎯⎯⎯⎯⎯⎯[6/31]⎯


 Test Files  1 failed (1)
      Tests  31 failed | 15 passed (46)
   Start at  16:29:31
   Duration  13.74s (transform 4.96s, setup 0ms, collect 8.12s, tests 4.77s, environment 0ms, prepare 201ms)

