
> rpg-zzu@0.1.0 build
> tsc --noEmit -p tsconfig.app.json && vite build --configLoader runner && npm run build:player && npm run build:standalone:bundle

vite v6.4.3 building for production...
transforming...
✓ 1365 modules transformed.
rendering chunks...
computing gzip size...
dist/benchmark.html                                         0.77 kB │ gzip:     0.47 kB
dist/index.html                                             0.82 kB │ gzip:     0.49 kB
dist/assets/phaser.min-CwlHMuXa.js                      1,196.12 kB
dist/assets/benchmark-CNDwkXV0.css                          6.54 kB │ gzip:     2.15 kB
dist/assets/databaseModal-CAv7eU_F.css                    112.10 kB │ gzip:    13.00 kB
dist/assets/main-_0IGa_4K.css                           1,880.23 kB │ gzip:   269.12 kB
dist/assets/pwa-CRridmjp.js                                 0.25 kB │ gzip:     0.20 kB
dist/assets/welcomeGenreSystemPresetAction-DB4dY0pu.js      0.45 kB │ gzip:     0.30 kB
dist/assets/mapSelection-BcsZ3t6m.js                        0.62 kB │ gzip:     0.38 kB
dist/assets/modulepreload-polyfill-B5Qt9EMX.js              0.71 kB │ gzip:     0.40 kB
dist/assets/welcomeGenrePresetApply-CrkEwL2m.js             0.75 kB │ gzip:     0.49 kB
dist/assets/aiBootIntent-C515MLT1.js                        0.93 kB │ gzip:     0.45 kB
dist/assets/mapUrlSync-CkCv7n7c.js                          1.22 kB │ gzip:     0.64 kB
dist/assets/eventSpriteResources-C-KXBBNA.js                1.58 kB │ gzip:     0.72 kB
dist/assets/mapTileDraw-BO90eC54.js                         1.75 kB │ gzip:     0.78 kB
dist/assets/worldEntries-CRK68AAv.js                        1.83 kB │ gzip:     0.95 kB
dist/assets/editorCameraFocus-DnvAy7HO.js                   1.94 kB │ gzip:     0.85 kB
dist/assets/tileShapeTools-CVijWJxc.js                      3.19 kB │ gzip:     1.28 kB
dist/assets/workspaceStore-DZvjqP-k.js                      3.53 kB │ gzip:     1.55 kB
dist/assets/defaults-C3LGKmjr.js                            4.60 kB │ gzip:     2.08 kB
dist/assets/playSceneBattle-Cdq2d5MA.js                     5.02 kB │ gzip:     1.96 kB
dist/assets/coachMarks-9ducnXPm.js                          5.33 kB │ gzip:     2.39 kB
dist/assets/applyChangesetToStore-awgvnKte.js               6.30 kB │ gzip:     2.69 kB
dist/assets/benchmark-BdOMv0KF.js                           7.03 kB │ gzip:     2.47 kB
dist/assets/teamWorkflowUi-QzUS5FJ8.js                      9.51 kB │ gzip:     3.44 kB
dist/assets/transientEditorChrome-DqOK7WcE.js              11.79 kB │ gzip:     4.30 kB
dist/assets/dbConnectionSettings-bjy_5ACy.js               13.35 kB │ gzip:     5.01 kB
dist/assets/helpModal-Cz8yEnU7.js                          14.36 kB │ gzip:     5.68 kB
dist/assets/databaseAiGenerateDialog-D2apyovo.js           16.35 kB │ gzip:     7.21 kB
dist/assets/downloadBlob-CMj5Pxou.js                       19.17 kB │ gzip:     7.45 kB
dist/assets/menu-ioL9bP8c.js                               34.61 kB │ gzip:    11.82 kB
dist/assets/structureKitEditorDialog-BeWIDn_l.js           41.91 kB │ gzip:    14.35 kB
dist/assets/aiStudioMode-QwZQaNwS.js                       53.93 kB │ gzip:    18.32 kB
dist/assets/EditScene-BvjvRtMF.js                         101.81 kB │ gzip:    30.81 kB
dist/assets/tilePalette-B_KnsdEE.js                       141.42 kB │ gzip:    44.38 kB
dist/assets/editor-BXarrAGq.js                            217.96 kB │ gzip:    73.07 kB
dist/assets/PlayScene-3W9qEdVi.js                         220.80 kB │ gzip:    69.56 kB
dist/assets/saveActions-B9oBASjM.js                       322.48 kB │ gzip:   113.99 kB
dist/assets/databaseModal-BOGcSMab.js                   1,074.99 kB │ gzip:   321.53 kB
dist/assets/main-DPcY23fF.js                            7,008.21 kB │ gzip: 1,556.94 kB
✓ built in 32.99s

> rpg-zzu@0.1.0 build:player
> vite build --config vite.player.config.ts --configLoader runner && node scripts/build-player-sdk.mjs

vite v6.4.3 building for production...
transforming...
✓ 530 modules transformed.
rendering chunks...
computing gzip size...
dist/export-player/player.html                             0.38 kB │ gzip:   0.26 kB
dist/export-player/player-manifest.json                    0.98 kB │ gzip:   0.31 kB
dist/export-player/assets/phaser.min-CwlHMuXa.js       1,196.12 kB
dist/export-player/assets/player-Bd6CwQlZ.css            289.80 kB │ gzip:  46.04 kB
dist/export-player/assets/playSceneBattle-BkZCczxW.js      4.93 kB │ gzip:   1.89 kB
dist/export-player/assets/PlayScene-TrT-nOiy.js          409.98 kB │ gzip: 125.19 kB
dist/export-player/player.js                           1,608.45 kB │ gzip: 399.18 kB
✓ built in 9.31s
sdk-manifest: 7 files + 45 runtime assets, artifact 71c97532b02b23a0, source 1fc916aeb300aa37, schema v4

> rpg-zzu@0.1.0 build:standalone:bundle
> vite build --config vite.standalone.config.ts --configLoader runner

vite v6.4.3 building for production...
transforming...
✓ 532 modules transformed.
rendering chunks...
computing gzip size...
dist/standalone-player/standalone.css    289.80 kB │ gzip:  46.04 kB
dist/standalone-player/standalone.js   3,505.34 kB │ gzip: 863.73 kB
✓ built in 22.46s
