
 RUN  v3.2.4 /home/main/z-project/rpg-zzu-house-protection-p1-village

stdout | test/villageProducerTrace.test.ts > traces the producing stage
WRITE lowerTiles 28 8 240 -> 76 Error:
    at Object.set (/home/main/z-project/rpg-zzu-house-protection-p1-village/test/villageProducerTrace.test.ts:18:107)
    at lower (/home/main/z-project/rpg-zzu-house-protection-p1-village/src/editor/houseKit.ts:379:29)
    at stampFootprintHouseKit (/home/main/z-project/rpg-zzu-house-protection-p1-village/src/editor/houseKit.ts:400:5)
    at tryCandidates (/home/main/z-project/rpg-zzu-house-protection-p1-village/src/editor/tools/village/houses.ts:239:22)
    at buildHouses (/home/main/z-project/rpg-zzu-house-protection-p1-village/src/editor/tools/village/houses.ts:279:3)
    at buildVillageDomain (/home/main/z-project/rpg-zzu-house-protection-p1-village/src/editor/tools/village/builder.ts:249:18)
    at Object.build (/home/main/z-project/rpg-zzu-house-protection-p1-village/test/villageProducerTrace.test.ts:24:22)
    at Object.run (/home/main/z-project/rpg-zzu-house-protection-p1-village/src/editor/tools/authorVillageToolDef.ts:206:34)
    at runToolDefinition (/home/main/z-project/rpg-zzu-house-protection-p1-village/src/editor/tools/toolRunner.ts:129:17)
    at runFacade (/home/main/z-project/rpg-zzu-house-protection-p1-village/test/authorVillageFacadeFixtures.ts:31:18)
WRITE upperTiles 28 9 -1 -> 409 Error:
    at Object.set (/home/main/z-project/rpg-zzu-house-protection-p1-village/test/villageProducerTrace.test.ts:18:107)
    at setFence (/home/main/z-project/rpg-zzu-house-protection-p1-village/src/editor/tools/village/fences.ts:49:37)
    at paintRow (/home/main/z-project/rpg-zzu-house-protection-p1-village/src/editor/tools/village/fences.ts:56:11)
    at placeLotFence (/home/main/z-project/rpg-zzu-house-protection-p1-village/src/editor/tools/village/fences.ts:82:19)
    at placeHouseLotFences (/home/main/z-project/rpg-zzu-house-protection-p1-village/src/editor/tools/village/fences.ts:29:5)
    at buildVillageDomain (/home/main/z-project/rpg-zzu-house-protection-p1-village/src/editor/tools/village/builder.ts:306:22)
    at Object.build (/home/main/z-project/rpg-zzu-house-protection-p1-village/test/villageProducerTrace.test.ts:24:22)
    at Object.run (/home/main/z-project/rpg-zzu-house-protection-p1-village/src/editor/tools/authorVillageToolDef.ts:206:34)
    at runToolDefinition (/home/main/z-project/rpg-zzu-house-protection-p1-village/src/editor/tools/toolRunner.ts:129:17)
    at runFacade (/home/main/z-project/rpg-zzu-house-protection-p1-village/test/authorVillageFacadeFixtures.ts:31:18)
WRITE upperTiles 28 8 -1 -> 260 Error:
    at Object.set (/home/main/z-project/rpg-zzu-house-protection-p1-village/test/villageProducerTrace.test.ts:18:107)
    at paint (/home/main/z-project/rpg-zzu-house-protection-p1-village/src/editor/tools/placementTools.ts:1259:30)
    at /home/main/z-project/rpg-zzu-house-protection-p1-village/src/editor/tools/placementTools.ts:171:14
    at Array.flatMap (<anonymous>)
    at runScatterObject (/home/main/z-project/rpg-zzu-house-protection-p1-village/src/editor/tools/placementTools.ts:169:28)
    at placePropsOnDraft (/home/main/z-project/rpg-zzu-house-protection-p1-village/src/editor/tools/placePropsDomain.ts:95:23)
    at Object.run (/home/main/z-project/rpg-zzu-house-protection-p1-village/src/editor/tools/v3/constructionTools.ts:802:12)
    at runNested (/home/main/z-project/rpg-zzu-house-protection-p1-village/src/editor/tools/village/constants.ts:297:23)
    at placePropsCount (/home/main/z-project/rpg-zzu-house-protection-p1-village/src/editor/tools/village/decor.ts:646:20)
    at placeVillageDecor (/home/main/z-project/rpg-zzu-house-protection-p1-village/src/editor/tools/village/decor.ts:308:15)
WRITE lowerTiles 28 9 240 -> 290 Error:
    at Object.set (/home/main/z-project/rpg-zzu-house-protection-p1-village/test/villageProducerTrace.test.ts:18:107)
    at setLower (/home/main/z-project/rpg-zzu-house-protection-p1-village/src/editor/tools/mapHelpers.ts:54:19)
    at paint (/home/main/z-project/rpg-zzu-house-protection-p1-village/src/editor/tools/placementTools.ts:1257:33)
    at /home/main/z-project/rpg-zzu-house-protection-p1-village/src/editor/tools/placementTools.ts:171:14
    at Array.flatMap (<anonymous>)
    at runScatterObject (/home/main/z-project/rpg-zzu-house-protection-p1-village/src/editor/tools/placementTools.ts:169:28)
    at placePropsOnDraft (/home/main/z-project/rpg-zzu-house-protection-p1-village/src/editor/tools/placePropsDomain.ts:95:23)
    at Object.run (/home/main/z-project/rpg-zzu-house-protection-p1-village/src/editor/tools/v3/constructionTools.ts:802:12)
    at runNested (/home/main/z-project/rpg-zzu-house-protection-p1-village/src/editor/tools/village/constants.ts:297:23)
    at placePropsCount (/home/main/z-project/rpg-zzu-house-protection-p1-village/src/editor/tools/village/decor.ts:646:20)
WRITE upperTiles 28 9 409 -> -1 Error:
    at Object.set (/home/main/z-project/rpg-zzu-house-protection-p1-village/test/villageProducerTrace.test.ts:18:107)
    at setLower (/home/main/z-project/rpg-zzu-house-protection-p1-village/src/editor/tools/mapHelpers.ts:55:19)
    at paint (/home/main/z-project/rpg-zzu-house-protection-p1-village/src/editor/tools/placementTools.ts:1257:33)
    at /home/main/z-project/rpg-zzu-house-protection-p1-village/src/editor/tools/placementTools.ts:171:14
    at Array.flatMap (<anonymous>)
    at runScatterObject (/home/main/z-project/rpg-zzu-house-protection-p1-village/src/editor/tools/placementTools.ts:169:28)
    at placePropsOnDraft (/home/main/z-project/rpg-zzu-house-protection-p1-village/src/editor/tools/placePropsDomain.ts:95:23)
    at Object.run (/home/main/z-project/rpg-zzu-house-protection-p1-village/src/editor/tools/v3/constructionTools.ts:802:12)
    at runNested (/home/main/z-project/rpg-zzu-house-protection-p1-village/src/editor/tools/village/constants.ts:297:23)
    at placePropsCount (/home/main/z-project/rpg-zzu-house-protection-p1-village/src/editor/tools/village/decor.ts:646:20)
WRITE upperTiles 28 8 260 -> -1 Error:
    at Object.set (/home/main/z-project/rpg-zzu-house-protection-p1-village/test/villageProducerTrace.test.ts:18:107)
    at isLowerTerrainPassable (/home/main/z-project/rpg-zzu-house-protection-p1-village/src/project/lint/layoutPlacementValidate.ts:195:23)
    at scrubPlacementConflicts (/home/main/z-project/rpg-zzu-house-protection-p1-village/src/project/lint/layoutPlacementValidate.ts:90:56)
    at buildVillageDomain (/home/main/z-project/rpg-zzu-house-protection-p1-village/src/editor/tools/village/builder.ts:345:20)
    at Object.build (/home/main/z-project/rpg-zzu-house-protection-p1-village/test/villageProducerTrace.test.ts:24:22)
    at Object.run (/home/main/z-project/rpg-zzu-house-protection-p1-village/src/editor/tools/authorVillageToolDef.ts:206:34)
    at runToolDefinition (/home/main/z-project/rpg-zzu-house-protection-p1-village/src/editor/tools/toolRunner.ts:129:17)
    at runFacade (/home/main/z-project/rpg-zzu-house-protection-p1-village/test/authorVillageFacadeFixtures.ts:31:18)
    at /home/main/z-project/rpg-zzu-house-protection-p1-village/test/villageProducerTrace.test.ts:35:18
    at file:///home/main/z-project/rpg-zzu/node_modules/@vitest/runner/dist/chunk-hooks.js:155:11
WRITE upperTiles 28 8 -1 -> 260 Error:
    at Object.set (/home/main/z-project/rpg-zzu-house-protection-p1-village/test/villageProducerTrace.test.ts:18:107)
    at isLowerTerrainPassable (/home/main/z-project/rpg-zzu-house-protection-p1-village/src/project/lint/layoutPlacementValidate.ts:199:25)
    at scrubPlacementConflicts (/home/main/z-project/rpg-zzu-house-protection-p1-village/src/project/lint/layoutPlacementValidate.ts:90:56)
    at buildVillageDomain (/home/main/z-project/rpg-zzu-house-protection-p1-village/src/editor/tools/village/builder.ts:345:20)
    at Object.build (/home/main/z-project/rpg-zzu-house-protection-p1-village/test/villageProducerTrace.test.ts:24:22)
    at Object.run (/home/main/z-project/rpg-zzu-house-protection-p1-village/src/editor/tools/authorVillageToolDef.ts:206:34)
    at runToolDefinition (/home/main/z-project/rpg-zzu-house-protection-p1-village/src/editor/tools/toolRunner.ts:129:17)
    at runFacade (/home/main/z-project/rpg-zzu-house-protection-p1-village/test/authorVillageFacadeFixtures.ts:31:18)
    at /home/main/z-project/rpg-zzu-house-protection-p1-village/test/villageProducerTrace.test.ts:35:18
    at file:///home/main/z-project/rpg-zzu/node_modules/@vitest/runner/dist/chunk-hooks.js:155:11
WRITE upperTiles 28 8 260 -> -1 Error:
    at Object.set (/home/main/z-project/rpg-zzu-house-protection-p1-village/test/villageProducerTrace.test.ts:18:107)
    at scrubPlacementConflicts (/home/main/z-project/rpg-zzu-house-protection-p1-village/src/project/lint/layoutPlacementValidate.ts:91:25)
    at buildVillageDomain (/home/main/z-project/rpg-zzu-house-protection-p1-village/src/editor/tools/village/builder.ts:345:20)
    at Object.build (/home/main/z-project/rpg-zzu-house-protection-p1-village/test/villageProducerTrace.test.ts:24:22)
    at Object.run (/home/main/z-project/rpg-zzu-house-protection-p1-village/src/editor/tools/authorVillageToolDef.ts:206:34)
    at runToolDefinition (/home/main/z-project/rpg-zzu-house-protection-p1-village/src/editor/tools/toolRunner.ts:129:17)
    at runFacade (/home/main/z-project/rpg-zzu-house-protection-p1-village/test/authorVillageFacadeFixtures.ts:31:18)
    at /home/main/z-project/rpg-zzu-house-protection-p1-village/test/villageProducerTrace.test.ts:35:18
    at file:///home/main/z-project/rpg-zzu/node_modules/@vitest/runner/dist/chunk-hooks.js:155:11
    at file:///home/main/z-project/rpg-zzu/node_modules/@vitest/runner/dist/chunk-hooks.js:752:26
DIFF [
  {
    before: {
      x: 28,
      y: 8,
      lower: 76,
      upper: -1,
      lowerStack: undefined,
      upperStack: undefined
    },
    after: {
      x: 28,
      y: 8,
      lower: 76,
      upper: 260,
      lowerStack: undefined,
      upperStack: undefined
    }
  }
]

 ❯ test/villageProducerTrace.test.ts (1 test | 1 failed) 3812ms
   × traces the producing stage 3810ms
     → [{"severity":"error","code":"protected-house-write","mapId":"map_existing","x":28,"y":8,"message":"완성된 집의 보호 영역은 AI가 변경할 수 없습니다. 집 밖에서 작업하세요. 직접 편집은 가능합니다."}]: expected false to be true // Object.is equality

⎯⎯⎯⎯⎯⎯⎯ Failed Tests 1 ⎯⎯⎯⎯⎯⎯⎯

 FAIL  test/villageProducerTrace.test.ts > traces the producing stage
AssertionError: [{"severity":"error","code":"protected-house-write","mapId":"map_existing","x":28,"y":8,"message":"완성된 집의 보호 영역은 AI가 변경할 수 없습니다. 집 밖에서 작업하세요. 직접 편집은 가능합니다."}]: expected false to be true // Object.is equality

- Expected
+ Received

- true
+ false

 ❯ test/villageProducerTrace.test.ts:36:52
     34|   });
     35|   const result = runFacade(project, {target: EXISTING_TARGET, houseCou…
     36|   expect(result.ok, JSON.stringify(result.issues)).toBe(true);
       |                                                    ^
     37| });
     38|

⎯⎯⎯⎯⎯⎯⎯⎯⎯⎯⎯⎯⎯⎯⎯⎯⎯⎯⎯⎯⎯⎯⎯⎯[1/1]⎯


 Test Files  1 failed (1)
      Tests  1 failed (1)
   Start at  04:23:35
   Duration  26.17s (transform 15.10s, setup 0ms, collect 21.10s, tests 3.81s, environment 0ms, prepare 322ms)
